[evo_logo_L5_s1_c3] start fitness 3269 / 4096  restart after 90s without gain
[2026-09-25 00:16:20] evo_logo_L5_s1_c3     12s  best 3605/4096  current 3605  restarts 0  iters 263561  (22194/s)  best gates cx 79 tof 14
[2026-09-25 00:16:35] evo_logo_L5_s1_c3     26s  best 3683/4096  current 3683  restarts 0  iters 611642  (23263/s)  best gates cx 77 tof 15
[2026-09-25 00:16:50] evo_logo_L5_s1_c3     42s  best 3693/4096  current 3693  restarts 0  iters 994271  (23947/s)  best gates cx 81 tof 15
[2026-09-25 00:17:05] evo_logo_L5_s1_c3     57s  best 3693/4096  current 3693  restarts 0  iters 1375493  (24286/s)  best gates cx 81 tof 15
[2026-09-25 00:17:20] evo_logo_L5_s1_c3     71s  best 3693/4096  current 3693  restarts 0  iters 1745496  (24485/s)  best gates cx 81 tof 15
[2026-09-25 00:17:30] evo_logo_L5_s1_c3     81s  best 3729/4096  current 3729  restarts 0  iters 1997189  (24542/s)  best gates cx 81 tof 17
[2026-09-25 00:17:45] evo_logo_L5_s1_c3     96s  best 3729/4096  current 3729  restarts 0  iters 2378642  (24706/s)  best gates cx 81 tof 17
[2026-09-25 00:17:59] evo_logo_L5_s1_c3    111s  best 3729/4096  current 3729  restarts 0  iters 2769952  (24952/s)  best gates cx 81 tof 17
[2026-09-25 00:18:09] evo_logo_L5_s1_c3    121s  best 3729/4096  current 3729  restarts 0  iters 3042355  (25122/s)  best gates cx 81 tof 17
[2026-09-25 00:18:20] evo_logo_L5_s1_c3    131s  best 3743/4096  current 3743  restarts 0  iters 3302473  (25161/s)  best gates cx 75 tof 15
[2026-09-25 00:18:30] evo_logo_L5_s1_c3    141s  best 3759/4096  current 3759  restarts 0  iters 3558114  (25181/s)  best gates cx 78 tof 17
[2026-09-25 00:18:44] evo_logo_L5_s1_c3    156s  best 3759/4096  current 3759  restarts 0  iters 3951591  (25330/s)  best gates cx 78 tof 17
[2026-09-25 00:18:55] evo_logo_L5_s1_c3    166s  best 3759/4096  current 3759  restarts 0  iters 4213858  (25329/s)  best gates cx 78 tof 17
[2026-09-25 00:19:05] evo_logo_L5_s1_c3    176s  best 3759/4096  current 3759  restarts 0  iters 4465847  (25314/s)  best gates cx 78 tof 17
[2026-09-25 00:19:20] evo_logo_L5_s1_c3    191s  best 3759/4096  current 3759  restarts 0  iters 4845243  (25312/s)  best gates cx 78 tof 17
[2026-09-25 00:19:30] evo_logo_L5_s1_c3    201s  best 3759/4096  current 3759  restarts 0  iters 5094712  (25285/s)  best gates cx 78 tof 17
[2026-09-25 00:19:45] evo_logo_L5_s1_c3    216s  best 3759/4096  current 3759  restarts 0  iters 5470049  (25284/s)  best gates cx 78 tof 17
[2026-09-25 00:19:55] evo_logo_L5_s1_c3    227s  best 3759/4096  current 3759  restarts 0  iters 5718771  (25247/s)  best gates cx 78 tof 17
[2026-09-25 00:20:05] evo_logo_L5_s1_c3    237s  best 3759/4096  current 3633  restarts 1  iters 5949639  (25107/s)  best gates cx 78 tof 17
[2026-09-25 00:20:20] evo_logo_L5_s1_c3    252s  best 3759/4096  current 3693  restarts 1  iters 6307056  (25046/s)  best gates cx 78 tof 17
[2026-09-25 00:20:30] evo_logo_L5_s1_c3    262s  best 3759/4096  current 3693  restarts 1  iters 6539318  (24969/s)  best gates cx 78 tof 17
[2026-09-25 00:20:45] evo_logo_L5_s1_c3    277s  best 3759/4096  current 3733  restarts 1  iters 6893633  (24915/s)  best gates cx 78 tof 17
[2026-09-25 00:21:00] evo_logo_L5_s1_c3    291s  best 3761/4096  current 3761  restarts 1  iters 7272473  (24949/s)  best gates cx 72 tof 18
[2026-09-25 00:21:10] evo_logo_L5_s1_c3    302s  best 3761/4096  current 3761  restarts 1  iters 7526667  (24958/s)  best gates cx 72 tof 18
[2026-09-25 00:21:20] evo_logo_L5_s1_c3    312s  best 3761/4096  current 3761  restarts 1  iters 7777906  (24956/s)  best gates cx 72 tof 18
[2026-09-25 00:21:35] evo_logo_L5_s1_c3    327s  best 3761/4096  current 3761  restarts 1  iters 8153369  (24959/s)  best gates cx 72 tof 18
[2026-09-25 00:21:50] evo_logo_L5_s1_c3    341s  best 3775/4096  current 3775  restarts 1  iters 8532483  (24991/s)  best gates cx 83 tof 19
[2026-09-25 00:22:05] evo_logo_L5_s1_c3    356s  best 3775/4096  current 3775  restarts 1  iters 8925864  (25041/s)  best gates cx 83 tof 19
[2026-09-25 00:22:20] evo_logo_L5_s1_c3    371s  best 3775/4096  current 3775  restarts 1  iters 9318314  (25093/s)  best gates cx 83 tof 19
[2026-09-25 00:22:30] evo_logo_L5_s1_c3    381s  best 3775/4096  current 3775  restarts 1  iters 9584067  (25131/s)  best gates cx 83 tof 19
[2026-09-25 00:22:45] evo_logo_L5_s1_c3    397s  best 3775/4096  current 3775  restarts 1  iters 9982483  (25174/s)  best gates cx 83 tof 19
[2026-09-25 00:23:00] evo_logo_L5_s1_c3    411s  best 3775/4096  current 3775  restarts 1  iters 10368458  (25206/s)  best gates cx 83 tof 19
[2026-09-25 00:23:10] evo_logo_L5_s1_c3    421s  best 3775/4096  current 3775  restarts 1  iters 10632510  (25226/s)  best gates cx 83 tof 19
[2026-09-25 00:23:25] evo_logo_L5_s1_c3    436s  best 3775/4096  current 3775  restarts 1  iters 11019895  (25254/s)  best gates cx 83 tof 19
[2026-09-25 00:23:36] evo_logo_L5_s1_c3    447s  best 3775/4096  current 3665  restarts 2  iters 11253029  (25151/s)  best gates cx 83 tof 19
[2026-09-25 00:23:51] evo_logo_L5_s1_c3    462s  best 3775/4096  current 3715  restarts 2  iters 11590340  (25070/s)  best gates cx 83 tof 19
[2026-09-25 00:24:01] evo_logo_L5_s1_c3    472s  best 3775/4096  current 3715  restarts 2  iters 11817970  (25015/s)  best gates cx 83 tof 19
[2026-09-25 00:24:16] evo_logo_L5_s1_c3    487s  best 3775/4096  current 3715  restarts 2  iters 12159859  (24955/s)  best gates cx 83 tof 19
[2026-09-25 00:24:26] evo_logo_L5_s1_c3    497s  best 3775/4096  current 3715  restarts 2  iters 12390192  (24909/s)  best gates cx 83 tof 19
[2026-09-25 00:24:36] evo_logo_L5_s1_c3    507s  best 3775/4096  current 3715  restarts 2  iters 12616081  (24860/s)  best gates cx 83 tof 19
[2026-09-25 00:24:51] evo_logo_L5_s1_c3    523s  best 3775/4096  current 3715  restarts 2  iters 12958224  (24798/s)  best gates cx 83 tof 19
[2026-09-25 00:25:01] evo_logo_L5_s1_c3    533s  best 3775/4096  current 3715  restarts 2  iters 13180954  (24749/s)  best gates cx 83 tof 19
[2026-09-25 00:25:16] evo_logo_L5_s1_c3    547s  best 3775/4096  current 3749  restarts 2  iters 13522657  (24714/s)  best gates cx 83 tof 19
[2026-09-25 00:25:26] evo_logo_L5_s1_c3    557s  best 3775/4096  current 3749  restarts 2  iters 13756263  (24681/s)  best gates cx 83 tof 19
[2026-09-25 00:25:40] evo_logo_L5_s1_c3    572s  best 3775/4096  current 3757  restarts 2  iters 14111249  (24669/s)  best gates cx 83 tof 19
[2026-09-25 00:25:51] evo_logo_L5_s1_c3    582s  best 3775/4096  current 3757  restarts 2  iters 14358851  (24664/s)  best gates cx 83 tof 19
[2026-09-25 00:26:01] evo_logo_L5_s1_c3    592s  best 3775/4096  current 3757  restarts 2  iters 14591652  (24636/s)  best gates cx 83 tof 19
[2026-09-25 00:26:16] evo_logo_L5_s1_c3    607s  best 3775/4096  current 3757  restarts 2  iters 14939360  (24597/s)  best gates cx 83 tof 19
[2026-09-25 00:26:26] evo_logo_L5_s1_c3    617s  best 3775/4096  current 3757  restarts 2  iters 15168310  (24567/s)  best gates cx 83 tof 19
[2026-09-25 00:26:36] evo_logo_L5_s1_c3    628s  best 3775/4096  current 3757  restarts 2  iters 15397144  (24532/s)  best gates cx 83 tof 19
[2026-09-25 00:26:51] evo_logo_L5_s1_c3    642s  best 3775/4096  current 3757  restarts 2  iters 15735551  (24493/s)  best gates cx 83 tof 19
[2026-09-25 00:27:06] evo_logo_L5_s1_c3    658s  best 3775/4096  current 3611  restarts 3  iters 16081072  (24439/s)  best gates cx 83 tof 19
[2026-09-25 00:27:20] evo_logo_L5_s1_c3    672s  best 3775/4096  current 3645  restarts 3  iters 16429464  (24451/s)  best gates cx 83 tof 19
[2026-09-25 00:27:35] evo_logo_L5_s1_c3    687s  best 3775/4096  current 3715  restarts 3  iters 16817808  (24485/s)  best gates cx 83 tof 19
[2026-09-25 00:27:50] evo_logo_L5_s1_c3    702s  best 3775/4096  current 3749  restarts 3  iters 17225731  (24551/s)  best gates cx 83 tof 19
[2026-09-25 00:28:00] evo_logo_L5_s1_c3    712s  best 3775/4096  current 3749  restarts 3  iters 17500290  (24587/s)  best gates cx 83 tof 19
[2026-09-25 00:28:15] evo_logo_L5_s1_c3    727s  best 3775/4096  current 3759  restarts 3  iters 17911551  (24650/s)  best gates cx 83 tof 19
[2026-09-25 00:28:30] evo_logo_L5_s1_c3    742s  best 3775/4096  current 3759  restarts 3  iters 18328047  (24716/s)  best gates cx 83 tof 19
[2026-09-25 00:28:45] evo_logo_L5_s1_c3    756s  best 3775/4096  current 3765  restarts 3  iters 18747473  (24785/s)  best gates cx 83 tof 19
[2026-09-25 00:29:00] evo_logo_L5_s1_c3    771s  best 3775/4096  current 3765  restarts 3  iters 19186522  (24872/s)  best gates cx 83 tof 19
[2026-09-25 00:29:10] evo_logo_L5_s1_c3    781s  best 3775/4096  current 3765  restarts 3  iters 19474073  (24920/s)  best gates cx 83 tof 19
[2026-09-25 00:29:20] evo_logo_L5_s1_c3    791s  best 3775/4096  current 3765  restarts 3  iters 19765365  (24973/s)  best gates cx 83 tof 19
[2026-09-25 00:29:30] evo_logo_L5_s1_c3    802s  best 3775/4096  current 3765  restarts 3  iters 20055107  (25019/s)  best gates cx 83 tof 19
[2026-09-25 00:29:45] evo_logo_L5_s1_c3    816s  best 3775/4096  current 3765  restarts 3  iters 20485512  (25091/s)  best gates cx 83 tof 19
[2026-09-25 00:29:55] evo_logo_L5_s1_c3    826s  best 3775/4096  current 3765  restarts 3  iters 20774147  (25135/s)  best gates cx 83 tof 19
[2026-09-25 00:30:10] evo_logo_L5_s1_c3    841s  best 3775/4096  current 3765  restarts 3  iters 21207024  (25208/s)  best gates cx 83 tof 19
[2026-09-25 00:30:22] evo_logo_L5_s1_c3    853s  best 3775/4096  current 3543  restarts 4  iters 21461857  (25151/s)  best gates cx 83 tof 19
[2026-09-25 00:30:37] evo_logo_L5_s1_c3    868s  best 3775/4096  current 3643  restarts 4  iters 21790690  (25097/s)  best gates cx 83 tof 19
[2026-09-25 00:30:52] evo_logo_L5_s1_c3    883s  best 3775/4096  current 3643  restarts 4  iters 22127513  (25052/s)  best gates cx 83 tof 19
[2026-09-25 00:31:06] evo_logo_L5_s1_c3    898s  best 3775/4096  current 3643  restarts 4  iters 22460553  (25014/s)  best gates cx 83 tof 19
[2026-09-25 00:31:16] evo_logo_L5_s1_c3    908s  best 3775/4096  current 3679  restarts 4  iters 22694919  (24994/s)  best gates cx 83 tof 19
[2026-09-25 00:31:31] evo_logo_L5_s1_c3    923s  best 3775/4096  current 3679  restarts 4  iters 23039845  (24959/s)  best gates cx 83 tof 19
[2026-09-25 00:31:46] evo_logo_L5_s1_c3    938s  best 3775/4096  current 3679  restarts 4  iters 23379305  (24925/s)  best gates cx 83 tof 19
[2026-09-25 00:32:01] evo_logo_L5_s1_c3    953s  best 3775/4096  current 3679  restarts 4  iters 23728177  (24904/s)  best gates cx 83 tof 19
[2026-09-25 00:32:11] evo_logo_L5_s1_c3    963s  best 3775/4096  current 3679  restarts 4  iters 23959149  (24877/s)  best gates cx 83 tof 19
[2026-09-25 00:32:26] evo_logo_L5_s1_c3    978s  best 3775/4096  current 3679  restarts 4  iters 24304109  (24857/s)  best gates cx 83 tof 19
[2026-09-25 00:32:36] evo_logo_L5_s1_c3    988s  best 3775/4096  current 3679  restarts 4  iters 24542875  (24846/s)  best gates cx 83 tof 19
[2026-09-25 00:32:47] evo_logo_L5_s1_c3    998s  best 3775/4096  current 3555  restarts 5  iters 24778789  (24817/s)  best gates cx 83 tof 19
[2026-09-25 00:33:01] evo_logo_L5_s1_c3   1013s  best 3775/4096  current 3677  restarts 5  iters 25106315  (24794/s)  best gates cx 83 tof 19
[2026-09-25 00:33:16] evo_logo_L5_s1_c3   1028s  best 3775/4096  current 3689  restarts 5  iters 25490105  (24808/s)  best gates cx 83 tof 19
[2026-09-25 00:33:26] evo_logo_L5_s1_c3   1038s  best 3775/4096  current 3689  restarts 5  iters 25744676  (24810/s)  best gates cx 83 tof 19
[2026-09-25 00:33:36] evo_logo_L5_s1_c3   1048s  best 3775/4096  current 3689  restarts 5  iters 25992896  (24806/s)  best gates cx 83 tof 19
[2026-09-25 00:33:51] evo_logo_L5_s1_c3   1062s  best 3775/4096  current 3697  restarts 5  iters 26362849  (24813/s)  best gates cx 83 tof 19
[2026-09-25 00:34:01] evo_logo_L5_s1_c3   1072s  best 3775/4096  current 3713  restarts 5  iters 26626964  (24828/s)  best gates cx 83 tof 19
[2026-09-25 00:34:16] evo_logo_L5_s1_c3   1087s  best 3775/4096  current 3713  restarts 5  iters 27023432  (24856/s)  best gates cx 83 tof 19
[2026-09-25 00:34:26] evo_logo_L5_s1_c3   1097s  best 3775/4096  current 3753  restarts 5  iters 27295959  (24871/s)  best gates cx 83 tof 19
[2026-09-25 00:34:41] evo_logo_L5_s1_c3   1112s  best 3775/4096  current 3753  restarts 5  iters 27689481  (24893/s)  best gates cx 83 tof 19
[2026-09-25 00:34:51] evo_logo_L5_s1_c3   1122s  best 3775/4096  current 3753  restarts 5  iters 27958295  (24907/s)  best gates cx 83 tof 19
[2026-09-25 00:35:06] evo_logo_L5_s1_c3   1137s  best 3775/4096  current 3753  restarts 5  iters 28357659  (24935/s)  best gates cx 83 tof 19
[2026-09-25 00:35:16] evo_logo_L5_s1_c3   1148s  best 3775/4096  current 3753  restarts 5  iters 28630237  (24948/s)  best gates cx 83 tof 19
[2026-09-25 00:35:31] evo_logo_L5_s1_c3   1163s  best 3775/4096  current 3753  restarts 5  iters 29017728  (24959/s)  best gates cx 83 tof 19
[2026-09-25 00:35:46] evo_logo_L5_s1_c3   1177s  best 3775/4096  current 3753  restarts 5  iters 29420049  (24990/s)  best gates cx 83 tof 19
[2026-09-25 00:36:01] evo_logo_L5_s1_c3   1193s  best 3775/4096  current 3753  restarts 5  iters 29833773  (25015/s)  best gates cx 83 tof 19
[2026-09-25 00:36:12] evo_logo_L5_s1_c3   1204s  best 3775/4096  current 3537  restarts 6  iters 30064806  (24975/s)  best gates cx 83 tof 19
[evo_logo_L5_s1_c3] final best 3775 / 4096  readout (12, 17, 0, 0)  restarts 6
