start: weighted high-degree cost 1263  monomials 286  max degree 12  (gates per step 2772, BEAM 8)
step  1  best cost (1148, 250, 12)  beam costs [1148, 1158, 1213, 1220, 1228]  0s
step  2  best cost (1079, 230, 12)  beam costs [1079, 1098, 1108, 1115, 1117]  5s
step  3  best cost (1023, 224, 12)  beam costs [1023, 1029, 1031, 1031, 1035]  8s
step  4  best cost (955, 208, 12)  beam costs [955, 963, 971, 975, 979]  12s
step  5  best cost (911, 200, 12)  beam costs [911, 915, 917, 919, 919]  16s
step  6  best cost (865, 196, 12)  beam costs [865, 865, 871, 871, 874]  20s
step  7  best cost (827, 188, 12)  beam costs [827, 827, 835, 835, 835]  24s
step  8  best cost (799, 182, 12)  beam costs [799, 799, 801, 801, 801]  28s
step  9  best cost (761, 178, 12)  beam costs [761, 765, 768, 768, 768]  32s
step 10  best cost (723, 172, 12)  beam costs [723, 725, 728, 732, 734]  36s
step 11  best cost (699, 160, 12)  beam costs [699, 699, 701, 702, 702]  40s
step 12  best cost (671, 154, 12)  beam costs [671, 675, 677, 679, 680]  44s
step 13  best cost (648, 150, 12)  beam costs [648, 656, 657, 658, 658]  47s
step 14  best cost (622, 146, 12)  beam costs [622, 634, 636, 636, 637]  51s
step 15  best cost (608, 144, 12)  beam costs [608, 614, 614, 615, 616]  55s
step 16  best cost (600, 138, 12)  beam costs [600, 601, 602, 602, 602]  59s
step 17  best cost (586, 134, 12)  beam costs [586, 586, 588, 588, 591]  63s
step 18  best cost (575, 132, 12)  beam costs [575, 577, 578, 578, 579]  67s
step 19  best cost (568, 130, 12)  beam costs [568, 568, 568, 568, 569]  71s
step 20  best cost (555, 128, 12)  beam costs [555, 556, 556, 559, 559]  75s
step 21  best cost (546, 128, 12)  beam costs [546, 548, 550, 551, 551]  78s
step 22  best cost (536, 124, 12)  beam costs [536, 539, 543, 544, 544]  82s
step 23  best cost (534, 124, 12)  beam costs [534, 536, 536, 536, 537]  86s
step 24  best cost (531, 126, 12)  beam costs [531, 532, 533, 534, 534]  90s
step 25  best cost (517, 124, 12)  beam costs [517, 529, 529, 529, 530]  94s
step 26  best cost (515, 124, 12)  beam costs [515, 515, 517, 520, 520]  97s
step 27  best cost (513, 124, 12)  beam costs [513, 515, 515, 516, 517]  101s
step 28  best cost (513, 124, 12)  beam costs [513, 514, 514, 514, 515]  105s
step 29  best cost (512, 122, 12)  beam costs [512, 512, 512, 513, 513]  109s
step 30  best cost (510, 122, 12)  beam costs [510, 511, 511, 511, 511]  113s
step 31  best cost (508, 128, 12)  beam costs [508, 509, 509, 510, 510]  117s
step 32  best cost (507, 122, 12)  beam costs [507, 508, 509, 509, 509]  120s
step 33  best cost (507, 122, 12)  beam costs [507, 507, 508, 508, 508]  124s
