start: weighted high-degree cost 3328  monomials 886  max degree 12  (gates per step 2772, BEAM 8)
step  1  best cost (2505, 626, 12)  beam costs [2505, 2529, 2609, 2619, 2668]  1s
step  2  best cost (2084, 498, 12)  beam costs [2084, 2159, 2161, 2165, 2171]  5s
step  3  best cost (1744, 418, 12)  beam costs [1744, 1746, 1783, 1805, 1829]  8s
step  4  best cost (1460, 346, 12)  beam costs [1460, 1485, 1492, 1495, 1500]  12s
step  5  best cost (1234, 298, 12)  beam costs [1234, 1236, 1252, 1264, 1266]  16s
step  6  best cost (1090, 257, 12)  beam costs [1090, 1102, 1106, 1108, 1118]  20s
step  7  best cost (929, 223, 12)  beam costs [929, 943, 974, 980, 984]  25s
step  8  best cost (861, 211, 12)  beam costs [861, 864, 866, 873, 875]  28s
step  9  best cost (813, 203, 12)  beam costs [813, 815, 815, 824, 825]  33s
step 10  best cost (772, 183, 12)  beam costs [772, 774, 774, 775, 775]  36s
step 11  best cost (730, 175, 12)  beam costs [730, 730, 734, 735, 735]  40s
step 12  best cost (700, 163, 12)  beam costs [700, 700, 704, 711, 711]  44s
step 13  best cost (676, 181, 12)  beam costs [676, 678, 678, 679, 682]  48s
step 14  best cost (647, 165, 12)  beam costs [647, 649, 650, 661, 661]  52s
step 15  best cost (627, 160, 12)  beam costs [627, 632, 637, 641, 641]  56s
step 16  best cost (615, 158, 12)  beam costs [615, 615, 616, 617, 617]  60s
step 17  best cost (566, 154, 12)  beam costs [566, 591, 599, 600, 601]  64s
step 18  best cost (538, 142, 12)  beam costs [538, 558, 562, 562, 564]  68s
step 19  best cost (505, 134, 12)  beam costs [505, 521, 526, 526, 530]  72s
step 20  best cost (488, 130, 12)  beam costs [488, 490, 493, 494, 497]  76s
step 21  best cost (461, 126, 12)  beam costs [461, 468, 473, 473, 476]  80s
step 22  best cost (444, 122, 12)  beam costs [444, 444, 446, 449, 449]  83s
step 23  best cost (425, 120, 12)  beam costs [425, 426, 427, 429, 432]  87s
step 24  best cost (407, 116, 12)  beam costs [407, 408, 409, 414, 414]  91s
step 25  best cost (390, 112, 12)  beam costs [390, 395, 397, 398, 401]  95s
step 26  best cost (378, 110, 12)  beam costs [378, 388, 389, 389, 389]  100s
step 27  best cost (376, 110, 12)  beam costs [376, 376, 377, 377, 378]  104s
step 28  best cost (375, 106, 12)  beam costs [375, 375, 375, 375, 376]  107s
step 29  best cost (374, 106, 12)  beam costs [374, 374, 375, 375, 375]  111s
step 30  best cost (374, 106, 12)  beam costs [374, 374, 374, 375, 375]  115s
step 31  best cost (374, 106, 12)  beam costs [374, 374, 374, 375, 375]  119s
step 32  best cost (374, 106, 12)  beam costs [374, 374, 374, 375, 375]  123s
