start: weighted high-degree cost 1263  monomials 286  max degree 12  (gates per step 2772, BEAM 32)
step  1  best cost (1148, 250, 12)  beam costs [1148, 1158, 1213, 1220, 1228]  0s
step  2  best cost (1074, 232, 12)  beam costs [1074, 1079, 1098, 1101, 1104]  17s
step  3  best cost (1009, 218, 12)  beam costs [1009, 1011, 1023, 1024, 1029]  33s
step  4  best cost (941, 216, 12)  beam costs [941, 949, 951, 952, 955]  50s
step  5  best cost (892, 194, 12)  beam costs [892, 892, 892, 894, 894]  65s
step  6  best cost (822, 188, 12)  beam costs [822, 824, 842, 842, 842]  82s
step  7  best cost (778, 190, 12)  beam costs [778, 779, 780, 781, 782]  97s
step  8  best cost (751, 174, 12)  beam costs [751, 751, 751, 752, 752]  114s
step  9  best cost (707, 156, 12)  beam costs [707, 710, 713, 720, 721]  129s
step 10  best cost (652, 158, 12)  beam costs [652, 653, 656, 656, 656]  146s
step 11  best cost (622, 156, 12)  beam costs [622, 625, 629, 633, 633]  161s
step 12  best cost (603, 138, 12)  beam costs [603, 605, 607, 608, 609]  177s
step 13  best cost (591, 134, 12)  beam costs [591, 593, 595, 595, 595]  193s
step 14  best cost (568, 136, 12)  beam costs [568, 581, 583, 585, 585]  209s
step 15  best cost (562, 136, 12)  beam costs [562, 564, 564, 565, 566]  225s
step 16  best cost (548, 132, 12)  beam costs [548, 550, 554, 556, 556]  241s
step 17  best cost (527, 134, 12)  beam costs [527, 536, 542, 544, 544]  257s
step 18  best cost (509, 134, 12)  beam costs [509, 515, 523, 524, 525]  273s
step 19  best cost (499, 132, 12)  beam costs [499, 503, 504, 505, 506]  290s
step 20  best cost (473, 120, 12)  beam costs [473, 493, 494, 495, 496]  307s
step 21  best cost (455, 120, 12)  beam costs [455, 469, 469, 470, 470]  323s
step 22  best cost (449, 114, 12)  beam costs [449, 451, 453, 453, 453]  339s
step 23  best cost (444, 114, 12)  beam costs [444, 445, 445, 446, 446]  355s
step 24  best cost (439, 112, 12)  beam costs [439, 439, 440, 440, 441]  371s
step 25  best cost (433, 114, 12)  beam costs [433, 434, 435, 435, 436]  388s
step 26  best cost (423, 130, 12)  beam costs [423, 429, 430, 430, 431]  403s
step 27  best cost (417, 130, 12)  beam costs [417, 417, 420, 421, 421]  419s
step 28  best cost (415, 128, 12)  beam costs [415, 415, 415, 415, 415]  435s
step 29  best cost (409, 114, 12)  beam costs [409, 411, 411, 412, 412]  452s
step 30  best cost (407, 110, 12)  beam costs [407, 407, 407, 408, 408]  468s
step 31  best cost (402, 108, 12)  beam costs [402, 403, 404, 405, 405]  484s
step 32  best cost (396, 108, 12)  beam costs [396, 400, 400, 400, 400]  500s
step 33  best cost (394, 108, 12)  beam costs [394, 395, 395, 395, 396]  516s
step 34  best cost (393, 108, 12)  beam costs [393, 393, 393, 394, 394]  532s
step 35  best cost (392, 114, 12)  beam costs [392, 392, 393, 393, 393]  548s
