[evo3_logo_L5_s1] start fitness 3269 / 4096  P3 0.30  restart after 90s without gain
[2026-09-25 02:05:21] evo3_logo_L5_s1     10s  best 3715/4096  current 3715  restarts 0  iters 335808 (32773/s)  best: cx 22 tof 19 (3-ctl 2) est_fwd 52
[2026-09-25 02:05:36] evo3_logo_L5_s1     25s  best 3753/4096  current 3753  restarts 0  iters 855486 (34086/s)  best: cx 25 tof 16 (3-ctl 6) est_fwd 64
[2026-09-25 02:05:51] evo3_logo_L5_s1     40s  best 3775/4096  current 3775  restarts 0  iters 1411317 (35416/s)  best: cx 28 tof 19 (3-ctl 6) est_fwd 64
[2026-09-25 02:06:06] evo3_logo_L5_s1     55s  best 3781/4096  current 3781  restarts 0  iters 1982347 (36146/s)  best: cx 26 tof 17 (3-ctl 5) est_fwd 64
[2026-09-25 02:06:21] evo3_logo_L5_s1     70s  best 3781/4096  current 3781  restarts 0  iters 2539951 (36216/s)  best: cx 26 tof 17 (3-ctl 5) est_fwd 64
[2026-09-25 02:06:36] evo3_logo_L5_s1     85s  best 3781/4096  current 3781  restarts 0  iters 3080667 (36280/s)  best: cx 26 tof 17 (3-ctl 5) est_fwd 64
[2026-09-25 02:06:51] evo3_logo_L5_s1    100s  best 3781/4096  current 3781  restarts 0  iters 3638403 (36380/s)  best: cx 26 tof 17 (3-ctl 5) est_fwd 64
[2026-09-25 02:07:06] evo3_logo_L5_s1    115s  best 3781/4096  current 3781  restarts 0  iters 4187679 (36399/s)  best: cx 26 tof 17 (3-ctl 5) est_fwd 64
[2026-09-25 02:07:21] evo3_logo_L5_s1    130s  best 3781/4096  current 3781  restarts 0  iters 4744191 (36526/s)  best: cx 26 tof 17 (3-ctl 5) est_fwd 64
[2026-09-25 02:07:31] evo3_logo_L5_s1    140s  best 3781/4096  current 3753  restarts 1  iters 5113469 (36461/s)  best: cx 26 tof 17 (3-ctl 5) est_fwd 64
[2026-09-25 02:07:45] evo3_logo_L5_s1    155s  best 3781/4096  current 3781  restarts 1  iters 5672308 (36682/s)  best: cx 26 tof 17 (3-ctl 5) est_fwd 64
[2026-09-25 02:07:56] evo3_logo_L5_s1    165s  best 3783/4096  current 3783  restarts 1  iters 6065787 (36824/s)  best: cx 34 tof 19 (3-ctl 8) est_fwd 64
[2026-09-25 02:08:10] evo3_logo_L5_s1    179s  best 3785/4096  current 3785  restarts 1  iters 6661928 (37132/s)  best: cx 33 tof 19 (3-ctl 7) est_fwd 64
[2026-09-25 02:08:20] evo3_logo_L5_s1    190s  best 3789/4096  current 3789  restarts 1  iters 7071025 (37304/s)  best: cx 31 tof 19 (3-ctl 10) est_fwd 64
[2026-09-25 02:08:31] evo3_logo_L5_s1    200s  best 3789/4096  current 3789  restarts 1  iters 7477221 (37439/s)  best: cx 31 tof 19 (3-ctl 10) est_fwd 64
[2026-09-25 02:08:45] evo3_logo_L5_s1    215s  best 3789/4096  current 3789  restarts 1  iters 8070228 (37597/s)  best: cx 31 tof 19 (3-ctl 10) est_fwd 64
[2026-09-25 02:09:01] evo3_logo_L5_s1    230s  best 3789/4096  current 3789  restarts 1  iters 8676740 (37766/s)  best: cx 31 tof 19 (3-ctl 10) est_fwd 64
[2026-09-25 02:09:15] evo3_logo_L5_s1    245s  best 3789/4096  current 3789  restarts 1  iters 9276607 (37924/s)  best: cx 31 tof 19 (3-ctl 10) est_fwd 64
[2026-09-25 02:09:25] evo3_logo_L5_s1    255s  best 3789/4096  current 3789  restarts 1  iters 9675299 (37996/s)  best: cx 31 tof 19 (3-ctl 10) est_fwd 64
[2026-09-25 02:09:35] evo3_logo_L5_s1    265s  best 3789/4096  current 3789  restarts 1  iters 10074016 (38063/s)  best: cx 31 tof 19 (3-ctl 10) est_fwd 64
[2026-09-25 02:09:46] evo3_logo_L5_s1    275s  best 3789/4096  current 3789  restarts 1  iters 10477218 (38140/s)  best: cx 31 tof 19 (3-ctl 10) est_fwd 64
[2026-09-25 02:09:56] evo3_logo_L5_s1    285s  best 3789/4096  current 3777  restarts 2  iters 10850148 (38059/s)  best: cx 31 tof 19 (3-ctl 10) est_fwd 64
[2026-09-25 02:10:06] evo3_logo_L5_s1    295s  best 3789/4096  current 3781  restarts 2  iters 11222978 (38023/s)  best: cx 31 tof 19 (3-ctl 10) est_fwd 64
[2026-09-25 02:10:21] evo3_logo_L5_s1    310s  best 3801/4096  current 3801  restarts 2  iters 11777853 (38004/s)  best: cx 30 tof 18 (3-ctl 7) est_fwd 58
[2026-09-25 02:10:31] evo3_logo_L5_s1    320s  best 3801/4096  current 3801  restarts 2  iters 12158174 (37999/s)  best: cx 30 tof 18 (3-ctl 7) est_fwd 58
[2026-09-25 02:10:46] evo3_logo_L5_s1    335s  best 3809/4096  current 3809  restarts 2  iters 12734392 (38035/s)  best: cx 31 tof 18 (3-ctl 5) est_fwd 64
[2026-09-25 02:10:56] evo3_logo_L5_s1    345s  best 3809/4096  current 3809  restarts 2  iters 13132184 (38085/s)  best: cx 31 tof 18 (3-ctl 5) est_fwd 64
[2026-09-25 02:11:11] evo3_logo_L5_s1    360s  best 3809/4096  current 3809  restarts 2  iters 13719929 (38120/s)  best: cx 31 tof 18 (3-ctl 5) est_fwd 64
[2026-09-25 02:11:26] evo3_logo_L5_s1    375s  best 3809/4096  current 3809  restarts 2  iters 14294737 (38118/s)  best: cx 31 tof 18 (3-ctl 5) est_fwd 64
[2026-09-25 02:11:41] evo3_logo_L5_s1    390s  best 3809/4096  current 3809  restarts 2  iters 14868075 (38124/s)  best: cx 31 tof 18 (3-ctl 5) est_fwd 64
[2026-09-25 02:11:51] evo3_logo_L5_s1    400s  best 3809/4096  current 3809  restarts 2  iters 15251005 (38127/s)  best: cx 31 tof 18 (3-ctl 5) est_fwd 64
[2026-09-25 02:12:06] evo3_logo_L5_s1    415s  best 3809/4096  current 3809  restarts 2  iters 15828114 (38156/s)  best: cx 31 tof 18 (3-ctl 5) est_fwd 64
[2026-09-25 02:12:16] evo3_logo_L5_s1    425s  best 3809/4096  current 3809  restarts 2  iters 16217363 (38172/s)  best: cx 31 tof 18 (3-ctl 5) est_fwd 64
[2026-09-25 02:12:26] evo3_logo_L5_s1    435s  best 3809/4096  current 3807  restarts 3  iters 16577157 (38068/s)  best: cx 31 tof 18 (3-ctl 5) est_fwd 64
[2026-09-25 02:12:41] evo3_logo_L5_s1    450s  best 3811/4096  current 3811  restarts 3  iters 17138708 (38071/s)  best: cx 34 tof 16 (3-ctl 7) est_fwd 64
[2026-09-25 02:12:56] evo3_logo_L5_s1    465s  best 3831/4096  current 3831  restarts 3  iters 17705939 (38082/s)  best: cx 31 tof 17 (3-ctl 9) est_fwd 70
[2026-09-25 02:13:06] evo3_logo_L5_s1    475s  best 3835/4096  current 3835  restarts 3  iters 18096879 (38103/s)  best: cx 31 tof 18 (3-ctl 7) est_fwd 64
[2026-09-25 02:13:21] evo3_logo_L5_s1    490s  best 3835/4096  current 3835  restarts 3  iters 18694118 (38149/s)  best: cx 31 tof 18 (3-ctl 7) est_fwd 64
[2026-09-25 02:13:36] evo3_logo_L5_s1    505s  best 3835/4096  current 3835  restarts 3  iters 19286634 (38204/s)  best: cx 31 tof 18 (3-ctl 7) est_fwd 64
[2026-09-25 02:13:46] evo3_logo_L5_s1    515s  best 3835/4096  current 3835  restarts 3  iters 19681265 (38198/s)  best: cx 31 tof 18 (3-ctl 7) est_fwd 64
[2026-09-25 02:14:01] evo3_logo_L5_s1    530s  best 3835/4096  current 3835  restarts 3  iters 20260138 (38221/s)  best: cx 31 tof 18 (3-ctl 7) est_fwd 64
[2026-09-25 02:14:16] evo3_logo_L5_s1    545s  best 3835/4096  current 3835  restarts 3  iters 20850316 (38260/s)  best: cx 31 tof 18 (3-ctl 7) est_fwd 64
[2026-09-25 02:14:26] evo3_logo_L5_s1    555s  best 3835/4096  current 3835  restarts 3  iters 21238911 (38268/s)  best: cx 31 tof 18 (3-ctl 7) est_fwd 64
[2026-09-25 02:14:41] evo3_logo_L5_s1    570s  best 3835/4096  current 3835  restarts 3  iters 21829598 (38307/s)  best: cx 31 tof 18 (3-ctl 7) est_fwd 64
[2026-09-25 02:14:51] evo3_logo_L5_s1    580s  best 3835/4096  current 3697  restarts 4  iters 22203891 (38254/s)  best: cx 31 tof 18 (3-ctl 7) est_fwd 64
[2026-09-25 02:15:06] evo3_logo_L5_s1    595s  best 3835/4096  current 3729  restarts 4  iters 22762544 (38239/s)  best: cx 31 tof 18 (3-ctl 7) est_fwd 64
[2026-09-25 02:15:16] evo3_logo_L5_s1    605s  best 3835/4096  current 3729  restarts 4  iters 23141398 (38222/s)  best: cx 31 tof 18 (3-ctl 7) est_fwd 64
[2026-09-25 02:15:26] evo3_logo_L5_s1    616s  best 3835/4096  current 3745  restarts 4  iters 23503632 (38184/s)  best: cx 31 tof 18 (3-ctl 7) est_fwd 64
[2026-09-25 02:15:41] evo3_logo_L5_s1    630s  best 3835/4096  current 3775  restarts 4  iters 24049202 (38149/s)  best: cx 31 tof 18 (3-ctl 7) est_fwd 64
[2026-09-25 02:15:51] evo3_logo_L5_s1    640s  best 3835/4096  current 3801  restarts 4  iters 24414080 (38122/s)  best: cx 31 tof 18 (3-ctl 7) est_fwd 64
[2026-09-25 02:16:06] evo3_logo_L5_s1    655s  best 3835/4096  current 3801  restarts 4  iters 24987282 (38127/s)  best: cx 31 tof 18 (3-ctl 7) est_fwd 64
[2026-09-25 02:16:21] evo3_logo_L5_s1    670s  best 3835/4096  current 3801  restarts 4  iters 25548367 (38114/s)  best: cx 31 tof 18 (3-ctl 7) est_fwd 64
[2026-09-25 02:16:31] evo3_logo_L5_s1    680s  best 3835/4096  current 3817  restarts 4  iters 25933899 (38118/s)  best: cx 31 tof 18 (3-ctl 7) est_fwd 64
[2026-09-25 02:16:46] evo3_logo_L5_s1    695s  best 3835/4096  current 3817  restarts 4  iters 26504037 (38120/s)  best: cx 31 tof 18 (3-ctl 7) est_fwd 64
[2026-09-25 02:16:56] evo3_logo_L5_s1    705s  best 3835/4096  current 3817  restarts 4  iters 26883019 (38112/s)  best: cx 31 tof 18 (3-ctl 7) est_fwd 64
[2026-09-25 02:17:11] evo3_logo_L5_s1    720s  best 3835/4096  current 3817  restarts 4  iters 27448599 (38104/s)  best: cx 31 tof 18 (3-ctl 7) est_fwd 64
[2026-09-25 02:17:26] evo3_logo_L5_s1    735s  best 3835/4096  current 3817  restarts 4  iters 28015682 (38103/s)  best: cx 31 tof 18 (3-ctl 7) est_fwd 64
[2026-09-25 02:17:41] evo3_logo_L5_s1    750s  best 3835/4096  current 3831  restarts 4  iters 28592139 (38116/s)  best: cx 31 tof 18 (3-ctl 7) est_fwd 64
[2026-09-25 02:17:51] evo3_logo_L5_s1    760s  best 3835/4096  current 3833  restarts 4  iters 28993025 (38141/s)  best: cx 31 tof 18 (3-ctl 7) est_fwd 64
[2026-09-25 02:18:06] evo3_logo_L5_s1    775s  best 3835/4096  current 3833  restarts 4  iters 29598033 (38187/s)  best: cx 31 tof 18 (3-ctl 7) est_fwd 64
[2026-09-25 02:18:16] evo3_logo_L5_s1    785s  best 3835/4096  current 3833  restarts 4  iters 29994913 (38200/s)  best: cx 31 tof 18 (3-ctl 7) est_fwd 64
[2026-09-25 02:18:31] evo3_logo_L5_s1    800s  best 3835/4096  current 3833  restarts 4  iters 30607760 (38255/s)  best: cx 31 tof 18 (3-ctl 7) est_fwd 64
[2026-09-25 02:18:46] evo3_logo_L5_s1    815s  best 3835/4096  current 3833  restarts 4  iters 31212075 (38291/s)  best: cx 31 tof 18 (3-ctl 7) est_fwd 64
[2026-09-25 02:19:01] evo3_logo_L5_s1    830s  best 3835/4096  current 3833  restarts 4  iters 31812428 (38320/s)  best: cx 31 tof 18 (3-ctl 7) est_fwd 64
[2026-09-25 02:19:16] evo3_logo_L5_s1    845s  best 3835/4096  current 3833  restarts 4  iters 32410443 (38352/s)  best: cx 31 tof 18 (3-ctl 7) est_fwd 64
[2026-09-25 02:19:26] evo3_logo_L5_s1    856s  best 3835/4096  current 3739  restarts 5  iters 32785541 (38321/s)  best: cx 31 tof 18 (3-ctl 7) est_fwd 64
[2026-09-25 02:19:41] evo3_logo_L5_s1    870s  best 3835/4096  current 3743  restarts 5  iters 33358051 (38325/s)  best: cx 31 tof 18 (3-ctl 7) est_fwd 64
[2026-09-25 02:19:51] evo3_logo_L5_s1    880s  best 3835/4096  current 3753  restarts 5  iters 33740361 (38320/s)  best: cx 31 tof 18 (3-ctl 7) est_fwd 64
[2026-09-25 02:20:01] evo3_logo_L5_s1    891s  best 3835/4096  current 3765  restarts 5  iters 34113250 (38302/s)  best: cx 31 tof 18 (3-ctl 7) est_fwd 64
[2026-09-25 02:20:16] evo3_logo_L5_s1    906s  best 3835/4096  current 3765  restarts 5  iters 34682950 (38296/s)  best: cx 31 tof 18 (3-ctl 7) est_fwd 64
[2026-09-25 02:20:31] evo3_logo_L5_s1    920s  best 3835/4096  current 3765  restarts 5  iters 35253178 (38300/s)  best: cx 31 tof 18 (3-ctl 7) est_fwd 64
[2026-09-25 02:20:41] evo3_logo_L5_s1    931s  best 3835/4096  current 3765  restarts 5  iters 35644269 (38306/s)  best: cx 31 tof 18 (3-ctl 7) est_fwd 64
[2026-09-25 02:20:52] evo3_logo_L5_s1    941s  best 3835/4096  current 3765  restarts 5  iters 36024231 (38296/s)  best: cx 31 tof 18 (3-ctl 7) est_fwd 64
[2026-09-25 02:21:06] evo3_logo_L5_s1    956s  best 3835/4096  current 3765  restarts 5  iters 36591375 (38293/s)  best: cx 31 tof 18 (3-ctl 7) est_fwd 64
[2026-09-25 02:21:21] evo3_logo_L5_s1    971s  best 3835/4096  current 3773  restarts 5  iters 37167682 (38297/s)  best: cx 31 tof 18 (3-ctl 7) est_fwd 64
[2026-09-25 02:21:36] evo3_logo_L5_s1    986s  best 3835/4096  current 3773  restarts 5  iters 37745319 (38294/s)  best: cx 31 tof 18 (3-ctl 7) est_fwd 64
[2026-09-25 02:21:51] evo3_logo_L5_s1   1000s  best 3835/4096  current 3817  restarts 5  iters 38308159 (38294/s)  best: cx 31 tof 18 (3-ctl 7) est_fwd 64
[2026-09-25 02:22:01] evo3_logo_L5_s1   1010s  best 3835/4096  current 3817  restarts 5  iters 38691963 (38292/s)  best: cx 31 tof 18 (3-ctl 7) est_fwd 64
[2026-09-25 02:22:16] evo3_logo_L5_s1   1025s  best 3835/4096  current 3817  restarts 5  iters 39287016 (38316/s)  best: cx 31 tof 18 (3-ctl 7) est_fwd 64
[2026-09-25 02:22:26] evo3_logo_L5_s1   1035s  best 3835/4096  current 3817  restarts 5  iters 39684544 (38327/s)  best: cx 31 tof 18 (3-ctl 7) est_fwd 64
[2026-09-25 02:22:36] evo3_logo_L5_s1   1045s  best 3835/4096  current 3817  restarts 5  iters 40077745 (38334/s)  best: cx 31 tof 18 (3-ctl 7) est_fwd 64
[2026-09-25 02:22:51] evo3_logo_L5_s1   1060s  best 3835/4096  current 3817  restarts 5  iters 40663032 (38349/s)  best: cx 31 tof 18 (3-ctl 7) est_fwd 64
[2026-09-25 02:23:06] evo3_logo_L5_s1   1075s  best 3835/4096  current 3819  restarts 5  iters 41262656 (38373/s)  best: cx 31 tof 18 (3-ctl 7) est_fwd 64
[2026-09-25 02:23:21] evo3_logo_L5_s1   1090s  best 3835/4096  current 3819  restarts 5  iters 41866623 (38396/s)  best: cx 31 tof 18 (3-ctl 7) est_fwd 64
[2026-09-25 02:23:36] evo3_logo_L5_s1   1105s  best 3835/4096  current 3819  restarts 5  iters 42467774 (38426/s)  best: cx 31 tof 18 (3-ctl 7) est_fwd 64
[2026-09-25 02:23:46] evo3_logo_L5_s1   1115s  best 3835/4096  current 3819  restarts 5  iters 42875657 (38444/s)  best: cx 31 tof 18 (3-ctl 7) est_fwd 64
[2026-09-25 02:24:01] evo3_logo_L5_s1   1130s  best 3835/4096  current 3819  restarts 5  iters 43481759 (38469/s)  best: cx 31 tof 18 (3-ctl 7) est_fwd 64
[2026-09-25 02:24:11] evo3_logo_L5_s1   1140s  best 3835/4096  current 3819  restarts 5  iters 43882543 (38481/s)  best: cx 31 tof 18 (3-ctl 7) est_fwd 64
[2026-09-25 02:24:21] evo3_logo_L5_s1   1150s  best 3835/4096  current 3819  restarts 5  iters 44286034 (38495/s)  best: cx 31 tof 18 (3-ctl 7) est_fwd 64
[2026-09-25 02:24:36] evo3_logo_L5_s1   1165s  best 3835/4096  current 3819  restarts 5  iters 44878529 (38515/s)  best: cx 31 tof 18 (3-ctl 7) est_fwd 64
[2026-09-25 02:24:47] evo3_logo_L5_s1   1176s  best 3835/4096  current 3617  restarts 6  iters 45283902 (38494/s)  best: cx 31 tof 18 (3-ctl 7) est_fwd 64
[2026-09-25 02:25:02] evo3_logo_L5_s1   1191s  best 3835/4096  current 3701  restarts 6  iters 45827472 (38483/s)  best: cx 31 tof 18 (3-ctl 7) est_fwd 64
[2026-09-25 02:25:12] evo3_logo_L5_s1   1201s  best 3835/4096  current 3701  restarts 6  iters 46197660 (38469/s)  best: cx 31 tof 18 (3-ctl 7) est_fwd 64
[2026-09-25 02:25:27] evo3_logo_L5_s1   1216s  best 3835/4096  current 3761  restarts 6  iters 46762069 (38463/s)  best: cx 31 tof 18 (3-ctl 7) est_fwd 64
[2026-09-25 02:25:42] evo3_logo_L5_s1   1231s  best 3835/4096  current 3761  restarts 6  iters 47335323 (38456/s)  best: cx 31 tof 18 (3-ctl 7) est_fwd 64
[2026-09-25 02:25:57] evo3_logo_L5_s1   1246s  best 3835/4096  current 3761  restarts 6  iters 47915151 (38458/s)  best: cx 31 tof 18 (3-ctl 7) est_fwd 64
[2026-09-25 02:26:07] evo3_logo_L5_s1   1256s  best 3835/4096  current 3763  restarts 6  iters 48285333 (38445/s)  best: cx 31 tof 18 (3-ctl 7) est_fwd 64
[2026-09-25 02:26:22] evo3_logo_L5_s1   1271s  best 3835/4096  current 3763  restarts 6  iters 48851758 (38440/s)  best: cx 31 tof 18 (3-ctl 7) est_fwd 64
[2026-09-25 02:26:37] evo3_logo_L5_s1   1286s  best 3835/4096  current 3763  restarts 6  iters 49420449 (38437/s)  best: cx 31 tof 18 (3-ctl 7) est_fwd 64
[2026-09-25 02:26:47] evo3_logo_L5_s1   1296s  best 3835/4096  current 3763  restarts 6  iters 49799113 (38430/s)  best: cx 31 tof 18 (3-ctl 7) est_fwd 64
[2026-09-25 02:27:02] evo3_logo_L5_s1   1311s  best 3835/4096  current 3763  restarts 6  iters 50363708 (38419/s)  best: cx 31 tof 18 (3-ctl 7) est_fwd 64
[2026-09-25 02:27:16] evo3_logo_L5_s1   1326s  best 3835/4096  current 3799  restarts 6  iters 50927117 (38418/s)  best: cx 31 tof 18 (3-ctl 7) est_fwd 64
[2026-09-25 02:27:27] evo3_logo_L5_s1   1336s  best 3835/4096  current 3801  restarts 6  iters 51321480 (38416/s)  best: cx 31 tof 18 (3-ctl 7) est_fwd 64
[2026-09-25 02:27:42] evo3_logo_L5_s1   1351s  best 3835/4096  current 3801  restarts 6  iters 51896152 (38416/s)  best: cx 31 tof 18 (3-ctl 7) est_fwd 64
[2026-09-25 02:27:57] evo3_logo_L5_s1   1366s  best 3835/4096  current 3801  restarts 6  iters 52469685 (38419/s)  best: cx 31 tof 18 (3-ctl 7) est_fwd 64
[2026-09-25 02:28:12] evo3_logo_L5_s1   1381s  best 3835/4096  current 3801  restarts 6  iters 53061726 (38429/s)  best: cx 31 tof 18 (3-ctl 7) est_fwd 64
[2026-09-25 02:28:22] evo3_logo_L5_s1   1391s  best 3835/4096  current 3803  restarts 6  iters 53453518 (38435/s)  best: cx 31 tof 18 (3-ctl 7) est_fwd 64
[2026-09-25 02:28:36] evo3_logo_L5_s1   1406s  best 3835/4096  current 3809  restarts 6  iters 54045542 (38451/s)  best: cx 31 tof 18 (3-ctl 7) est_fwd 64
[2026-09-25 02:28:51] evo3_logo_L5_s1   1421s  best 3835/4096  current 3809  restarts 6  iters 54659347 (38478/s)  best: cx 31 tof 18 (3-ctl 7) est_fwd 64
[2026-09-25 02:29:01] evo3_logo_L5_s1   1431s  best 3835/4096  current 3809  restarts 6  iters 55066623 (38493/s)  best: cx 31 tof 18 (3-ctl 7) est_fwd 64
[2026-09-25 02:29:12] evo3_logo_L5_s1   1441s  best 3835/4096  current 3809  restarts 6  iters 55469641 (38500/s)  best: cx 31 tof 18 (3-ctl 7) est_fwd 64
[2026-09-25 02:29:26] evo3_logo_L5_s1   1456s  best 3835/4096  current 3817  restarts 6  iters 56073523 (38524/s)  best: cx 31 tof 18 (3-ctl 7) est_fwd 64
[2026-09-25 02:29:36] evo3_logo_L5_s1   1466s  best 3837/4096  current 3837  restarts 6  iters 56473463 (38533/s)  best: cx 33 tof 19 (3-ctl 7) est_fwd 64
[2026-09-25 02:29:46] evo3_logo_L5_s1   1476s  best 3837/4096  current 3837  restarts 6  iters 56878643 (38546/s)  best: cx 33 tof 19 (3-ctl 7) est_fwd 64
[2026-09-25 02:29:56] evo3_logo_L5_s1   1486s  best 3837/4096  current 3837  restarts 6  iters 57276215 (38553/s)  best: cx 33 tof 19 (3-ctl 7) est_fwd 64
[2026-09-25 02:30:11] evo3_logo_L5_s1   1501s  best 3837/4096  current 3837  restarts 6  iters 57873503 (38569/s)  best: cx 33 tof 19 (3-ctl 7) est_fwd 64
[2026-09-25 02:30:26] evo3_logo_L5_s1   1516s  best 3839/4096  current 3839  restarts 6  iters 58492543 (38594/s)  best: cx 33 tof 19 (3-ctl 8) est_fwd 64
[2026-09-25 02:30:37] evo3_logo_L5_s1   1526s  best 3839/4096  current 3839  restarts 6  iters 58900652 (38604/s)  best: cx 33 tof 19 (3-ctl 8) est_fwd 64
[2026-09-25 02:30:51] evo3_logo_L5_s1   1541s  best 3839/4096  current 3839  restarts 6  iters 59507366 (38625/s)  best: cx 33 tof 19 (3-ctl 8) est_fwd 64
[2026-09-25 02:31:06] evo3_logo_L5_s1   1555s  best 3839/4096  current 3839  restarts 6  iters 60115010 (38649/s)  best: cx 33 tof 19 (3-ctl 8) est_fwd 64
[2026-09-25 02:31:16] evo3_logo_L5_s1   1566s  best 3839/4096  current 3839  restarts 6  iters 60529638 (38664/s)  best: cx 33 tof 19 (3-ctl 8) est_fwd 64
[2026-09-25 02:31:27] evo3_logo_L5_s1   1576s  best 3839/4096  current 3839  restarts 6  iters 60937570 (38674/s)  best: cx 33 tof 19 (3-ctl 8) est_fwd 64
[2026-09-25 02:31:37] evo3_logo_L5_s1   1586s  best 3839/4096  current 3839  restarts 6  iters 61338064 (38681/s)  best: cx 33 tof 19 (3-ctl 8) est_fwd 64
[2026-09-25 02:31:52] evo3_logo_L5_s1   1601s  best 3839/4096  current 3839  restarts 6  iters 61932801 (38689/s)  best: cx 33 tof 19 (3-ctl 8) est_fwd 64
[2026-09-25 02:32:02] evo3_logo_L5_s1   1611s  best 3839/4096  current 3755  restarts 7  iters 62305143 (38670/s)  best: cx 33 tof 19 (3-ctl 8) est_fwd 64
[2026-09-25 02:32:12] evo3_logo_L5_s1   1621s  best 3839/4096  current 3755  restarts 7  iters 62667801 (38652/s)  best: cx 33 tof 19 (3-ctl 8) est_fwd 64
[2026-09-25 02:32:27] evo3_logo_L5_s1   1636s  best 3839/4096  current 3769  restarts 7  iters 63220667 (38638/s)  best: cx 33 tof 19 (3-ctl 8) est_fwd 64
[2026-09-25 02:32:42] evo3_logo_L5_s1   1651s  best 3839/4096  current 3785  restarts 7  iters 63773802 (38624/s)  best: cx 33 tof 19 (3-ctl 8) est_fwd 64
[2026-09-25 02:32:57] evo3_logo_L5_s1   1666s  best 3839/4096  current 3833  restarts 7  iters 64331605 (38616/s)  best: cx 33 tof 19 (3-ctl 8) est_fwd 64
[2026-09-25 02:33:12] evo3_logo_L5_s1   1681s  best 3839/4096  current 3839  restarts 7  iters 64926263 (38624/s)  best: cx 33 tof 19 (3-ctl 8) est_fwd 64
[2026-09-25 02:33:22] evo3_logo_L5_s1   1691s  best 3839/4096  current 3839  restarts 7  iters 65308959 (38621/s)  best: cx 33 tof 19 (3-ctl 8) est_fwd 64
[2026-09-25 02:33:37] evo3_logo_L5_s1   1706s  best 3865/4096  current 3865  restarts 7  iters 65890638 (38628/s)  best: cx 32 tof 19 (3-ctl 5) est_fwd 64
[2026-09-25 02:33:47] evo3_logo_L5_s1   1716s  best 3865/4096  current 3865  restarts 7  iters 66287153 (38633/s)  best: cx 32 tof 19 (3-ctl 5) est_fwd 64
[2026-09-25 02:34:02] evo3_logo_L5_s1   1731s  best 3865/4096  current 3865  restarts 7  iters 66896548 (38650/s)  best: cx 32 tof 19 (3-ctl 5) est_fwd 64
[2026-09-25 02:34:12] evo3_logo_L5_s1   1741s  best 3865/4096  current 3865  restarts 7  iters 67297411 (38658/s)  best: cx 32 tof 19 (3-ctl 5) est_fwd 64
[2026-09-25 02:34:27] evo3_logo_L5_s1   1756s  best 3865/4096  current 3865  restarts 7  iters 67899630 (38674/s)  best: cx 32 tof 19 (3-ctl 5) est_fwd 64
[2026-09-25 02:34:37] evo3_logo_L5_s1   1766s  best 3865/4096  current 3865  restarts 7  iters 68303577 (38684/s)  best: cx 32 tof 19 (3-ctl 5) est_fwd 64
[2026-09-25 02:34:51] evo3_logo_L5_s1   1781s  best 3865/4096  current 3865  restarts 7  iters 68920551 (38706/s)  best: cx 32 tof 19 (3-ctl 5) est_fwd 64
[2026-09-25 02:35:02] evo3_logo_L5_s1   1791s  best 3865/4096  current 3865  restarts 7  iters 69327500 (38715/s)  best: cx 32 tof 19 (3-ctl 5) est_fwd 64
[2026-09-25 02:35:12] evo3_logo_L5_s1   1801s  best 3865/4096  current 3865  restarts 7  iters 69735780 (38727/s)  best: cx 32 tof 19 (3-ctl 5) est_fwd 64
[evo3_logo_L5_s1] final best 3865 / 4096  readout (11, 12, 0, 0)  restarts 7
