[ga_L5_s1_k3] init pop 24  fits [3539, 3515, 3487, 3483, 3473, 3469, 3465, 3449]  14s  (LOCAL 400)
[2026-09-24 23:32:41] ga_L5_s1_k3     14s  best 3539/4096  median 3443  worst 3397  children 1  replaced 0
[2026-09-24 23:32:51] ga_L5_s1_k3     24s  best 3539/4096  median 3515  worst 3515  children 77  replaced 32
[2026-09-24 23:33:01] ga_L5_s1_k3     35s  best 3557/4096  median 3539  worst 3539  children 153  replaced 58
[2026-09-24 23:33:11] ga_L5_s1_k3     45s  best 3585/4096  median 3557  worst 3557  children 213  replaced 81
[2026-09-24 23:33:21] ga_L5_s1_k3     55s  best 3589/4096  median 3585  worst 3585  children 284  replaced 103
[2026-09-24 23:33:31] ga_L5_s1_k3     65s  best 3633/4096  median 3621  worst 3621  children 364  replaced 134
[2026-09-24 23:33:41] ga_L5_s1_k3     75s  best 3633/4096  median 3633  worst 3633  children 432  replaced 155
[2026-09-24 23:33:51] ga_L5_s1_k3     85s  best 3633/4096  median 3633  worst 3633  children 489  replaced 155
[2026-09-24 23:34:01] ga_L5_s1_k3     95s  best 3633/4096  median 3633  worst 3633  children 548  replaced 155
[2026-09-24 23:34:12] ga_L5_s1_k3    106s  best 3633/4096  median 3633  worst 3633  children 615  replaced 155
[2026-09-24 23:34:22] ga_L5_s1_k3    116s  best 3633/4096  median 3633  worst 3633  children 680  replaced 155
[2026-09-24 23:34:32] ga_L5_s1_k3    126s  best 3633/4096  median 3633  worst 3633  children 744  replaced 155
[2026-09-24 23:34:42] ga_L5_s1_k3    136s  best 3633/4096  median 3633  worst 3633  children 812  replaced 155
[2026-09-24 23:34:52] ga_L5_s1_k3    146s  best 3633/4096  median 3633  worst 3633  children 879  replaced 155
[2026-09-24 23:35:02] ga_L5_s1_k3    156s  best 3633/4096  median 3633  worst 3633  children 951  replaced 155
[2026-09-24 23:35:12] ga_L5_s1_k3    166s  best 3633/4096  median 3633  worst 3633  children 1017  replaced 155
[2026-09-24 23:35:23] ga_L5_s1_k3    176s  best 3633/4096  median 3633  worst 3633  children 1084  replaced 155
[2026-09-24 23:35:33] ga_L5_s1_k3    186s  best 3633/4096  median 3633  worst 3633  children 1137  replaced 155
[2026-09-24 23:35:43] ga_L5_s1_k3    197s  best 3633/4096  median 3633  worst 3633  children 1204  replaced 155
[2026-09-24 23:35:53] ga_L5_s1_k3    207s  best 3633/4096  median 3633  worst 3633  children 1267  replaced 155
[2026-09-24 23:36:03] ga_L5_s1_k3    217s  best 3635/4096  median 3633  worst 3633  children 1342  replaced 165
[2026-09-24 23:36:13] ga_L5_s1_k3    227s  best 3643/4096  median 3635  worst 3635  children 1416  replaced 180
[2026-09-24 23:36:23] ga_L5_s1_k3    237s  best 3645/4096  median 3635  worst 3635  children 1482  replaced 190
[2026-09-24 23:36:33] ga_L5_s1_k3    247s  best 3689/4096  median 3665  worst 3647  children 1549  replaced 228
[2026-09-24 23:36:43] ga_L5_s1_k3    257s  best 3689/4096  median 3689  worst 3689  children 1616  replaced 262
[2026-09-24 23:36:53] ga_L5_s1_k3    267s  best 3689/4096  median 3689  worst 3689  children 1682  replaced 262
[2026-09-24 23:37:04] ga_L5_s1_k3    277s  best 3691/4096  median 3689  worst 3689  children 1735  replaced 264
[2026-09-24 23:37:14] ga_L5_s1_k3    287s  best 3695/4096  median 3695  worst 3695  children 1810  replaced 302
[2026-09-24 23:37:24] ga_L5_s1_k3    297s  best 3695/4096  median 3695  worst 3695  children 1882  replaced 302
[2026-09-24 23:37:34] ga_L5_s1_k3    308s  best 3737/4096  median 3717  worst 3703  children 1957  replaced 326
[2026-09-24 23:37:45] ga_L5_s1_k3    318s  best 3737/4096  median 3737  worst 3737  children 2020  replaced 357
[2026-09-24 23:37:55] ga_L5_s1_k3    328s  best 3737/4096  median 3737  worst 3737  children 2095  replaced 357
[2026-09-24 23:38:05] ga_L5_s1_k3    338s  best 3737/4096  median 3737  worst 3737  children 2158  replaced 357
[2026-09-24 23:38:15] ga_L5_s1_k3    349s  best 3737/4096  median 3737  worst 3737  children 2217  replaced 357
[2026-09-24 23:38:25] ga_L5_s1_k3    359s  best 3737/4096  median 3737  worst 3737  children 2289  replaced 357
[2026-09-24 23:38:35] ga_L5_s1_k3    369s  best 3737/4096  median 3737  worst 3737  children 2360  replaced 357
[2026-09-24 23:38:45] ga_L5_s1_k3    379s  best 3737/4096  median 3737  worst 3737  children 2435  replaced 357
[2026-09-24 23:38:55] ga_L5_s1_k3    389s  best 3737/4096  median 3737  worst 3737  children 2498  replaced 357
[2026-09-24 23:39:06] ga_L5_s1_k3    399s  best 3737/4096  median 3737  worst 3737  children 2578  replaced 357
[2026-09-24 23:39:16] ga_L5_s1_k3    409s  best 3737/4096  median 3737  worst 3737  children 2644  replaced 357
[2026-09-24 23:39:26] ga_L5_s1_k3    420s  best 3737/4096  median 3737  worst 3737  children 2716  replaced 357
[2026-09-24 23:39:36] ga_L5_s1_k3    430s  best 3737/4096  median 3737  worst 3737  children 2776  replaced 357
[2026-09-24 23:39:46] ga_L5_s1_k3    440s  best 3737/4096  median 3737  worst 3737  children 2847  replaced 357
[2026-09-24 23:39:56] ga_L5_s1_k3    450s  best 3737/4096  median 3737  worst 3737  children 2909  replaced 357
[2026-09-24 23:40:07] ga_L5_s1_k3    460s  best 3737/4096  median 3737  worst 3737  children 2973  replaced 357
[2026-09-24 23:40:17] ga_L5_s1_k3    470s  best 3737/4096  median 3737  worst 3737  children 3057  replaced 357
[2026-09-24 23:40:27] ga_L5_s1_k3    480s  best 3737/4096  median 3737  worst 3737  children 3112  replaced 357
[2026-09-24 23:40:37] ga_L5_s1_k3    490s  best 3737/4096  median 3737  worst 3737  children 3183  replaced 357
[2026-09-24 23:40:47] ga_L5_s1_k3    501s  best 3737/4096  median 3737  worst 3737  children 3254  replaced 357
[2026-09-24 23:40:57] ga_L5_s1_k3    511s  best 3737/4096  median 3737  worst 3737  children 3327  replaced 357
[2026-09-24 23:41:07] ga_L5_s1_k3    521s  best 3737/4096  median 3737  worst 3737  children 3404  replaced 357
[2026-09-24 23:41:18] ga_L5_s1_k3    531s  best 3737/4096  median 3737  worst 3737  children 3469  replaced 357
[2026-09-24 23:41:28] ga_L5_s1_k3    541s  best 3737/4096  median 3737  worst 3737  children 3540  replaced 357
[2026-09-24 23:41:38] ga_L5_s1_k3    551s  best 3737/4096  median 3737  worst 3737  children 3622  replaced 357
[2026-09-24 23:41:48] ga_L5_s1_k3    562s  best 3737/4096  median 3737  worst 3737  children 3693  replaced 357
[2026-09-24 23:41:58] ga_L5_s1_k3    572s  best 3737/4096  median 3737  worst 3737  children 3759  replaced 357
[2026-09-24 23:42:08] ga_L5_s1_k3    582s  best 3737/4096  median 3737  worst 3737  children 3830  replaced 357
[2026-09-24 23:42:19] ga_L5_s1_k3    592s  best 3737/4096  median 3737  worst 3737  children 3899  replaced 357
[2026-09-24 23:42:29] ga_L5_s1_k3    602s  best 3737/4096  median 3737  worst 3737  children 3967  replaced 357
[2026-09-24 23:42:39] ga_L5_s1_k3    612s  best 3737/4096  median 3737  worst 3737  children 4036  replaced 357
[2026-09-24 23:42:49] ga_L5_s1_k3    622s  best 3737/4096  median 3737  worst 3737  children 4116  replaced 357
[2026-09-24 23:42:59] ga_L5_s1_k3    633s  best 3737/4096  median 3737  worst 3737  children 4171  replaced 357
[2026-09-24 23:43:09] ga_L5_s1_k3    643s  best 3737/4096  median 3737  worst 3737  children 4233  replaced 357
[2026-09-24 23:43:19] ga_L5_s1_k3    653s  best 3737/4096  median 3737  worst 3737  children 4297  replaced 357
[2026-09-24 23:43:29] ga_L5_s1_k3    663s  best 3737/4096  median 3737  worst 3737  children 4367  replaced 357
[2026-09-24 23:43:40] ga_L5_s1_k3    673s  best 3737/4096  median 3737  worst 3737  children 4438  replaced 357
[2026-09-24 23:43:50] ga_L5_s1_k3    683s  best 3737/4096  median 3737  worst 3737  children 4498  replaced 357
[2026-09-24 23:44:00] ga_L5_s1_k3    693s  best 3737/4096  median 3737  worst 3737  children 4567  replaced 357
[2026-09-24 23:44:10] ga_L5_s1_k3    703s  best 3737/4096  median 3737  worst 3737  children 4633  replaced 357
[2026-09-24 23:44:20] ga_L5_s1_k3    713s  best 3737/4096  median 3737  worst 3737  children 4700  replaced 357
[2026-09-24 23:44:30] ga_L5_s1_k3    724s  best 3737/4096  median 3737  worst 3737  children 4770  replaced 357
[2026-09-24 23:44:40] ga_L5_s1_k3    734s  best 3737/4096  median 3737  worst 3737  children 4841  replaced 357
[2026-09-24 23:44:50] ga_L5_s1_k3    744s  best 3737/4096  median 3737  worst 3737  children 4912  replaced 357
[2026-09-24 23:45:00] ga_L5_s1_k3    754s  best 3737/4096  median 3737  worst 3737  children 4991  replaced 357
[2026-09-24 23:45:10] ga_L5_s1_k3    764s  best 3737/4096  median 3737  worst 3737  children 5060  replaced 357
[2026-09-24 23:45:21] ga_L5_s1_k3    774s  best 3745/4096  median 3745  worst 3737  children 5127  replaced 375
[2026-09-24 23:45:31] ga_L5_s1_k3    784s  best 3755/4096  median 3745  worst 3745  children 5193  replaced 390
[2026-09-24 23:45:41] ga_L5_s1_k3    794s  best 3755/4096  median 3755  worst 3755  children 5257  replaced 424
[2026-09-24 23:45:51] ga_L5_s1_k3    804s  best 3755/4096  median 3755  worst 3755  children 5328  replaced 424
[2026-09-24 23:46:01] ga_L5_s1_k3    814s  best 3755/4096  median 3755  worst 3755  children 5397  replaced 424
[2026-09-24 23:46:11] ga_L5_s1_k3    825s  best 3759/4096  median 3755  worst 3755  children 5457  replaced 425
[2026-09-24 23:46:21] ga_L5_s1_k3    835s  best 3765/4096  median 3765  worst 3759  children 5533  replaced 450
[2026-09-24 23:46:31] ga_L5_s1_k3    845s  best 3765/4096  median 3765  worst 3765  children 5599  replaced 460
[2026-09-24 23:46:41] ga_L5_s1_k3    855s  best 3765/4096  median 3765  worst 3765  children 5669  replaced 460
[2026-09-24 23:46:51] ga_L5_s1_k3    865s  best 3765/4096  median 3765  worst 3765  children 5725  replaced 460
[2026-09-24 23:47:02] ga_L5_s1_k3    875s  best 3765/4096  median 3765  worst 3765  children 5794  replaced 460
[2026-09-24 23:47:12] ga_L5_s1_k3    885s  best 3765/4096  median 3765  worst 3765  children 5868  replaced 460
[2026-09-24 23:47:22] ga_L5_s1_k3    896s  best 3765/4096  median 3765  worst 3765  children 5946  replaced 460
[2026-09-24 23:47:32] ga_L5_s1_k3    906s  best 3765/4096  median 3765  worst 3765  children 6003  replaced 460
[2026-09-24 23:47:42] ga_L5_s1_k3    916s  best 3765/4096  median 3765  worst 3765  children 6073  replaced 460
[2026-09-24 23:47:52] ga_L5_s1_k3    926s  best 3765/4096  median 3765  worst 3765  children 6135  replaced 460
[2026-09-24 23:48:02] ga_L5_s1_k3    936s  best 3765/4096  median 3765  worst 3765  children 6206  replaced 460
[2026-09-24 23:48:12] ga_L5_s1_k3    946s  best 3765/4096  median 3765  worst 3765  children 6284  replaced 460
[2026-09-24 23:48:22] ga_L5_s1_k3    956s  best 3765/4096  median 3765  worst 3765  children 6343  replaced 460
[2026-09-24 23:48:32] ga_L5_s1_k3    966s  best 3765/4096  median 3765  worst 3765  children 6410  replaced 460
[2026-09-24 23:48:42] ga_L5_s1_k3    976s  best 3765/4096  median 3765  worst 3765  children 6478  replaced 460
[2026-09-24 23:48:53] ga_L5_s1_k3    986s  best 3765/4096  median 3765  worst 3765  children 6549  replaced 460
[2026-09-24 23:49:03] ga_L5_s1_k3    997s  best 3765/4096  median 3765  worst 3765  children 6620  replaced 460
[2026-09-24 23:49:13] ga_L5_s1_k3   1007s  best 3765/4096  median 3765  worst 3765  children 6687  replaced 460
[2026-09-24 23:49:23] ga_L5_s1_k3   1017s  best 3765/4096  median 3765  worst 3765  children 6742  replaced 460
[2026-09-24 23:49:34] ga_L5_s1_k3   1027s  best 3765/4096  median 3765  worst 3765  children 6809  replaced 460
[2026-09-24 23:49:44] ga_L5_s1_k3   1037s  best 3765/4096  median 3765  worst 3765  children 6873  replaced 460
[2026-09-24 23:49:54] ga_L5_s1_k3   1048s  best 3765/4096  median 3765  worst 3765  children 6941  replaced 460
[2026-09-24 23:50:04] ga_L5_s1_k3   1058s  best 3765/4096  median 3765  worst 3765  children 7000  replaced 460
[2026-09-24 23:50:14] ga_L5_s1_k3   1068s  best 3765/4096  median 3765  worst 3765  children 7076  replaced 460
[2026-09-24 23:50:24] ga_L5_s1_k3   1078s  best 3765/4096  median 3765  worst 3765  children 7147  replaced 460
[2026-09-24 23:50:34] ga_L5_s1_k3   1088s  best 3765/4096  median 3765  worst 3765  children 7218  replaced 460
[2026-09-24 23:50:44] ga_L5_s1_k3   1098s  best 3765/4096  median 3765  worst 3765  children 7281  replaced 460
[2026-09-24 23:50:55] ga_L5_s1_k3   1108s  best 3765/4096  median 3765  worst 3765  children 7354  replaced 460
[2026-09-24 23:51:05] ga_L5_s1_k3   1118s  best 3765/4096  median 3765  worst 3765  children 7418  replaced 460
[2026-09-24 23:51:15] ga_L5_s1_k3   1128s  best 3765/4096  median 3765  worst 3765  children 7493  replaced 460
[2026-09-24 23:51:25] ga_L5_s1_k3   1138s  best 3765/4096  median 3765  worst 3765  children 7549  replaced 460
[2026-09-24 23:51:35] ga_L5_s1_k3   1148s  best 3765/4096  median 3765  worst 3765  children 7622  replaced 460
[2026-09-24 23:51:45] ga_L5_s1_k3   1159s  best 3765/4096  median 3765  worst 3765  children 7687  replaced 460
[2026-09-24 23:51:55] ga_L5_s1_k3   1169s  best 3765/4096  median 3765  worst 3765  children 7759  replaced 460
[2026-09-24 23:52:05] ga_L5_s1_k3   1179s  best 3765/4096  median 3765  worst 3765  children 7829  replaced 460
[2026-09-24 23:52:15] ga_L5_s1_k3   1189s  best 3765/4096  median 3765  worst 3765  children 7900  replaced 460
[2026-09-24 23:52:25] ga_L5_s1_k3   1199s  best 3765/4096  median 3765  worst 3765  children 7975  replaced 460
[2026-09-24 23:52:26] ga_L5_s1_k3   1200s  best 3765/4096  median 3765  worst 3765  children 7982  replaced 460
[ga_L5_s1_k3] final best 3765 / 4096  readout (11, 16, 17, 0)
