[evo_logo_L5_s3] start fitness 3269 / 4096  restart after 90s without gain
[2026-09-24 20:44:35] evo_logo_L5_s3     10s  best 3673/4096  current 3673  restarts 0  iters 322143  (30990/s)  best gates cx 24 tof 17
[2026-09-24 20:44:49] evo_logo_L5_s3     25s  best 3695/4096  current 3695  restarts 0  iters 823795  (32893/s)  best gates cx 27 tof 15
[2026-09-24 20:45:04] evo_logo_L5_s3     40s  best 3805/4096  current 3805  restarts 0  iters 1351555  (33794/s)  best gates cx 24 tof 19
[2026-09-24 20:45:14] evo_logo_L5_s3     50s  best 3805/4096  current 3805  restarts 0  iters 1709657  (34121/s)  best gates cx 24 tof 19
[2026-09-24 20:45:29] evo_logo_L5_s3     65s  best 3819/4096  current 3819  restarts 0  iters 2251781  (34835/s)  best gates cx 26 tof 19
[2026-09-24 20:45:39] evo_logo_L5_s3     75s  best 3819/4096  current 3819  restarts 0  iters 2622066  (34986/s)  best gates cx 26 tof 19
[2026-09-24 20:45:54] evo_logo_L5_s3     90s  best 3819/4096  current 3819  restarts 0  iters 3188243  (35528/s)  best gates cx 26 tof 19
[2026-09-24 20:46:09] evo_logo_L5_s3    105s  best 3821/4096  current 3821  restarts 0  iters 3762066  (35996/s)  best gates cx 32 tof 21
[2026-09-24 20:46:19] evo_logo_L5_s3    115s  best 3821/4096  current 3821  restarts 0  iters 4151760  (36220/s)  best gates cx 32 tof 21
[2026-09-24 20:46:29] evo_logo_L5_s3    125s  best 3821/4096  current 3821  restarts 0  iters 4534706  (36374/s)  best gates cx 32 tof 21
[2026-09-24 20:46:39] evo_logo_L5_s3    135s  best 3821/4096  current 3821  restarts 0  iters 4916941  (36510/s)  best gates cx 32 tof 21
[2026-09-24 20:46:54] evo_logo_L5_s3    150s  best 3855/4096  current 3855  restarts 0  iters 5493557  (36723/s)  best gates cx 31 tof 19
[2026-09-24 20:47:04] evo_logo_L5_s3    160s  best 3859/4096  current 3859  restarts 0  iters 5885386  (36852/s)  best gates cx 33 tof 20
[2026-09-24 20:47:19] evo_logo_L5_s3    175s  best 3859/4096  current 3859  restarts 0  iters 6471259  (37027/s)  best gates cx 33 tof 20
[2026-09-24 20:47:34] evo_logo_L5_s3    190s  best 3863/4096  current 3863  restarts 0  iters 7040178  (37139/s)  best gates cx 29 tof 18
[2026-09-24 20:47:49] evo_logo_L5_s3    205s  best 3863/4096  current 3863  restarts 0  iters 7629243  (37255/s)  best gates cx 29 tof 18
[2026-09-24 20:48:04] evo_logo_L5_s3    220s  best 3871/4096  current 3871  restarts 0  iters 8213113  (37413/s)  best gates cx 29 tof 20
[2026-09-24 20:48:14] evo_logo_L5_s3    230s  best 3881/4096  current 3881  restarts 0  iters 8619533  (37553/s)  best gates cx 35 tof 20
[2026-09-24 20:48:29] evo_logo_L5_s3    244s  best 3903/4096  current 3903  restarts 0  iters 9215909  (37700/s)  best gates cx 32 tof 22
[2026-09-24 20:48:39] evo_logo_L5_s3    255s  best 3903/4096  current 3903  restarts 0  iters 9615100  (37769/s)  best gates cx 32 tof 22
[2026-09-24 20:48:54] evo_logo_L5_s3    269s  best 3903/4096  current 3903  restarts 0  iters 10222435  (37949/s)  best gates cx 32 tof 22
[2026-09-24 20:49:04] evo_logo_L5_s3    279s  best 3903/4096  current 3903  restarts 0  iters 10633373  (38054/s)  best gates cx 32 tof 22
[2026-09-24 20:49:19] evo_logo_L5_s3    295s  best 3903/4096  current 3903  restarts 0  iters 11242150  (38153/s)  best gates cx 32 tof 22
[2026-09-24 20:49:29] evo_logo_L5_s3    305s  best 3903/4096  current 3903  restarts 0  iters 11614995  (38121/s)  best gates cx 32 tof 22
[2026-09-24 20:49:44] evo_logo_L5_s3    319s  best 3903/4096  current 3903  restarts 0  iters 12207897  (38212/s)  best gates cx 32 tof 22
[2026-09-24 20:49:56] evo_logo_L5_s3    331s  best 3903/4096  current 3645  restarts 1  iters 12605349  (38032/s)  best gates cx 32 tof 22
[2026-09-24 20:50:09] evo_logo_L5_s3    345s  best 3903/4096  current 3795  restarts 1  iters 13099537  (37948/s)  best gates cx 32 tof 22
[2026-09-24 20:50:24] evo_logo_L5_s3    360s  best 3903/4096  current 3817  restarts 1  iters 13681032  (37995/s)  best gates cx 32 tof 22
[2026-09-24 20:50:39] evo_logo_L5_s3    375s  best 3903/4096  current 3817  restarts 1  iters 14266119  (38052/s)  best gates cx 32 tof 22
[2026-09-24 20:50:49] evo_logo_L5_s3    385s  best 3903/4096  current 3817  restarts 1  iters 14661886  (38072/s)  best gates cx 32 tof 22
[2026-09-24 20:51:04] evo_logo_L5_s3    400s  best 3903/4096  current 3817  restarts 1  iters 15253775  (38134/s)  best gates cx 32 tof 22
[2026-09-24 20:51:14] evo_logo_L5_s3    410s  best 3903/4096  current 3817  restarts 1  iters 15647399  (38153/s)  best gates cx 32 tof 22
[2026-09-24 20:51:29] evo_logo_L5_s3    425s  best 3903/4096  current 3817  restarts 1  iters 16222570  (38151/s)  best gates cx 32 tof 22
[2026-09-24 20:51:44] evo_logo_L5_s3    440s  best 3903/4096  current 3817  restarts 1  iters 16798467  (38180/s)  best gates cx 32 tof 22
[2026-09-24 20:51:55] evo_logo_L5_s3    451s  best 3903/4096  current 3787  restarts 2  iters 17160712  (38070/s)  best gates cx 32 tof 22
[2026-09-24 20:52:10] evo_logo_L5_s3    465s  best 3903/4096  current 3795  restarts 2  iters 17683104  (37996/s)  best gates cx 32 tof 22
[2026-09-24 20:52:25] evo_logo_L5_s3    481s  best 3903/4096  current 3837  restarts 2  iters 18239991  (37948/s)  best gates cx 32 tof 22
[2026-09-24 20:52:40] evo_logo_L5_s3    495s  best 3903/4096  current 3837  restarts 2  iters 18787689  (37926/s)  best gates cx 32 tof 22
[2026-09-24 20:52:50] evo_logo_L5_s3    505s  best 3903/4096  current 3837  restarts 2  iters 19156767  (37905/s)  best gates cx 32 tof 22
[2026-09-24 20:53:05] evo_logo_L5_s3    521s  best 3903/4096  current 3837  restarts 2  iters 19713627  (37868/s)  best gates cx 32 tof 22
[2026-09-24 20:53:20] evo_logo_L5_s3    535s  best 3903/4096  current 3857  restarts 2  iters 20272123  (37875/s)  best gates cx 32 tof 22
[2026-09-24 20:53:35] evo_logo_L5_s3    550s  best 3903/4096  current 3857  restarts 2  iters 20855591  (37894/s)  best gates cx 32 tof 22
[2026-09-24 20:53:50] evo_logo_L5_s3    565s  best 3903/4096  current 3857  restarts 2  iters 21429797  (37905/s)  best gates cx 32 tof 22
[2026-09-24 20:54:04] evo_logo_L5_s3    580s  best 3903/4096  current 3857  restarts 2  iters 22001969  (37920/s)  best gates cx 32 tof 22
[2026-09-24 20:54:15] evo_logo_L5_s3    590s  best 3903/4096  current 3857  restarts 2  iters 22387815  (37928/s)  best gates cx 32 tof 22
[2026-09-24 20:54:25] evo_logo_L5_s3    600s  best 3903/4096  current 3857  restarts 2  iters 22772274  (37935/s)  best gates cx 32 tof 22
[2026-09-24 20:54:40] evo_logo_L5_s3    615s  best 3903/4096  current 3857  restarts 2  iters 23355413  (37960/s)  best gates cx 32 tof 22
[2026-09-24 20:54:50] evo_logo_L5_s3    625s  best 3903/4096  current 3857  restarts 2  iters 23741812  (37965/s)  best gates cx 32 tof 22
[2026-09-24 20:55:00] evo_logo_L5_s3    636s  best 3903/4096  current 3701  restarts 3  iters 24108270  (37933/s)  best gates cx 32 tof 22
[2026-09-24 20:55:10] evo_logo_L5_s3    646s  best 3903/4096  current 3721  restarts 3  iters 24474818  (37913/s)  best gates cx 32 tof 22
[2026-09-24 20:55:20] evo_logo_L5_s3    656s  best 3903/4096  current 3721  restarts 3  iters 24838952  (37877/s)  best gates cx 32 tof 22
[2026-09-24 20:55:30] evo_logo_L5_s3    666s  best 3903/4096  current 3721  restarts 3  iters 25197563  (37843/s)  best gates cx 32 tof 22
[2026-09-24 20:55:45] evo_logo_L5_s3    681s  best 3903/4096  current 3721  restarts 3  iters 25735416  (37810/s)  best gates cx 32 tof 22
[2026-09-24 20:55:55] evo_logo_L5_s3    691s  best 3903/4096  current 3721  restarts 3  iters 26096965  (37784/s)  best gates cx 32 tof 22
[2026-09-24 20:56:05] evo_logo_L5_s3    701s  best 3903/4096  current 3721  restarts 3  iters 26458834  (37744/s)  best gates cx 32 tof 22
[2026-09-24 20:56:20] evo_logo_L5_s3    716s  best 3903/4096  current 3745  restarts 3  iters 27008429  (37742/s)  best gates cx 32 tof 22
[2026-09-24 20:56:35] evo_logo_L5_s3    730s  best 3903/4096  current 3765  restarts 3  iters 27583288  (37770/s)  best gates cx 32 tof 22
[2026-09-24 20:56:50] evo_logo_L5_s3    745s  best 3903/4096  current 3765  restarts 3  iters 28178137  (37799/s)  best gates cx 32 tof 22
[2026-09-24 20:57:04] evo_logo_L5_s3    760s  best 3903/4096  current 3765  restarts 3  iters 28766154  (37841/s)  best gates cx 32 tof 22
[2026-09-24 20:57:15] evo_logo_L5_s3    770s  best 3903/4096  current 3765  restarts 3  iters 29171222  (37863/s)  best gates cx 32 tof 22
[2026-09-24 20:57:30] evo_logo_L5_s3    785s  best 3903/4096  current 3765  restarts 3  iters 29746120  (37878/s)  best gates cx 32 tof 22
[2026-09-24 20:57:40] evo_logo_L5_s3    795s  best 3903/4096  current 3765  restarts 3  iters 30135584  (37890/s)  best gates cx 32 tof 22
[2026-09-24 20:57:50] evo_logo_L5_s3    805s  best 3903/4096  current 3765  restarts 3  iters 30529984  (37905/s)  best gates cx 32 tof 22
[2026-09-24 20:58:00] evo_logo_L5_s3    815s  best 3903/4096  current 3765  restarts 3  iters 30915352  (37912/s)  best gates cx 32 tof 22
[2026-09-24 20:58:10] evo_logo_L5_s3    825s  best 3903/4096  current 3769  restarts 3  iters 31305247  (37923/s)  best gates cx 32 tof 22
[2026-09-24 20:58:20] evo_logo_L5_s3    836s  best 3903/4096  current 3769  restarts 3  iters 31696256  (37934/s)  best gates cx 32 tof 22
[2026-09-24 20:58:35] evo_logo_L5_s3    851s  best 3903/4096  current 3769  restarts 3  iters 32271620  (37943/s)  best gates cx 32 tof 22
[2026-09-24 20:58:50] evo_logo_L5_s3    866s  best 3903/4096  current 3769  restarts 3  iters 32855603  (37959/s)  best gates cx 32 tof 22
[2026-09-24 20:59:05] evo_logo_L5_s3    880s  best 3903/4096  current 3785  restarts 3  iters 33424328  (37961/s)  best gates cx 32 tof 22
[2026-09-24 20:59:15] evo_logo_L5_s3    891s  best 3903/4096  current 3825  restarts 3  iters 33816610  (37973/s)  best gates cx 32 tof 22
[2026-09-24 20:59:30] evo_logo_L5_s3    905s  best 3903/4096  current 3825  restarts 3  iters 34409906  (38011/s)  best gates cx 32 tof 22
[2026-09-24 20:59:40] evo_logo_L5_s3    915s  best 3903/4096  current 3825  restarts 3  iters 34820530  (38039/s)  best gates cx 32 tof 22
[2026-09-24 20:59:50] evo_logo_L5_s3    926s  best 3903/4096  current 3825  restarts 3  iters 35230543  (38056/s)  best gates cx 32 tof 22
[2026-09-24 21:00:05] evo_logo_L5_s3    941s  best 3903/4096  current 3825  restarts 3  iters 35827424  (38092/s)  best gates cx 32 tof 22
[2026-09-24 21:00:15] evo_logo_L5_s3    951s  best 3903/4096  current 3825  restarts 3  iters 36228738  (38112/s)  best gates cx 32 tof 22
[2026-09-24 21:00:25] evo_logo_L5_s3    961s  best 3903/4096  current 3825  restarts 3  iters 36624748  (38124/s)  best gates cx 32 tof 22
[2026-09-24 21:00:40] evo_logo_L5_s3    975s  best 3903/4096  current 3825  restarts 3  iters 37220582  (38159/s)  best gates cx 32 tof 22
[2026-09-24 21:00:51] evo_logo_L5_s3    987s  best 3903/4096  current 3617  restarts 4  iters 37628208  (38130/s)  best gates cx 32 tof 22
[2026-09-24 21:01:06] evo_logo_L5_s3   1001s  best 3903/4096  current 3627  restarts 4  iters 38124730  (38076/s)  best gates cx 32 tof 22
[2026-09-24 21:01:20] evo_logo_L5_s3   1016s  best 3903/4096  current 3711  restarts 4  iters 38658221  (38051/s)  best gates cx 32 tof 22
[2026-09-24 21:01:30] evo_logo_L5_s3   1026s  best 3903/4096  current 3743  restarts 4  iters 39037075  (38046/s)  best gates cx 32 tof 22
[2026-09-24 21:01:40] evo_logo_L5_s3   1036s  best 3903/4096  current 3743  restarts 4  iters 39414657  (38041/s)  best gates cx 32 tof 22
[2026-09-24 21:01:55] evo_logo_L5_s3   1051s  best 3903/4096  current 3747  restarts 4  iters 39963836  (38024/s)  best gates cx 32 tof 22
[2026-09-24 21:02:05] evo_logo_L5_s3   1061s  best 3903/4096  current 3747  restarts 4  iters 40344245  (38023/s)  best gates cx 32 tof 22
[2026-09-24 21:02:20] evo_logo_L5_s3   1076s  best 3903/4096  current 3747  restarts 4  iters 40914523  (38020/s)  best gates cx 32 tof 22
[2026-09-24 21:02:31] evo_logo_L5_s3   1086s  best 3903/4096  current 3747  restarts 4  iters 41283024  (38005/s)  best gates cx 32 tof 22
[2026-09-24 21:02:45] evo_logo_L5_s3   1101s  best 3903/4096  current 3747  restarts 4  iters 41852002  (38017/s)  best gates cx 32 tof 22
[2026-09-24 21:02:55] evo_logo_L5_s3   1111s  best 3903/4096  current 3747  restarts 4  iters 42234902  (38012/s)  best gates cx 32 tof 22
[2026-09-24 21:03:10] evo_logo_L5_s3   1126s  best 3903/4096  current 3747  restarts 4  iters 42788588  (38002/s)  best gates cx 32 tof 22
[2026-09-24 21:03:20] evo_logo_L5_s3   1136s  best 3903/4096  current 3747  restarts 4  iters 43172514  (38004/s)  best gates cx 32 tof 22
[2026-09-24 21:03:35] evo_logo_L5_s3   1151s  best 3903/4096  current 3763  restarts 4  iters 43745131  (38015/s)  best gates cx 32 tof 22
[2026-09-24 21:03:45] evo_logo_L5_s3   1161s  best 3903/4096  current 3763  restarts 4  iters 44150265  (38034/s)  best gates cx 32 tof 22
[2026-09-24 21:03:55] evo_logo_L5_s3   1171s  best 3903/4096  current 3763  restarts 4  iters 44546891  (38043/s)  best gates cx 32 tof 22
[2026-09-24 21:04:10] evo_logo_L5_s3   1185s  best 3903/4096  current 3763  restarts 4  iters 45144003  (38081/s)  best gates cx 32 tof 22
[2026-09-24 21:04:20] evo_logo_L5_s3   1196s  best 3903/4096  current 3763  restarts 4  iters 45554365  (38086/s)  best gates cx 32 tof 22
[2026-09-24 21:04:25] evo_logo_L5_s3   1201s  best 3903/4096  current 3763  restarts 4  iters 45744012  (38088/s)  best gates cx 32 tof 22
[evo_logo_L5_s3] final best 3903 / 4096  readout (11, 16, 0, 1)  restarts 4
