[evo_logo_L6_s1] start fitness 3269 / 4096  restart after 90s without gain
[2026-09-24 20:44:35] evo_logo_L6_s1     11s  best 3673/4096  current 3673  restarts 0  iters 329311  (31308/s)  best gates cx 32 tof 18
[2026-09-24 20:44:45] evo_logo_L6_s1     21s  best 3673/4096  current 3673  restarts 0  iters 653878  (31706/s)  best gates cx 32 tof 18
[2026-09-24 20:45:00] evo_logo_L6_s1     35s  best 3681/4096  current 3681  restarts 0  iters 1122636  (31791/s)  best gates cx 32 tof 19
[2026-09-24 20:45:10] evo_logo_L6_s1     45s  best 3707/4096  current 3707  restarts 0  iters 1448073  (31938/s)  best gates cx 27 tof 17
[2026-09-24 20:45:25] evo_logo_L6_s1     60s  best 3783/4096  current 3783  restarts 0  iters 1947516  (32232/s)  best gates cx 33 tof 19
[2026-09-24 20:45:35] evo_logo_L6_s1     71s  best 3783/4096  current 3783  restarts 0  iters 2276640  (32236/s)  best gates cx 33 tof 19
[2026-09-24 20:45:50] evo_logo_L6_s1     86s  best 3783/4096  current 3783  restarts 0  iters 2777333  (32476/s)  best gates cx 33 tof 19
[2026-09-24 20:46:05] evo_logo_L6_s1    100s  best 3783/4096  current 3783  restarts 0  iters 3279111  (32635/s)  best gates cx 33 tof 19
[2026-09-24 20:46:20] evo_logo_L6_s1    115s  best 3783/4096  current 3783  restarts 0  iters 3792041  (32891/s)  best gates cx 33 tof 19
[2026-09-24 20:46:34] evo_logo_L6_s1    130s  best 3793/4096  current 3793  restarts 0  iters 4310741  (33117/s)  best gates cx 31 tof 20
[2026-09-24 20:46:49] evo_logo_L6_s1    145s  best 3793/4096  current 3793  restarts 0  iters 4853328  (33436/s)  best gates cx 31 tof 20
[2026-09-24 20:46:59] evo_logo_L6_s1    155s  best 3793/4096  current 3793  restarts 0  iters 5209689  (33572/s)  best gates cx 31 tof 20
[2026-09-24 20:47:14] evo_logo_L6_s1    170s  best 3793/4096  current 3793  restarts 0  iters 5750125  (33786/s)  best gates cx 31 tof 20
[2026-09-24 20:47:25] evo_logo_L6_s1    180s  best 3793/4096  current 3793  restarts 0  iters 6097093  (33798/s)  best gates cx 31 tof 20
[2026-09-24 20:47:39] evo_logo_L6_s1    195s  best 3793/4096  current 3793  restarts 0  iters 6622849  (33944/s)  best gates cx 31 tof 20
[2026-09-24 20:47:49] evo_logo_L6_s1    205s  best 3793/4096  current 3793  restarts 0  iters 6984336  (34037/s)  best gates cx 31 tof 20
[2026-09-24 20:48:05] evo_logo_L6_s1    220s  best 3793/4096  current 3793  restarts 0  iters 7518581  (34138/s)  best gates cx 31 tof 20
[2026-09-24 20:48:15] evo_logo_L6_s1    231s  best 3797/4096  current 3797  restarts 1  iters 7839726  (33980/s)  best gates cx 34 tof 18
[2026-09-24 20:48:30] evo_logo_L6_s1    245s  best 3809/4096  current 3809  restarts 1  iters 8333935  (33950/s)  best gates cx 34 tof 21
[2026-09-24 20:48:40] evo_logo_L6_s1    256s  best 3809/4096  current 3809  restarts 1  iters 8670927  (33922/s)  best gates cx 34 tof 21
[2026-09-24 20:48:55] evo_logo_L6_s1    271s  best 3809/4096  current 3809  restarts 1  iters 9174266  (33911/s)  best gates cx 34 tof 21
[2026-09-24 20:49:05] evo_logo_L6_s1    281s  best 3809/4096  current 3809  restarts 1  iters 9520923  (33932/s)  best gates cx 34 tof 21
[2026-09-24 20:49:15] evo_logo_L6_s1    291s  best 3809/4096  current 3809  restarts 1  iters 9860239  (33919/s)  best gates cx 34 tof 21
[2026-09-24 20:49:25] evo_logo_L6_s1    301s  best 3829/4096  current 3829  restarts 1  iters 10180981  (33815/s)  best gates cx 34 tof 20
[2026-09-24 20:49:40] evo_logo_L6_s1    316s  best 3829/4096  current 3829  restarts 1  iters 10677107  (33814/s)  best gates cx 34 tof 20
[2026-09-24 20:49:50] evo_logo_L6_s1    326s  best 3829/4096  current 3829  restarts 1  iters 11015005  (33809/s)  best gates cx 34 tof 20
[2026-09-24 20:50:05] evo_logo_L6_s1    341s  best 3829/4096  current 3829  restarts 1  iters 11526114  (33833/s)  best gates cx 34 tof 20
[2026-09-24 20:50:20] evo_logo_L6_s1    356s  best 3829/4096  current 3829  restarts 1  iters 12044224  (33873/s)  best gates cx 34 tof 20
[2026-09-24 20:50:35] evo_logo_L6_s1    371s  best 3829/4096  current 3829  restarts 1  iters 12557093  (33881/s)  best gates cx 34 tof 20
[2026-09-24 20:50:50] evo_logo_L6_s1    386s  best 3829/4096  current 3829  restarts 1  iters 13076433  (33905/s)  best gates cx 34 tof 20
[2026-09-24 20:51:05] evo_logo_L6_s1    401s  best 3829/4096  current 3731  restarts 2  iters 13592948  (33917/s)  best gates cx 34 tof 20
[2026-09-24 20:51:20] evo_logo_L6_s1    415s  best 3829/4096  current 3751  restarts 2  iters 14112334  (33965/s)  best gates cx 34 tof 20
[2026-09-24 20:51:35] evo_logo_L6_s1    430s  best 3829/4096  current 3791  restarts 2  iters 14651949  (34041/s)  best gates cx 34 tof 20
[2026-09-24 20:51:49] evo_logo_L6_s1    445s  best 3829/4096  current 3791  restarts 2  iters 15210533  (34168/s)  best gates cx 34 tof 20
[2026-09-24 20:52:00] evo_logo_L6_s1    455s  best 3829/4096  current 3791  restarts 2  iters 15584434  (34217/s)  best gates cx 34 tof 20
[2026-09-24 20:52:15] evo_logo_L6_s1    470s  best 3829/4096  current 3791  restarts 2  iters 16135075  (34305/s)  best gates cx 34 tof 20
[2026-09-24 20:52:25] evo_logo_L6_s1    481s  best 3829/4096  current 3791  restarts 2  iters 16503880  (34345/s)  best gates cx 34 tof 20
[2026-09-24 20:52:40] evo_logo_L6_s1    495s  best 3829/4096  current 3791  restarts 2  iters 17063813  (34455/s)  best gates cx 34 tof 20
[2026-09-24 20:52:55] evo_logo_L6_s1    510s  best 3829/4096  current 3791  restarts 2  iters 17632042  (34547/s)  best gates cx 34 tof 20
[2026-09-24 20:53:05] evo_logo_L6_s1    520s  best 3829/4096  current 3791  restarts 2  iters 18009681  (34601/s)  best gates cx 34 tof 20
[2026-09-24 20:53:15] evo_logo_L6_s1    531s  best 3829/4096  current 3681  restarts 3  iters 18351960  (34562/s)  best gates cx 34 tof 20
[2026-09-24 20:53:30] evo_logo_L6_s1    546s  best 3829/4096  current 3713  restarts 3  iters 18842901  (34521/s)  best gates cx 34 tof 20
[2026-09-24 20:53:45] evo_logo_L6_s1    561s  best 3829/4096  current 3721  restarts 3  iters 19368759  (34553/s)  best gates cx 34 tof 20
[2026-09-24 20:53:55] evo_logo_L6_s1    571s  best 3829/4096  current 3721  restarts 3  iters 19723799  (34561/s)  best gates cx 34 tof 20
[2026-09-24 20:54:10] evo_logo_L6_s1    586s  best 3829/4096  current 3727  restarts 3  iters 20260075  (34600/s)  best gates cx 34 tof 20
[2026-09-24 20:54:25] evo_logo_L6_s1    600s  best 3829/4096  current 3727  restarts 3  iters 20809285  (34654/s)  best gates cx 34 tof 20
[2026-09-24 20:54:40] evo_logo_L6_s1    615s  best 3829/4096  current 3759  restarts 3  iters 21351913  (34694/s)  best gates cx 34 tof 20
[2026-09-24 20:54:50] evo_logo_L6_s1    625s  best 3829/4096  current 3759  restarts 3  iters 21727090  (34738/s)  best gates cx 34 tof 20
[2026-09-24 20:55:05] evo_logo_L6_s1    640s  best 3829/4096  current 3759  restarts 3  iters 22283249  (34795/s)  best gates cx 34 tof 20
[2026-09-24 20:55:15] evo_logo_L6_s1    651s  best 3829/4096  current 3759  restarts 3  iters 22657368  (34821/s)  best gates cx 34 tof 20
[2026-09-24 20:55:30] evo_logo_L6_s1    666s  best 3829/4096  current 3759  restarts 3  iters 23195139  (34853/s)  best gates cx 34 tof 20
[2026-09-24 20:55:45] evo_logo_L6_s1    680s  best 3829/4096  current 3759  restarts 3  iters 23742739  (34895/s)  best gates cx 34 tof 20
[2026-09-24 20:55:55] evo_logo_L6_s1    691s  best 3829/4096  current 3759  restarts 3  iters 24125162  (34935/s)  best gates cx 34 tof 20
[2026-09-24 20:56:05] evo_logo_L6_s1    701s  best 3829/4096  current 3761  restarts 3  iters 24493944  (34942/s)  best gates cx 34 tof 20
[2026-09-24 20:56:20] evo_logo_L6_s1    716s  best 3829/4096  current 3761  restarts 3  iters 25037119  (34992/s)  best gates cx 34 tof 20
[2026-09-24 20:56:35] evo_logo_L6_s1    730s  best 3829/4096  current 3761  restarts 3  iters 25604435  (35054/s)  best gates cx 34 tof 20
[2026-09-24 20:56:50] evo_logo_L6_s1    746s  best 3829/4096  current 3763  restarts 3  iters 26181317  (35116/s)  best gates cx 34 tof 20
[2026-09-24 20:57:00] evo_logo_L6_s1    756s  best 3829/4096  current 3763  restarts 3  iters 26556403  (35146/s)  best gates cx 34 tof 20
[2026-09-24 20:57:15] evo_logo_L6_s1    771s  best 3829/4096  current 3765  restarts 3  iters 27127327  (35207/s)  best gates cx 34 tof 20
[2026-09-24 20:57:25] evo_logo_L6_s1    781s  best 3829/4096  current 3765  restarts 3  iters 27498435  (35225/s)  best gates cx 34 tof 20
[2026-09-24 20:57:39] evo_logo_L6_s1    795s  best 3829/4096  current 3765  restarts 3  iters 28066492  (35294/s)  best gates cx 34 tof 20
[2026-09-24 20:57:50] evo_logo_L6_s1    806s  best 3829/4096  current 3767  restarts 3  iters 28460090  (35327/s)  best gates cx 34 tof 20
[2026-09-24 20:58:05] evo_logo_L6_s1    820s  best 3829/4096  current 3767  restarts 3  iters 29019645  (35376/s)  best gates cx 34 tof 20
[2026-09-24 20:58:15] evo_logo_L6_s1    830s  best 3829/4096  current 3767  restarts 3  iters 29403499  (35408/s)  best gates cx 34 tof 20
[2026-09-24 20:58:25] evo_logo_L6_s1    841s  best 3829/4096  current 3767  restarts 3  iters 29782220  (35424/s)  best gates cx 34 tof 20
[2026-09-24 20:58:40] evo_logo_L6_s1    856s  best 3829/4096  current 3767  restarts 3  iters 30334136  (35457/s)  best gates cx 34 tof 20
[2026-09-24 20:58:50] evo_logo_L6_s1    866s  best 3829/4096  current 3767  restarts 3  iters 30710375  (35478/s)  best gates cx 34 tof 20
[2026-09-24 20:59:00] evo_logo_L6_s1    876s  best 3829/4096  current 3767  restarts 3  iters 31077975  (35489/s)  best gates cx 34 tof 20
[2026-09-24 20:59:15] evo_logo_L6_s1    891s  best 3829/4096  current 3767  restarts 3  iters 31644360  (35525/s)  best gates cx 34 tof 20
[2026-09-24 20:59:30] evo_logo_L6_s1    906s  best 3829/4096  current 3777  restarts 3  iters 32209210  (35565/s)  best gates cx 34 tof 20
[2026-09-24 20:59:45] evo_logo_L6_s1    921s  best 3829/4096  current 3777  restarts 3  iters 32780187  (35608/s)  best gates cx 34 tof 20
[2026-09-24 20:59:55] evo_logo_L6_s1    931s  best 3829/4096  current 3777  restarts 3  iters 33145424  (35610/s)  best gates cx 34 tof 20
[2026-09-24 21:00:10] evo_logo_L6_s1    946s  best 3829/4096  current 3777  restarts 3  iters 33712840  (35646/s)  best gates cx 34 tof 20
[2026-09-24 21:00:20] evo_logo_L6_s1    956s  best 3829/4096  current 3777  restarts 3  iters 34086226  (35662/s)  best gates cx 34 tof 20
[2026-09-24 21:00:35] evo_logo_L6_s1    971s  best 3829/4096  current 3777  restarts 3  iters 34645516  (35696/s)  best gates cx 34 tof 20
[2026-09-24 21:00:45] evo_logo_L6_s1    981s  best 3829/4096  current 3777  restarts 3  iters 35023726  (35715/s)  best gates cx 34 tof 20
[2026-09-24 21:00:56] evo_logo_L6_s1    992s  best 3829/4096  current 3665  restarts 4  iters 35392072  (35682/s)  best gates cx 34 tof 20
[2026-09-24 21:01:11] evo_logo_L6_s1   1006s  best 3829/4096  current 3719  restarts 4  iters 35851912  (35623/s)  best gates cx 34 tof 20
[2026-09-24 21:01:26] evo_logo_L6_s1   1021s  best 3829/4096  current 3757  restarts 4  iters 36368396  (35611/s)  best gates cx 34 tof 20
[2026-09-24 21:01:41] evo_logo_L6_s1   1036s  best 3829/4096  current 3781  restarts 4  iters 36883685  (35590/s)  best gates cx 34 tof 20
[2026-09-24 21:01:56] evo_logo_L6_s1   1051s  best 3829/4096  current 3795  restarts 4  iters 37390213  (35562/s)  best gates cx 34 tof 20
[2026-09-24 21:02:10] evo_logo_L6_s1   1066s  best 3859/4096  current 3859  restarts 4  iters 37895679  (35558/s)  best gates cx 33 tof 24
[2026-09-24 21:02:21] evo_logo_L6_s1   1076s  best 3859/4096  current 3859  restarts 4  iters 38266932  (35551/s)  best gates cx 33 tof 24
[2026-09-24 21:02:35] evo_logo_L6_s1   1091s  best 3859/4096  current 3859  restarts 4  iters 38791502  (35553/s)  best gates cx 33 tof 24
[2026-09-24 21:02:50] evo_logo_L6_s1   1106s  best 3859/4096  current 3859  restarts 4  iters 39336761  (35568/s)  best gates cx 33 tof 24
[2026-09-24 21:03:01] evo_logo_L6_s1   1116s  best 3859/4096  current 3859  restarts 4  iters 39698432  (35565/s)  best gates cx 33 tof 24
[2026-09-24 21:03:15] evo_logo_L6_s1   1131s  best 3859/4096  current 3859  restarts 4  iters 40237650  (35573/s)  best gates cx 33 tof 24
[2026-09-24 21:03:30] evo_logo_L6_s1   1146s  best 3859/4096  current 3859  restarts 4  iters 40782531  (35583/s)  best gates cx 33 tof 24
[2026-09-24 21:03:46] evo_logo_L6_s1   1162s  best 3859/4096  current 3717  restarts 5  iters 41322289  (35556/s)  best gates cx 33 tof 24
[2026-09-24 21:04:00] evo_logo_L6_s1   1176s  best 3859/4096  current 3775  restarts 5  iters 41823559  (35559/s)  best gates cx 33 tof 24
[2026-09-24 21:04:16] evo_logo_L6_s1   1191s  best 3859/4096  current 3799  restarts 5  iters 42377566  (35575/s)  best gates cx 33 tof 24
[2026-09-24 21:04:26] evo_logo_L6_s1   1201s  best 3859/4096  current 3807  restarts 5  iters 42734490  (35573/s)  best gates cx 33 tof 24
[evo_logo_L6_s1] final best 3859 / 4096  readout (10, 12, 0, 0)  restarts 5
