[width] ckpt/dd_mc.v: ANDs 66  start cost (13, 19, 47)  profile max 19
[width s12]   10s it 2749 acc 2170  current (8, 14, 41)  best (8, 14, 41)
[width s12]   20s it 5370 acc 4209  current (8, 14, 41)  best (8, 14, 40)
[width s12]   30s it 8074 acc 6235  current (7, 13, 41)  best (7, 13, 40)
[width s12]   40s it 10735 acc 8220  current (7, 13, 43)  best (7, 13, 40)
[width s12]   50s it 13443 acc 10211  current (7, 13, 42)  best (7, 13, 40)
[width s12]   60s it 16331 acc 12341  current (7, 13, 41)  best (7, 13, 40)
[width s12]   70s it 19354 acc 14537  current (7, 13, 43)  best (7, 13, 40)
[width s12]   80s it 22234 acc 16644  current (7, 13, 42)  best (7, 13, 40)
[width s12]   90s it 25254 acc 18900  current (7, 13, 42)  best (7, 13, 40)
[width s12]  100s it 28183 acc 20976  current (6, 12, 42)  best (6, 12, 41)
[width s12]  110s it 31129 acc 23075  current (6, 12, 42)  best (6, 12, 41)
[width s12]  120s it 34060 acc 25132  current (6, 12, 41)  best (6, 12, 41)
[width s12]  130s it 37056 acc 27284  current (6, 12, 41)  best (6, 12, 41)
[width s12]  140s it 39970 acc 29317  current (6, 12, 41)  best (6, 12, 41)
[width s12]  150s it 42903 acc 31413  current (6, 12, 41)  best (6, 12, 40)
[width s12]  160s it 45940 acc 33555  current (6, 12, 43)  best (6, 12, 40)
[width s12]  170s it 48933 acc 35665  current (6, 12, 40)  best (6, 12, 40)
[width s12]  180s it 52093 acc 37821  current (6, 12, 40)  best (6, 12, 40)
[width s12]  190s it 55193 acc 40066  current (5, 11, 41)  best (5, 11, 41)
[width s12]  200s it 58208 acc 42098  current (5, 11, 41)  best (5, 11, 41)
[width s12]  210s it 61190 acc 44148  current (5, 11, 42)  best (5, 11, 41)
[width s12]  220s it 64121 acc 46136  current (5, 11, 42)  best (5, 11, 41)
[width s12]  230s it 67104 acc 48157  current (5, 11, 41)  best (5, 11, 41)
[width s12]  240s it 70206 acc 50206  current (5, 11, 41)  best (5, 11, 41)
[width s12]  250s it 73216 acc 52266  current (5, 11, 41)  best (5, 11, 41)
[width s12]  260s it 76218 acc 54314  current (5, 11, 42)  best (5, 11, 41)
[width s12]  270s it 79311 acc 56389  current (5, 11, 42)  best (5, 11, 41)
[width s12]  280s it 82354 acc 58443  current (5, 11, 42)  best (5, 11, 41)
[width s12]  290s it 85383 acc 60486  current (5, 11, 41)  best (5, 11, 41)
[width s12]  300s it 88564 acc 62676  current (5, 11, 41)  best (5, 11, 41)
[width s12]  310s it 91621 acc 64721  current (5, 11, 41)  best (5, 11, 41)
[width s12]  320s it 94550 acc 66702  current (5, 11, 41)  best (5, 11, 41)
[width s12]  330s it 97697 acc 68812  current (5, 11, 41)  best (5, 11, 41)
[width s12]  340s it 100631 acc 70766  current (5, 11, 41)  best (5, 11, 41)
[width s12]  350s it 103677 acc 72728  current (5, 11, 42)  best (5, 11, 41)
[width s12]  360s it 106661 acc 74692  current (5, 11, 42)  best (5, 11, 41)
[width s12]  370s it 109587 acc 76575  current (5, 11, 42)  best (5, 11, 41)
[width s12]  380s it 112670 acc 78621  current (5, 11, 42)  best (5, 11, 41)
[width s12]  390s it 115676 acc 80620  current (5, 11, 41)  best (5, 11, 41)
[width s12]  400s it 118530 acc 82553  current (5, 11, 42)  best (5, 11, 41)
[width s12]  410s it 121596 acc 84698  current (5, 11, 42)  best (5, 11, 41)
[width s12]  420s it 124506 acc 86690  current (5, 11, 42)  best (5, 11, 41)
[width s12]  430s it 127458 acc 88647  current (5, 11, 42)  best (5, 11, 41)
[width s12]  440s it 130494 acc 90702  current (5, 11, 42)  best (5, 11, 41)
[width s12]  450s it 133561 acc 92767  current (5, 11, 42)  best (5, 11, 41)
[width s12]  460s it 136604 acc 94831  current (5, 11, 41)  best (5, 11, 41)
[width s12]  470s it 139593 acc 96843  current (5, 11, 41)  best (5, 11, 41)
[width s12]  480s it 142638 acc 98879  current (5, 11, 41)  best (5, 11, 41)
[width s12]  490s it 145818 acc 101074  current (5, 11, 43)  best (5, 11, 41)
[width s12]  500s it 148982 acc 103251  current (5, 11, 43)  best (5, 11, 41)
[width s12]  510s it 152105 acc 105362  current (5, 11, 41)  best (5, 11, 41)
[width s12]  520s it 155010 acc 107359  current (5, 11, 41)  best (5, 11, 41)
[width s12]  530s it 158116 acc 109417  current (5, 11, 41)  best (5, 11, 41)
[width s12]  540s it 161170 acc 111445  current (5, 11, 42)  best (5, 11, 41)
[width s12]  550s it 164154 acc 113393  current (5, 11, 41)  best (5, 11, 41)
[width s12]  560s it 167063 acc 115370  current (5, 11, 42)  best (5, 11, 41)
[width s12]  570s it 169957 acc 117340  current (5, 11, 41)  best (5, 11, 41)
[width s12]  580s it 173028 acc 119425  current (5, 11, 42)  best (5, 11, 41)
[width s12]  590s it 176171 acc 121598  current (5, 11, 41)  best (5, 11, 41)
[width s12]  600s it 179237 acc 123668  current (5, 11, 41)  best (5, 11, 41)
[width s12]  610s it 182149 acc 125665  current (5, 11, 41)  best (5, 11, 41)
[width s12]  620s it 185141 acc 127688  current (5, 11, 42)  best (5, 11, 41)
[width s12]  630s it 188223 acc 129731  current (5, 11, 42)  best (5, 11, 41)
[width s12]  640s it 191296 acc 131744  current (5, 11, 41)  best (5, 11, 41)
[width s12]  650s it 194382 acc 133774  current (5, 11, 41)  best (5, 11, 41)
[width s12]  660s it 197537 acc 135898  current (5, 11, 42)  best (5, 11, 41)
[width s12]  670s it 200632 acc 137898  current (5, 11, 41)  best (5, 11, 41)
[width s12]  680s it 203535 acc 139811  current (5, 11, 42)  best (5, 11, 41)
[width s12]  690s it 206568 acc 141843  current (5, 11, 41)  best (5, 11, 41)
[width s12]  700s it 209468 acc 143839  current (5, 11, 41)  best (5, 11, 41)
[width s12]  710s it 212284 acc 145715  current (5, 11, 41)  best (5, 11, 41)
[width s12]  720s it 215233 acc 147682  current (5, 11, 42)  best (5, 11, 41)
[width s12]  730s it 218175 acc 149643  current (5, 11, 42)  best (5, 11, 41)
[width s12]  740s it 221150 acc 151719  current (5, 11, 41)  best (5, 11, 41)
[width s12]  750s it 224297 acc 153889  current (5, 11, 41)  best (5, 11, 41)
[width s12]  760s it 227305 acc 155841  current (5, 11, 42)  best (5, 11, 41)
[width s12]  770s it 230355 acc 157840  current (5, 11, 41)  best (5, 11, 41)
[width s12]  780s it 233374 acc 159925  current (5, 11, 41)  best (5, 11, 41)
[width s12]  790s it 236376 acc 161964  current (5, 11, 41)  best (5, 11, 41)
[width s12]  800s it 239363 acc 163990  current (5, 11, 42)  best (5, 11, 41)
[width s12]  810s it 242222 acc 165849  current (5, 11, 42)  best (5, 11, 41)
[width s12]  820s it 245252 acc 167903  current (5, 11, 42)  best (5, 11, 41)
[width s12]  830s it 248273 acc 170004  current (5, 11, 42)  best (5, 11, 41)
[width s12]  840s it 251377 acc 171986  current (5, 11, 41)  best (5, 11, 41)
[width s12]  850s it 254487 acc 174042  current (5, 11, 41)  best (5, 11, 41)
[width s12]  860s it 257319 acc 175931  current (5, 11, 42)  best (5, 11, 41)
[width s12]  870s it 260288 acc 177961  current (5, 11, 41)  best (5, 11, 41)
[width s12]  880s it 263335 acc 179973  current (5, 11, 41)  best (5, 11, 41)
[width s12]  890s it 266404 acc 182033  current (5, 11, 41)  best (5, 11, 41)
[width s12] final best (5, 11, 41)  verified True  valid order True
