[width] ckpt/dd_mc.v: ANDs 66  start cost (16, 22, 47)  profile max 22
[width s13]   10s it 2865 acc 2230  current (7, 13, 42)  best (7, 13, 41)
[width s13]   20s it 5512 acc 4173  current (7, 13, 40)  best (7, 13, 40)
[width s13]   30s it 8284 acc 6234  current (6, 12, 40)  best (6, 12, 40)
[width s13]   40s it 11198 acc 8303  current (6, 12, 42)  best (6, 12, 40)
[width s13]   50s it 13952 acc 10195  current (6, 12, 43)  best (6, 12, 40)
[width s13]   60s it 16826 acc 12150  current (6, 12, 40)  best (6, 12, 40)
[width s13]   70s it 19792 acc 14255  current (6, 12, 40)  best (6, 12, 40)
[width s13]   80s it 22737 acc 16346  current (6, 12, 42)  best (6, 12, 40)
[width s13]   90s it 25621 acc 18365  current (6, 12, 41)  best (6, 12, 40)
[width s13]  100s it 28617 acc 20459  current (6, 12, 41)  best (6, 12, 40)
[width s13]  110s it 31577 acc 22558  current (6, 12, 42)  best (6, 12, 40)
[width s13]  120s it 34545 acc 24573  current (6, 12, 40)  best (6, 12, 40)
[width s13]  130s it 37499 acc 26635  current (6, 12, 42)  best (6, 12, 40)
[width s13]  140s it 40413 acc 28684  current (6, 12, 41)  best (6, 12, 39)
[width s13]  150s it 43387 acc 30847  current (6, 12, 43)  best (6, 12, 39)
[width s13]  160s it 46500 acc 33053  current (6, 12, 40)  best (6, 12, 39)
[width s13]  170s it 49517 acc 35183  current (6, 12, 40)  best (6, 12, 39)
[width s13]  180s it 52458 acc 37327  current (6, 12, 40)  best (6, 12, 39)
[width s13]  190s it 55536 acc 39453  current (6, 12, 40)  best (6, 12, 39)
[width s13]  200s it 58528 acc 41512  current (6, 12, 41)  best (6, 12, 39)
[width s13]  210s it 61446 acc 43494  current (6, 12, 40)  best (6, 12, 39)
[width s13]  220s it 64359 acc 45573  current (6, 12, 40)  best (6, 12, 39)
[width s13]  230s it 67232 acc 47667  current (6, 12, 41)  best (6, 12, 39)
[width s13]  240s it 70121 acc 49674  current (6, 12, 41)  best (6, 12, 39)
[width s13]  250s it 72922 acc 51655  current (6, 12, 40)  best (6, 12, 39)
[width s13]  260s it 75929 acc 53728  current (6, 12, 40)  best (6, 12, 39)
[width s13]  270s it 78881 acc 55896  current (6, 12, 41)  best (6, 12, 39)
[width s13]  280s it 81883 acc 57999  current (6, 12, 41)  best (6, 12, 39)
[width s13]  290s it 84826 acc 60143  current (6, 12, 40)  best (6, 12, 39)
[width s13]  300s it 87832 acc 62307  current (6, 12, 40)  best (6, 12, 39)
[width s13]  310s it 90851 acc 64537  current (6, 12, 42)  best (6, 12, 39)
[width s13]  320s it 93944 acc 66756  current (6, 12, 41)  best (6, 12, 39)
[width s13]  330s it 96980 acc 68935  current (6, 12, 43)  best (6, 12, 39)
[width s13]  340s it 99924 acc 70957  current (6, 12, 40)  best (6, 12, 39)
[width s13]  350s it 102932 acc 73048  current (6, 12, 41)  best (6, 12, 39)
[width s13]  360s it 105835 acc 75032  current (6, 12, 42)  best (6, 12, 39)
[width s13]  370s it 108838 acc 77156  current (6, 12, 42)  best (6, 12, 39)
[width s13]  380s it 111805 acc 79282  current (6, 12, 40)  best (6, 12, 39)
[width s13]  390s it 114732 acc 81345  current (6, 12, 42)  best (6, 12, 39)
[width s13]  400s it 117626 acc 83344  current (6, 12, 42)  best (6, 12, 39)
[width s13]  410s it 120669 acc 85423  current (6, 12, 42)  best (6, 12, 39)
[width s13]  420s it 123675 acc 87477  current (6, 12, 41)  best (6, 12, 39)
[width s13]  430s it 126593 acc 89528  current (6, 12, 42)  best (6, 12, 39)
[width s13]  440s it 129514 acc 91591  current (6, 12, 41)  best (6, 12, 39)
[width s13]  450s it 132596 acc 93794  current (6, 12, 40)  best (6, 12, 39)
[width s13]  460s it 135494 acc 95897  current (6, 12, 40)  best (6, 12, 39)
[width s13]  470s it 138426 acc 98009  current (6, 12, 41)  best (6, 12, 39)
[width s13]  480s it 141430 acc 100177  current (6, 12, 42)  best (6, 12, 39)
[width s13]  490s it 144386 acc 102297  current (6, 12, 40)  best (6, 12, 39)
[width s13]  500s it 147293 acc 104340  current (6, 12, 41)  best (6, 12, 39)
[width s13]  510s it 150103 acc 106316  current (6, 12, 40)  best (6, 12, 39)
[width s13]  520s it 153034 acc 108404  current (6, 12, 40)  best (6, 12, 39)
[width s13]  530s it 156059 acc 110471  current (6, 12, 40)  best (6, 12, 39)
[width s13]  540s it 159145 acc 112569  current (6, 12, 40)  best (6, 12, 39)
[width s13]  550s it 162194 acc 114626  current (6, 12, 41)  best (6, 12, 39)
[width s13]  560s it 165073 acc 116572  current (6, 12, 42)  best (6, 12, 39)
[width s13]  570s it 168055 acc 118675  current (6, 12, 41)  best (6, 12, 39)
[width s13]  580s it 170904 acc 120759  current (6, 12, 40)  best (6, 12, 39)
[width s13]  590s it 173885 acc 122863  current (6, 12, 42)  best (6, 12, 39)
[width s13]  600s it 176806 acc 124943  current (6, 12, 40)  best (6, 12, 39)
[width s13]  610s it 179697 acc 127010  current (6, 12, 41)  best (6, 12, 39)
[width s13]  620s it 182473 acc 128955  current (6, 12, 41)  best (6, 12, 39)
[width s13]  630s it 185455 acc 130994  current (6, 12, 43)  best (6, 12, 39)
[width s13]  640s it 188483 acc 133097  current (6, 12, 41)  best (6, 12, 39)
[width s13]  650s it 191446 acc 135196  current (6, 12, 42)  best (6, 12, 39)
[width s13]  660s it 194398 acc 137321  current (6, 12, 43)  best (6, 12, 39)
[width s13]  670s it 197313 acc 139338  current (6, 12, 41)  best (6, 12, 39)
[width s13]  680s it 200235 acc 141423  current (6, 12, 40)  best (6, 12, 39)
[width s13]  690s it 203223 acc 143512  current (6, 12, 40)  best (6, 12, 39)
[width s13]  700s it 206022 acc 145495  current (6, 12, 40)  best (6, 12, 39)
[width s13]  710s it 208833 acc 147519  current (6, 12, 40)  best (6, 12, 39)
[width s13]  720s it 211723 acc 149532  current (6, 12, 40)  best (6, 12, 39)
[width s13]  730s it 214759 acc 151686  current (6, 12, 41)  best (6, 12, 39)
[width s13]  740s it 217752 acc 153819  current (6, 12, 40)  best (6, 12, 39)
[width s13]  750s it 220652 acc 155891  current (6, 12, 40)  best (6, 12, 39)
[width s13]  760s it 223598 acc 157904  current (6, 12, 41)  best (6, 12, 39)
[width s13]  770s it 226567 acc 160003  current (6, 12, 41)  best (6, 12, 39)
[width s13]  780s it 229510 acc 162119  current (6, 12, 40)  best (6, 12, 39)
[width s13]  790s it 232372 acc 164179  current (6, 12, 41)  best (6, 12, 39)
[width s13]  800s it 235291 acc 166260  current (6, 12, 41)  best (6, 12, 39)
[width s13]  810s it 238253 acc 168377  current (6, 12, 41)  best (6, 12, 39)
[width s13]  820s it 241265 acc 170494  current (6, 12, 42)  best (6, 12, 39)
[width s13]  830s it 244270 acc 172630  current (6, 12, 41)  best (6, 12, 39)
[width s13]  840s it 247236 acc 174731  current (6, 12, 40)  best (6, 12, 39)
[width s13]  850s it 250197 acc 176762  current (6, 12, 41)  best (6, 12, 39)
[width s13]  860s it 252955 acc 178696  current (6, 12, 40)  best (6, 12, 39)
[width s13]  870s it 255771 acc 180703  current (6, 12, 41)  best (6, 12, 39)
[width s13]  880s it 258685 acc 182817  current (6, 12, 41)  best (6, 12, 39)
[width s13]  890s it 261767 acc 184998  current (6, 12, 41)  best (6, 12, 39)
[width s13] final best (6, 12, 39)  verified True  valid order True
