seed: score 1109.22  fired [-1, 18]
[sched_R10_L2_s12_r05_seeded] classes 110 products 115 readouts 2  R 10 LCX 2  start score 1109.2
[2026-09-25 03:42:49] sched_R10_L2_s12_r05_seeded    11s  best 1107.47  fired 1/2 [-1, 30]  current 1107.89  restarts 0  iters 128302  exact None
[2026-09-25 03:43:00] sched_R10_L2_s12_r05_seeded    21s  best 1107.18  fired 1/2 [-1, 21]  current 1108.67  restarts 0  iters 245823  exact None
[2026-09-25 03:43:14] sched_R10_L2_s12_r05_seeded    36s  best 1106.66  fired 1/2 [-1, 24]  current 1107.66  restarts 0  iters 424174  exact None
[2026-09-25 03:43:24] sched_R10_L2_s12_r05_seeded    46s  best 1106.66  fired 1/2 [-1, 24]  current 1107.97  restarts 0  iters 553793  exact None
[2026-09-25 03:43:34] sched_R10_L2_s12_r05_seeded    56s  best 1106.66  fired 1/2 [-1, 24]  current 1108.46  restarts 0  iters 674726  exact None
[2026-09-25 03:43:50] sched_R10_L2_s12_r05_seeded    71s  best 1106.66  fired 1/2 [-1, 24]  current 1108.58  restarts 0  iters 861455  exact None
[2026-09-25 03:44:00] sched_R10_L2_s12_r05_seeded    81s  best 1106.66  fired 1/2 [-1, 24]  current 1107.87  restarts 0  iters 979137  exact None
[2026-09-25 03:44:14] sched_R10_L2_s12_r05_seeded    95s  best 1106.66  fired 1/2 [-1, 24]  current 1107.67  restarts 0  iters 1159034  exact None
[2026-09-25 03:44:24] sched_R10_L2_s12_r05_seeded   106s  best 1106.66  fired 1/2 [-1, 24]  current 1109.27  restarts 0  iters 1288738  exact None
[2026-09-25 03:44:39] sched_R10_L2_s12_r05_seeded   121s  best 1106.66  fired 1/2 [-1, 24]  current 1108.66  restarts 0  iters 1481018  exact None
[2026-09-25 03:44:50] sched_R10_L2_s12_r05_seeded   131s  best 1106.66  fired 1/2 [-1, 24]  current 1107.97  restarts 0  iters 1604731  exact None
[2026-09-25 03:45:04] sched_R10_L2_s12_r05_seeded   146s  best 1106.66  fired 1/2 [-1, 24]  current 1107.68  restarts 0  iters 1780197  exact None
[2026-09-25 03:45:14] sched_R10_L2_s12_r05_seeded   156s  best 1106.66  fired 1/2 [-1, 24]  current 1108.18  restarts 1  iters 1905510  exact None
[2026-09-25 03:45:29] sched_R10_L2_s12_r05_seeded   170s  best 1106.66  fired 1/2 [-1, 24]  current 1108.55  restarts 1  iters 2094532  exact None
[2026-09-25 03:45:39] sched_R10_L2_s12_r05_seeded   181s  best 1106.66  fired 1/2 [-1, 24]  current 1109.18  restarts 1  iters 2225010  exact None
[2026-09-25 03:45:49] sched_R10_L2_s12_r05_seeded   191s  best 1106.66  fired 1/2 [-1, 24]  current 1109.17  restarts 1  iters 2351732  exact None
[2026-09-25 03:46:00] sched_R10_L2_s12_r05_seeded   201s  best 1106.66  fired 1/2 [-1, 24]  current 1108.59  restarts 1  iters 2480230  exact None
[2026-09-25 03:46:10] sched_R10_L2_s12_r05_seeded   211s  best 1106.66  fired 1/2 [-1, 24]  current 1108.59  restarts 1  iters 2601127  exact None
[2026-09-25 03:46:24] sched_R10_L2_s12_r05_seeded   226s  best 1106.18  fired 1/2 [-1, 18]  current 1108.57  restarts 1  iters 2785493  exact None
[2026-09-25 03:46:39] sched_R10_L2_s12_r05_seeded   241s  best 1106.18  fired 1/2 [-1, 18]  current 1107.97  restarts 1  iters 2973695  exact None
[2026-09-25 03:46:50] sched_R10_L2_s12_r05_seeded   251s  best 1106.18  fired 1/2 [-1, 18]  current 1107.88  restarts 1  iters 3104548  exact None
[2026-09-25 03:47:05] sched_R10_L2_s12_r05_seeded   266s  best 1106.18  fired 1/2 [-1, 18]  current 1109.27  restarts 1  iters 3288448  exact None
[2026-09-25 03:47:15] sched_R10_L2_s12_r05_seeded   276s  best 1106.18  fired 1/2 [-1, 18]  current 1107.88  restarts 1  iters 3414488  exact None
[2026-09-25 03:47:25] sched_R10_L2_s12_r05_seeded   286s  best 1106.18  fired 1/2 [-1, 18]  current 1106.69  restarts 1  iters 3536660  exact None
[2026-09-25 03:47:35] sched_R10_L2_s12_r05_seeded   297s  best 1106.18  fired 1/2 [-1, 18]  current 1106.70  restarts 1  iters 3646422  exact None
[2026-09-25 03:47:46] sched_R10_L2_s12_r05_seeded   307s  best 1106.18  fired 1/2 [-1, 18]  current 1106.89  restarts 1  iters 3751768  exact None
[2026-09-25 03:47:56] sched_R10_L2_s12_r05_seeded   317s  best 1106.18  fired 1/2 [-1, 18]  current 1107.00  restarts 1  iters 3856706  exact None
[2026-09-25 03:48:10] sched_R10_L2_s12_r05_seeded   332s  best 1106.18  fired 1/2 [-1, 18]  current 1106.70  restarts 1  iters 4016169  exact None
[2026-09-25 03:48:25] sched_R10_L2_s12_r05_seeded   346s  best 1106.18  fired 1/2 [-1, 18]  current 1107.67  restarts 2  iters 4186939  exact None
[2026-09-25 03:48:39] sched_R10_L2_s12_r05_seeded   361s  best 1106.18  fired 1/2 [-1, 18]  current 1108.86  restarts 2  iters 4365873  exact None
[2026-09-25 03:48:50] sched_R10_L2_s12_r05_seeded   371s  best 1106.18  fired 1/2 [-1, 18]  current 1107.67  restarts 2  iters 4498166  exact None
[2026-09-25 03:49:00] sched_R10_L2_s12_r05_seeded   381s  best 1106.18  fired 1/2 [-1, 18]  current 1107.98  restarts 2  iters 4621612  exact None
[2026-09-25 03:49:15] sched_R10_L2_s12_r05_seeded   396s  best 1106.18  fired 1/2 [-1, 18]  current 1108.28  restarts 2  iters 4798701  exact None
[2026-09-25 03:49:25] sched_R10_L2_s12_r05_seeded   407s  best 1106.18  fired 1/2 [-1, 18]  current 1107.09  restarts 2  iters 4917421  exact None
[2026-09-25 03:49:40] sched_R10_L2_s12_r05_seeded   422s  best 1105.97  fired 1/2 [-1, 24]  current 1107.38  restarts 2  iters 5093483  exact None
[2026-09-25 03:49:55] sched_R10_L2_s12_r05_seeded   437s  best 1105.97  fired 1/2 [-1, 24]  current 1107.36  restarts 2  iters 5262351  exact None
[2026-09-25 03:50:10] sched_R10_L2_s12_r05_seeded   451s  best 1105.97  fired 1/2 [-1, 24]  current 1108.69  restarts 2  iters 5438425  exact None
[2026-09-25 03:50:20] sched_R10_L2_s12_r05_seeded   462s  best 1105.97  fired 1/2 [-1, 24]  current 1108.28  restarts 2  iters 5552929  exact None
[2026-09-25 03:50:35] sched_R10_L2_s12_r05_seeded   476s  best 1105.97  fired 1/2 [-1, 24]  current 1108.29  restarts 2  iters 5729774  exact None
[2026-09-25 03:50:45] sched_R10_L2_s12_r05_seeded   487s  best 1105.97  fired 1/2 [-1, 24]  current 1108.37  restarts 2  iters 5852041  exact None
[2026-09-25 03:51:00] sched_R10_L2_s12_r05_seeded   502s  best 1105.97  fired 1/2 [-1, 24]  current 1107.99  restarts 2  iters 6030180  exact None
[2026-09-25 03:51:11] sched_R10_L2_s12_r05_seeded   512s  best 1105.97  fired 1/2 [-1, 24]  current 1107.29  restarts 2  iters 6151205  exact None
[2026-09-25 03:51:21] sched_R10_L2_s12_r05_seeded   522s  best 1105.97  fired 1/2 [-1, 24]  current 1108.38  restarts 2  iters 6261305  exact None
[2026-09-25 03:51:36] sched_R10_L2_s12_r05_seeded   537s  best 1105.97  fired 1/2 [-1, 24]  current 1109.29  restarts 2  iters 6424714  exact None
[2026-09-25 03:51:50] sched_R10_L2_s12_r05_seeded   551s  best 1105.97  fired 1/2 [-1, 24]  current 1108.28  restarts 3  iters 6604703  exact None
[2026-09-25 03:52:00] sched_R10_L2_s12_r05_seeded   561s  best 1105.97  fired 1/2 [-1, 24]  current 1108.65  restarts 3  iters 6729442  exact None
[2026-09-25 03:52:15] sched_R10_L2_s12_r05_seeded   576s  best 1105.97  fired 1/2 [-1, 24]  current 1106.98  restarts 3  iters 6926003  exact None
[2026-09-25 03:52:25] sched_R10_L2_s12_r05_seeded   587s  best 1105.97  fired 1/2 [-1, 24]  current 1107.98  restarts 3  iters 7058362  exact None
[2026-09-25 03:52:35] sched_R10_L2_s12_r05_seeded   597s  best 1105.97  fired 1/2 [-1, 24]  current 1107.97  restarts 3  iters 7173647  exact None
[2026-09-25 03:52:50] sched_R10_L2_s12_r05_seeded   611s  best 1105.97  fired 1/2 [-1, 24]  current 1108.37  restarts 3  iters 7355167  exact None
[2026-09-25 03:53:01] sched_R10_L2_s12_r05_seeded   622s  best 1105.97  fired 1/2 [-1, 24]  current 1108.68  restarts 3  iters 7477207  exact None
[2026-09-25 03:53:11] sched_R10_L2_s12_r05_seeded   632s  best 1105.97  fired 1/2 [-1, 24]  current 1109.29  restarts 3  iters 7588824  exact None
[2026-09-25 03:53:26] sched_R10_L2_s12_r05_seeded   647s  best 1105.97  fired 1/2 [-1, 24]  current 1107.99  restarts 3  iters 7768531  exact None
[2026-09-25 03:53:36] sched_R10_L2_s12_r05_seeded   657s  best 1105.97  fired 1/2 [-1, 24]  current 1107.98  restarts 3  iters 7884399  exact None
[2026-09-25 03:53:51] sched_R10_L2_s12_r05_seeded   672s  best 1105.97  fired 1/2 [-1, 24]  current 1107.68  restarts 4  iters 8067989  exact None
[2026-09-25 03:54:01] sched_R10_L2_s12_r05_seeded   682s  best 1105.97  fired 1/2 [-1, 24]  current 1107.69  restarts 4  iters 8182470  exact None
[2026-09-25 03:54:15] sched_R10_L2_s12_r05_seeded   697s  best 1105.97  fired 1/2 [-1, 24]  current 1107.37  restarts 4  iters 8359294  exact None
[2026-09-25 03:54:26] sched_R10_L2_s12_r05_seeded   707s  best 1105.97  fired 1/2 [-1, 24]  current 1107.68  restarts 4  iters 8481356  exact None
[2026-09-25 03:54:41] sched_R10_L2_s12_r05_seeded   722s  best 1105.97  fired 1/2 [-1, 24]  current 1107.98  restarts 4  iters 8656485  exact None
[2026-09-25 03:54:55] sched_R10_L2_s12_r05_seeded   736s  best 1105.97  fired 1/2 [-1, 24]  current 1106.37  restarts 4  iters 8837829  exact None
[2026-09-25 03:55:05] sched_R10_L2_s12_r05_seeded   747s  best 1105.26  fired 1/2 [-1, 24]  current 1106.08  restarts 4  iters 8968428  exact None
[2026-09-25 03:55:16] sched_R10_L2_s12_r05_seeded   757s  best 1105.26  fired 1/2 [-1, 24]  current 1106.07  restarts 4  iters 9093572  exact None
[2026-09-25 03:55:26] sched_R10_L2_s12_r05_seeded   767s  best 1105.26  fired 1/2 [-1, 24]  current 1105.28  restarts 4  iters 9210438  exact None
[2026-09-25 03:55:41] sched_R10_L2_s12_r05_seeded   782s  best 1105.06  fired 1/2 [-1, 27]  current 1105.39  restarts 4  iters 9383725  exact None
[2026-09-25 03:55:51] sched_R10_L2_s12_r05_seeded   792s  best 1105.06  fired 1/2 [-1, 27]  current 1106.69  restarts 4  iters 9498484  exact None
[2026-09-25 03:56:06] sched_R10_L2_s12_r05_seeded   807s  best 1105.06  fired 1/2 [-1, 27]  current 1106.38  restarts 4  iters 9674260  exact None
[2026-09-25 03:56:16] sched_R10_L2_s12_r05_seeded   817s  best 1105.06  fired 1/2 [-1, 27]  current 1106.08  restarts 4  iters 9788235  exact None
[2026-09-25 03:56:26] sched_R10_L2_s12_r05_seeded   827s  best 1105.06  fired 1/2 [-1, 27]  current 1106.38  restarts 4  iters 9907478  exact None
[2026-09-25 03:56:36] sched_R10_L2_s12_r05_seeded   837s  best 1105.06  fired 1/2 [-1, 27]  current 1106.38  restarts 4  iters 10027234  exact None
[2026-09-25 03:56:51] sched_R10_L2_s12_r05_seeded   852s  best 1105.06  fired 1/2 [-1, 27]  current 1106.08  restarts 4  iters 10204109  exact None
[2026-09-25 03:57:06] sched_R10_L2_s12_r05_seeded   867s  best 1105.06  fired 1/2 [-1, 27]  current 1106.38  restarts 4  iters 10387121  exact None
[2026-09-25 03:57:21] sched_R10_L2_s12_r05_seeded   882s  best 1105.06  fired 1/2 [-1, 27]  current 1106.88  restarts 4  iters 10567832  exact None
[2026-09-25 03:57:31] sched_R10_L2_s12_r05_seeded   892s  best 1105.06  fired 1/2 [-1, 27]  current 1106.68  restarts 4  iters 10690020  exact None
[2026-09-25 03:57:41] sched_R10_L2_s12_r05_seeded   902s  best 1105.06  fired 1/2 [-1, 27]  current 1108.56  restarts 5  iters 10810268  exact None
[sched_R10_L2_s12_r05_seeded] final best score 1105.06  exact real depth/cx None
