seed: score 1109.62  fired [12, -1]
[sched_R8_L2_s14_r05_seeded] classes 110 products 115 readouts 2  R 8 LCX 2  start score 1109.6
[2026-09-25 03:42:53] sched_R8_L2_s14_r05_seeded    15s  best 1106.66  fired 1/2 [21, -1]  current 1109.57  restarts 0  iters 211837  exact None
[2026-09-25 03:43:08] sched_R8_L2_s14_r05_seeded    29s  best 1104.87  fired 1/2 [15, -1]  current 1109.55  restarts 0  iters 427964  exact None
[2026-09-25 03:43:23] sched_R8_L2_s14_r05_seeded    44s  best 1103.66  fired 1/2 [12, -1]  current 1109.67  restarts 0  iters 670441  exact None
[2026-09-25 03:43:33] sched_R8_L2_s14_r05_seeded    54s  best 1103.66  fired 1/2 [12, -1]  current 1109.26  restarts 0  iters 822239  exact None
[2026-09-25 03:43:43] sched_R8_L2_s14_r05_seeded    64s  best 1103.66  fired 1/2 [12, -1]  current 1109.66  restarts 0  iters 971963  exact None
[2026-09-25 03:43:53] sched_R8_L2_s14_r05_seeded    75s  best 1103.66  fired 1/2 [12, -1]  current 1109.67  restarts 0  iters 1119560  exact None
[2026-09-25 03:44:08] sched_R8_L2_s14_r05_seeded    90s  best 1103.66  fired 1/2 [12, -1]  current 1107.36  restarts 0  iters 1331314  exact None
[2026-09-25 03:44:23] sched_R8_L2_s14_r05_seeded   104s  best 1103.66  fired 1/2 [12, -1]  current 1109.65  restarts 0  iters 1552739  exact None
[2026-09-25 03:44:38] sched_R8_L2_s14_r05_seeded   119s  best 1103.66  fired 1/2 [12, -1]  current 1109.65  restarts 0  iters 1782436  exact None
[2026-09-25 03:44:53] sched_R8_L2_s14_r05_seeded   134s  best 1103.66  fired 1/2 [12, -1]  current 1109.56  restarts 0  iters 2012821  exact None
[2026-09-25 03:45:03] sched_R8_L2_s14_r05_seeded   144s  best 1103.66  fired 1/2 [12, -1]  current 1108.87  restarts 0  iters 2167912  exact None
[2026-09-25 03:45:13] sched_R8_L2_s14_r05_seeded   154s  best 1103.66  fired 1/2 [12, -1]  current 1108.96  restarts 0  iters 2318363  exact None
[2026-09-25 03:45:23] sched_R8_L2_s14_r05_seeded   165s  best 1103.66  fired 1/2 [12, -1]  current 1109.47  restarts 1  iters 2467434  exact None
[2026-09-25 03:45:33] sched_R8_L2_s14_r05_seeded   175s  best 1103.66  fired 1/2 [12, -1]  current 1109.67  restarts 1  iters 2609434  exact None
[2026-09-25 03:45:49] sched_R8_L2_s14_r05_seeded   190s  best 1103.66  fired 1/2 [12, -1]  current 1109.67  restarts 1  iters 2820255  exact None
[2026-09-25 03:46:03] sched_R8_L2_s14_r05_seeded   205s  best 1103.66  fired 1/2 [12, -1]  current 1109.68  restarts 1  iters 3028767  exact None
[2026-09-25 03:46:13] sched_R8_L2_s14_r05_seeded   215s  best 1103.66  fired 1/2 [12, -1]  current 1109.68  restarts 1  iters 3172840  exact None
[2026-09-25 03:46:24] sched_R8_L2_s14_r05_seeded   225s  best 1103.66  fired 1/2 [12, -1]  current 1109.67  restarts 1  iters 3313405  exact None
[2026-09-25 03:46:38] sched_R8_L2_s14_r05_seeded   240s  best 1103.66  fired 1/2 [12, -1]  current 1109.68  restarts 1  iters 3525312  exact None
[2026-09-25 03:46:48] sched_R8_L2_s14_r05_seeded   250s  best 1103.66  fired 1/2 [12, -1]  current 1109.68  restarts 1  iters 3671651  exact None
[2026-09-25 03:47:03] sched_R8_L2_s14_r05_seeded   265s  best 1103.66  fired 1/2 [12, -1]  current 1109.68  restarts 1  iters 3890002  exact None
[2026-09-25 03:47:13] sched_R8_L2_s14_r05_seeded   275s  best 1103.66  fired 1/2 [12, -1]  current 1109.68  restarts 1  iters 4035979  exact None
[2026-09-25 03:47:28] sched_R8_L2_s14_r05_seeded   289s  best 1103.66  fired 1/2 [12, -1]  current 1109.65  restarts 2  iters 4277394  exact None
[2026-09-25 03:47:38] sched_R8_L2_s14_r05_seeded   300s  best 1103.66  fired 1/2 [12, -1]  current 1109.66  restarts 2  iters 4441668  exact None
[2026-09-25 03:47:53] sched_R8_L2_s14_r05_seeded   314s  best 1103.66  fired 1/2 [12, -1]  current 1109.66  restarts 2  iters 4658622  exact None
[2026-09-25 03:48:03] sched_R8_L2_s14_r05_seeded   325s  best 1103.66  fired 1/2 [12, -1]  current 1109.67  restarts 2  iters 4811397  exact None
[2026-09-25 03:48:18] sched_R8_L2_s14_r05_seeded   339s  best 1103.66  fired 1/2 [12, -1]  current 1107.66  restarts 2  iters 5044571  exact None
[2026-09-25 03:48:29] sched_R8_L2_s14_r05_seeded   350s  best 1103.66  fired 1/2 [12, -1]  current 1109.45  restarts 2  iters 5196051  exact None
[2026-09-25 03:48:39] sched_R8_L2_s14_r05_seeded   360s  best 1103.66  fired 1/2 [12, -1]  current 1109.67  restarts 2  iters 5341954  exact None
[2026-09-25 03:48:53] sched_R8_L2_s14_r05_seeded   375s  best 1103.07  fired 1/2 [12, -1]  current 1107.67  restarts 2  iters 5570185  exact None
[2026-09-25 03:49:08] sched_R8_L2_s14_r05_seeded   389s  best 1103.07  fired 1/2 [12, -1]  current 1109.65  restarts 2  iters 5808844  exact None
[2026-09-25 03:49:23] sched_R8_L2_s14_r05_seeded   405s  best 1103.07  fired 1/2 [12, -1]  current 1109.65  restarts 2  iters 6077150  exact None
[2026-09-25 03:49:33] sched_R8_L2_s14_r05_seeded   415s  best 1103.07  fired 1/2 [12, -1]  current 1109.65  restarts 2  iters 6237702  exact None
[2026-09-25 03:49:48] sched_R8_L2_s14_r05_seeded   430s  best 1103.07  fired 1/2 [12, -1]  current 1107.97  restarts 2  iters 6479254  exact None
[2026-09-25 03:50:04] sched_R8_L2_s14_r05_seeded   445s  best 1103.07  fired 1/2 [12, -1]  current 1109.67  restarts 2  iters 6717322  exact None
[2026-09-25 03:50:19] sched_R8_L2_s14_r05_seeded   460s  best 1103.07  fired 1/2 [12, -1]  current 1109.66  restarts 2  iters 6944060  exact None
[2026-09-25 03:50:29] sched_R8_L2_s14_r05_seeded   470s  best 1103.07  fired 1/2 [12, -1]  current 1109.67  restarts 2  iters 7093696  exact None
[2026-09-25 03:50:44] sched_R8_L2_s14_r05_seeded   485s  best 1103.07  fired 1/2 [12, -1]  current 1109.65  restarts 2  iters 7316332  exact None
[2026-09-25 03:50:58] sched_R8_L2_s14_r05_seeded   500s  best 1103.07  fired 1/2 [12, -1]  current 1109.55  restarts 3  iters 7549864  exact None
[2026-09-25 03:51:08] sched_R8_L2_s14_r05_seeded   510s  best 1103.07  fired 1/2 [12, -1]  current 1109.55  restarts 3  iters 7714491  exact None
[2026-09-25 03:51:24] sched_R8_L2_s14_r05_seeded   525s  best 1103.07  fired 1/2 [12, -1]  current 1109.66  restarts 3  iters 7956385  exact None
[2026-09-25 03:51:38] sched_R8_L2_s14_r05_seeded   540s  best 1103.07  fired 1/2 [12, -1]  current 1109.65  restarts 3  iters 8191677  exact None
[2026-09-25 03:51:49] sched_R8_L2_s14_r05_seeded   550s  best 1103.07  fired 1/2 [12, -1]  current 1109.66  restarts 3  iters 8345278  exact None
[2026-09-25 03:52:04] sched_R8_L2_s14_r05_seeded   565s  best 1103.07  fired 1/2 [12, -1]  current 1109.66  restarts 3  iters 8576893  exact None
[2026-09-25 03:52:18] sched_R8_L2_s14_r05_seeded   580s  best 1103.07  fired 1/2 [12, -1]  current 1109.66  restarts 3  iters 8814316  exact None
[2026-09-25 03:52:29] sched_R8_L2_s14_r05_seeded   590s  best 1103.07  fired 1/2 [12, -1]  current 1109.66  restarts 3  iters 8972654  exact None
[2026-09-25 03:52:43] sched_R8_L2_s14_r05_seeded   605s  best 1103.07  fired 1/2 [12, -1]  current 1109.66  restarts 3  iters 9203599  exact None
[2026-09-25 03:52:58] sched_R8_L2_s14_r05_seeded   620s  best 1103.07  fired 1/2 [12, -1]  current 1109.66  restarts 3  iters 9445233  exact None
[2026-09-25 03:53:14] sched_R8_L2_s14_r05_seeded   635s  best 1103.07  fired 1/2 [12, -1]  current 1109.67  restarts 4  iters 9693758  exact None
[2026-09-25 03:53:24] sched_R8_L2_s14_r05_seeded   646s  best 1103.07  fired 1/2 [12, -1]  current 1109.57  restarts 4  iters 9835420  exact None
[2026-09-25 03:53:39] sched_R8_L2_s14_r05_seeded   660s  best 1103.07  fired 1/2 [12, -1]  current 1109.57  restarts 4  iters 10041690  exact None
[2026-09-25 03:53:49] sched_R8_L2_s14_r05_seeded   670s  best 1103.07  fired 1/2 [12, -1]  current 1108.07  restarts 4  iters 10192325  exact None
[2026-09-25 03:54:03] sched_R8_L2_s14_r05_seeded   685s  best 1103.07  fired 1/2 [12, -1]  current 1109.57  restarts 4  iters 10418814  exact None
[2026-09-25 03:54:14] sched_R8_L2_s14_r05_seeded   695s  best 1103.07  fired 1/2 [12, -1]  current 1109.68  restarts 4  iters 10584355  exact None
[2026-09-25 03:54:24] sched_R8_L2_s14_r05_seeded   705s  best 1103.07  fired 1/2 [12, -1]  current 1109.66  restarts 4  iters 10734656  exact None
[2026-09-25 03:54:35] sched_R8_L2_s14_r05_seeded   716s  best 1103.07  fired 1/2 [12, -1]  current 1109.57  restarts 4  iters 10886231  exact None
[2026-09-25 03:54:49] sched_R8_L2_s14_r05_seeded   731s  best 1103.07  fired 1/2 [12, -1]  current 1109.66  restarts 4  iters 11101061  exact None
[2026-09-25 03:54:59] sched_R8_L2_s14_r05_seeded   741s  best 1103.07  fired 1/2 [12, -1]  current 1109.67  restarts 4  iters 11247416  exact None
[2026-09-25 03:55:15] sched_R8_L2_s14_r05_seeded   756s  best 1103.07  fired 1/2 [12, -1]  current 1104.66  restarts 5  iters 11483057  exact None
[2026-09-25 03:55:25] sched_R8_L2_s14_r05_seeded   766s  best 1103.07  fired 1/2 [12, -1]  current 1106.68  restarts 5  iters 11622083  exact None
[2026-09-25 03:55:39] sched_R8_L2_s14_r05_seeded   781s  best 1103.07  fired 1/2 [12, -1]  current 1109.56  restarts 5  iters 11826428  exact None
[2026-09-25 03:55:54] sched_R8_L2_s14_r05_seeded   796s  best 1102.96  fired 1/2 [15, -1]  current 1109.65  restarts 5  iters 12059057  exact None
[2026-09-25 03:56:04] sched_R8_L2_s14_r05_seeded   806s  best 1102.96  fired 1/2 [15, -1]  current 1109.66  restarts 5  iters 12214784  exact None
[2026-09-25 03:56:14] sched_R8_L2_s14_r05_seeded   816s  best 1102.96  fired 1/2 [15, -1]  current 1105.37  restarts 5  iters 12363171  exact None
[2026-09-25 03:56:30] sched_R8_L2_s14_r05_seeded   831s  best 1102.96  fired 1/2 [15, -1]  current 1109.66  restarts 5  iters 12584871  exact None
[2026-09-25 03:56:40] sched_R8_L2_s14_r05_seeded   841s  best 1102.96  fired 1/2 [15, -1]  current 1109.66  restarts 5  iters 12727006  exact None
[2026-09-25 03:56:50] sched_R8_L2_s14_r05_seeded   851s  best 1102.96  fired 1/2 [15, -1]  current 1109.67  restarts 5  iters 12873107  exact None
[2026-09-25 03:57:04] sched_R8_L2_s14_r05_seeded   866s  best 1102.96  fired 1/2 [15, -1]  current 1109.58  restarts 5  iters 13092659  exact None
[2026-09-25 03:57:19] sched_R8_L2_s14_r05_seeded   881s  best 1102.96  fired 1/2 [15, -1]  current 1109.65  restarts 5  iters 13329147  exact None
[2026-09-25 03:57:34] sched_R8_L2_s14_r05_seeded   896s  best 1102.96  fired 1/2 [15, -1]  current 1109.65  restarts 5  iters 13563041  exact None
[2026-09-25 03:57:39] sched_R8_L2_s14_r05_seeded   900s  best 1102.96  fired 1/2 [15, -1]  current 1109.66  restarts 5  iters 13641730  exact None
[sched_R8_L2_s14_r05_seeded] final best score 1102.96  exact real depth/cx None
