[sched_R10_L2_s3_r05] classes 110 products 115 readouts 2  R 10 LCX 2  start score 1218.2
[2026-09-25 02:21:40] sched_R10_L2_s3_r05    12s  best 1207.37  fired 0/2 [-1, -1]  current 1209.68  restarts 0  iters 123927  exact None
[2026-09-25 02:21:54] sched_R10_L2_s3_r05    26s  best 1107.18  fired 1/2 [-1, 21]  current 1108.27  restarts 0  iters 295095  exact None
[2026-09-25 02:22:04] sched_R10_L2_s3_r05    36s  best 1106.26  fired 1/2 [-1, 24]  current 1106.98  restarts 0  iters 418088  exact None
[2026-09-25 02:22:19] sched_R10_L2_s3_r05    51s  best 1106.26  fired 1/2 [-1, 30]  current 1107.27  restarts 0  iters 602766  exact None
[2026-09-25 02:22:29] sched_R10_L2_s3_r05    61s  best 1106.17  fired 1/2 [-1, 24]  current 1106.36  restarts 0  iters 731117  exact None
[2026-09-25 02:22:44] sched_R10_L2_s3_r05    76s  best 1106.16  fired 1/2 [-1, 24]  current 1106.37  restarts 0  iters 919229  exact None
[2026-09-25 02:22:54] sched_R10_L2_s3_r05    86s  best 1106.16  fired 1/2 [-1, 24]  current 1106.55  restarts 0  iters 1051318  exact None
[2026-09-25 02:23:04] sched_R10_L2_s3_r05    96s  best 1106.16  fired 1/2 [-1, 24]  current 1107.37  restarts 0  iters 1181306  exact None
[2026-09-25 02:23:19] sched_R10_L2_s3_r05   111s  best 1106.08  fired 1/2 [-1, 21]  current 1106.38  restarts 0  iters 1365952  exact None
[2026-09-25 02:23:29] sched_R10_L2_s3_r05   121s  best 1106.07  fired 1/2 [-1, 21]  current 1106.37  restarts 0  iters 1484862  exact None
[2026-09-25 02:23:39] sched_R10_L2_s3_r05   131s  best 1106.07  fired 1/2 [-1, 21]  current 1106.37  restarts 0  iters 1602661  exact None
[2026-09-25 02:23:49] sched_R10_L2_s3_r05   141s  best 1106.07  fired 1/2 [-1, 21]  current 1106.39  restarts 0  iters 1718705  exact None
[2026-09-25 02:24:04] sched_R10_L2_s3_r05   156s  best 1106.07  fired 1/2 [-1, 21]  current 1106.37  restarts 0  iters 1888245  exact None
[2026-09-25 02:24:14] sched_R10_L2_s3_r05   167s  best 1106.07  fired 1/2 [-1, 21]  current 1106.98  restarts 0  iters 2006897  exact None
[2026-09-25 02:24:25] sched_R10_L2_s3_r05   177s  best 1106.07  fired 1/2 [-1, 21]  current 1107.58  restarts 0  iters 2117415  exact None
[2026-09-25 02:24:39] sched_R10_L2_s3_r05   191s  best 1106.07  fired 1/2 [-1, 21]  current 1108.36  restarts 0  iters 2288565  exact None
[2026-09-25 02:24:49] sched_R10_L2_s3_r05   201s  best 1106.07  fired 1/2 [-1, 21]  current 1108.68  restarts 0  iters 2409664  exact None
[2026-09-25 02:25:00] sched_R10_L2_s3_r05   212s  best 1106.07  fired 1/2 [-1, 21]  current 1108.69  restarts 0  iters 2521653  exact None
[2026-09-25 02:25:14] sched_R10_L2_s3_r05   226s  best 1106.07  fired 1/2 [-1, 21]  current 1107.98  restarts 0  iters 2687348  exact None
[2026-09-25 02:25:25] sched_R10_L2_s3_r05   237s  best 1106.07  fired 1/2 [-1, 21]  current 1108.88  restarts 0  iters 2807077  exact None
[2026-09-25 02:25:40] sched_R10_L2_s3_r05   252s  best 1105.96  fired 1/2 [-1, 30]  current 1107.97  restarts 1  iters 2981834  exact None
[2026-09-25 02:25:54] sched_R10_L2_s3_r05   266s  best 1105.96  fired 1/2 [-1, 30]  current 1107.37  restarts 1  iters 3152679  exact None
[2026-09-25 02:26:04] sched_R10_L2_s3_r05   276s  best 1104.96  fired 1/2 [-1, 21]  current 1105.97  restarts 1  iters 3273775  exact None
[2026-09-25 02:26:19] sched_R10_L2_s3_r05   291s  best 1103.96  fired 1/2 [-1, 27]  current 1105.99  restarts 1  iters 3463851  exact None
[2026-09-25 02:26:29] sched_R10_L2_s3_r05   301s  best 1103.96  fired 1/2 [-1, 27]  current 1107.28  restarts 1  iters 3591940  exact None
[2026-09-25 02:26:39] sched_R10_L2_s3_r05   312s  best 1103.96  fired 1/2 [-1, 27]  current 1107.67  restarts 1  iters 3715255  exact None
[2026-09-25 02:26:54] sched_R10_L2_s3_r05   326s  best 1103.96  fired 1/2 [-1, 27]  current 1108.98  restarts 1  iters 3896921  exact None
[2026-09-25 02:27:05] sched_R10_L2_s3_r05   337s  best 1103.96  fired 1/2 [-1, 27]  current 1108.99  restarts 1  iters 4013538  exact None
[2026-09-25 02:27:20] sched_R10_L2_s3_r05   352s  best 1103.96  fired 1/2 [-1, 27]  current 1107.56  restarts 1  iters 4189540  exact None
[2026-09-25 02:27:30] sched_R10_L2_s3_r05   362s  best 1103.96  fired 1/2 [-1, 27]  current 1108.67  restarts 1  iters 4306120  exact None
[2026-09-25 02:27:44] sched_R10_L2_s3_r05   376s  best 1103.96  fired 1/2 [-1, 27]  current 1106.67  restarts 1  iters 4486946  exact None
[2026-09-25 02:27:54] sched_R10_L2_s3_r05   387s  best 1103.96  fired 1/2 [-1, 27]  current 1106.39  restarts 1  iters 4611803  exact None
[2026-09-25 02:28:09] sched_R10_L2_s3_r05   402s  best 1103.96  fired 1/2 [-1, 27]  current 1106.67  restarts 1  iters 4804025  exact None
[2026-09-25 02:28:25] sched_R10_L2_s3_r05   417s  best 1103.96  fired 1/2 [-1, 27]  current 1210.57  restarts 2  iters 4999922  exact None
[2026-09-25 02:28:36] sched_R10_L2_s3_r05   428s  best 1103.96  fired 1/2 [-1, 27]  current 1106.60  restarts 2  iters 5109490  exact None
[2026-09-25 02:28:46] sched_R10_L2_s3_r05   438s  best 1103.96  fired 1/2 [-1, 27]  current 1107.29  restarts 2  iters 5211571  exact None
[2026-09-25 02:28:56] sched_R10_L2_s3_r05   448s  best 1103.96  fired 1/2 [-1, 27]  current 1107.28  restarts 2  iters 5311854  exact None
[2026-09-25 02:29:11] sched_R10_L2_s3_r05   463s  best 1103.96  fired 1/2 [-1, 27]  current 1107.10  restarts 2  iters 5469072  exact None
[2026-09-25 02:29:21] sched_R10_L2_s3_r05   473s  best 1103.96  fired 1/2 [-1, 27]  current 1107.69  restarts 2  iters 5569065  exact None
[2026-09-25 02:29:35] sched_R10_L2_s3_r05   487s  best 1103.96  fired 1/2 [-1, 27]  current 1106.98  restarts 2  iters 5715500  exact None
[2026-09-25 02:29:51] sched_R10_L2_s3_r05   503s  best 1103.96  fired 1/2 [-1, 27]  current 1107.68  restarts 2  iters 5879831  exact None
[2026-09-25 02:30:05] sched_R10_L2_s3_r05   517s  best 1103.96  fired 1/2 [-1, 27]  current 1106.40  restarts 2  iters 6038058  exact None
[2026-09-25 02:30:20] sched_R10_L2_s3_r05   532s  best 1103.96  fired 1/2 [-1, 27]  current 1106.38  restarts 2  iters 6199672  exact None
[2026-09-25 02:30:30] sched_R10_L2_s3_r05   542s  best 1103.96  fired 1/2 [-1, 27]  current 1107.38  restarts 3  iters 6313203  exact None
[2026-09-25 02:30:40] sched_R10_L2_s3_r05   552s  best 1103.96  fired 1/2 [-1, 27]  current 1107.38  restarts 3  iters 6427753  exact None
[2026-09-25 02:30:55] sched_R10_L2_s3_r05   567s  best 1103.96  fired 1/2 [-1, 27]  current 1106.38  restarts 3  iters 6600018  exact None
[2026-09-25 02:31:05] sched_R10_L2_s3_r05   577s  best 1103.96  fired 1/2 [-1, 27]  current 1106.68  restarts 3  iters 6720589  exact None
[2026-09-25 02:31:20] sched_R10_L2_s3_r05   592s  best 1103.96  fired 1/2 [-1, 27]  current 1106.27  restarts 3  iters 6906321  exact None
[2026-09-25 02:31:30] sched_R10_L2_s3_r05   602s  best 1103.96  fired 1/2 [-1, 27]  current 1107.68  restarts 3  iters 7031067  exact None
[sched_R10_L2_s3_r05] final best score 1103.96  exact real depth/cx None
