seed: score 1109.23  fired [-1, 9]
[sched_R8_L2_s13_r05_seeded] classes 110 products 115 readouts 2  R 8 LCX 2  start score 1109.2
[2026-09-25 03:42:53] sched_R8_L2_s13_r05_seeded    15s  best 1106.05  fired 1/2 [-1, 21]  current 1108.27  restarts 0  iters 215928  exact None
[2026-09-25 03:43:04] sched_R8_L2_s13_r05_seeded    25s  best 1106.05  fired 1/2 [-1, 21]  current 1107.35  restarts 0  iters 356800  exact None
[2026-09-25 03:43:18] sched_R8_L2_s13_r05_seeded    40s  best 1106.05  fired 1/2 [-1, 21]  current 1107.87  restarts 0  iters 565215  exact None
[2026-09-25 03:43:29] sched_R8_L2_s13_r05_seeded    50s  best 1106.05  fired 1/2 [-1, 21]  current 1107.96  restarts 0  iters 709909  exact None
[2026-09-25 03:43:43] sched_R8_L2_s13_r05_seeded    65s  best 1106.05  fired 1/2 [-1, 24]  current 1107.26  restarts 0  iters 926359  exact None
[2026-09-25 03:43:54] sched_R8_L2_s13_r05_seeded    75s  best 1106.05  fired 1/2 [-1, 24]  current 1109.17  restarts 0  iters 1073924  exact None
[2026-09-25 03:44:09] sched_R8_L2_s13_r05_seeded    90s  best 1106.05  fired 1/2 [-1, 24]  current 1109.25  restarts 0  iters 1288789  exact None
[2026-09-25 03:44:23] sched_R8_L2_s13_r05_seeded   105s  best 1106.05  fired 1/2 [-1, 24]  current 1109.26  restarts 0  iters 1515866  exact None
[2026-09-25 03:44:34] sched_R8_L2_s13_r05_seeded   115s  best 1106.05  fired 1/2 [-1, 24]  current 1107.97  restarts 0  iters 1663522  exact None
[2026-09-25 03:44:48] sched_R8_L2_s13_r05_seeded   130s  best 1106.05  fired 1/2 [-1, 24]  current 1109.27  restarts 0  iters 1877060  exact None
[2026-09-25 03:44:59] sched_R8_L2_s13_r05_seeded   140s  best 1106.05  fired 1/2 [-1, 24]  current 1108.65  restarts 0  iters 2021168  exact None
[2026-09-25 03:45:09] sched_R8_L2_s13_r05_seeded   150s  best 1106.05  fired 1/2 [-1, 24]  current 1109.26  restarts 0  iters 2154657  exact None
[2026-09-25 03:45:24] sched_R8_L2_s13_r05_seeded   165s  best 1106.05  fired 1/2 [-1, 24]  current 1108.26  restarts 0  iters 2370138  exact None
[2026-09-25 03:45:39] sched_R8_L2_s13_r05_seeded   181s  best 1106.05  fired 1/2 [-1, 24]  current 1108.17  restarts 0  iters 2594304  exact None
[2026-09-25 03:45:53] sched_R8_L2_s13_r05_seeded   195s  best 1106.05  fired 1/2 [-1, 24]  current 1107.36  restarts 1  iters 2807875  exact None
[2026-09-25 03:46:04] sched_R8_L2_s13_r05_seeded   205s  best 1106.05  fired 1/2 [-1, 24]  current 1109.26  restarts 1  iters 2954001  exact None
[2026-09-25 03:46:18] sched_R8_L2_s13_r05_seeded   220s  best 1106.05  fired 1/2 [-1, 24]  current 1108.26  restarts 1  iters 3165582  exact None
[2026-09-25 03:46:29] sched_R8_L2_s13_r05_seeded   230s  best 1106.05  fired 1/2 [-1, 24]  current 1107.87  restarts 1  iters 3315166  exact None
[2026-09-25 03:46:44] sched_R8_L2_s13_r05_seeded   245s  best 1106.05  fired 1/2 [-1, 24]  current 1106.97  restarts 1  iters 3522104  exact None
[2026-09-25 03:46:54] sched_R8_L2_s13_r05_seeded   255s  best 1106.05  fired 1/2 [-1, 24]  current 1108.27  restarts 1  iters 3676785  exact None
[2026-09-25 03:47:09] sched_R8_L2_s13_r05_seeded   270s  best 1106.05  fired 1/2 [-1, 24]  current 1107.36  restarts 1  iters 3907106  exact None
[2026-09-25 03:47:23] sched_R8_L2_s13_r05_seeded   285s  best 1106.05  fired 1/2 [-1, 24]  current 1107.37  restarts 1  iters 4129577  exact None
[2026-09-25 03:47:34] sched_R8_L2_s13_r05_seeded   296s  best 1106.05  fired 1/2 [-1, 24]  current 1109.27  restarts 1  iters 4277917  exact None
[2026-09-25 03:47:49] sched_R8_L2_s13_r05_seeded   310s  best 1106.05  fired 1/2 [-1, 24]  current 1107.26  restarts 1  iters 4497597  exact None
[2026-09-25 03:47:59] sched_R8_L2_s13_r05_seeded   320s  best 1106.05  fired 1/2 [-1, 24]  current 1109.15  restarts 2  iters 4653099  exact None
[2026-09-25 03:48:09] sched_R8_L2_s13_r05_seeded   331s  best 1106.05  fired 1/2 [-1, 24]  current 1109.17  restarts 2  iters 4803190  exact None
[2026-09-25 03:48:24] sched_R8_L2_s13_r05_seeded   346s  best 1106.05  fired 1/2 [-1, 24]  current 1109.27  restarts 2  iters 5008624  exact None
[2026-09-25 03:48:35] sched_R8_L2_s13_r05_seeded   356s  best 1106.05  fired 1/2 [-1, 24]  current 1109.28  restarts 2  iters 5141936  exact None
[2026-09-25 03:48:49] sched_R8_L2_s13_r05_seeded   370s  best 1106.05  fired 1/2 [-1, 24]  current 1108.96  restarts 2  iters 5333349  exact None
[2026-09-25 03:49:04] sched_R8_L2_s13_r05_seeded   385s  best 1106.05  fired 1/2 [-1, 24]  current 1107.56  restarts 2  iters 5560910  exact None
[2026-09-25 03:49:14] sched_R8_L2_s13_r05_seeded   395s  best 1106.05  fired 1/2 [-1, 24]  current 1109.27  restarts 2  iters 5705055  exact None
[2026-09-25 03:49:29] sched_R8_L2_s13_r05_seeded   411s  best 1106.05  fired 1/2 [-1, 24]  current 1107.37  restarts 2  iters 5929564  exact None
[2026-09-25 03:49:40] sched_R8_L2_s13_r05_seeded   421s  best 1105.87  fired 1/2 [-1, 21]  current 1107.67  restarts 2  iters 6062860  exact None
[2026-09-25 03:49:54] sched_R8_L2_s13_r05_seeded   436s  best 1105.87  fired 1/2 [-1, 21]  current 1107.56  restarts 2  iters 6274162  exact None
[2026-09-25 03:50:09] sched_R8_L2_s13_r05_seeded   451s  best 1105.87  fired 1/2 [-1, 21]  current 1107.66  restarts 2  iters 6498433  exact None
[2026-09-25 03:50:24] sched_R8_L2_s13_r05_seeded   465s  best 1105.87  fired 1/2 [-1, 21]  current 1107.86  restarts 2  iters 6718605  exact None
[2026-09-25 03:50:39] sched_R8_L2_s13_r05_seeded   480s  best 1105.87  fired 1/2 [-1, 21]  current 1107.66  restarts 2  iters 6957550  exact None
[2026-09-25 03:50:49] sched_R8_L2_s13_r05_seeded   491s  best 1105.87  fired 1/2 [-1, 21]  current 1107.65  restarts 2  iters 7115964  exact None
[2026-09-25 03:50:59] sched_R8_L2_s13_r05_seeded   501s  best 1105.87  fired 1/2 [-1, 21]  current 1107.98  restarts 2  iters 7263641  exact None
[2026-09-25 03:51:10] sched_R8_L2_s13_r05_seeded   511s  best 1105.87  fired 1/2 [-1, 21]  current 1108.58  restarts 2  iters 7404969  exact None
[2026-09-25 03:51:20] sched_R8_L2_s13_r05_seeded   521s  best 1105.87  fired 1/2 [-1, 21]  current 1109.27  restarts 2  iters 7540597  exact None
[2026-09-25 03:51:30] sched_R8_L2_s13_r05_seeded   531s  best 1105.87  fired 1/2 [-1, 21]  current 1107.97  restarts 2  iters 7669093  exact None
[2026-09-25 03:51:44] sched_R8_L2_s13_r05_seeded   546s  best 1105.87  fired 1/2 [-1, 21]  current 1109.27  restarts 3  iters 7870961  exact None
[2026-09-25 03:51:59] sched_R8_L2_s13_r05_seeded   561s  best 1105.87  fired 1/2 [-1, 21]  current 1109.27  restarts 3  iters 8095783  exact None
[2026-09-25 03:52:15] sched_R8_L2_s13_r05_seeded   576s  best 1105.87  fired 1/2 [-1, 21]  current 1107.67  restarts 3  iters 8311511  exact None
[2026-09-25 03:52:29] sched_R8_L2_s13_r05_seeded   591s  best 1105.87  fired 1/2 [-1, 21]  current 1106.97  restarts 3  iters 8514193  exact None
[2026-09-25 03:52:40] sched_R8_L2_s13_r05_seeded   601s  best 1105.87  fired 1/2 [-1, 21]  current 1107.17  restarts 3  iters 8654920  exact None
[2026-09-25 03:52:55] sched_R8_L2_s13_r05_seeded   616s  best 1105.87  fired 1/2 [-1, 21]  current 1107.66  restarts 3  iters 8864318  exact None
[2026-09-25 03:53:09] sched_R8_L2_s13_r05_seeded   631s  best 1105.65  fired 1/2 [-1, 24]  current 1105.96  restarts 3  iters 9069181  exact None
[2026-09-25 03:53:19] sched_R8_L2_s13_r05_seeded   641s  best 1105.65  fired 1/2 [-1, 24]  current 1107.57  restarts 3  iters 9213427  exact None
[2026-09-25 03:53:30] sched_R8_L2_s13_r05_seeded   651s  best 1105.06  fired 1/2 [-1, 24]  current 1106.37  restarts 3  iters 9356093  exact None
[2026-09-25 03:53:44] sched_R8_L2_s13_r05_seeded   666s  best 1104.96  fired 1/2 [-1, 24]  current 1108.36  restarts 3  iters 9570346  exact None
[2026-09-25 03:53:54] sched_R8_L2_s13_r05_seeded   676s  best 1104.96  fired 1/2 [-1, 24]  current 1106.96  restarts 3  iters 9718560  exact None
[2026-09-25 03:54:09] sched_R8_L2_s13_r05_seeded   691s  best 1104.96  fired 1/2 [-1, 24]  current 1106.97  restarts 3  iters 9948333  exact None
[2026-09-25 03:54:24] sched_R8_L2_s13_r05_seeded   706s  best 1104.96  fired 1/2 [-1, 24]  current 1107.26  restarts 3  iters 10179574  exact None
[2026-09-25 03:54:34] sched_R8_L2_s13_r05_seeded   716s  best 1104.96  fired 1/2 [-1, 24]  current 1106.96  restarts 3  iters 10334027  exact None
[2026-09-25 03:54:45] sched_R8_L2_s13_r05_seeded   726s  best 1104.96  fired 1/2 [-1, 24]  current 1107.97  restarts 3  iters 10480819  exact None
[2026-09-25 03:54:59] sched_R8_L2_s13_r05_seeded   741s  best 1104.96  fired 1/2 [-1, 24]  current 1107.66  restarts 3  iters 10702290  exact None
[2026-09-25 03:55:14] sched_R8_L2_s13_r05_seeded   756s  best 1104.96  fired 1/2 [-1, 24]  current 1108.66  restarts 3  iters 10927267  exact None
[2026-09-25 03:55:30] sched_R8_L2_s13_r05_seeded   771s  best 1104.96  fired 1/2 [-1, 24]  current 1107.67  restarts 3  iters 11149889  exact None
[2026-09-25 03:55:44] sched_R8_L2_s13_r05_seeded   786s  best 1104.96  fired 1/2 [-1, 24]  current 1108.27  restarts 4  iters 11363051  exact None
[2026-09-25 03:55:55] sched_R8_L2_s13_r05_seeded   796s  best 1104.96  fired 1/2 [-1, 24]  current 1109.27  restarts 4  iters 11509383  exact None
[2026-09-25 03:56:09] sched_R8_L2_s13_r05_seeded   811s  best 1104.96  fired 1/2 [-1, 24]  current 1108.36  restarts 4  iters 11738194  exact None
[2026-09-25 03:56:19] sched_R8_L2_s13_r05_seeded   821s  best 1104.96  fired 1/2 [-1, 24]  current 1109.26  restarts 4  iters 11898903  exact None
[2026-09-25 03:56:30] sched_R8_L2_s13_r05_seeded   831s  best 1104.96  fired 1/2 [-1, 24]  current 1109.25  restarts 4  iters 12041433  exact None
[2026-09-25 03:56:40] sched_R8_L2_s13_r05_seeded   842s  best 1104.96  fired 1/2 [-1, 24]  current 1109.27  restarts 4  iters 12179446  exact None
[2026-09-25 03:56:55] sched_R8_L2_s13_r05_seeded   856s  best 1104.96  fired 1/2 [-1, 24]  current 1108.96  restarts 4  iters 12385145  exact None
[2026-09-25 03:57:05] sched_R8_L2_s13_r05_seeded   866s  best 1104.96  fired 1/2 [-1, 24]  current 1107.96  restarts 4  iters 12534588  exact None
[2026-09-25 03:57:15] sched_R8_L2_s13_r05_seeded   876s  best 1104.96  fired 1/2 [-1, 24]  current 1107.97  restarts 4  iters 12675480  exact None
[2026-09-25 03:57:29] sched_R8_L2_s13_r05_seeded   891s  best 1104.96  fired 1/2 [-1, 24]  current 1108.26  restarts 4  iters 12892111  exact None
[2026-09-25 03:57:39] sched_R8_L2_s13_r05_seeded   901s  best 1104.96  fired 1/2 [-1, 24]  current 1109.26  restarts 4  iters 13044585  exact None
[sched_R8_L2_s13_r05_seeded] final best score 1104.96  exact real depth/cx None
