seed: score 1109.62  fired [12, -1]
[sched_R10_L2_s11_r05_seeded] classes 110 products 115 readouts 2  R 10 LCX 2  start score 1109.6
[2026-09-25 03:42:49] sched_R10_L2_s11_r05_seeded    11s  best 1104.06  fired 1/2 [12, -1]  current 1108.47  restarts 0  iters 131723  exact None
[2026-09-25 03:43:04] sched_R10_L2_s11_r05_seeded    26s  best 1104.06  fired 1/2 [12, -1]  current 1108.68  restarts 0  iters 308608  exact None
[2026-09-25 03:43:14] sched_R10_L2_s11_r05_seeded    36s  best 1104.06  fired 1/2 [12, -1]  current 1108.69  restarts 0  iters 427268  exact None
[2026-09-25 03:43:25] sched_R10_L2_s11_r05_seeded    46s  best 1104.06  fired 1/2 [12, -1]  current 1108.68  restarts 0  iters 544008  exact None
[2026-09-25 03:43:35] sched_R10_L2_s11_r05_seeded    56s  best 1104.06  fired 1/2 [12, -1]  current 1109.38  restarts 0  iters 653406  exact None
[2026-09-25 03:43:49] sched_R10_L2_s11_r05_seeded    71s  best 1104.06  fired 1/2 [12, -1]  current 1108.68  restarts 0  iters 820842  exact None
[2026-09-25 03:44:00] sched_R10_L2_s11_r05_seeded    81s  best 1104.06  fired 1/2 [12, -1]  current 1109.38  restarts 0  iters 938588  exact None
[2026-09-25 03:44:10] sched_R10_L2_s11_r05_seeded    91s  best 1104.06  fired 1/2 [12, -1]  current 1109.39  restarts 0  iters 1050989  exact None
[2026-09-25 03:44:20] sched_R10_L2_s11_r05_seeded   101s  best 1104.06  fired 1/2 [12, -1]  current 1109.39  restarts 0  iters 1163062  exact None
[2026-09-25 03:44:35] sched_R10_L2_s11_r05_seeded   116s  best 1104.06  fired 1/2 [12, -1]  current 1109.39  restarts 0  iters 1328836  exact None
[2026-09-25 03:44:49] sched_R10_L2_s11_r05_seeded   130s  best 1103.07  fired 1/2 [9, -1]  current 1109.65  restarts 1  iters 1508087  exact None
[2026-09-25 03:45:00] sched_R10_L2_s11_r05_seeded   141s  best 1103.07  fired 1/2 [9, -1]  current 1109.68  restarts 1  iters 1639565  exact None
[2026-09-25 03:45:14] sched_R10_L2_s11_r05_seeded   155s  best 1103.07  fired 1/2 [9, -1]  current 1109.68  restarts 1  iters 1820590  exact None
[2026-09-25 03:45:24] sched_R10_L2_s11_r05_seeded   166s  best 1103.07  fired 1/2 [9, -1]  current 1104.08  restarts 1  iters 1955218  exact None
[2026-09-25 03:45:39] sched_R10_L2_s11_r05_seeded   180s  best 1102.87  fired 1/2 [18, -1]  current 1109.56  restarts 1  iters 2157284  exact None
[2026-09-25 03:45:49] sched_R10_L2_s11_r05_seeded   191s  best 1102.87  fired 1/2 [18, -1]  current 1109.56  restarts 1  iters 2285889  exact None
[2026-09-25 03:46:05] sched_R10_L2_s11_r05_seeded   206s  best 1102.87  fired 1/2 [18, -1]  current 1109.68  restarts 1  iters 2481046  exact None
[2026-09-25 03:46:15] sched_R10_L2_s11_r05_seeded   216s  best 1102.87  fired 1/2 [18, -1]  current 1108.09  restarts 1  iters 2597856  exact None
[2026-09-25 03:46:25] sched_R10_L2_s11_r05_seeded   226s  best 1102.87  fired 1/2 [18, -1]  current 1107.58  restarts 1  iters 2711714  exact None
[2026-09-25 03:46:35] sched_R10_L2_s11_r05_seeded   236s  best 1102.87  fired 1/2 [18, -1]  current 1109.68  restarts 1  iters 2823510  exact None
[2026-09-25 03:46:45] sched_R10_L2_s11_r05_seeded   246s  best 1102.87  fired 1/2 [18, -1]  current 1109.69  restarts 1  iters 2938473  exact None
[2026-09-25 03:47:00] sched_R10_L2_s11_r05_seeded   262s  best 1102.87  fired 1/2 [18, -1]  current 1109.68  restarts 1  iters 3105675  exact None
[2026-09-25 03:47:15] sched_R10_L2_s11_r05_seeded   277s  best 1102.87  fired 1/2 [18, -1]  current 1109.68  restarts 1  iters 3268432  exact None
[2026-09-25 03:47:26] sched_R10_L2_s11_r05_seeded   287s  best 1102.87  fired 1/2 [18, -1]  current 1109.68  restarts 1  iters 3379210  exact None
[2026-09-25 03:47:40] sched_R10_L2_s11_r05_seeded   301s  best 1102.87  fired 1/2 [18, -1]  current 1109.58  restarts 2  iters 3559617  exact None
[2026-09-25 03:47:50] sched_R10_L2_s11_r05_seeded   311s  best 1102.87  fired 1/2 [18, -1]  current 1109.66  restarts 2  iters 3690422  exact None
[2026-09-25 03:48:00] sched_R10_L2_s11_r05_seeded   321s  best 1102.87  fired 1/2 [18, -1]  current 1109.57  restarts 2  iters 3810170  exact None
[2026-09-25 03:48:10] sched_R10_L2_s11_r05_seeded   332s  best 1102.87  fired 1/2 [18, -1]  current 1109.67  restarts 2  iters 3931208  exact None
[2026-09-25 03:48:20] sched_R10_L2_s11_r05_seeded   342s  best 1102.87  fired 1/2 [18, -1]  current 1109.69  restarts 2  iters 4047539  exact None
[2026-09-25 03:48:31] sched_R10_L2_s11_r05_seeded   352s  best 1102.87  fired 1/2 [18, -1]  current 1109.68  restarts 2  iters 4164179  exact None
[2026-09-25 03:48:41] sched_R10_L2_s11_r05_seeded   362s  best 1102.87  fired 1/2 [18, -1]  current 1109.67  restarts 2  iters 4271403  exact None
[2026-09-25 03:48:55] sched_R10_L2_s11_r05_seeded   377s  best 1102.87  fired 1/2 [18, -1]  current 1109.69  restarts 2  iters 4441991  exact None
[2026-09-25 03:49:06] sched_R10_L2_s11_r05_seeded   387s  best 1102.87  fired 1/2 [18, -1]  current 1109.68  restarts 2  iters 4558533  exact None
[2026-09-25 03:49:20] sched_R10_L2_s11_r05_seeded   402s  best 1102.87  fired 1/2 [18, -1]  current 1109.68  restarts 2  iters 4733878  exact None
[2026-09-25 03:49:35] sched_R10_L2_s11_r05_seeded   416s  best 1102.87  fired 1/2 [18, -1]  current 1109.68  restarts 2  iters 4912767  exact None
[2026-09-25 03:49:50] sched_R10_L2_s11_r05_seeded   431s  best 1102.87  fired 1/2 [18, -1]  current 1105.38  restarts 3  iters 5111464  exact None
[2026-09-25 03:50:00] sched_R10_L2_s11_r05_seeded   441s  best 1102.87  fired 1/2 [18, -1]  current 1105.68  restarts 3  iters 5237609  exact None
[2026-09-25 03:50:10] sched_R10_L2_s11_r05_seeded   452s  best 1102.87  fired 1/2 [18, -1]  current 1109.68  restarts 3  iters 5357681  exact None
[2026-09-25 03:50:21] sched_R10_L2_s11_r05_seeded   462s  best 1102.87  fired 1/2 [18, -1]  current 1109.69  restarts 3  iters 5474439  exact None
[2026-09-25 03:50:35] sched_R10_L2_s11_r05_seeded   476s  best 1102.87  fired 1/2 [18, -1]  current 1109.57  restarts 3  iters 5639243  exact None
[2026-09-25 03:50:50] sched_R10_L2_s11_r05_seeded   492s  best 1102.87  fired 1/2 [18, -1]  current 1104.68  restarts 3  iters 5828688  exact None
[2026-09-25 03:51:01] sched_R10_L2_s11_r05_seeded   502s  best 1102.87  fired 1/2 [18, -1]  current 1106.38  restarts 3  iters 5947670  exact None
[2026-09-25 03:51:11] sched_R10_L2_s11_r05_seeded   512s  best 1102.87  fired 1/2 [18, -1]  current 1107.27  restarts 3  iters 6061579  exact None
[2026-09-25 03:51:26] sched_R10_L2_s11_r05_seeded   527s  best 1102.87  fired 1/2 [18, -1]  current 1109.66  restarts 3  iters 6238631  exact None
[2026-09-25 03:51:40] sched_R10_L2_s11_r05_seeded   541s  best 1102.87  fired 1/2 [18, -1]  current 1109.66  restarts 4  iters 6416499  exact None
[2026-09-25 03:51:50] sched_R10_L2_s11_r05_seeded   551s  best 1102.87  fired 1/2 [18, -1]  current 1109.66  restarts 4  iters 6543743  exact None
[2026-09-25 03:52:05] sched_R10_L2_s11_r05_seeded   566s  best 1102.87  fired 1/2 [18, -1]  current 1109.67  restarts 4  iters 6748179  exact None
[2026-09-25 03:52:20] sched_R10_L2_s11_r05_seeded   581s  best 1102.87  fired 1/2 [18, -1]  current 1109.68  restarts 4  iters 6958739  exact None
[2026-09-25 03:52:30] sched_R10_L2_s11_r05_seeded   591s  best 1102.87  fired 1/2 [18, -1]  current 1109.66  restarts 4  iters 7098382  exact None
[2026-09-25 03:52:40] sched_R10_L2_s11_r05_seeded   601s  best 1102.87  fired 1/2 [18, -1]  current 1109.66  restarts 4  iters 7241567  exact None
[2026-09-25 03:52:50] sched_R10_L2_s11_r05_seeded   611s  best 1102.87  fired 1/2 [18, -1]  current 1109.68  restarts 4  iters 7384322  exact None
[2026-09-25 03:53:00] sched_R10_L2_s11_r05_seeded   621s  best 1102.87  fired 1/2 [18, -1]  current 1109.67  restarts 4  iters 7525414  exact None
[2026-09-25 03:53:10] sched_R10_L2_s11_r05_seeded   632s  best 1102.87  fired 1/2 [18, -1]  current 1108.96  restarts 4  iters 7657456  exact None
[2026-09-25 03:53:21] sched_R10_L2_s11_r05_seeded   642s  best 1102.87  fired 1/2 [18, -1]  current 1108.97  restarts 4  iters 7783104  exact None
[2026-09-25 03:53:36] sched_R10_L2_s11_r05_seeded   657s  best 1102.87  fired 1/2 [18, -1]  current 1108.97  restarts 4  iters 7967948  exact None
[2026-09-25 03:53:51] sched_R10_L2_s11_r05_seeded   672s  best 1102.87  fired 1/2 [18, -1]  current 1109.55  restarts 5  iters 8168828  exact None
[2026-09-25 03:54:05] sched_R10_L2_s11_r05_seeded   687s  best 1102.87  fired 1/2 [18, -1]  current 1107.38  restarts 5  iters 8364709  exact None
[2026-09-25 03:54:20] sched_R10_L2_s11_r05_seeded   702s  best 1102.87  fired 1/2 [18, -1]  current 1108.38  restarts 5  iters 8561433  exact None
[2026-09-25 03:54:31] sched_R10_L2_s11_r05_seeded   712s  best 1102.87  fired 1/2 [18, -1]  current 1109.58  restarts 5  iters 8691258  exact None
[2026-09-25 03:54:41] sched_R10_L2_s11_r05_seeded   722s  best 1102.87  fired 1/2 [18, -1]  current 1108.67  restarts 5  iters 8814325  exact None
[2026-09-25 03:54:56] sched_R10_L2_s11_r05_seeded   737s  best 1102.87  fired 1/2 [18, -1]  current 1108.68  restarts 5  iters 8998273  exact None
[2026-09-25 03:55:06] sched_R10_L2_s11_r05_seeded   747s  best 1102.87  fired 1/2 [18, -1]  current 1108.68  restarts 5  iters 9119197  exact None
[2026-09-25 03:55:21] sched_R10_L2_s11_r05_seeded   762s  best 1102.87  fired 1/2 [18, -1]  current 1108.38  restarts 5  iters 9303778  exact None
[2026-09-25 03:55:36] sched_R10_L2_s11_r05_seeded   777s  best 1102.87  fired 1/2 [18, -1]  current 1108.38  restarts 5  iters 9485028  exact None
[2026-09-25 03:55:51] sched_R10_L2_s11_r05_seeded   792s  best 1102.87  fired 1/2 [18, -1]  current 1107.09  restarts 6  iters 9678782  exact None
[2026-09-25 03:56:01] sched_R10_L2_s11_r05_seeded   802s  best 1102.87  fired 1/2 [18, -1]  current 1109.68  restarts 6  iters 9803205  exact None
[2026-09-25 03:56:11] sched_R10_L2_s11_r05_seeded   813s  best 1102.87  fired 1/2 [18, -1]  current 1109.68  restarts 6  iters 9923631  exact None
[2026-09-25 03:56:26] sched_R10_L2_s11_r05_seeded   827s  best 1102.87  fired 1/2 [18, -1]  current 1109.68  restarts 6  iters 10103954  exact None
[2026-09-25 03:56:41] sched_R10_L2_s11_r05_seeded   842s  best 1102.87  fired 1/2 [18, -1]  current 1109.57  restarts 6  iters 10294368  exact None
[2026-09-25 03:56:51] sched_R10_L2_s11_r05_seeded   852s  best 1102.87  fired 1/2 [18, -1]  current 1109.67  restarts 6  iters 10413442  exact None
[2026-09-25 03:57:01] sched_R10_L2_s11_r05_seeded   863s  best 1102.87  fired 1/2 [18, -1]  current 1109.68  restarts 6  iters 10536039  exact None
[2026-09-25 03:57:16] sched_R10_L2_s11_r05_seeded   877s  best 1102.87  fired 1/2 [18, -1]  current 1109.68  restarts 6  iters 10709683  exact None
[2026-09-25 03:57:26] sched_R10_L2_s11_r05_seeded   887s  best 1102.87  fired 1/2 [18, -1]  current 1109.49  restarts 6  iters 10833022  exact None
[2026-09-25 03:57:40] sched_R10_L2_s11_r05_seeded   902s  best 1102.87  fired 1/2 [18, -1]  current 1109.66  restarts 7  iters 11014598  exact None
[sched_R10_L2_s11_r05_seeded] final best score 1102.87  exact real depth/cx None
