[sched_R8_L2_s3_r05] classes 110 products 115 readouts 2  R 8 LCX 2  start score 1218.2
[2026-09-25 02:21:43] sched_R8_L2_s3_r05    15s  best 1106.46  fired 1/2 [21, -1]  current 1106.97  restarts 0  iters 217047  exact None
[2026-09-25 02:21:58] sched_R8_L2_s3_r05    30s  best 1106.46  fired 1/2 [21, -1]  current 1106.87  restarts 0  iters 439146  exact None
[2026-09-25 02:22:13] sched_R8_L2_s3_r05    45s  best 1106.46  fired 1/2 [21, -1]  current 1107.17  restarts 0  iters 667730  exact None
[2026-09-25 02:22:23] sched_R8_L2_s3_r05    55s  best 1106.46  fired 1/2 [21, -1]  current 1108.56  restarts 0  iters 820553  exact None
[2026-09-25 02:22:38] sched_R8_L2_s3_r05    70s  best 1106.46  fired 1/2 [21, -1]  current 1108.56  restarts 0  iters 1048461  exact None
[2026-09-25 02:22:53] sched_R8_L2_s3_r05    85s  best 1106.46  fired 1/2 [21, -1]  current 1108.56  restarts 0  iters 1265789  exact None
[2026-09-25 02:23:08] sched_R8_L2_s3_r05   100s  best 1106.46  fired 1/2 [21, -1]  current 1108.56  restarts 0  iters 1481288  exact None
[2026-09-25 02:23:18] sched_R8_L2_s3_r05   110s  best 1106.46  fired 1/2 [21, -1]  current 1108.46  restarts 0  iters 1627727  exact None
[2026-09-25 02:23:28] sched_R8_L2_s3_r05   120s  best 1106.46  fired 1/2 [21, -1]  current 1108.57  restarts 0  iters 1768358  exact None
[2026-09-25 02:23:43] sched_R8_L2_s3_r05   135s  best 1106.46  fired 1/2 [21, -1]  current 1109.36  restarts 1  iters 1987681  exact None
[2026-09-25 02:23:58] sched_R8_L2_s3_r05   150s  best 1106.46  fired 1/2 [21, -1]  current 1109.66  restarts 1  iters 2213646  exact None
[2026-09-25 02:24:08] sched_R8_L2_s3_r05   160s  best 1106.46  fired 1/2 [21, -1]  current 1109.67  restarts 1  iters 2357895  exact None
[2026-09-25 02:24:18] sched_R8_L2_s3_r05   170s  best 1106.46  fired 1/2 [21, -1]  current 1109.56  restarts 1  iters 2493827  exact None
[2026-09-25 02:24:29] sched_R8_L2_s3_r05   181s  best 1106.46  fired 1/2 [21, -1]  current 1109.65  restarts 1  iters 2626058  exact None
[2026-09-25 02:24:43] sched_R8_L2_s3_r05   195s  best 1106.46  fired 1/2 [21, -1]  current 1109.66  restarts 1  iters 2825583  exact None
[2026-09-25 02:24:54] sched_R8_L2_s3_r05   206s  best 1106.46  fired 1/2 [21, -1]  current 1109.66  restarts 1  iters 2956457  exact None
[2026-09-25 02:25:04] sched_R8_L2_s3_r05   216s  best 1106.46  fired 1/2 [21, -1]  current 1109.66  restarts 1  iters 3082268  exact None
[2026-09-25 02:25:14] sched_R8_L2_s3_r05   226s  best 1106.46  fired 1/2 [21, -1]  current 1109.66  restarts 1  iters 3205937  exact None
[2026-09-25 02:25:29] sched_R8_L2_s3_r05   241s  best 1106.46  fired 1/2 [21, -1]  current 1109.66  restarts 1  iters 3392053  exact None
[2026-09-25 02:25:43] sched_R8_L2_s3_r05   255s  best 1106.46  fired 1/2 [21, -1]  current 1108.66  restarts 2  iters 3587605  exact None
[2026-09-25 02:25:53] sched_R8_L2_s3_r05   265s  best 1106.46  fired 1/2 [21, -1]  current 1107.67  restarts 2  iters 3731217  exact None
[2026-09-25 02:26:08] sched_R8_L2_s3_r05   280s  best 1106.46  fired 1/2 [21, -1]  current 1107.67  restarts 2  iters 3950276  exact None
[2026-09-25 02:26:18] sched_R8_L2_s3_r05   290s  best 1106.46  fired 1/2 [21, -1]  current 1107.95  restarts 2  iters 4097145  exact None
[2026-09-25 02:26:28] sched_R8_L2_s3_r05   300s  best 1106.46  fired 1/2 [21, -1]  current 1107.86  restarts 2  iters 4242682  exact None
[2026-09-25 02:26:43] sched_R8_L2_s3_r05   315s  best 1106.16  fired 1/2 [-1, 18]  current 1107.36  restarts 2  iters 4460884  exact None
[2026-09-25 02:26:53] sched_R8_L2_s3_r05   325s  best 1106.16  fired 1/2 [-1, 18]  current 1106.36  restarts 2  iters 4606271  exact None
[2026-09-25 02:27:03] sched_R8_L2_s3_r05   335s  best 1106.15  fired 1/2 [-1, 18]  current 1106.26  restarts 2  iters 4753560  exact None
[2026-09-25 02:27:18] sched_R8_L2_s3_r05   350s  best 1106.15  fired 1/2 [-1, 15]  current 1106.25  restarts 2  iters 4975647  exact None
[2026-09-25 02:27:33] sched_R8_L2_s3_r05   365s  best 1106.15  fired 1/2 [-1, 15]  current 1108.65  restarts 2  iters 5205758  exact None
[2026-09-25 02:27:43] sched_R8_L2_s3_r05   375s  best 1106.15  fired 1/2 [-1, 15]  current 1109.26  restarts 2  iters 5353197  exact None
[2026-09-25 02:27:58] sched_R8_L2_s3_r05   390s  best 1106.15  fired 1/2 [-1, 15]  current 1107.66  restarts 2  iters 5576267  exact None
[2026-09-25 02:28:13] sched_R8_L2_s3_r05   405s  best 1106.15  fired 1/2 [-1, 15]  current 1107.97  restarts 2  iters 5810013  exact None
[2026-09-25 02:28:23] sched_R8_L2_s3_r05   415s  best 1106.15  fired 1/2 [-1, 15]  current 1109.28  restarts 2  iters 5954923  exact None
[2026-09-25 02:28:34] sched_R8_L2_s3_r05   426s  best 1106.15  fired 1/2 [-1, 15]  current 1109.27  restarts 2  iters 6095304  exact None
[2026-09-25 02:28:49] sched_R8_L2_s3_r05   441s  best 1106.15  fired 1/2 [-1, 15]  current 1107.98  restarts 2  iters 6311048  exact None
[2026-09-25 02:29:03] sched_R8_L2_s3_r05   455s  best 1106.15  fired 1/2 [-1, 15]  current 1107.27  restarts 2  iters 6526947  exact None
[2026-09-25 02:29:13] sched_R8_L2_s3_r05   465s  best 1106.15  fired 1/2 [-1, 15]  current 1107.27  restarts 2  iters 6678434  exact None
[2026-09-25 02:29:29] sched_R8_L2_s3_r05   481s  best 1106.15  fired 1/2 [-1, 15]  current 1208.36  restarts 3  iters 6903630  exact None
[2026-09-25 02:29:44] sched_R8_L2_s3_r05   496s  best 1106.15  fired 1/2 [-1, 15]  current 1208.67  restarts 3  iters 7103838  exact None
[2026-09-25 02:29:58] sched_R8_L2_s3_r05   510s  best 1106.15  fired 1/2 [-1, 15]  current 1107.65  restarts 3  iters 7312774  exact None
[2026-09-25 02:30:13] sched_R8_L2_s3_r05   525s  best 1106.15  fired 1/2 [-1, 15]  current 1107.26  restarts 3  iters 7537772  exact None
[2026-09-25 02:30:23] sched_R8_L2_s3_r05   535s  best 1106.15  fired 1/2 [-1, 15]  current 1107.36  restarts 3  iters 7689250  exact None
[2026-09-25 02:30:34] sched_R8_L2_s3_r05   546s  best 1106.15  fired 1/2 [-1, 15]  current 1107.36  restarts 3  iters 7834984  exact None
[2026-09-25 02:30:48] sched_R8_L2_s3_r05   560s  best 1106.15  fired 1/2 [-1, 15]  current 1107.65  restarts 3  iters 8051287  exact None
[2026-09-25 02:31:03] sched_R8_L2_s3_r05   575s  best 1106.15  fired 1/2 [-1, 15]  current 1107.65  restarts 3  iters 8280577  exact None
[2026-09-25 02:31:18] sched_R8_L2_s3_r05   590s  best 1106.15  fired 1/2 [-1, 15]  current 1107.85  restarts 3  iters 8516703  exact None
[2026-09-25 02:31:28] sched_R8_L2_s3_r05   600s  best 1104.35  fired 1/2 [-1, 24]  current 1104.36  restarts 4  iters 8674114  exact None
[sched_R8_L2_s3_r05] final best score 1104.35  exact real depth/cx None
