basis ckpt/basis_s1.pkl: 286 ANF monomials
[span_L7_s77_c1_z3_basis] start fitness 3824 / 4096  (CZ layer 3, LCX 1, TEMP 1.00, MAXMUT 3, KICK 8 gates after 60s stuck)
[2026-09-25 10:38:02] span_L7_s77_c1_z3_basis     13s  best 3842/4096  current 3831  kicks 0  iters 9720 (745/s)  best: cx 34 tof 18
[2026-09-25 10:38:12] span_L7_s77_c1_z3_basis     23s  best 3848/4096  current 3835  kicks 0  iters 32864 (1417/s)  best: cx 33 tof 18
[2026-09-25 10:38:22] span_L7_s77_c1_z3_basis     33s  best 3860/4096  current 3844  kicks 0  iters 55603 (1663/s)  best: cx 31 tof 21
[2026-09-25 10:38:37] span_L7_s77_c1_z3_basis     48s  best 3863/4096  current 3858  kicks 0  iters 88792 (1838/s)  best: cx 36 tof 21
[2026-09-25 10:38:48] span_L7_s77_c1_z3_basis     59s  best 3867/4096  current 3853  kicks 0  iters 110694 (1891/s)  best: cx 34 tof 25
[2026-09-25 10:38:58] span_L7_s77_c1_z3_basis     69s  best 3867/4096  current 3857  kicks 0  iters 130810 (1894/s)  best: cx 34 tof 25
[2026-09-25 10:39:08] span_L7_s77_c1_z3_basis     79s  best 3871/4096  current 3871  kicks 0  iters 151374 (1905/s)  best: cx 34 tof 23
[2026-09-25 10:39:23] span_L7_s77_c1_z3_basis     94s  best 3872/4096  current 3859  kicks 0  iters 180614 (1915/s)  best: cx 35 tof 23
[2026-09-25 10:39:38] span_L7_s77_c1_z3_basis    109s  best 3875/4096  current 3867  kicks 0  iters 209557 (1922/s)  best: cx 38 tof 22
[2026-09-25 10:39:53] span_L7_s77_c1_z3_basis    124s  best 3875/4096  current 3868  kicks 0  iters 241576 (1954/s)  best: cx 38 tof 22
[2026-09-25 10:40:03] span_L7_s77_c1_z3_basis    134s  best 3880/4096  current 3876  kicks 0  iters 263283 (1962/s)  best: cx 34 tof 21
[2026-09-25 10:40:18] span_L7_s77_c1_z3_basis    149s  best 3880/4096  current 3870  kicks 0  iters 293796 (1974/s)  best: cx 34 tof 21
[2026-09-25 10:40:28] span_L7_s77_c1_z3_basis    159s  best 3880/4096  current 3873  kicks 0  iters 315243 (1984/s)  best: cx 34 tof 21
[2026-09-25 10:40:38] span_L7_s77_c1_z3_basis    169s  best 3880/4096  current 3851  kicks 0  iters 336308 (1989/s)  best: cx 34 tof 21
[2026-09-25 10:40:53] span_L7_s77_c1_z3_basis    184s  best 3880/4096  current 3834  kicks 0  iters 371035 (2021/s)  best: cx 34 tof 21
[2026-09-25 10:41:03] span_L7_s77_c1_z3_basis    194s  best 3880/4096  current 3838  kicks 0  iters 394131 (2036/s)  best: cx 34 tof 21
[2026-09-25 10:41:13] span_L7_s77_c1_z3_basis    204s  best 3880/4096  current 3846  kicks 1  iters 418038 (2051/s)  best: cx 34 tof 21
[2026-09-25 10:41:27] span_L7_s77_c1_z3_basis    218s  best 3880/4096  current 3835  kicks 1  iters 453888 (2079/s)  best: cx 34 tof 21
[2026-09-25 10:41:38] span_L7_s77_c1_z3_basis    229s  best 3880/4096  current 3844  kicks 1  iters 479280 (2097/s)  best: cx 34 tof 21
[2026-09-25 10:41:52] span_L7_s77_c1_z3_basis    243s  best 3880/4096  current 3817  kicks 1  iters 516450 (2123/s)  best: cx 34 tof 21
[2026-09-25 10:42:02] span_L7_s77_c1_z3_basis    253s  best 3880/4096  current 3825  kicks 1  iters 541612 (2139/s)  best: cx 34 tof 21
[2026-09-25 10:42:13] span_L7_s77_c1_z3_basis    264s  best 3880/4096  current 3841  kicks 1  iters 567077 (2150/s)  best: cx 34 tof 21
[2026-09-25 10:42:28] span_L7_s77_c1_z3_basis    279s  best 3880/4096  current 3829  kicks 2  iters 602292 (2162/s)  best: cx 34 tof 21
[2026-09-25 10:42:42] span_L7_s77_c1_z3_basis    293s  best 3880/4096  current 3847  kicks 2  iters 638203 (2177/s)  best: cx 34 tof 21
[2026-09-25 10:42:52] span_L7_s77_c1_z3_basis    303s  best 3880/4096  current 3848  kicks 2  iters 664098 (2190/s)  best: cx 34 tof 21
[2026-09-25 10:43:07] span_L7_s77_c1_z3_basis    318s  best 3881/4096  current 3874  kicks 2  iters 702451 (2207/s)  best: cx 38 tof 25
[2026-09-25 10:43:22] span_L7_s77_c1_z3_basis    333s  best 3881/4096  current 3867  kicks 2  iters 741597 (2226/s)  best: cx 38 tof 25
[2026-09-25 10:43:37] span_L7_s77_c1_z3_basis    348s  best 3881/4096  current 3859  kicks 2  iters 780521 (2241/s)  best: cx 38 tof 25
[2026-09-25 10:43:47] span_L7_s77_c1_z3_basis    358s  best 3881/4096  current 3859  kicks 2  iters 806644 (2251/s)  best: cx 38 tof 25
[2026-09-25 10:43:58] span_L7_s77_c1_z3_basis    369s  best 3881/4096  current 3864  kicks 2  iters 831331 (2253/s)  best: cx 38 tof 25
[2026-09-25 10:44:08] span_L7_s77_c1_z3_basis    379s  best 3881/4096  current 3873  kicks 2  iters 853954 (2252/s)  best: cx 38 tof 25
[2026-09-25 10:44:23] span_L7_s77_c1_z3_basis    394s  best 3881/4096  current 3826  kicks 3  iters 889797 (2260/s)  best: cx 38 tof 25
[2026-09-25 10:44:33] span_L7_s77_c1_z3_basis    404s  best 3881/4096  current 3832  kicks 3  iters 914031 (2262/s)  best: cx 38 tof 25
[2026-09-25 10:44:48] span_L7_s77_c1_z3_basis    419s  best 3881/4096  current 3828  kicks 3  iters 949463 (2266/s)  best: cx 38 tof 25
[2026-09-25 10:45:02] span_L7_s77_c1_z3_basis    433s  best 3881/4096  current 3831  kicks 3  iters 984523 (2271/s)  best: cx 38 tof 25
[2026-09-25 10:45:12] span_L7_s77_c1_z3_basis    443s  best 3881/4096  current 3855  kicks 3  iters 1009622 (2276/s)  best: cx 38 tof 25
[2026-09-25 10:45:27] span_L7_s77_c1_z3_basis    458s  best 3881/4096  current 3873  kicks 4  iters 1048397 (2287/s)  best: cx 38 tof 25
[2026-09-25 10:45:43] span_L7_s77_c1_z3_basis    474s  best 3881/4096  current 3872  kicks 4  iters 1088798 (2299/s)  best: cx 38 tof 25
[2026-09-25 10:45:57] span_L7_s77_c1_z3_basis    488s  best 3881/4096  current 3857  kicks 4  iters 1126984 (2309/s)  best: cx 38 tof 25
[2026-09-25 10:46:08] span_L7_s77_c1_z3_basis    499s  best 3881/4096  current 3870  kicks 4  iters 1153173 (2312/s)  best: cx 38 tof 25
[2026-09-25 10:46:23] span_L7_s77_c1_z3_basis    513s  best 3881/4096  current 3829  kicks 5  iters 1190750 (2318/s)  best: cx 38 tof 25
[2026-09-25 10:46:38] span_L7_s77_c1_z3_basis    529s  best 3881/4096  current 3826  kicks 5  iters 1228321 (2322/s)  best: cx 38 tof 25
[2026-09-25 10:46:53] span_L7_s77_c1_z3_basis    544s  best 3881/4096  current 3821  kicks 5  iters 1265073 (2325/s)  best: cx 38 tof 25
[2026-09-25 10:47:03] span_L7_s77_c1_z3_basis    554s  best 3881/4096  current 3835  kicks 5  iters 1289710 (2327/s)  best: cx 38 tof 25
[2026-09-25 10:47:18] span_L7_s77_c1_z3_basis    569s  best 3881/4096  current 3839  kicks 5  iters 1325770 (2331/s)  best: cx 38 tof 25
[2026-09-25 10:47:28] span_L7_s77_c1_z3_basis    579s  best 3881/4096  current 3848  kicks 6  iters 1350475 (2333/s)  best: cx 38 tof 25
[2026-09-25 10:47:43] span_L7_s77_c1_z3_basis    594s  best 3881/4096  current 3859  kicks 6  iters 1387555 (2334/s)  best: cx 38 tof 25
[2026-09-25 10:47:58] span_L7_s77_c1_z3_basis    609s  best 3881/4096  current 3854  kicks 6  iters 1421819 (2333/s)  best: cx 38 tof 25
[2026-09-25 10:48:13] span_L7_s77_c1_z3_basis    624s  best 3881/4096  current 3871  kicks 6  iters 1457519 (2334/s)  best: cx 38 tof 25
[2026-09-25 10:48:28] span_L7_s77_c1_z3_basis    639s  best 3881/4096  current 3833  kicks 7  iters 1493485 (2338/s)  best: cx 38 tof 25
[2026-09-25 10:48:38] span_L7_s77_c1_z3_basis    649s  best 3881/4096  current 3835  kicks 7  iters 1519767 (2341/s)  best: cx 38 tof 25
[2026-09-25 10:48:48] span_L7_s77_c1_z3_basis    659s  best 3881/4096  current 3859  kicks 7  iters 1544161 (2342/s)  best: cx 38 tof 25
[2026-09-25 10:48:58] span_L7_s77_c1_z3_basis    669s  best 3881/4096  current 3862  kicks 7  iters 1566082 (2339/s)  best: cx 38 tof 25
[2026-09-25 10:49:13] span_L7_s77_c1_z3_basis    684s  best 3881/4096  current 3871  kicks 7  iters 1599653 (2337/s)  best: cx 38 tof 25
[2026-09-25 10:49:28] span_L7_s77_c1_z3_basis    699s  best 3881/4096  current 3824  kicks 8  iters 1635606 (2339/s)  best: cx 38 tof 25
[2026-09-25 10:49:38] span_L7_s77_c1_z3_basis    709s  best 3881/4096  current 3835  kicks 8  iters 1659732 (2340/s)  best: cx 38 tof 25
[2026-09-25 10:49:53] span_L7_s77_c1_z3_basis    724s  best 3881/4096  current 3836  kicks 8  iters 1696050 (2342/s)  best: cx 38 tof 25
[2026-09-25 10:50:03] span_L7_s77_c1_z3_basis    734s  best 3881/4096  current 3826  kicks 8  iters 1721595 (2345/s)  best: cx 38 tof 25
[2026-09-25 10:50:18] span_L7_s77_c1_z3_basis    749s  best 3881/4096  current 3836  kicks 8  iters 1758563 (2347/s)  best: cx 38 tof 25
[2026-09-25 10:50:33] span_L7_s77_c1_z3_basis    764s  best 3881/4096  current 3836  kicks 9  iters 1795329 (2350/s)  best: cx 38 tof 25
[2026-09-25 10:50:43] span_L7_s77_c1_z3_basis    774s  best 3881/4096  current 3817  kicks 9  iters 1820753 (2352/s)  best: cx 38 tof 25
[2026-09-25 10:50:53] span_L7_s77_c1_z3_basis    784s  best 3881/4096  current 3835  kicks 9  iters 1845764 (2353/s)  best: cx 38 tof 25
[2026-09-25 10:51:08] span_L7_s77_c1_z3_basis    799s  best 3881/4096  current 3841  kicks 9  iters 1882167 (2354/s)  best: cx 38 tof 25
[2026-09-25 10:51:23] span_L7_s77_c1_z3_basis    814s  best 3881/4096  current 3834  kicks 9  iters 1917762 (2356/s)  best: cx 38 tof 25
[2026-09-25 10:51:38] span_L7_s77_c1_z3_basis    829s  best 3881/4096  current 3839  kicks 10  iters 1956264 (2359/s)  best: cx 38 tof 25
[2026-09-25 10:51:48] span_L7_s77_c1_z3_basis    839s  best 3881/4096  current 3822  kicks 10  iters 1981142 (2360/s)  best: cx 38 tof 25
[2026-09-25 10:51:58] span_L7_s77_c1_z3_basis    849s  best 3881/4096  current 3836  kicks 10  iters 2004951 (2360/s)  best: cx 38 tof 25
[2026-09-25 10:52:13] span_L7_s77_c1_z3_basis    864s  best 3881/4096  current 3835  kicks 10  iters 2041189 (2361/s)  best: cx 38 tof 25
[2026-09-25 10:52:28] span_L7_s77_c1_z3_basis    879s  best 3881/4096  current 3833  kicks 10  iters 2078453 (2363/s)  best: cx 38 tof 25
[2026-09-25 10:52:38] span_L7_s77_c1_z3_basis    889s  best 3881/4096  current 3835  kicks 11  iters 2103347 (2365/s)  best: cx 38 tof 25
[2026-09-25 10:52:53] span_L7_s77_c1_z3_basis    904s  best 3881/4096  current 3837  kicks 11  iters 2140565 (2367/s)  best: cx 38 tof 25
[2026-09-25 10:53:04] span_L7_s77_c1_z3_basis    915s  best 3881/4096  current 3840  kicks 11  iters 2165615 (2367/s)  best: cx 38 tof 25
[2026-09-25 10:53:14] span_L7_s77_c1_z3_basis    925s  best 3881/4096  current 3839  kicks 11  iters 2188131 (2365/s)  best: cx 38 tof 25
[2026-09-25 10:53:28] span_L7_s77_c1_z3_basis    939s  best 3881/4096  current 3834  kicks 11  iters 2222249 (2365/s)  best: cx 38 tof 25
[2026-09-25 10:53:43] span_L7_s77_c1_z3_basis    954s  best 3881/4096  current 3856  kicks 12  iters 2259309 (2367/s)  best: cx 38 tof 25
[2026-09-25 10:53:53] span_L7_s77_c1_z3_basis    964s  best 3881/4096  current 3855  kicks 12  iters 2284635 (2368/s)  best: cx 38 tof 25
[2026-09-25 10:54:04] span_L7_s77_c1_z3_basis    975s  best 3881/4096  current 3858  kicks 12  iters 2308850 (2368/s)  best: cx 38 tof 25
[2026-09-25 10:54:19] span_L7_s77_c1_z3_basis    990s  best 3881/4096  current 3871  kicks 12  iters 2343783 (2367/s)  best: cx 38 tof 25
[2026-09-25 10:54:34] span_L7_s77_c1_z3_basis   1005s  best 3881/4096  current 3848  kicks 13  iters 2377970 (2366/s)  best: cx 38 tof 25
[2026-09-25 10:54:44] span_L7_s77_c1_z3_basis   1015s  best 3881/4096  current 3839  kicks 13  iters 2400922 (2364/s)  best: cx 38 tof 25
[2026-09-25 10:54:58] span_L7_s77_c1_z3_basis   1029s  best 3881/4096  current 3839  kicks 13  iters 2435913 (2366/s)  best: cx 38 tof 25
[2026-09-25 10:55:13] span_L7_s77_c1_z3_basis   1044s  best 3881/4096  current 3831  kicks 13  iters 2473216 (2368/s)  best: cx 38 tof 25
[2026-09-25 10:55:23] span_L7_s77_c1_z3_basis   1054s  best 3881/4096  current 3823  kicks 13  iters 2498661 (2369/s)  best: cx 38 tof 25
[2026-09-25 10:55:33] span_L7_s77_c1_z3_basis   1064s  best 3881/4096  current 3820  kicks 13  iters 2524685 (2371/s)  best: cx 38 tof 25
[2026-09-25 10:55:48] span_L7_s77_c1_z3_basis   1079s  best 3881/4096  current 3837  kicks 14  iters 2562722 (2374/s)  best: cx 38 tof 25
[2026-09-25 10:55:59] span_L7_s77_c1_z3_basis   1089s  best 3881/4096  current 3829  kicks 14  iters 2587360 (2374/s)  best: cx 38 tof 25
[2026-09-25 10:56:09] span_L7_s77_c1_z3_basis   1100s  best 3881/4096  current 3833  kicks 14  iters 2612049 (2375/s)  best: cx 38 tof 25
[2026-09-25 10:56:24] span_L7_s77_c1_z3_basis   1115s  best 3881/4096  current 3844  kicks 14  iters 2648484 (2376/s)  best: cx 38 tof 25
[2026-09-25 10:56:34] span_L7_s77_c1_z3_basis   1125s  best 3881/4096  current 3832  kicks 14  iters 2672697 (2376/s)  best: cx 38 tof 25
[2026-09-25 10:56:44] span_L7_s77_c1_z3_basis   1135s  best 3881/4096  current 3835  kicks 15  iters 2697463 (2376/s)  best: cx 38 tof 25
[2026-09-25 10:56:54] span_L7_s77_c1_z3_basis   1145s  best 3881/4096  current 3861  kicks 15  iters 2721617 (2376/s)  best: cx 38 tof 25
[2026-09-25 10:57:09] span_L7_s77_c1_z3_basis   1160s  best 3881/4096  current 3872  kicks 15  iters 2756566 (2376/s)  best: cx 38 tof 25
[2026-09-25 10:57:19] span_L7_s77_c1_z3_basis   1170s  best 3881/4096  current 3871  kicks 15  iters 2780186 (2376/s)  best: cx 38 tof 25
[2026-09-25 10:57:29] span_L7_s77_c1_z3_basis   1180s  best 3881/4096  current 3869  kicks 15  iters 2802100 (2374/s)  best: cx 38 tof 25
[2026-09-25 10:57:44] span_L7_s77_c1_z3_basis   1195s  best 3881/4096  current 3823  kicks 16  iters 2836747 (2374/s)  best: cx 38 tof 25
[2026-09-25 10:57:54] span_L7_s77_c1_z3_basis   1205s  best 3881/4096  current 3851  kicks 16  iters 2862419 (2375/s)  best: cx 38 tof 25
[2026-09-25 10:58:05] span_L7_s77_c1_z3_basis   1216s  best 3881/4096  current 3856  kicks 16  iters 2885777 (2373/s)  best: cx 38 tof 25
[2026-09-25 10:58:15] span_L7_s77_c1_z3_basis   1226s  best 3881/4096  current 3858  kicks 16  iters 2905016 (2369/s)  best: cx 38 tof 25
[2026-09-25 10:58:29] span_L7_s77_c1_z3_basis   1240s  best 3881/4096  current 3829  kicks 16  iters 2935089 (2366/s)  best: cx 38 tof 25
[2026-09-25 10:58:39] span_L7_s77_c1_z3_basis   1250s  best 3881/4096  current 3840  kicks 16  iters 2960007 (2367/s)  best: cx 38 tof 25
[2026-09-25 10:58:54] span_L7_s77_c1_z3_basis   1265s  best 3881/4096  current 3836  kicks 17  iters 2997095 (2368/s)  best: cx 38 tof 25
[2026-09-25 10:59:04] span_L7_s77_c1_z3_basis   1275s  best 3881/4096  current 3835  kicks 17  iters 3021733 (2369/s)  best: cx 38 tof 25
[2026-09-25 10:59:19] span_L7_s77_c1_z3_basis   1290s  best 3881/4096  current 3828  kicks 17  iters 3058350 (2371/s)  best: cx 38 tof 25
[2026-09-25 10:59:29] span_L7_s77_c1_z3_basis   1300s  best 3881/4096  current 3864  kicks 17  iters 3082987 (2370/s)  best: cx 38 tof 25
[2026-09-25 10:59:44] span_L7_s77_c1_z3_basis   1315s  best 3881/4096  current 3849  kicks 17  iters 3120740 (2373/s)  best: cx 38 tof 25
[2026-09-25 10:59:55] span_L7_s77_c1_z3_basis   1326s  best 3881/4096  current 3825  kicks 18  iters 3145325 (2372/s)  best: cx 38 tof 25
[2026-09-25 11:00:09] span_L7_s77_c1_z3_basis   1340s  best 3881/4096  current 3852  kicks 18  iters 3181791 (2373/s)  best: cx 38 tof 25
[2026-09-25 11:00:20] span_L7_s77_c1_z3_basis   1351s  best 3881/4096  current 3849  kicks 18  iters 3205453 (2373/s)  best: cx 38 tof 25
[2026-09-25 11:00:34] span_L7_s77_c1_z3_basis   1365s  best 3881/4096  current 3864  kicks 18  iters 3242677 (2375/s)  best: cx 38 tof 25
[2026-09-25 11:00:44] span_L7_s77_c1_z3_basis   1375s  best 3881/4096  current 3859  kicks 18  iters 3268145 (2376/s)  best: cx 38 tof 25
[2026-09-25 11:00:59] span_L7_s77_c1_z3_basis   1390s  best 3881/4096  current 3823  kicks 19  iters 3304929 (2377/s)  best: cx 38 tof 25
[2026-09-25 11:01:10] span_L7_s77_c1_z3_basis   1401s  best 3881/4096  current 3827  kicks 19  iters 3331043 (2378/s)  best: cx 38 tof 25
[2026-09-25 11:01:24] span_L7_s77_c1_z3_basis   1415s  best 3881/4096  current 3832  kicks 19  iters 3368656 (2380/s)  best: cx 38 tof 25
[2026-09-25 11:01:39] span_L7_s77_c1_z3_basis   1430s  best 3881/4096  current 3822  kicks 19  iters 3407832 (2382/s)  best: cx 38 tof 25
[2026-09-25 11:01:50] span_L7_s77_c1_z3_basis   1441s  best 3881/4096  current 3830  kicks 20  iters 3432707 (2382/s)  best: cx 38 tof 25
[2026-09-25 11:02:04] span_L7_s77_c1_z3_basis   1455s  best 3881/4096  current 3836  kicks 20  iters 3469979 (2384/s)  best: cx 38 tof 25
[2026-09-25 11:02:14] span_L7_s77_c1_z3_basis   1465s  best 3881/4096  current 3856  kicks 20  iters 3493695 (2384/s)  best: cx 38 tof 25
[2026-09-25 11:02:25] span_L7_s77_c1_z3_basis   1476s  best 3881/4096  current 3853  kicks 20  iters 3518261 (2383/s)  best: cx 38 tof 25
[2026-09-25 11:02:39] span_L7_s77_c1_z3_basis   1490s  best 3881/4096  current 3832  kicks 20  iters 3551761 (2383/s)  best: cx 38 tof 25
[2026-09-25 11:02:50] span_L7_s77_c1_z3_basis   1501s  best 3881/4096  current 3850  kicks 21  iters 3577269 (2383/s)  best: cx 38 tof 25
[2026-09-25 11:03:00] span_L7_s77_c1_z3_basis   1511s  best 3881/4096  current 3823  kicks 21  iters 3601070 (2383/s)  best: cx 38 tof 25
[2026-09-25 11:03:14] span_L7_s77_c1_z3_basis   1525s  best 3881/4096  current 3834  kicks 21  iters 3637647 (2384/s)  best: cx 38 tof 25
[2026-09-25 11:03:25] span_L7_s77_c1_z3_basis   1536s  best 3881/4096  current 3833  kicks 21  iters 3662139 (2384/s)  best: cx 38 tof 25
[2026-09-25 11:03:40] span_L7_s77_c1_z3_basis   1551s  best 3881/4096  current 3822  kicks 21  iters 3699543 (2385/s)  best: cx 38 tof 25
[2026-09-25 11:03:54] span_L7_s77_c1_z3_basis   1565s  best 3881/4096  current 3872  kicks 22  iters 3737691 (2387/s)  best: cx 38 tof 25
[2026-09-25 11:04:04] span_L7_s77_c1_z3_basis   1575s  best 3881/4096  current 3871  kicks 22  iters 3764708 (2389/s)  best: cx 38 tof 25
[2026-09-25 11:04:19] span_L7_s77_c1_z3_basis   1590s  best 3881/4096  current 3875  kicks 22  iters 3805785 (2393/s)  best: cx 38 tof 25
[2026-09-25 11:04:29] span_L7_s77_c1_z3_basis   1600s  best 3881/4096  current 3878  kicks 22  iters 3834022 (2395/s)  best: cx 38 tof 25
[2026-09-25 11:04:39] span_L7_s77_c1_z3_basis   1610s  best 3884/4096  current 3875  kicks 22  iters 3861185 (2397/s)  best: cx 35 tof 26
[2026-09-25 11:04:50] span_L7_s77_c1_z3_basis   1621s  best 3884/4096  current 3875  kicks 22  iters 3888130 (2399/s)  best: cx 35 tof 26
[2026-09-25 11:05:00] span_L7_s77_c1_z3_basis   1631s  best 3884/4096  current 3879  kicks 22  iters 3914026 (2400/s)  best: cx 35 tof 26
[2026-09-25 11:05:15] span_L7_s77_c1_z3_basis   1646s  best 3884/4096  current 3871  kicks 22  iters 3951527 (2401/s)  best: cx 35 tof 26
[2026-09-25 11:05:30] span_L7_s77_c1_z3_basis   1661s  best 3884/4096  current 3871  kicks 22  iters 3989976 (2402/s)  best: cx 35 tof 26
[2026-09-25 11:05:45] span_L7_s77_c1_z3_basis   1676s  best 3884/4096  current 3831  kicks 23  iters 4029698 (2404/s)  best: cx 35 tof 26
[2026-09-25 11:06:00] span_L7_s77_c1_z3_basis   1691s  best 3884/4096  current 3839  kicks 23  iters 4067178 (2405/s)  best: cx 35 tof 26
[2026-09-25 11:06:15] span_L7_s77_c1_z3_basis   1706s  best 3884/4096  current 3833  kicks 23  iters 4105754 (2406/s)  best: cx 35 tof 26
[2026-09-25 11:06:30] span_L7_s77_c1_z3_basis   1721s  best 3884/4096  current 3841  kicks 23  iters 4142925 (2407/s)  best: cx 35 tof 26
[2026-09-25 11:06:40] span_L7_s77_c1_z3_basis   1731s  best 3884/4096  current 3827  kicks 23  iters 4167102 (2407/s)  best: cx 35 tof 26
[2026-09-25 11:06:55] span_L7_s77_c1_z3_basis   1746s  best 3884/4096  current 3836  kicks 24  iters 4203900 (2407/s)  best: cx 35 tof 26
[2026-09-25 11:07:05] span_L7_s77_c1_z3_basis   1756s  best 3884/4096  current 3829  kicks 24  iters 4228099 (2407/s)  best: cx 35 tof 26
[2026-09-25 11:07:20] span_L7_s77_c1_z3_basis   1771s  best 3884/4096  current 3836  kicks 24  iters 4265842 (2408/s)  best: cx 35 tof 26
[2026-09-25 11:07:30] span_L7_s77_c1_z3_basis   1781s  best 3884/4096  current 3851  kicks 24  iters 4291210 (2409/s)  best: cx 35 tof 26
[2026-09-25 11:07:41] span_L7_s77_c1_z3_basis   1792s  best 3884/4096  current 3854  kicks 24  iters 4314141 (2407/s)  best: cx 35 tof 26
[2026-09-25 11:07:50] span_L7_s77_c1_z3_basis   1801s  best 3884/4096  current 3830  kicks 25  iters 4336798 (2407/s)  best: cx 35 tof 26
[span_L7_s77_c1_z3_basis] final best 3884 / 4096
