[span_L5_s22_c1_z1_T3] start fitness 2999 / 4096  (CZ layer 1, LCX 1, TEMP 3.00, MAXMUT 3, KICK 8 gates after 60s stuck)
[2026-09-25 04:53:21] span_L5_s22_c1_z1_T3     12s  best 3753/4096  current 3733  kicks 0  iters 481570 (40577/s)  best: cx 27 tof 19
[2026-09-25 04:53:31] span_L5_s22_c1_z1_T3     22s  best 3753/4096  current 3733  kicks 0  iters 874983 (39798/s)  best: cx 27 tof 19
[2026-09-25 04:53:41] span_L5_s22_c1_z1_T3     32s  best 3761/4096  current 3729  kicks 0  iters 1273515 (39654/s)  best: cx 24 tof 14
[2026-09-25 04:53:51] span_L5_s22_c1_z1_T3     42s  best 3761/4096  current 3729  kicks 0  iters 1651979 (39109/s)  best: cx 24 tof 14
[2026-09-25 04:54:06] span_L5_s22_c1_z1_T3     57s  best 3761/4096  current 3729  kicks 0  iters 2242894 (39255/s)  best: cx 24 tof 14
[2026-09-25 04:54:16] span_L5_s22_c1_z1_T3     67s  best 3761/4096  current 3729  kicks 0  iters 2625368 (38954/s)  best: cx 24 tof 14
[2026-09-25 04:54:31] span_L5_s22_c1_z1_T3     82s  best 3761/4096  current 3729  kicks 0  iters 3168129 (38493/s)  best: cx 24 tof 14
[2026-09-25 04:54:42] span_L5_s22_c1_z1_T3     92s  best 3761/4096  current 3725  kicks 1  iters 3531840 (38185/s)  best: cx 24 tof 14
[2026-09-25 04:54:52] span_L5_s22_c1_z1_T3    103s  best 3769/4096  current 3765  kicks 1  iters 3893805 (37954/s)  best: cx 25 tof 18
[2026-09-25 04:55:04] span_L5_s22_c1_z1_T3    115s  best 3777/4096  current 3777  kicks 1  iters 4655922 (40489/s)  best: cx 29 tof 20
[2026-09-25 04:55:18] span_L5_s22_c1_z1_T3    129s  best 3783/4096  current 3777  kicks 1  iters 5201530 (40447/s)  best: cx 24 tof 14
[2026-09-25 04:55:28] span_L5_s22_c1_z1_T3    139s  best 3785/4096  current 3777  kicks 1  iters 5550379 (39981/s)  best: cx 25 tof 17
[2026-09-25 04:55:43] span_L5_s22_c1_z1_T3    154s  best 3785/4096  current 3777  kicks 1  iters 6073519 (39538/s)  best: cx 25 tof 17
[2026-09-25 04:55:58] span_L5_s22_c1_z1_T3    169s  best 3789/4096  current 3777  kicks 1  iters 6610984 (39217/s)  best: cx 27 tof 14
[2026-09-25 04:56:08] span_L5_s22_c1_z1_T3    179s  best 3789/4096  current 3777  kicks 1  iters 6968151 (39014/s)  best: cx 27 tof 14
[2026-09-25 04:56:23] span_L5_s22_c1_z1_T3    194s  best 3789/4096  current 3777  kicks 1  iters 7500595 (38700/s)  best: cx 27 tof 14
[2026-09-25 04:56:33] span_L5_s22_c1_z1_T3    204s  best 3789/4096  current 3763  kicks 1  iters 7857897 (38535/s)  best: cx 27 tof 14
[2026-09-25 04:56:48] span_L5_s22_c1_z1_T3    219s  best 3789/4096  current 3777  kicks 1  iters 8379359 (38298/s)  best: cx 27 tof 14
[2026-09-25 04:56:58] span_L5_s22_c1_z1_T3    229s  best 3789/4096  current 3693  kicks 2  iters 8726362 (38135/s)  best: cx 27 tof 14
[2026-09-25 04:57:12] span_L5_s22_c1_z1_T3    243s  best 3789/4096  current 3751  kicks 2  iters 9295557 (38186/s)  best: cx 27 tof 14
[2026-09-25 04:57:27] span_L5_s22_c1_z1_T3    258s  best 3789/4096  current 3775  kicks 2  iters 9884019 (38310/s)  best: cx 27 tof 14
[2026-09-25 04:57:38] span_L5_s22_c1_z1_T3    269s  best 3789/4096  current 3751  kicks 2  iters 10279840 (38271/s)  best: cx 27 tof 14
[2026-09-25 04:57:48] span_L5_s22_c1_z1_T3    279s  best 3789/4096  current 3751  kicks 2  iters 10637439 (38104/s)  best: cx 27 tof 14
[2026-09-25 04:58:03] span_L5_s22_c1_z1_T3    294s  best 3789/4096  current 3715  kicks 3  iters 11154612 (37971/s)  best: cx 27 tof 14
[2026-09-25 04:58:13] span_L5_s22_c1_z1_T3    304s  best 3789/4096  current 3715  kicks 3  iters 11511344 (37888/s)  best: cx 27 tof 14
[2026-09-25 04:58:28] span_L5_s22_c1_z1_T3    319s  best 3789/4096  current 3749  kicks 3  iters 12052481 (37828/s)  best: cx 27 tof 14
[2026-09-25 04:58:38] span_L5_s22_c1_z1_T3    329s  best 3801/4096  current 3801  kicks 3  iters 12414198 (37749/s)  best: cx 27 tof 18
[2026-09-25 04:58:53] span_L5_s22_c1_z1_T3    344s  best 3807/4096  current 3801  kicks 3  iters 12955920 (37710/s)  best: cx 29 tof 18
[2026-09-25 04:59:03] span_L5_s22_c1_z1_T3    354s  best 3807/4096  current 3801  kicks 3  iters 13321156 (37640/s)  best: cx 29 tof 18
[2026-09-25 04:59:13] span_L5_s22_c1_z1_T3    364s  best 3807/4096  current 3801  kicks 3  iters 13668491 (37535/s)  best: cx 29 tof 18
[2026-09-25 04:59:23] span_L5_s22_c1_z1_T3    374s  best 3807/4096  current 3801  kicks 3  iters 13998184 (37394/s)  best: cx 29 tof 18
[2026-09-25 04:59:38] span_L5_s22_c1_z1_T3    389s  best 3807/4096  current 3801  kicks 3  iters 14498373 (37262/s)  best: cx 29 tof 18
[2026-09-25 04:59:48] span_L5_s22_c1_z1_T3    399s  best 3807/4096  current 3801  kicks 3  iters 14842222 (37189/s)  best: cx 29 tof 18
[2026-09-25 04:59:58] span_L5_s22_c1_z1_T3    409s  best 3807/4096  current 3753  kicks 4  iters 15186223 (37094/s)  best: cx 29 tof 18
[2026-09-25 05:00:09] span_L5_s22_c1_z1_T3    420s  best 3807/4096  current 3753  kicks 4  iters 15497413 (36941/s)  best: cx 29 tof 18
[2026-09-25 05:00:19] span_L5_s22_c1_z1_T3    430s  best 3807/4096  current 3785  kicks 4  iters 15804007 (36750/s)  best: cx 29 tof 18
[2026-09-25 05:00:34] span_L5_s22_c1_z1_T3    445s  best 3807/4096  current 3785  kicks 4  iters 16259928 (36562/s)  best: cx 29 tof 18
[2026-09-25 05:00:48] span_L5_s22_c1_z1_T3    459s  best 3807/4096  current 3785  kicks 4  iters 16754117 (36468/s)  best: cx 29 tof 18
[2026-09-25 05:01:03] span_L5_s22_c1_z1_T3    474s  best 3807/4096  current 3777  kicks 5  iters 17268012 (36406/s)  best: cx 29 tof 18
[2026-09-25 05:01:14] span_L5_s22_c1_z1_T3    485s  best 3807/4096  current 3777  kicks 5  iters 17608098 (36332/s)  best: cx 29 tof 18
[2026-09-25 05:01:28] span_L5_s22_c1_z1_T3    499s  best 3807/4096  current 3777  kicks 5  iters 18087552 (36220/s)  best: cx 29 tof 18
[2026-09-25 05:01:43] span_L5_s22_c1_z1_T3    514s  best 3807/4096  current 3777  kicks 5  iters 18595997 (36153/s)  best: cx 29 tof 18
[2026-09-25 05:01:58] span_L5_s22_c1_z1_T3    529s  best 3807/4096  current 3713  kicks 6  iters 19124803 (36173/s)  best: cx 29 tof 18
[2026-09-25 05:02:08] span_L5_s22_c1_z1_T3    539s  best 3807/4096  current 3713  kicks 6  iters 19504104 (36193/s)  best: cx 29 tof 18
[2026-09-25 05:02:23] span_L5_s22_c1_z1_T3    554s  best 3807/4096  current 3713  kicks 6  iters 20069338 (36225/s)  best: cx 29 tof 18
[2026-09-25 05:02:33] span_L5_s22_c1_z1_T3    564s  best 3807/4096  current 3713  kicks 6  iters 20422558 (36207/s)  best: cx 29 tof 18
[2026-09-25 05:02:43] span_L5_s22_c1_z1_T3    574s  best 3807/4096  current 3713  kicks 6  iters 20780732 (36177/s)  best: cx 29 tof 18
[2026-09-25 05:02:54] span_L5_s22_c1_z1_T3    584s  best 3807/4096  current 3713  kicks 6  iters 21122865 (36140/s)  best: cx 29 tof 18
[2026-09-25 05:03:08] span_L5_s22_c1_z1_T3    598s  best 3807/4096  current 3655  kicks 7  iters 21674100 (36216/s)  best: cx 29 tof 18
[2026-09-25 05:03:22] span_L5_s22_c1_z1_T3    613s  best 3807/4096  current 3655  kicks 7  iters 22312855 (36377/s)  best: cx 29 tof 18
[2026-09-25 05:03:37] span_L5_s22_c1_z1_T3    628s  best 3807/4096  current 3655  kicks 7  iters 22957623 (36546/s)  best: cx 29 tof 18
[2026-09-25 05:03:52] span_L5_s22_c1_z1_T3    643s  best 3807/4096  current 3655  kicks 7  iters 23615128 (36717/s)  best: cx 29 tof 18
[2026-09-25 05:04:04] span_L5_s22_c1_z1_T3    655s  best 3807/4096  current 3713  kicks 8  iters 24055524 (36753/s)  best: cx 29 tof 18
[2026-09-25 05:04:18] span_L5_s22_c1_z1_T3    669s  best 3807/4096  current 3729  kicks 8  iters 24592183 (36749/s)  best: cx 29 tof 18
[2026-09-25 05:04:28] span_L5_s22_c1_z1_T3    679s  best 3807/4096  current 3713  kicks 8  iters 24963863 (36745/s)  best: cx 29 tof 18
[2026-09-25 05:04:38] span_L5_s22_c1_z1_T3    689s  best 3807/4096  current 3729  kicks 8  iters 25316079 (36721/s)  best: cx 29 tof 18
[2026-09-25 05:04:49] span_L5_s22_c1_z1_T3    700s  best 3807/4096  current 3753  kicks 8  iters 25678293 (36699/s)  best: cx 29 tof 18
[2026-09-25 05:04:59] span_L5_s22_c1_z1_T3    710s  best 3807/4096  current 3785  kicks 8  iters 26009692 (36626/s)  best: cx 29 tof 18
[2026-09-25 05:05:13] span_L5_s22_c1_z1_T3    724s  best 3807/4096  current 3731  kicks 9  iters 26540055 (36640/s)  best: cx 29 tof 18
[2026-09-25 05:05:24] span_L5_s22_c1_z1_T3    735s  best 3807/4096  current 3749  kicks 9  iters 26897101 (36594/s)  best: cx 29 tof 18
[2026-09-25 05:05:39] span_L5_s22_c1_z1_T3    750s  best 3807/4096  current 3771  kicks 9  iters 27395511 (36509/s)  best: cx 29 tof 18
[2026-09-25 05:05:54] span_L5_s22_c1_z1_T3    765s  best 3807/4096  current 3771  kicks 9  iters 27891443 (36478/s)  best: cx 29 tof 18
[2026-09-25 05:06:08] span_L5_s22_c1_z1_T3    779s  best 3807/4096  current 3695  kicks 10  iters 28432115 (36485/s)  best: cx 29 tof 18
[2026-09-25 05:06:19] span_L5_s22_c1_z1_T3    790s  best 3807/4096  current 3765  kicks 10  iters 28803484 (36458/s)  best: cx 29 tof 18
[2026-09-25 05:06:34] span_L5_s22_c1_z1_T3    805s  best 3807/4096  current 3765  kicks 10  iters 29326484 (36450/s)  best: cx 29 tof 18
[2026-09-25 05:06:44] span_L5_s22_c1_z1_T3    815s  best 3807/4096  current 3765  kicks 10  iters 29692136 (36446/s)  best: cx 29 tof 18
[2026-09-25 05:06:54] span_L5_s22_c1_z1_T3    825s  best 3807/4096  current 3765  kicks 10  iters 30046030 (36426/s)  best: cx 29 tof 18
[2026-09-25 05:07:09] span_L5_s22_c1_z1_T3    840s  best 3819/4096  current 3801  kicks 10  iters 30576950 (36414/s)  best: cx 30 tof 16
[2026-09-25 05:07:19] span_L5_s22_c1_z1_T3    850s  best 3819/4096  current 3801  kicks 10  iters 30932926 (36403/s)  best: cx 30 tof 16
[2026-09-25 05:07:34] span_L5_s22_c1_z1_T3    864s  best 3819/4096  current 3801  kicks 10  iters 31475747 (36409/s)  best: cx 30 tof 16
[2026-09-25 05:07:49] span_L5_s22_c1_z1_T3    880s  best 3823/4096  current 3819  kicks 10  iters 32039416 (36424/s)  best: cx 27 tof 14
[2026-09-25 05:08:04] span_L5_s22_c1_z1_T3    894s  best 3823/4096  current 3801  kicks 10  iters 32598291 (36445/s)  best: cx 27 tof 14
[2026-09-25 05:08:14] span_L5_s22_c1_z1_T3    905s  best 3823/4096  current 3801  kicks 10  iters 32967378 (36446/s)  best: cx 27 tof 14
[2026-09-25 05:08:24] span_L5_s22_c1_z1_T3    915s  best 3823/4096  current 3801  kicks 10  iters 33337239 (36450/s)  best: cx 27 tof 14
[2026-09-25 05:08:39] span_L5_s22_c1_z1_T3    930s  best 3823/4096  current 3801  kicks 10  iters 33900038 (36470/s)  best: cx 27 tof 14
[2026-09-25 05:08:49] span_L5_s22_c1_z1_T3    940s  best 3823/4096  current 3777  kicks 11  iters 34275167 (36469/s)  best: cx 27 tof 14
[2026-09-25 05:08:59] span_L5_s22_c1_z1_T3    950s  best 3823/4096  current 3773  kicks 11  iters 34631999 (36458/s)  best: cx 27 tof 14
[2026-09-25 05:09:14] span_L5_s22_c1_z1_T3    965s  best 3823/4096  current 3773  kicks 11  iters 35158831 (36448/s)  best: cx 27 tof 14
[2026-09-25 05:09:29] span_L5_s22_c1_z1_T3    980s  best 3823/4096  current 3773  kicks 11  iters 35713936 (36447/s)  best: cx 27 tof 14
[2026-09-25 05:09:44] span_L5_s22_c1_z1_T3    995s  best 3823/4096  current 3789  kicks 11  iters 36247874 (36448/s)  best: cx 27 tof 14
[2026-09-25 05:09:54] span_L5_s22_c1_z1_T3   1005s  best 3823/4096  current 3769  kicks 12  iters 36618135 (36449/s)  best: cx 27 tof 14
[2026-09-25 05:10:04] span_L5_s22_c1_z1_T3   1015s  best 3823/4096  current 3785  kicks 12  iters 36981139 (36428/s)  best: cx 27 tof 14
[2026-09-25 05:10:19] span_L5_s22_c1_z1_T3   1030s  best 3823/4096  current 3793  kicks 12  iters 37502977 (36415/s)  best: cx 27 tof 14
[2026-09-25 05:10:34] span_L5_s22_c1_z1_T3   1045s  best 3823/4096  current 3793  kicks 12  iters 38045704 (36418/s)  best: cx 27 tof 14
[2026-09-25 05:10:49] span_L5_s22_c1_z1_T3   1060s  best 3823/4096  current 3757  kicks 13  iters 38592132 (36412/s)  best: cx 27 tof 14
[2026-09-25 05:10:59] span_L5_s22_c1_z1_T3   1070s  best 3823/4096  current 3779  kicks 13  iters 38939535 (36388/s)  best: cx 27 tof 14
[2026-09-25 05:11:09] span_L5_s22_c1_z1_T3   1080s  best 3823/4096  current 3779  kicks 13  iters 39281649 (36366/s)  best: cx 27 tof 14
[2026-09-25 05:11:24] span_L5_s22_c1_z1_T3   1095s  best 3823/4096  current 3779  kicks 13  iters 39800577 (36340/s)  best: cx 27 tof 14
[2026-09-25 05:11:39] span_L5_s22_c1_z1_T3   1110s  best 3823/4096  current 3779  kicks 13  iters 40309706 (36312/s)  best: cx 27 tof 14
[2026-09-25 05:11:54] span_L5_s22_c1_z1_T3   1125s  best 3823/4096  current 3713  kicks 14  iters 40842782 (36307/s)  best: cx 27 tof 14
[2026-09-25 05:12:04] span_L5_s22_c1_z1_T3   1135s  best 3823/4096  current 3713  kicks 14  iters 41197661 (36293/s)  best: cx 27 tof 14
[2026-09-25 05:12:19] span_L5_s22_c1_z1_T3   1149s  best 3823/4096  current 3727  kicks 14  iters 41732188 (36305/s)  best: cx 27 tof 14
[2026-09-25 05:12:29] span_L5_s22_c1_z1_T3   1160s  best 3823/4096  current 3727  kicks 14  iters 42112818 (36299/s)  best: cx 27 tof 14
[2026-09-25 05:12:43] span_L5_s22_c1_z1_T3   1174s  best 3823/4096  current 3727  kicks 14  iters 42646644 (36316/s)  best: cx 27 tof 14
[2026-09-25 05:12:54] span_L5_s22_c1_z1_T3   1185s  best 3823/4096  current 3677  kicks 15  iters 43043557 (36332/s)  best: cx 27 tof 14
[2026-09-25 05:13:09] span_L5_s22_c1_z1_T3   1200s  best 3823/4096  current 3677  kicks 15  iters 43643062 (36378/s)  best: cx 27 tof 14
[2026-09-25 05:13:19] span_L5_s22_c1_z1_T3   1210s  best 3823/4096  current 3713  kicks 15  iters 44018554 (36370/s)  best: cx 27 tof 14
[2026-09-25 05:13:34] span_L5_s22_c1_z1_T3   1225s  best 3823/4096  current 3713  kicks 15  iters 44532945 (36357/s)  best: cx 27 tof 14
[2026-09-25 05:13:44] span_L5_s22_c1_z1_T3   1235s  best 3823/4096  current 3729  kicks 15  iters 44906911 (36364/s)  best: cx 27 tof 14
[2026-09-25 05:13:55] span_L5_s22_c1_z1_T3   1246s  best 3823/4096  current 3729  kicks 16  iters 45284517 (36351/s)  best: cx 27 tof 14
[2026-09-25 05:14:10] span_L5_s22_c1_z1_T3   1261s  best 3823/4096  current 3729  kicks 16  iters 45771070 (36306/s)  best: cx 27 tof 14
[2026-09-25 05:14:25] span_L5_s22_c1_z1_T3   1276s  best 3823/4096  current 3729  kicks 16  iters 46266513 (36269/s)  best: cx 27 tof 14
[2026-09-25 05:14:35] span_L5_s22_c1_z1_T3   1286s  best 3823/4096  current 3745  kicks 16  iters 46591984 (36238/s)  best: cx 27 tof 14
[2026-09-25 05:14:49] span_L5_s22_c1_z1_T3   1300s  best 3823/4096  current 3729  kicks 16  iters 47084781 (36210/s)  best: cx 27 tof 14
[2026-09-25 05:14:59] span_L5_s22_c1_z1_T3   1310s  best 3823/4096  current 3757  kicks 17  iters 47419127 (36185/s)  best: cx 27 tof 14
[2026-09-25 05:15:10] span_L5_s22_c1_z1_T3   1321s  best 3823/4096  current 3793  kicks 17  iters 47763490 (36169/s)  best: cx 27 tof 14
[2026-09-25 05:15:20] span_L5_s22_c1_z1_T3   1331s  best 3823/4096  current 3797  kicks 17  iters 48100559 (36147/s)  best: cx 27 tof 14
[2026-09-25 05:15:30] span_L5_s22_c1_z1_T3   1341s  best 3823/4096  current 3797  kicks 17  iters 48438230 (36129/s)  best: cx 27 tof 14
[2026-09-25 05:15:44] span_L5_s22_c1_z1_T3   1355s  best 3823/4096  current 3797  kicks 17  iters 48938157 (36105/s)  best: cx 27 tof 14
[2026-09-25 05:15:59] span_L5_s22_c1_z1_T3   1370s  best 3823/4096  current 3613  kicks 18  iters 49479973 (36108/s)  best: cx 27 tof 14
[2026-09-25 05:16:10] span_L5_s22_c1_z1_T3   1381s  best 3823/4096  current 3701  kicks 18  iters 49833627 (36085/s)  best: cx 27 tof 14
[2026-09-25 05:16:25] span_L5_s22_c1_z1_T3   1396s  best 3823/4096  current 3735  kicks 18  iters 50354961 (36081/s)  best: cx 27 tof 14
[2026-09-25 05:16:40] span_L5_s22_c1_z1_T3   1411s  best 3823/4096  current 3775  kicks 18  iters 50885383 (36075/s)  best: cx 27 tof 14
[2026-09-25 05:16:54] span_L5_s22_c1_z1_T3   1425s  best 3823/4096  current 3751  kicks 18  iters 51410683 (36070/s)  best: cx 27 tof 14
[2026-09-25 05:17:05] span_L5_s22_c1_z1_T3   1435s  best 3823/4096  current 3749  kicks 19  iters 51775703 (36068/s)  best: cx 27 tof 14
[2026-09-25 05:17:15] span_L5_s22_c1_z1_T3   1446s  best 3823/4096  current 3749  kicks 19  iters 52116177 (36041/s)  best: cx 27 tof 14
[2026-09-25 05:17:30] span_L5_s22_c1_z1_T3   1461s  best 3823/4096  current 3749  kicks 19  iters 52624145 (36016/s)  best: cx 27 tof 14
[2026-09-25 05:17:45] span_L5_s22_c1_z1_T3   1475s  best 3823/4096  current 3749  kicks 19  iters 53122668 (36003/s)  best: cx 27 tof 14
[2026-09-25 05:18:00] span_L5_s22_c1_z1_T3   1491s  best 3823/4096  current 3705  kicks 20  iters 53665143 (35997/s)  best: cx 27 tof 14
[2026-09-25 05:18:10] span_L5_s22_c1_z1_T3   1501s  best 3823/4096  current 3737  kicks 20  iters 54003494 (35983/s)  best: cx 27 tof 14
[2026-09-25 05:18:25] span_L5_s22_c1_z1_T3   1516s  best 3823/4096  current 3705  kicks 20  iters 54522868 (35965/s)  best: cx 27 tof 14
[2026-09-25 05:18:40] span_L5_s22_c1_z1_T3   1531s  best 3823/4096  current 3737  kicks 20  iters 55047617 (35965/s)  best: cx 27 tof 14
[2026-09-25 05:18:50] span_L5_s22_c1_z1_T3   1541s  best 3823/4096  current 3737  kicks 20  iters 55402709 (35958/s)  best: cx 27 tof 14
[2026-09-25 05:19:00] span_L5_s22_c1_z1_T3   1551s  best 3823/4096  current 3737  kicks 20  iters 55762308 (35958/s)  best: cx 27 tof 14
[2026-09-25 05:19:10] span_L5_s22_c1_z1_T3   1561s  best 3823/4096  current 3777  kicks 21  iters 56110514 (35942/s)  best: cx 27 tof 14
[2026-09-25 05:19:20] span_L5_s22_c1_z1_T3   1571s  best 3823/4096  current 3785  kicks 21  iters 56437544 (35920/s)  best: cx 27 tof 14
[2026-09-25 05:19:35] span_L5_s22_c1_z1_T3   1586s  best 3823/4096  current 3785  kicks 21  iters 56941562 (35913/s)  best: cx 27 tof 14
[2026-09-25 05:19:45] span_L5_s22_c1_z1_T3   1596s  best 3823/4096  current 3785  kicks 21  iters 57301190 (35908/s)  best: cx 27 tof 14
[2026-09-25 05:20:00] span_L5_s22_c1_z1_T3   1610s  best 3823/4096  current 3785  kicks 21  iters 57836762 (35912/s)  best: cx 27 tof 14
[2026-09-25 05:20:10] span_L5_s22_c1_z1_T3   1621s  best 3823/4096  current 3711  kicks 22  iters 58222323 (35916/s)  best: cx 27 tof 14
[2026-09-25 05:20:25] span_L5_s22_c1_z1_T3   1636s  best 3823/4096  current 3735  kicks 22  iters 58753441 (35920/s)  best: cx 27 tof 14
[2026-09-25 05:20:35] span_L5_s22_c1_z1_T3   1646s  best 3823/4096  current 3735  kicks 22  iters 59115632 (35919/s)  best: cx 27 tof 14
[2026-09-25 05:20:50] span_L5_s22_c1_z1_T3   1661s  best 3823/4096  current 3785  kicks 22  iters 59650193 (35916/s)  best: cx 27 tof 14
[2026-09-25 05:21:05] span_L5_s22_c1_z1_T3   1676s  best 3823/4096  current 3785  kicks 22  iters 60199241 (35929/s)  best: cx 27 tof 14
[2026-09-25 05:21:15] span_L5_s22_c1_z1_T3   1686s  best 3823/4096  current 3713  kicks 23  iters 60566391 (35922/s)  best: cx 27 tof 14
[2026-09-25 05:21:25] span_L5_s22_c1_z1_T3   1696s  best 3823/4096  current 3753  kicks 23  iters 60910935 (35908/s)  best: cx 27 tof 14
[2026-09-25 05:21:40] span_L5_s22_c1_z1_T3   1711s  best 3823/4096  current 3737  kicks 23  iters 61400297 (35877/s)  best: cx 27 tof 14
[2026-09-25 05:21:55] span_L5_s22_c1_z1_T3   1725s  best 3823/4096  current 3759  kicks 23  iters 61936347 (35895/s)  best: cx 27 tof 14
[2026-09-25 05:22:05] span_L5_s22_c1_z1_T3   1736s  best 3823/4096  current 3759  kicks 23  iters 62325863 (35910/s)  best: cx 27 tof 14
[2026-09-25 05:22:15] span_L5_s22_c1_z1_T3   1746s  best 3823/4096  current 3735  kicks 24  iters 62694865 (35904/s)  best: cx 27 tof 14
[2026-09-25 05:22:30] span_L5_s22_c1_z1_T3   1761s  best 3823/4096  current 3727  kicks 24  iters 63217820 (35905/s)  best: cx 27 tof 14
[2026-09-25 05:22:40] span_L5_s22_c1_z1_T3   1771s  best 3823/4096  current 3753  kicks 24  iters 63590083 (35910/s)  best: cx 27 tof 14
[2026-09-25 05:22:50] span_L5_s22_c1_z1_T3   1781s  best 3823/4096  current 3735  kicks 24  iters 63949285 (35903/s)  best: cx 27 tof 14
[2026-09-25 05:23:05] span_L5_s22_c1_z1_T3   1796s  best 3823/4096  current 3735  kicks 24  iters 64475460 (35898/s)  best: cx 27 tof 14
[2026-09-25 05:23:10] span_L5_s22_c1_z1_T3   1801s  best 3823/4096  current 3729  kicks 25  iters 64650640 (35894/s)  best: cx 27 tof 14
[span_L5_s22_c1_z1_T3] final best 3823 / 4096
