[span_L6_s23_c1_z1_T6] start fitness 2999 / 4096  (CZ layer 1, LCX 1, TEMP 6.00, MAXMUT 3, KICK 8 gates after 60s stuck)
[2026-09-25 04:53:21] span_L6_s23_c1_z1_T6     12s  best 3689/4096  current 3689  kicks 0  iters 375111 (31730/s)  best: cx 28 tof 18
[2026-09-25 04:53:31] span_L6_s23_c1_z1_T6     22s  best 3757/4096  current 3739  kicks 0  iters 707471 (31971/s)  best: cx 28 tof 16
[2026-09-25 04:53:46] span_L6_s23_c1_z1_T6     37s  best 3793/4096  current 3775  kicks 0  iters 1187814 (32317/s)  best: cx 29 tof 21
[2026-09-25 04:54:01] span_L6_s23_c1_z1_T6     52s  best 3793/4096  current 3689  kicks 0  iters 1683434 (32459/s)  best: cx 29 tof 21
[2026-09-25 04:54:16] span_L6_s23_c1_z1_T6     67s  best 3793/4096  current 3725  kicks 0  iters 2172603 (32455/s)  best: cx 29 tof 21
[2026-09-25 04:54:30] span_L6_s23_c1_z1_T6     81s  best 3793/4096  current 3719  kicks 0  iters 2670476 (32782/s)  best: cx 29 tof 21
[2026-09-25 04:54:41] span_L6_s23_c1_z1_T6     92s  best 3793/4096  current 3711  kicks 0  iters 3046382 (33197/s)  best: cx 29 tof 21
[2026-09-25 04:54:51] span_L6_s23_c1_z1_T6    102s  best 3793/4096  current 3685  kicks 1  iters 3380794 (33169/s)  best: cx 29 tof 21
[2026-09-25 04:55:05] span_L6_s23_c1_z1_T6    117s  best 3793/4096  current 3685  kicks 1  iters 3889820 (33368/s)  best: cx 29 tof 21
[2026-09-25 04:55:16] span_L6_s23_c1_z1_T6    127s  best 3793/4096  current 3685  kicks 1  iters 4233314 (33355/s)  best: cx 29 tof 21
[2026-09-25 04:55:31] span_L6_s23_c1_z1_T6    142s  best 3793/4096  current 3727  kicks 1  iters 4734918 (33414/s)  best: cx 29 tof 21
[2026-09-25 04:55:41] span_L6_s23_c1_z1_T6    152s  best 3793/4096  current 3685  kicks 1  iters 5091301 (33529/s)  best: cx 29 tof 21
[2026-09-25 04:55:51] span_L6_s23_c1_z1_T6    162s  best 3793/4096  current 3685  kicks 1  iters 5439045 (33588/s)  best: cx 29 tof 21
[2026-09-25 04:56:01] span_L6_s23_c1_z1_T6    172s  best 3793/4096  current 3673  kicks 2  iters 5766791 (33518/s)  best: cx 29 tof 21
[2026-09-25 04:56:11] span_L6_s23_c1_z1_T6    183s  best 3793/4096  current 3749  kicks 2  iters 6080309 (33303/s)  best: cx 29 tof 21
[2026-09-25 04:56:21] span_L6_s23_c1_z1_T6    193s  best 3793/4096  current 3749  kicks 2  iters 6391671 (33188/s)  best: cx 29 tof 21
[2026-09-25 04:56:36] span_L6_s23_c1_z1_T6    207s  best 3793/4096  current 3657  kicks 2  iters 6856548 (33074/s)  best: cx 29 tof 21
[2026-09-25 04:56:46] span_L6_s23_c1_z1_T6    217s  best 3793/4096  current 3657  kicks 2  iters 7165340 (32960/s)  best: cx 29 tof 21
[2026-09-25 04:57:01] span_L6_s23_c1_z1_T6    232s  best 3793/4096  current 3739  kicks 3  iters 7658462 (32989/s)  best: cx 29 tof 21
[2026-09-25 04:57:11] span_L6_s23_c1_z1_T6    242s  best 3793/4096  current 3739  kicks 3  iters 7988895 (32944/s)  best: cx 29 tof 21
[2026-09-25 04:57:26] span_L6_s23_c1_z1_T6    257s  best 3793/4096  current 3627  kicks 3  iters 8454184 (32841/s)  best: cx 29 tof 21
[2026-09-25 04:57:41] span_L6_s23_c1_z1_T6    272s  best 3793/4096  current 3695  kicks 3  iters 8923991 (32752/s)  best: cx 29 tof 21
[2026-09-25 04:57:56] span_L6_s23_c1_z1_T6    287s  best 3793/4096  current 3655  kicks 4  iters 9397970 (32700/s)  best: cx 29 tof 21
[2026-09-25 04:58:11] span_L6_s23_c1_z1_T6    302s  best 3793/4096  current 3659  kicks 4  iters 9891365 (32729/s)  best: cx 29 tof 21
[2026-09-25 04:58:26] span_L6_s23_c1_z1_T6    317s  best 3793/4096  current 3659  kicks 4  iters 10385953 (32770/s)  best: cx 29 tof 21
[2026-09-25 04:58:36] span_L6_s23_c1_z1_T6    327s  best 3793/4096  current 3691  kicks 4  iters 10720408 (32758/s)  best: cx 29 tof 21
[2026-09-25 04:58:51] span_L6_s23_c1_z1_T6    342s  best 3793/4096  current 3695  kicks 4  iters 11209433 (32758/s)  best: cx 29 tof 21
[2026-09-25 04:59:01] span_L6_s23_c1_z1_T6    352s  best 3793/4096  current 3721  kicks 5  iters 11546574 (32773/s)  best: cx 29 tof 21
[2026-09-25 04:59:11] span_L6_s23_c1_z1_T6    362s  best 3793/4096  current 3721  kicks 5  iters 11873178 (32757/s)  best: cx 29 tof 21
[2026-09-25 04:59:26] span_L6_s23_c1_z1_T6    377s  best 3793/4096  current 3657  kicks 5  iters 12371129 (32811/s)  best: cx 29 tof 21
[2026-09-25 04:59:36] span_L6_s23_c1_z1_T6    387s  best 3793/4096  current 3693  kicks 5  iters 12701206 (32798/s)  best: cx 29 tof 21
[2026-09-25 04:59:46] span_L6_s23_c1_z1_T6    397s  best 3793/4096  current 3669  kicks 5  iters 13028465 (32785/s)  best: cx 29 tof 21
[2026-09-25 04:59:56] span_L6_s23_c1_z1_T6    407s  best 3793/4096  current 3697  kicks 5  iters 13357744 (32786/s)  best: cx 29 tof 21
[2026-09-25 05:00:11] span_L6_s23_c1_z1_T6    422s  best 3793/4096  current 3683  kicks 6  iters 13844496 (32769/s)  best: cx 29 tof 21
[2026-09-25 05:00:21] span_L6_s23_c1_z1_T6    433s  best 3793/4096  current 3719  kicks 6  iters 14152709 (32721/s)  best: cx 29 tof 21
[2026-09-25 05:00:31] span_L6_s23_c1_z1_T6    443s  best 3793/4096  current 3793  kicks 6  iters 14497645 (32759/s)  best: cx 29 tof 21
[2026-09-25 05:00:46] span_L6_s23_c1_z1_T6    457s  best 3793/4096  current 3793  kicks 6  iters 15000992 (32804/s)  best: cx 29 tof 21
[2026-09-25 05:00:57] span_L6_s23_c1_z1_T6    468s  best 3793/4096  current 3777  kicks 6  iters 15341530 (32774/s)  best: cx 29 tof 21
[2026-09-25 05:01:11] span_L6_s23_c1_z1_T6    483s  best 3793/4096  current 3713  kicks 7  iters 15812579 (32765/s)  best: cx 29 tof 21
[2026-09-25 05:01:27] span_L6_s23_c1_z1_T6    498s  best 3793/4096  current 3713  kicks 7  iters 16314068 (32774/s)  best: cx 29 tof 21
[2026-09-25 05:01:41] span_L6_s23_c1_z1_T6    513s  best 3793/4096  current 3729  kicks 7  iters 16798648 (32774/s)  best: cx 29 tof 21
[2026-09-25 05:01:52] span_L6_s23_c1_z1_T6    523s  best 3793/4096  current 3751  kicks 7  iters 17120181 (32734/s)  best: cx 29 tof 21
[2026-09-25 05:02:06] span_L6_s23_c1_z1_T6    538s  best 3793/4096  current 3655  kicks 8  iters 17602041 (32740/s)  best: cx 29 tof 21
[2026-09-25 05:02:17] span_L6_s23_c1_z1_T6    548s  best 3793/4096  current 3701  kicks 8  iters 17935620 (32736/s)  best: cx 29 tof 21
[2026-09-25 05:02:27] span_L6_s23_c1_z1_T6    558s  best 3793/4096  current 3701  kicks 8  iters 18246061 (32688/s)  best: cx 29 tof 21
[2026-09-25 05:02:41] span_L6_s23_c1_z1_T6    573s  best 3793/4096  current 3701  kicks 8  iters 18721070 (32696/s)  best: cx 29 tof 21
[2026-09-25 05:02:51] span_L6_s23_c1_z1_T6    583s  best 3793/4096  current 3701  kicks 8  iters 19066843 (32726/s)  best: cx 29 tof 21
[2026-09-25 05:03:07] span_L6_s23_c1_z1_T6    598s  best 3793/4096  current 3701  kicks 8  iters 19579457 (32745/s)  best: cx 29 tof 21
[2026-09-25 05:03:17] span_L6_s23_c1_z1_T6    608s  best 3793/4096  current 3645  kicks 9  iters 19892063 (32718/s)  best: cx 29 tof 21
[2026-09-25 05:03:32] span_L6_s23_c1_z1_T6    623s  best 3793/4096  current 3633  kicks 9  iters 20374625 (32694/s)  best: cx 29 tof 21
[2026-09-25 05:03:47] span_L6_s23_c1_z1_T6    638s  best 3793/4096  current 3749  kicks 9  iters 20858333 (32695/s)  best: cx 29 tof 21
[2026-09-25 05:03:57] span_L6_s23_c1_z1_T6    648s  best 3793/4096  current 3749  kicks 9  iters 21178163 (32679/s)  best: cx 29 tof 21
[2026-09-25 05:04:12] span_L6_s23_c1_z1_T6    663s  best 3793/4096  current 3751  kicks 9  iters 21655680 (32672/s)  best: cx 29 tof 21
[2026-09-25 05:04:27] span_L6_s23_c1_z1_T6    678s  best 3793/4096  current 3675  kicks 10  iters 22154888 (32681/s)  best: cx 29 tof 21
[2026-09-25 05:04:41] span_L6_s23_c1_z1_T6    693s  best 3793/4096  current 3729  kicks 10  iters 22651064 (32702/s)  best: cx 29 tof 21
[2026-09-25 05:04:52] span_L6_s23_c1_z1_T6    703s  best 3793/4096  current 3729  kicks 10  iters 22995969 (32712/s)  best: cx 29 tof 21
[2026-09-25 05:05:07] span_L6_s23_c1_z1_T6    718s  best 3793/4096  current 3751  kicks 10  iters 23486897 (32724/s)  best: cx 29 tof 21
[2026-09-25 05:05:17] span_L6_s23_c1_z1_T6    728s  best 3793/4096  current 3729  kicks 10  iters 23825238 (32727/s)  best: cx 29 tof 21
[2026-09-25 05:05:32] span_L6_s23_c1_z1_T6    743s  best 3793/4096  current 3701  kicks 11  iters 24299780 (32704/s)  best: cx 29 tof 21
[2026-09-25 05:05:47] span_L6_s23_c1_z1_T6    758s  best 3793/4096  current 3741  kicks 11  iters 24786030 (32705/s)  best: cx 29 tof 21
[2026-09-25 05:06:02] span_L6_s23_c1_z1_T6    773s  best 3793/4096  current 3721  kicks 11  iters 25282496 (32709/s)  best: cx 29 tof 21
[2026-09-25 05:06:12] span_L6_s23_c1_z1_T6    783s  best 3793/4096  current 3741  kicks 11  iters 25599365 (32686/s)  best: cx 29 tof 21
[2026-09-25 05:06:26] span_L6_s23_c1_z1_T6    798s  best 3793/4096  current 3709  kicks 12  iters 26068263 (32681/s)  best: cx 29 tof 21
[2026-09-25 05:06:37] span_L6_s23_c1_z1_T6    808s  best 3793/4096  current 3709  kicks 12  iters 26404322 (32670/s)  best: cx 29 tof 21
[2026-09-25 05:06:47] span_L6_s23_c1_z1_T6    818s  best 3793/4096  current 3709  kicks 12  iters 26720279 (32652/s)  best: cx 29 tof 21
[2026-09-25 05:07:02] span_L6_s23_c1_z1_T6    833s  best 3793/4096  current 3751  kicks 12  iters 27196048 (32646/s)  best: cx 29 tof 21
[2026-09-25 05:07:12] span_L6_s23_c1_z1_T6    843s  best 3793/4096  current 3751  kicks 12  iters 27518833 (32642/s)  best: cx 29 tof 21
[2026-09-25 05:07:22] span_L6_s23_c1_z1_T6    854s  best 3793/4096  current 3741  kicks 12  iters 27845252 (32622/s)  best: cx 29 tof 21
[2026-09-25 05:07:37] span_L6_s23_c1_z1_T6    868s  best 3793/4096  current 3691  kicks 13  iters 28325188 (32626/s)  best: cx 29 tof 21
[2026-09-25 05:07:51] span_L6_s23_c1_z1_T6    883s  best 3793/4096  current 3699  kicks 13  iters 28840131 (32673/s)  best: cx 29 tof 21
[2026-09-25 05:08:02] span_L6_s23_c1_z1_T6    893s  best 3793/4096  current 3727  kicks 13  iters 29182874 (32668/s)  best: cx 29 tof 21
[2026-09-25 05:08:17] span_L6_s23_c1_z1_T6    908s  best 3793/4096  current 3735  kicks 13  iters 29661057 (32661/s)  best: cx 29 tof 21
[2026-09-25 05:08:32] span_L6_s23_c1_z1_T6    923s  best 3793/4096  current 3641  kicks 14  iters 30153143 (32662/s)  best: cx 29 tof 21
[2026-09-25 05:08:42] span_L6_s23_c1_z1_T6    933s  best 3793/4096  current 3697  kicks 14  iters 30482056 (32660/s)  best: cx 29 tof 21
[2026-09-25 05:08:57] span_L6_s23_c1_z1_T6    948s  best 3793/4096  current 3689  kicks 14  iters 30968978 (32660/s)  best: cx 29 tof 21
[2026-09-25 05:09:12] span_L6_s23_c1_z1_T6    963s  best 3793/4096  current 3605  kicks 14  iters 31457125 (32660/s)  best: cx 29 tof 21
[2026-09-25 05:09:23] span_L6_s23_c1_z1_T6    974s  best 3793/4096  current 3659  kicks 14  iters 31782360 (32637/s)  best: cx 29 tof 21
[2026-09-25 05:09:37] span_L6_s23_c1_z1_T6    988s  best 3793/4096  current 3641  kicks 15  iters 32230082 (32615/s)  best: cx 29 tof 21
[2026-09-25 05:09:47] span_L6_s23_c1_z1_T6    999s  best 3793/4096  current 3677  kicks 15  iters 32560553 (32609/s)  best: cx 29 tof 21
[2026-09-25 05:10:02] span_L6_s23_c1_z1_T6   1013s  best 3793/4096  current 3705  kicks 15  iters 33022633 (32588/s)  best: cx 29 tof 21
[2026-09-25 05:10:12] span_L6_s23_c1_z1_T6   1024s  best 3793/4096  current 3733  kicks 15  iters 33333050 (32562/s)  best: cx 29 tof 21
[2026-09-25 05:10:27] span_L6_s23_c1_z1_T6   1038s  best 3793/4096  current 3681  kicks 15  iters 33814221 (32572/s)  best: cx 29 tof 21
[2026-09-25 05:10:42] span_L6_s23_c1_z1_T6   1053s  best 3793/4096  current 3703  kicks 16  iters 34321731 (32589/s)  best: cx 29 tof 21
[2026-09-25 05:10:52] span_L6_s23_c1_z1_T6   1063s  best 3793/4096  current 3703  kicks 16  iters 34651306 (32585/s)  best: cx 29 tof 21
[2026-09-25 05:11:07] span_L6_s23_c1_z1_T6   1078s  best 3793/4096  current 3685  kicks 16  iters 35154883 (32603/s)  best: cx 29 tof 21
[2026-09-25 05:11:17] span_L6_s23_c1_z1_T6   1088s  best 3793/4096  current 3713  kicks 16  iters 35476581 (32599/s)  best: cx 29 tof 21
[2026-09-25 05:11:32] span_L6_s23_c1_z1_T6   1103s  best 3793/4096  current 3713  kicks 16  iters 35972400 (32609/s)  best: cx 29 tof 21
[2026-09-25 05:11:42] span_L6_s23_c1_z1_T6   1114s  best 3793/4096  current 3605  kicks 17  iters 36313439 (32609/s)  best: cx 29 tof 21
[2026-09-25 05:11:57] span_L6_s23_c1_z1_T6   1128s  best 3793/4096  current 3681  kicks 17  iters 36814399 (32634/s)  best: cx 29 tof 21
[2026-09-25 05:12:07] span_L6_s23_c1_z1_T6   1138s  best 3793/4096  current 3725  kicks 17  iters 37145894 (32632/s)  best: cx 29 tof 21
[2026-09-25 05:12:22] span_L6_s23_c1_z1_T6   1153s  best 3793/4096  current 3709  kicks 17  iters 37656626 (32652/s)  best: cx 29 tof 21
[2026-09-25 05:12:37] span_L6_s23_c1_z1_T6   1168s  best 3793/4096  current 3701  kicks 17  iters 38187917 (32686/s)  best: cx 29 tof 21
[2026-09-25 05:12:47] span_L6_s23_c1_z1_T6   1178s  best 3793/4096  current 3635  kicks 18  iters 38517146 (32685/s)  best: cx 29 tof 21
[2026-09-25 05:12:58] span_L6_s23_c1_z1_T6   1189s  best 3793/4096  current 3667  kicks 18  iters 38833960 (32662/s)  best: cx 29 tof 21
[2026-09-25 05:13:12] span_L6_s23_c1_z1_T6   1204s  best 3793/4096  current 3779  kicks 18  iters 39295603 (32646/s)  best: cx 29 tof 21
[2026-09-25 05:13:23] span_L6_s23_c1_z1_T6   1214s  best 3797/4096  current 3779  kicks 18  iters 39607216 (32627/s)  best: cx 32 tof 18
[2026-09-25 05:13:37] span_L6_s23_c1_z1_T6   1229s  best 3797/4096  current 3745  kicks 18  iters 40061790 (32609/s)  best: cx 32 tof 18
[2026-09-25 05:13:52] span_L6_s23_c1_z1_T6   1243s  best 3797/4096  current 3749  kicks 18  iters 40557053 (32619/s)  best: cx 32 tof 18
[2026-09-25 05:14:07] span_L6_s23_c1_z1_T6   1258s  best 3797/4096  current 3793  kicks 18  iters 41072542 (32642/s)  best: cx 32 tof 18
[2026-09-25 05:14:22] span_L6_s23_c1_z1_T6   1273s  best 3811/4096  current 3793  kicks 18  iters 41606342 (32681/s)  best: cx 32 tof 20
[2026-09-25 05:14:32] span_L6_s23_c1_z1_T6   1283s  best 3811/4096  current 3769  kicks 18  iters 41955525 (32696/s)  best: cx 32 tof 20
[2026-09-25 05:14:47] span_L6_s23_c1_z1_T6   1298s  best 3811/4096  current 3711  kicks 18  iters 42491520 (32731/s)  best: cx 32 tof 20
[2026-09-25 05:15:02] span_L6_s23_c1_z1_T6   1313s  best 3811/4096  current 3771  kicks 18  iters 43025671 (32763/s)  best: cx 32 tof 20
[2026-09-25 05:15:12] span_L6_s23_c1_z1_T6   1323s  best 3811/4096  current 3771  kicks 18  iters 43375275 (32779/s)  best: cx 32 tof 20
[2026-09-25 05:15:22] span_L6_s23_c1_z1_T6   1334s  best 3811/4096  current 3657  kicks 19  iters 43725936 (32789/s)  best: cx 32 tof 20
[2026-09-25 05:15:37] span_L6_s23_c1_z1_T6   1349s  best 3811/4096  current 3655  kicks 19  iters 44216105 (32784/s)  best: cx 32 tof 20
[2026-09-25 05:15:48] span_L6_s23_c1_z1_T6   1359s  best 3811/4096  current 3725  kicks 19  iters 44525285 (32756/s)  best: cx 32 tof 20
[2026-09-25 05:16:02] span_L6_s23_c1_z1_T6   1373s  best 3811/4096  current 3725  kicks 19  iters 44999126 (32769/s)  best: cx 32 tof 20
[2026-09-25 05:16:17] span_L6_s23_c1_z1_T6   1388s  best 3811/4096  current 3705  kicks 19  iters 45550004 (32813/s)  best: cx 32 tof 20
[2026-09-25 05:16:28] span_L6_s23_c1_z1_T6   1399s  best 3811/4096  current 3647  kicks 20  iters 45912967 (32821/s)  best: cx 32 tof 20
[2026-09-25 05:16:42] span_L6_s23_c1_z1_T6   1414s  best 3811/4096  current 3681  kicks 20  iters 46417394 (32834/s)  best: cx 32 tof 20
[2026-09-25 05:16:53] span_L6_s23_c1_z1_T6   1424s  best 3811/4096  current 3721  kicks 20  iters 46748044 (32835/s)  best: cx 32 tof 20
[2026-09-25 05:17:03] span_L6_s23_c1_z1_T6   1434s  best 3811/4096  current 3721  kicks 20  iters 47080341 (32836/s)  best: cx 32 tof 20
[2026-09-25 05:17:18] span_L6_s23_c1_z1_T6   1449s  best 3811/4096  current 3741  kicks 20  iters 47572284 (32835/s)  best: cx 32 tof 20
[2026-09-25 05:17:28] span_L6_s23_c1_z1_T6   1459s  best 3811/4096  current 3651  kicks 21  iters 47906619 (32828/s)  best: cx 32 tof 20
[2026-09-25 05:17:43] span_L6_s23_c1_z1_T6   1474s  best 3811/4096  current 3713  kicks 21  iters 48380107 (32816/s)  best: cx 32 tof 20
[2026-09-25 05:17:57] span_L6_s23_c1_z1_T6   1489s  best 3811/4096  current 3785  kicks 21  iters 48866863 (32826/s)  best: cx 32 tof 20
[2026-09-25 05:18:08] span_L6_s23_c1_z1_T6   1499s  best 3811/4096  current 3785  kicks 21  iters 49207901 (32827/s)  best: cx 32 tof 20
[2026-09-25 05:18:18] span_L6_s23_c1_z1_T6   1509s  best 3811/4096  current 3729  kicks 21  iters 49530482 (32821/s)  best: cx 32 tof 20
[2026-09-25 05:18:33] span_L6_s23_c1_z1_T6   1524s  best 3811/4096  current 3729  kicks 22  iters 50014257 (32809/s)  best: cx 32 tof 20
[2026-09-25 05:18:43] span_L6_s23_c1_z1_T6   1535s  best 3811/4096  current 3729  kicks 22  iters 50308925 (32781/s)  best: cx 32 tof 20
[2026-09-25 05:18:59] span_L6_s23_c1_z1_T6   1550s  best 3811/4096  current 3729  kicks 22  iters 50748445 (32745/s)  best: cx 32 tof 20
[2026-09-25 05:19:13] span_L6_s23_c1_z1_T6   1565s  best 3811/4096  current 3729  kicks 22  iters 51181762 (32714/s)  best: cx 32 tof 20
[2026-09-25 05:19:28] span_L6_s23_c1_z1_T6   1579s  best 3811/4096  current 3729  kicks 22  iters 51646278 (32704/s)  best: cx 32 tof 20
[2026-09-25 05:19:38] span_L6_s23_c1_z1_T6   1590s  best 3811/4096  current 3749  kicks 23  iters 51980573 (32702/s)  best: cx 32 tof 20
[2026-09-25 05:19:53] span_L6_s23_c1_z1_T6   1604s  best 3811/4096  current 3713  kicks 23  iters 52438046 (32684/s)  best: cx 32 tof 20
[2026-09-25 05:20:08] span_L6_s23_c1_z1_T6   1619s  best 3811/4096  current 3721  kicks 23  iters 52918536 (32687/s)  best: cx 32 tof 20
[2026-09-25 05:20:18] span_L6_s23_c1_z1_T6   1629s  best 3811/4096  current 3729  kicks 23  iters 53248730 (32688/s)  best: cx 32 tof 20
[2026-09-25 05:20:28] span_L6_s23_c1_z1_T6   1639s  best 3811/4096  current 3751  kicks 23  iters 53588235 (32691/s)  best: cx 32 tof 20
[2026-09-25 05:20:43] span_L6_s23_c1_z1_T6   1654s  best 3811/4096  current 3729  kicks 24  iters 54095409 (32706/s)  best: cx 32 tof 20
[2026-09-25 05:20:53] span_L6_s23_c1_z1_T6   1665s  best 3811/4096  current 3729  kicks 24  iters 54425092 (32695/s)  best: cx 32 tof 20
[2026-09-25 05:21:08] span_L6_s23_c1_z1_T6   1679s  best 3811/4096  current 3743  kicks 24  iters 54877020 (32686/s)  best: cx 32 tof 20
[2026-09-25 05:21:18] span_L6_s23_c1_z1_T6   1690s  best 3811/4096  current 3791  kicks 24  iters 55221888 (32684/s)  best: cx 32 tof 20
[2026-09-25 05:21:33] span_L6_s23_c1_z1_T6   1704s  best 3811/4096  current 3751  kicks 24  iters 55711651 (32687/s)  best: cx 32 tof 20
[2026-09-25 05:21:48] span_L6_s23_c1_z1_T6   1719s  best 3811/4096  current 3645  kicks 25  iters 56211778 (32692/s)  best: cx 32 tof 20
[2026-09-25 05:22:03] span_L6_s23_c1_z1_T6   1734s  best 3811/4096  current 3677  kicks 25  iters 56697357 (32692/s)  best: cx 32 tof 20
[2026-09-25 05:22:18] span_L6_s23_c1_z1_T6   1749s  best 3811/4096  current 3721  kicks 25  iters 57223125 (32721/s)  best: cx 32 tof 20
[2026-09-25 05:22:28] span_L6_s23_c1_z1_T6   1760s  best 3811/4096  current 3721  kicks 25  iters 57576972 (32722/s)  best: cx 32 tof 20
[2026-09-25 05:22:39] span_L6_s23_c1_z1_T6   1770s  best 3811/4096  current 3661  kicks 26  iters 57897489 (32715/s)  best: cx 32 tof 20
[2026-09-25 05:22:53] span_L6_s23_c1_z1_T6   1785s  best 3811/4096  current 3729  kicks 26  iters 58365993 (32703/s)  best: cx 32 tof 20
[2026-09-25 05:23:04] span_L6_s23_c1_z1_T6   1795s  best 3811/4096  current 3729  kicks 26  iters 58669440 (32689/s)  best: cx 32 tof 20
[2026-09-25 05:23:13] span_L6_s23_c1_z1_T6   1805s  best 3811/4096  current 3729  kicks 26  iters 58982599 (32685/s)  best: cx 32 tof 20
[span_L6_s23_c1_z1_T6] final best 3811 / 4096
