basis ckpt/basis_s1.pkl: 286 ANF monomials
[span_L6_s93_c1_z3_basislong] start fitness 3824 / 4096  (CZ layer 3, LCX 1, TEMP 2.00, MAXMUT 3, KICK 8 gates after 60s stuck)
[2026-09-25 11:24:26] span_L6_s93_c1_z3_basislong     11s  best 3832/4096  current 3811  kicks 0  iters 30380 (2693/s)  best: cx 26 tof 13
[2026-09-25 11:24:36] span_L6_s93_c1_z3_basislong     22s  best 3832/4096  current 3816  kicks 0  iters 57020 (2647/s)  best: cx 26 tof 13
[2026-09-25 11:24:51] span_L6_s93_c1_z3_basislong     36s  best 3837/4096  current 3813  kicks 0  iters 97969 (2696/s)  best: cx 26 tof 15
[2026-09-25 11:25:01] span_L6_s93_c1_z3_basislong     46s  best 3837/4096  current 3820  kicks 0  iters 125682 (2709/s)  best: cx 26 tof 15
[2026-09-25 11:25:11] span_L6_s93_c1_z3_basislong     56s  best 3837/4096  current 3811  kicks 0  iters 152271 (2698/s)  best: cx 26 tof 15
[2026-09-25 11:25:26] span_L6_s93_c1_z3_basislong     71s  best 3837/4096  current 3812  kicks 0  iters 193306 (2706/s)  best: cx 26 tof 15
[2026-09-25 11:25:36] span_L6_s93_c1_z3_basislong     82s  best 3837/4096  current 3811  kicks 0  iters 218796 (2683/s)  best: cx 26 tof 15
[2026-09-25 11:25:51] span_L6_s93_c1_z3_basislong     97s  best 3837/4096  current 3824  kicks 1  iters 258196 (2675/s)  best: cx 26 tof 15
[2026-09-25 11:26:01] span_L6_s93_c1_z3_basislong    107s  best 3837/4096  current 3811  kicks 1  iters 285214 (2677/s)  best: cx 26 tof 15
[2026-09-25 11:26:11] span_L6_s93_c1_z3_basislong    117s  best 3837/4096  current 3818  kicks 1  iters 312267 (2679/s)  best: cx 26 tof 15
[2026-09-25 11:26:26] span_L6_s93_c1_z3_basislong    132s  best 3837/4096  current 3813  kicks 1  iters 352507 (2679/s)  best: cx 26 tof 15
[2026-09-25 11:26:42] span_L6_s93_c1_z3_basislong    147s  best 3837/4096  current 3817  kicks 1  iters 392300 (2660/s)  best: cx 26 tof 15
[2026-09-25 11:26:56] span_L6_s93_c1_z3_basislong    162s  best 3837/4096  current 3811  kicks 2  iters 430781 (2660/s)  best: cx 26 tof 15
[2026-09-25 11:27:11] span_L6_s93_c1_z3_basislong    177s  best 3837/4096  current 3826  kicks 2  iters 471443 (2665/s)  best: cx 26 tof 15
[2026-09-25 11:27:21] span_L6_s93_c1_z3_basislong    187s  best 3837/4096  current 3819  kicks 2  iters 497720 (2662/s)  best: cx 26 tof 15
[2026-09-25 11:27:36] span_L6_s93_c1_z3_basislong    201s  best 3837/4096  current 3811  kicks 2  iters 538515 (2672/s)  best: cx 26 tof 15
[2026-09-25 11:27:46] span_L6_s93_c1_z3_basislong    212s  best 3837/4096  current 3811  kicks 2  iters 566704 (2677/s)  best: cx 26 tof 15
[2026-09-25 11:27:56] span_L6_s93_c1_z3_basislong    222s  best 3837/4096  current 3811  kicks 3  iters 594568 (2681/s)  best: cx 26 tof 15
[2026-09-25 11:28:11] span_L6_s93_c1_z3_basislong    237s  best 3837/4096  current 3823  kicks 3  iters 635397 (2684/s)  best: cx 26 tof 15
[2026-09-25 11:28:26] span_L6_s93_c1_z3_basislong    252s  best 3837/4096  current 3816  kicks 3  iters 676476 (2686/s)  best: cx 26 tof 15
[2026-09-25 11:28:36] span_L6_s93_c1_z3_basislong    262s  best 3837/4096  current 3816  kicks 3  iters 703030 (2685/s)  best: cx 26 tof 15
[2026-09-25 11:28:47] span_L6_s93_c1_z3_basislong    272s  best 3839/4096  current 3824  kicks 3  iters 730563 (2684/s)  best: cx 23 tof 16
[2026-09-25 11:29:01] span_L6_s93_c1_z3_basislong    287s  best 3839/4096  current 3815  kicks 3  iters 770175 (2687/s)  best: cx 23 tof 16
[2026-09-25 11:29:16] span_L6_s93_c1_z3_basislong    302s  best 3839/4096  current 3811  kicks 3  iters 811743 (2688/s)  best: cx 23 tof 16
[2026-09-25 11:29:27] span_L6_s93_c1_z3_basislong    313s  best 3839/4096  current 3813  kicks 3  iters 838318 (2679/s)  best: cx 23 tof 16
[2026-09-25 11:29:38] span_L6_s93_c1_z3_basislong    323s  best 3839/4096  current 3813  kicks 3  iters 859998 (2659/s)  best: cx 23 tof 16
[2026-09-25 11:29:53] span_L6_s93_c1_z3_basislong    339s  best 3839/4096  current 3811  kicks 4  iters 890571 (2630/s)  best: cx 23 tof 16
[2026-09-25 11:30:08] span_L6_s93_c1_z3_basislong    353s  best 3839/4096  current 3811  kicks 4  iters 923626 (2613/s)  best: cx 23 tof 16
[2026-09-25 11:30:23] span_L6_s93_c1_z3_basislong    368s  best 3839/4096  current 3815  kicks 4  iters 956770 (2598/s)  best: cx 23 tof 16
[2026-09-25 11:30:36] span_L6_s93_c1_z3_basislong    381s  best 3839/4096  current 3811  kicks 4  iters 974789 (2555/s)  best: cx 23 tof 16
[2026-09-25 11:30:49] span_L6_s93_c1_z3_basislong    394s  best 3839/4096  current 3817  kicks 4  iters 1005586 (2550/s)  best: cx 23 tof 16
[2026-09-25 11:31:00] span_L6_s93_c1_z3_basislong    405s  best 3839/4096  current 3812  kicks 5  iters 1028372 (2537/s)  best: cx 23 tof 16
[2026-09-25 11:31:10] span_L6_s93_c1_z3_basislong    416s  best 3839/4096  current 3826  kicks 5  iters 1048357 (2522/s)  best: cx 23 tof 16
[2026-09-25 11:31:25] span_L6_s93_c1_z3_basislong    430s  best 3839/4096  current 3823  kicks 5  iters 1079573 (2509/s)  best: cx 23 tof 16
[2026-09-25 11:31:35] span_L6_s93_c1_z3_basislong    440s  best 3839/4096  current 3812  kicks 5  iters 1099683 (2497/s)  best: cx 23 tof 16
[2026-09-25 11:31:49] span_L6_s93_c1_z3_basislong    455s  best 3839/4096  current 3836  kicks 5  iters 1130218 (2484/s)  best: cx 23 tof 16
[2026-09-25 11:32:00] span_L6_s93_c1_z3_basislong    465s  best 3839/4096  current 3821  kicks 6  iters 1151090 (2473/s)  best: cx 23 tof 16
[2026-09-25 11:32:15] span_L6_s93_c1_z3_basislong    481s  best 3839/4096  current 3820  kicks 6  iters 1180813 (2456/s)  best: cx 23 tof 16
[2026-09-25 11:32:30] span_L6_s93_c1_z3_basislong    496s  best 3839/4096  current 3811  kicks 6  iters 1209985 (2440/s)  best: cx 23 tof 16
[2026-09-25 11:32:44] span_L6_s93_c1_z3_basislong    510s  best 3839/4096  current 3819  kicks 6  iters 1239796 (2432/s)  best: cx 23 tof 16
[2026-09-25 11:32:55] span_L6_s93_c1_z3_basislong    520s  best 3839/4096  current 3813  kicks 7  iters 1262146 (2426/s)  best: cx 23 tof 16
[2026-09-25 11:33:10] span_L6_s93_c1_z3_basislong    535s  best 3841/4096  current 3812  kicks 7  iters 1294671 (2419/s)  best: cx 25 tof 16
[2026-09-25 11:33:25] span_L6_s93_c1_z3_basislong    550s  best 3841/4096  current 3811  kicks 7  iters 1327320 (2412/s)  best: cx 25 tof 16
[2026-09-25 11:33:35] span_L6_s93_c1_z3_basislong    560s  best 3841/4096  current 3822  kicks 7  iters 1348898 (2407/s)  best: cx 25 tof 16
[2026-09-25 11:33:45] span_L6_s93_c1_z3_basislong    570s  best 3841/4096  current 3814  kicks 7  iters 1370059 (2401/s)  best: cx 25 tof 16
[2026-09-25 11:34:00] span_L6_s93_c1_z3_basislong    585s  best 3841/4096  current 3811  kicks 7  iters 1401505 (2393/s)  best: cx 25 tof 16
[2026-09-25 11:34:10] span_L6_s93_c1_z3_basislong    596s  best 3841/4096  current 3812  kicks 8  iters 1423315 (2389/s)  best: cx 25 tof 16
[2026-09-25 11:34:20] span_L6_s93_c1_z3_basislong    606s  best 3841/4096  current 3811  kicks 8  iters 1443970 (2383/s)  best: cx 25 tof 16
[2026-09-25 11:34:34] span_L6_s93_c1_z3_basislong    620s  best 3841/4096  current 3818  kicks 8  iters 1473832 (2377/s)  best: cx 25 tof 16
[2026-09-25 11:34:45] span_L6_s93_c1_z3_basislong    631s  best 3841/4096  current 3818  kicks 8  iters 1495562 (2371/s)  best: cx 25 tof 16
[2026-09-25 11:34:55] span_L6_s93_c1_z3_basislong    641s  best 3841/4096  current 3817  kicks 8  iters 1515813 (2365/s)  best: cx 25 tof 16
[2026-09-25 11:35:10] span_L6_s93_c1_z3_basislong    656s  best 3841/4096  current 3819  kicks 9  iters 1547608 (2360/s)  best: cx 25 tof 16
[2026-09-25 11:35:21] span_L6_s93_c1_z3_basislong    666s  best 3841/4096  current 3813  kicks 9  iters 1566692 (2352/s)  best: cx 25 tof 16
[2026-09-25 11:35:31] span_L6_s93_c1_z3_basislong    676s  best 3841/4096  current 3811  kicks 9  iters 1588693 (2348/s)  best: cx 25 tof 16
[2026-09-25 11:35:42] span_L6_s93_c1_z3_basislong    687s  best 3841/4096  current 3811  kicks 9  iters 1609584 (2342/s)  best: cx 25 tof 16
[2026-09-25 11:35:56] span_L6_s93_c1_z3_basislong    702s  best 3841/4096  current 3818  kicks 9  iters 1636796 (2332/s)  best: cx 25 tof 16
[2026-09-25 11:36:11] span_L6_s93_c1_z3_basislong    716s  best 3841/4096  current 3820  kicks 10  iters 1668117 (2328/s)  best: cx 25 tof 16
[2026-09-25 11:36:26] span_L6_s93_c1_z3_basislong    732s  best 3841/4096  current 3811  kicks 10  iters 1700601 (2324/s)  best: cx 25 tof 16
[2026-09-25 11:36:41] span_L6_s93_c1_z3_basislong    747s  best 3841/4096  current 3819  kicks 10  iters 1730805 (2318/s)  best: cx 25 tof 16
[2026-09-25 11:36:57] span_L6_s93_c1_z3_basislong    762s  best 3841/4096  current 3818  kicks 10  iters 1764383 (2315/s)  best: cx 25 tof 16
[2026-09-25 11:37:12] span_L6_s93_c1_z3_basislong    777s  best 3841/4096  current 3819  kicks 11  iters 1794529 (2309/s)  best: cx 25 tof 16
[2026-09-25 11:37:22] span_L6_s93_c1_z3_basislong    787s  best 3841/4096  current 3814  kicks 11  iters 1814637 (2304/s)  best: cx 25 tof 16
[2026-09-25 11:37:37] span_L6_s93_c1_z3_basislong    802s  best 3841/4096  current 3811  kicks 11  iters 1845381 (2299/s)  best: cx 25 tof 16
[2026-09-25 11:37:52] span_L6_s93_c1_z3_basislong    817s  best 3841/4096  current 3811  kicks 11  iters 1874954 (2294/s)  best: cx 25 tof 16
[2026-09-25 11:38:07] span_L6_s93_c1_z3_basislong    832s  best 3841/4096  current 3822  kicks 11  iters 1905860 (2290/s)  best: cx 25 tof 16
[2026-09-25 11:38:21] span_L6_s93_c1_z3_basislong    847s  best 3841/4096  current 3812  kicks 12  iters 1935570 (2286/s)  best: cx 25 tof 16
[2026-09-25 11:38:31] span_L6_s93_c1_z3_basislong    857s  best 3841/4096  current 3811  kicks 12  iters 1956841 (2283/s)  best: cx 25 tof 16
[2026-09-25 11:38:42] span_L6_s93_c1_z3_basislong    867s  best 3841/4096  current 3814  kicks 12  iters 1978371 (2281/s)  best: cx 25 tof 16
[2026-09-25 11:38:57] span_L6_s93_c1_z3_basislong    882s  best 3841/4096  current 3818  kicks 12  iters 2008388 (2277/s)  best: cx 25 tof 16
[2026-09-25 11:39:07] span_L6_s93_c1_z3_basislong    893s  best 3841/4096  current 3811  kicks 12  iters 2030691 (2274/s)  best: cx 25 tof 16
[2026-09-25 11:39:18] span_L6_s93_c1_z3_basislong    903s  best 3841/4096  current 3817  kicks 13  iters 2051712 (2271/s)  best: cx 25 tof 16
[2026-09-25 11:39:33] span_L6_s93_c1_z3_basislong    918s  best 3841/4096  current 3811  kicks 13  iters 2082324 (2267/s)  best: cx 25 tof 16
[2026-09-25 11:39:47] span_L6_s93_c1_z3_basislong    933s  best 3841/4096  current 3811  kicks 13  iters 2111615 (2263/s)  best: cx 25 tof 16
[2026-09-25 11:40:02] span_L6_s93_c1_z3_basislong    948s  best 3841/4096  current 3822  kicks 13  iters 2144254 (2262/s)  best: cx 25 tof 16
[2026-09-25 11:40:13] span_L6_s93_c1_z3_basislong    958s  best 3841/4096  current 3828  kicks 14  iters 2164332 (2258/s)  best: cx 25 tof 16
[2026-09-25 11:40:27] span_L6_s93_c1_z3_basislong    973s  best 3841/4096  current 3816  kicks 14  iters 2194984 (2256/s)  best: cx 25 tof 16
[2026-09-25 11:40:38] span_L6_s93_c1_z3_basislong    983s  best 3841/4096  current 3816  kicks 14  iters 2215661 (2253/s)  best: cx 25 tof 16
[2026-09-25 11:40:53] span_L6_s93_c1_z3_basislong    998s  best 3841/4096  current 3811  kicks 14  iters 2249024 (2252/s)  best: cx 25 tof 16
[2026-09-25 11:41:08] span_L6_s93_c1_z3_basislong   1013s  best 3841/4096  current 3815  kicks 14  iters 2280377 (2250/s)  best: cx 25 tof 16
[2026-09-25 11:41:18] span_L6_s93_c1_z3_basislong   1023s  best 3841/4096  current 3811  kicks 15  iters 2301201 (2248/s)  best: cx 25 tof 16
[2026-09-25 11:41:33] span_L6_s93_c1_z3_basislong   1038s  best 3841/4096  current 3814  kicks 15  iters 2332610 (2246/s)  best: cx 25 tof 16
[2026-09-25 11:41:48] span_L6_s93_c1_z3_basislong   1054s  best 3841/4096  current 3811  kicks 15  iters 2365844 (2245/s)  best: cx 25 tof 16
[2026-09-25 11:41:58] span_L6_s93_c1_z3_basislong   1064s  best 3841/4096  current 3812  kicks 15  iters 2384808 (2241/s)  best: cx 25 tof 16
[2026-09-25 11:42:13] span_L6_s93_c1_z3_basislong   1079s  best 3841/4096  current 3811  kicks 15  iters 2414955 (2239/s)  best: cx 25 tof 16
[2026-09-25 11:42:29] span_L6_s93_c1_z3_basislong   1094s  best 3841/4096  current 3817  kicks 16  iters 2447375 (2236/s)  best: cx 25 tof 16
[2026-09-25 11:42:43] span_L6_s93_c1_z3_basislong   1108s  best 3841/4096  current 3817  kicks 16  iters 2477528 (2235/s)  best: cx 25 tof 16
[2026-09-25 11:42:53] span_L6_s93_c1_z3_basislong   1119s  best 3841/4096  current 3816  kicks 16  iters 2498714 (2233/s)  best: cx 25 tof 16
[2026-09-25 11:43:04] span_L6_s93_c1_z3_basislong   1130s  best 3841/4096  current 3822  kicks 16  iters 2519141 (2229/s)  best: cx 25 tof 16
[2026-09-25 11:43:19] span_L6_s93_c1_z3_basislong   1144s  best 3841/4096  current 3815  kicks 17  iters 2548517 (2227/s)  best: cx 25 tof 16
[2026-09-25 11:43:33] span_L6_s93_c1_z3_basislong   1158s  best 3841/4096  current 3826  kicks 17  iters 2578447 (2226/s)  best: cx 25 tof 16
[2026-09-25 11:43:43] span_L6_s93_c1_z3_basislong   1169s  best 3841/4096  current 3818  kicks 17  iters 2601268 (2225/s)  best: cx 25 tof 16
[2026-09-25 11:43:54] span_L6_s93_c1_z3_basislong   1179s  best 3841/4096  current 3814  kicks 17  iters 2622619 (2223/s)  best: cx 25 tof 16
[2026-09-25 11:44:04] span_L6_s93_c1_z3_basislong   1189s  best 3841/4096  current 3818  kicks 17  iters 2642705 (2221/s)  best: cx 25 tof 16
[2026-09-25 11:44:18] span_L6_s93_c1_z3_basislong   1204s  best 3841/4096  current 3824  kicks 17  iters 2673339 (2220/s)  best: cx 25 tof 16
[2026-09-25 11:44:29] span_L6_s93_c1_z3_basislong   1214s  best 3843/4096  current 3815  kicks 18  iters 2693731 (2218/s)  best: cx 27 tof 16
[2026-09-25 11:44:39] span_L6_s93_c1_z3_basislong   1225s  best 3843/4096  current 3819  kicks 18  iters 2714054 (2215/s)  best: cx 27 tof 16
[2026-09-25 11:44:54] span_L6_s93_c1_z3_basislong   1239s  best 3843/4096  current 3831  kicks 18  iters 2743094 (2213/s)  best: cx 27 tof 16
[2026-09-25 11:45:09] span_L6_s93_c1_z3_basislong   1254s  best 3843/4096  current 3819  kicks 18  iters 2772943 (2210/s)  best: cx 27 tof 16
[2026-09-25 11:45:24] span_L6_s93_c1_z3_basislong   1270s  best 3843/4096  current 3822  kicks 18  iters 2803049 (2207/s)  best: cx 27 tof 16
[2026-09-25 11:45:39] span_L6_s93_c1_z3_basislong   1284s  best 3843/4096  current 3818  kicks 19  iters 2834119 (2206/s)  best: cx 27 tof 16
[2026-09-25 11:45:49] span_L6_s93_c1_z3_basislong   1295s  best 3843/4096  current 3815  kicks 19  iters 2854515 (2204/s)  best: cx 27 tof 16
[2026-09-25 11:46:04] span_L6_s93_c1_z3_basislong   1310s  best 3843/4096  current 3828  kicks 19  iters 2882913 (2201/s)  best: cx 27 tof 16
[2026-09-25 11:46:18] span_L6_s93_c1_z3_basislong   1324s  best 3843/4096  current 3824  kicks 19  iters 2912791 (2200/s)  best: cx 27 tof 16
[2026-09-25 11:46:29] span_L6_s93_c1_z3_basislong   1334s  best 3843/4096  current 3811  kicks 19  iters 2935369 (2200/s)  best: cx 27 tof 16
[2026-09-25 11:46:39] span_L6_s93_c1_z3_basislong   1344s  best 3843/4096  current 3814  kicks 20  iters 2957313 (2199/s)  best: cx 27 tof 16
[2026-09-25 11:46:54] span_L6_s93_c1_z3_basislong   1360s  best 3843/4096  current 3811  kicks 20  iters 2988079 (2197/s)  best: cx 27 tof 16
[2026-09-25 11:47:04] span_L6_s93_c1_z3_basislong   1370s  best 3843/4096  current 3820  kicks 20  iters 3008274 (2196/s)  best: cx 27 tof 16
[2026-09-25 11:47:14] span_L6_s93_c1_z3_basislong   1380s  best 3843/4096  current 3813  kicks 20  iters 3028801 (2195/s)  best: cx 27 tof 16
[2026-09-25 11:47:25] span_L6_s93_c1_z3_basislong   1390s  best 3843/4096  current 3815  kicks 20  iters 3049552 (2193/s)  best: cx 27 tof 16
[2026-09-25 11:47:39] span_L6_s93_c1_z3_basislong   1405s  best 3843/4096  current 3831  kicks 21  iters 3079687 (2192/s)  best: cx 27 tof 16
[2026-09-25 11:47:55] span_L6_s93_c1_z3_basislong   1420s  best 3843/4096  current 3822  kicks 21  iters 3111141 (2190/s)  best: cx 27 tof 16
[2026-09-25 11:48:05] span_L6_s93_c1_z3_basislong   1430s  best 3843/4096  current 3813  kicks 21  iters 3131196 (2189/s)  best: cx 27 tof 16
[2026-09-25 11:48:19] span_L6_s93_c1_z3_basislong   1445s  best 3843/4096  current 3820  kicks 21  iters 3160700 (2187/s)  best: cx 27 tof 16
[2026-09-25 11:48:30] span_L6_s93_c1_z3_basislong   1455s  best 3843/4096  current 3812  kicks 21  iters 3181572 (2186/s)  best: cx 27 tof 16
[2026-09-25 11:48:44] span_L6_s93_c1_z3_basislong   1470s  best 3843/4096  current 3815  kicks 22  iters 3211625 (2184/s)  best: cx 27 tof 16
[2026-09-25 11:48:55] span_L6_s93_c1_z3_basislong   1480s  best 3843/4096  current 3813  kicks 22  iters 3231684 (2183/s)  best: cx 27 tof 16
[2026-09-25 11:49:10] span_L6_s93_c1_z3_basislong   1496s  best 3843/4096  current 3817  kicks 22  iters 3263914 (2182/s)  best: cx 27 tof 16
[2026-09-25 11:49:24] span_L6_s93_c1_z3_basislong   1510s  best 3843/4096  current 3811  kicks 22  iters 3295197 (2182/s)  best: cx 27 tof 16
[2026-09-25 11:49:35] span_L6_s93_c1_z3_basislong   1520s  best 3843/4096  current 3811  kicks 22  iters 3316590 (2181/s)  best: cx 27 tof 16
[2026-09-25 11:49:50] span_L6_s93_c1_z3_basislong   1535s  best 3843/4096  current 3817  kicks 23  iters 3348103 (2180/s)  best: cx 27 tof 16
[2026-09-25 11:50:05] span_L6_s93_c1_z3_basislong   1550s  best 3843/4096  current 3832  kicks 23  iters 3378414 (2178/s)  best: cx 27 tof 16
[2026-09-25 11:50:20] span_L6_s93_c1_z3_basislong   1565s  best 3843/4096  current 3812  kicks 23  iters 3408692 (2177/s)  best: cx 27 tof 16
[2026-09-25 11:50:36] span_L6_s93_c1_z3_basislong   1581s  best 3843/4096  current 3819  kicks 23  iters 3439346 (2175/s)  best: cx 27 tof 16
[2026-09-25 11:50:50] span_L6_s93_c1_z3_basislong   1596s  best 3843/4096  current 3817  kicks 24  iters 3470667 (2175/s)  best: cx 27 tof 16
[2026-09-25 11:51:01] span_L6_s93_c1_z3_basislong   1606s  best 3843/4096  current 3821  kicks 24  iters 3491621 (2173/s)  best: cx 27 tof 16
[2026-09-25 11:51:15] span_L6_s93_c1_z3_basislong   1621s  best 3843/4096  current 3822  kicks 24  iters 3521843 (2173/s)  best: cx 27 tof 16
[2026-09-25 11:51:25] span_L6_s93_c1_z3_basislong   1631s  best 3843/4096  current 3817  kicks 24  iters 3542979 (2172/s)  best: cx 27 tof 16
[2026-09-25 11:51:40] span_L6_s93_c1_z3_basislong   1646s  best 3843/4096  current 3820  kicks 24  iters 3573959 (2171/s)  best: cx 27 tof 16
[2026-09-25 11:51:56] span_L6_s93_c1_z3_basislong   1661s  best 3843/4096  current 3817  kicks 25  iters 3605822 (2170/s)  best: cx 27 tof 16
[2026-09-25 11:52:10] span_L6_s93_c1_z3_basislong   1676s  best 3843/4096  current 3822  kicks 25  iters 3635925 (2169/s)  best: cx 27 tof 16
[2026-09-25 11:52:21] span_L6_s93_c1_z3_basislong   1686s  best 3843/4096  current 3820  kicks 25  iters 3656201 (2168/s)  best: cx 27 tof 16
[2026-09-25 11:52:36] span_L6_s93_c1_z3_basislong   1701s  best 3843/4096  current 3815  kicks 25  iters 3689164 (2168/s)  best: cx 27 tof 16
[2026-09-25 11:52:51] span_L6_s93_c1_z3_basislong   1716s  best 3843/4096  current 3815  kicks 26  iters 3721779 (2168/s)  best: cx 27 tof 16
[2026-09-25 11:53:01] span_L6_s93_c1_z3_basislong   1726s  best 3843/4096  current 3813  kicks 26  iters 3742979 (2167/s)  best: cx 27 tof 16
[2026-09-25 11:53:15] span_L6_s93_c1_z3_basislong   1741s  best 3843/4096  current 3818  kicks 26  iters 3772673 (2167/s)  best: cx 27 tof 16
[2026-09-25 11:53:26] span_L6_s93_c1_z3_basislong   1751s  best 3843/4096  current 3815  kicks 26  iters 3794663 (2166/s)  best: cx 27 tof 16
[2026-09-25 11:53:36] span_L6_s93_c1_z3_basislong   1762s  best 3843/4096  current 3829  kicks 26  iters 3814554 (2165/s)  best: cx 27 tof 16
[2026-09-25 11:53:50] span_L6_s93_c1_z3_basislong   1776s  best 3843/4096  current 3813  kicks 27  iters 3843922 (2164/s)  best: cx 27 tof 16
[2026-09-25 11:54:01] span_L6_s93_c1_z3_basislong   1786s  best 3843/4096  current 3814  kicks 27  iters 3865940 (2164/s)  best: cx 27 tof 16
[2026-09-25 11:54:11] span_L6_s93_c1_z3_basislong   1796s  best 3843/4096  current 3818  kicks 27  iters 3887001 (2163/s)  best: cx 27 tof 16
[2026-09-25 11:54:26] span_L6_s93_c1_z3_basislong   1812s  best 3843/4096  current 3811  kicks 27  iters 3920427 (2164/s)  best: cx 27 tof 16
[2026-09-25 11:54:41] span_L6_s93_c1_z3_basislong   1827s  best 3843/4096  current 3818  kicks 27  iters 3952559 (2163/s)  best: cx 27 tof 16
[2026-09-25 11:54:57] span_L6_s93_c1_z3_basislong   1842s  best 3843/4096  current 3819  kicks 28  iters 3984686 (2163/s)  best: cx 27 tof 16
[2026-09-25 11:55:12] span_L6_s93_c1_z3_basislong   1857s  best 3843/4096  current 3816  kicks 28  iters 4014764 (2161/s)  best: cx 27 tof 16
[2026-09-25 11:55:26] span_L6_s93_c1_z3_basislong   1871s  best 3843/4096  current 3818  kicks 28  iters 4045276 (2162/s)  best: cx 27 tof 16
[2026-09-25 11:55:37] span_L6_s93_c1_z3_basislong   1883s  best 3843/4096  current 3813  kicks 28  iters 4067677 (2160/s)  best: cx 27 tof 16
[2026-09-25 11:55:51] span_L6_s93_c1_z3_basislong   1897s  best 3843/4096  current 3814  kicks 29  iters 4095960 (2159/s)  best: cx 27 tof 16
[2026-09-25 11:56:02] span_L6_s93_c1_z3_basislong   1907s  best 3843/4096  current 3821  kicks 29  iters 4118078 (2158/s)  best: cx 27 tof 16
[2026-09-25 11:56:17] span_L6_s93_c1_z3_basislong   1923s  best 3843/4096  current 3816  kicks 29  iters 4150911 (2158/s)  best: cx 27 tof 16
[2026-09-25 11:56:32] span_L6_s93_c1_z3_basislong   1937s  best 3843/4096  current 3811  kicks 29  iters 4180158 (2157/s)  best: cx 27 tof 16
[2026-09-25 11:56:42] span_L6_s93_c1_z3_basislong   1947s  best 3843/4096  current 3811  kicks 29  iters 4201332 (2157/s)  best: cx 27 tof 16
[2026-09-25 11:56:52] span_L6_s93_c1_z3_basislong   1958s  best 3843/4096  current 3816  kicks 30  iters 4221176 (2155/s)  best: cx 27 tof 16
[2026-09-25 11:57:07] span_L6_s93_c1_z3_basislong   1972s  best 3843/4096  current 3831  kicks 30  iters 4249890 (2154/s)  best: cx 27 tof 16
[2026-09-25 11:57:17] span_L6_s93_c1_z3_basislong   1982s  best 3843/4096  current 3813  kicks 30  iters 4271532 (2154/s)  best: cx 27 tof 16
[2026-09-25 11:57:32] span_L6_s93_c1_z3_basislong   1997s  best 3843/4096  current 3815  kicks 30  iters 4303034 (2154/s)  best: cx 27 tof 16
[2026-09-25 11:57:43] span_L6_s93_c1_z3_basislong   2008s  best 3843/4096  current 3821  kicks 30  iters 4322963 (2152/s)  best: cx 27 tof 16
[2026-09-25 11:57:57] span_L6_s93_c1_z3_basislong   2023s  best 3843/4096  current 3812  kicks 31  iters 4352445 (2151/s)  best: cx 27 tof 16
[2026-09-25 11:58:12] span_L6_s93_c1_z3_basislong   2038s  best 3843/4096  current 3814  kicks 31  iters 4383741 (2151/s)  best: cx 27 tof 16
[2026-09-25 11:58:27] span_L6_s93_c1_z3_basislong   2053s  best 3843/4096  current 3811  kicks 31  iters 4414307 (2150/s)  best: cx 27 tof 16
[2026-09-25 11:58:38] span_L6_s93_c1_z3_basislong   2063s  best 3843/4096  current 3823  kicks 31  iters 4434542 (2149/s)  best: cx 27 tof 16
[2026-09-25 11:58:52] span_L6_s93_c1_z3_basislong   2077s  best 3843/4096  current 3811  kicks 31  iters 4465309 (2149/s)  best: cx 27 tof 16
[2026-09-25 11:59:02] span_L6_s93_c1_z3_basislong   2088s  best 3843/4096  current 3811  kicks 32  iters 4487410 (2149/s)  best: cx 27 tof 16
[2026-09-25 11:59:17] span_L6_s93_c1_z3_basislong   2102s  best 3843/4096  current 3811  kicks 32  iters 4520310 (2150/s)  best: cx 27 tof 16
[2026-09-25 11:59:28] span_L6_s93_c1_z3_basislong   2113s  best 3843/4096  current 3813  kicks 32  iters 4541739 (2149/s)  best: cx 27 tof 16
[2026-09-25 11:59:43] span_L6_s93_c1_z3_basislong   2128s  best 3843/4096  current 3819  kicks 32  iters 4572041 (2148/s)  best: cx 27 tof 16
[2026-09-25 11:59:57] span_L6_s93_c1_z3_basislong   2143s  best 3843/4096  current 3811  kicks 32  iters 4604218 (2148/s)  best: cx 27 tof 16
[2026-09-25 12:00:08] span_L6_s93_c1_z3_basislong   2153s  best 3843/4096  current 3818  kicks 33  iters 4624005 (2147/s)  best: cx 27 tof 16
[2026-09-25 12:00:23] span_L6_s93_c1_z3_basislong   2168s  best 3843/4096  current 3811  kicks 33  iters 4657196 (2148/s)  best: cx 27 tof 16
[2026-09-25 12:00:33] span_L6_s93_c1_z3_basislong   2179s  best 3843/4096  current 3818  kicks 33  iters 4677408 (2147/s)  best: cx 27 tof 16
[2026-09-25 12:00:43] span_L6_s93_c1_z3_basislong   2189s  best 3843/4096  current 3816  kicks 33  iters 4697027 (2146/s)  best: cx 27 tof 16
[2026-09-25 12:00:58] span_L6_s93_c1_z3_basislong   2203s  best 3843/4096  current 3815  kicks 33  iters 4727989 (2145/s)  best: cx 27 tof 16
[2026-09-25 12:01:09] span_L6_s93_c1_z3_basislong   2214s  best 3843/4096  current 3813  kicks 34  iters 4749039 (2144/s)  best: cx 27 tof 16
[2026-09-25 12:01:23] span_L6_s93_c1_z3_basislong   2228s  best 3843/4096  current 3811  kicks 34  iters 4779598 (2145/s)  best: cx 27 tof 16
[2026-09-25 12:01:37] span_L6_s93_c1_z3_basislong   2243s  best 3843/4096  current 3817  kicks 34  iters 4813139 (2145/s)  best: cx 27 tof 16
[2026-09-25 12:01:48] span_L6_s93_c1_z3_basislong   2253s  best 3843/4096  current 3811  kicks 34  iters 4833765 (2145/s)  best: cx 27 tof 16
[2026-09-25 12:01:58] span_L6_s93_c1_z3_basislong   2264s  best 3843/4096  current 3818  kicks 34  iters 4854506 (2144/s)  best: cx 27 tof 16
[2026-09-25 12:02:13] span_L6_s93_c1_z3_basislong   2279s  best 3843/4096  current 3817  kicks 35  iters 4886459 (2144/s)  best: cx 27 tof 16
[2026-09-25 12:02:28] span_L6_s93_c1_z3_basislong   2294s  best 3843/4096  current 3813  kicks 35  iters 4917965 (2144/s)  best: cx 27 tof 16
[2026-09-25 12:02:38] span_L6_s93_c1_z3_basislong   2304s  best 3843/4096  current 3817  kicks 35  iters 4939268 (2144/s)  best: cx 27 tof 16
[2026-09-25 12:02:54] span_L6_s93_c1_z3_basislong   2319s  best 3843/4096  current 3811  kicks 35  iters 4971159 (2143/s)  best: cx 27 tof 16
[2026-09-25 12:03:09] span_L6_s93_c1_z3_basislong   2334s  best 3843/4096  current 3821  kicks 36  iters 5000103 (2142/s)  best: cx 27 tof 16
[2026-09-25 12:03:19] span_L6_s93_c1_z3_basislong   2344s  best 3843/4096  current 3829  kicks 36  iters 5019449 (2141/s)  best: cx 27 tof 16
[2026-09-25 12:03:33] span_L6_s93_c1_z3_basislong   2359s  best 3843/4096  current 3811  kicks 36  iters 5048313 (2140/s)  best: cx 27 tof 16
[2026-09-25 12:03:43] span_L6_s93_c1_z3_basislong   2369s  best 3843/4096  current 3811  kicks 36  iters 5069525 (2140/s)  best: cx 27 tof 16
[2026-09-25 12:03:53] span_L6_s93_c1_z3_basislong   2379s  best 3843/4096  current 3814  kicks 36  iters 5091788 (2140/s)  best: cx 27 tof 16
[2026-09-25 12:04:04] span_L6_s93_c1_z3_basislong   2389s  best 3843/4096  current 3811  kicks 37  iters 5111254 (2139/s)  best: cx 27 tof 16
[2026-09-25 12:04:18] span_L6_s93_c1_z3_basislong   2404s  best 3843/4096  current 3822  kicks 37  iters 5142227 (2139/s)  best: cx 27 tof 16
[2026-09-25 12:04:29] span_L6_s93_c1_z3_basislong   2414s  best 3843/4096  current 3815  kicks 37  iters 5164541 (2139/s)  best: cx 27 tof 16
[2026-09-25 12:04:44] span_L6_s93_c1_z3_basislong   2429s  best 3843/4096  current 3814  kicks 37  iters 5195455 (2138/s)  best: cx 27 tof 16
[2026-09-25 12:04:54] span_L6_s93_c1_z3_basislong   2439s  best 3843/4096  current 3817  kicks 37  iters 5215747 (2138/s)  best: cx 27 tof 16
[2026-09-25 12:05:09] span_L6_s93_c1_z3_basislong   2454s  best 3843/4096  current 3822  kicks 38  iters 5247105 (2137/s)  best: cx 27 tof 16
[2026-09-25 12:05:23] span_L6_s93_c1_z3_basislong   2469s  best 3843/4096  current 3811  kicks 38  iters 5279449 (2138/s)  best: cx 27 tof 16
[2026-09-25 12:05:38] span_L6_s93_c1_z3_basislong   2484s  best 3843/4096  current 3817  kicks 38  iters 5314277 (2139/s)  best: cx 27 tof 16
[2026-09-25 12:05:49] span_L6_s93_c1_z3_basislong   2494s  best 3843/4096  current 3813  kicks 38  iters 5334816 (2138/s)  best: cx 27 tof 16
[2026-09-25 12:05:59] span_L6_s93_c1_z3_basislong   2505s  best 3843/4096  current 3826  kicks 38  iters 5355408 (2138/s)  best: cx 27 tof 16
[2026-09-25 12:06:14] span_L6_s93_c1_z3_basislong   2519s  best 3843/4096  current 3817  kicks 39  iters 5386463 (2138/s)  best: cx 27 tof 16
[2026-09-25 12:06:29] span_L6_s93_c1_z3_basislong   2535s  best 3843/4096  current 3814  kicks 39  iters 5419583 (2137/s)  best: cx 27 tof 16
[2026-09-25 12:06:39] span_L6_s93_c1_z3_basislong   2545s  best 3843/4096  current 3824  kicks 39  iters 5439054 (2137/s)  best: cx 27 tof 16
[2026-09-25 12:06:54] span_L6_s93_c1_z3_basislong   2560s  best 3843/4096  current 3811  kicks 39  iters 5469261 (2136/s)  best: cx 27 tof 16
[2026-09-25 12:07:09] span_L6_s93_c1_z3_basislong   2574s  best 3843/4096  current 3811  kicks 40  iters 5500212 (2136/s)  best: cx 27 tof 16
[2026-09-25 12:07:23] span_L6_s93_c1_z3_basislong   2589s  best 3843/4096  current 3819  kicks 40  iters 5533108 (2137/s)  best: cx 27 tof 16
[2026-09-25 12:07:34] span_L6_s93_c1_z3_basislong   2599s  best 3843/4096  current 3824  kicks 40  iters 5555040 (2137/s)  best: cx 27 tof 16
[2026-09-25 12:07:45] span_L6_s93_c1_z3_basislong   2610s  best 3843/4096  current 3820  kicks 40  iters 5576299 (2136/s)  best: cx 27 tof 16
[2026-09-25 12:08:00] span_L6_s93_c1_z3_basislong   2625s  best 3843/4096  current 3822  kicks 40  iters 5606307 (2135/s)  best: cx 27 tof 16
[2026-09-25 12:08:14] span_L6_s93_c1_z3_basislong   2640s  best 3843/4096  current 3824  kicks 41  iters 5636914 (2135/s)  best: cx 27 tof 16
[2026-09-25 12:08:24] span_L6_s93_c1_z3_basislong   2650s  best 3843/4096  current 3816  kicks 41  iters 5657584 (2135/s)  best: cx 27 tof 16
[2026-09-25 12:08:35] span_L6_s93_c1_z3_basislong   2660s  best 3843/4096  current 3816  kicks 41  iters 5678681 (2134/s)  best: cx 27 tof 16
[2026-09-25 12:08:45] span_L6_s93_c1_z3_basislong   2670s  best 3843/4096  current 3811  kicks 41  iters 5700207 (2134/s)  best: cx 27 tof 16
[2026-09-25 12:08:59] span_L6_s93_c1_z3_basislong   2685s  best 3843/4096  current 3814  kicks 41  iters 5732422 (2135/s)  best: cx 27 tof 16
[2026-09-25 12:09:10] span_L6_s93_c1_z3_basislong   2696s  best 3843/4096  current 3813  kicks 42  iters 5753490 (2134/s)  best: cx 27 tof 16
[2026-09-25 12:09:20] span_L6_s93_c1_z3_basislong   2706s  best 3843/4096  current 3811  kicks 42  iters 5773039 (2133/s)  best: cx 27 tof 16
[2026-09-25 12:09:31] span_L6_s93_c1_z3_basislong   2716s  best 3843/4096  current 3825  kicks 42  iters 5792262 (2132/s)  best: cx 27 tof 16
[2026-09-25 12:09:45] span_L6_s93_c1_z3_basislong   2731s  best 3843/4096  current 3812  kicks 42  iters 5821508 (2132/s)  best: cx 27 tof 16
[2026-09-25 12:10:00] span_L6_s93_c1_z3_basislong   2745s  best 3843/4096  current 3821  kicks 42  iters 5852137 (2131/s)  best: cx 27 tof 16
[2026-09-25 12:10:11] span_L6_s93_c1_z3_basislong   2756s  best 3843/4096  current 3811  kicks 43  iters 5871925 (2130/s)  best: cx 27 tof 16
[2026-09-25 12:10:25] span_L6_s93_c1_z3_basislong   2771s  best 3843/4096  current 3816  kicks 43  iters 5902844 (2130/s)  best: cx 27 tof 16
[2026-09-25 12:10:36] span_L6_s93_c1_z3_basislong   2781s  best 3843/4096  current 3817  kicks 43  iters 5924332 (2130/s)  best: cx 27 tof 16
[2026-09-25 12:10:46] span_L6_s93_c1_z3_basislong   2791s  best 3843/4096  current 3811  kicks 43  iters 5944987 (2129/s)  best: cx 27 tof 16
[2026-09-25 12:10:59] span_L6_s93_c1_z3_basislong   2805s  best 3843/4096  current 3815  kicks 43  iters 5974824 (2130/s)  best: cx 27 tof 16
[2026-09-25 12:11:11] span_L6_s93_c1_z3_basislong   2816s  best 3843/4096  current 3817  kicks 44  iters 5996813 (2129/s)  best: cx 27 tof 16
[2026-09-25 12:11:27] span_L6_s93_c1_z3_basislong   2832s  best 3843/4096  current 3813  kicks 44  iters 6028328 (2128/s)  best: cx 27 tof 16
[2026-09-25 12:11:41] span_L6_s93_c1_z3_basislong   2846s  best 3843/4096  current 3811  kicks 44  iters 6057548 (2128/s)  best: cx 27 tof 16
[2026-09-25 12:11:51] span_L6_s93_c1_z3_basislong   2857s  best 3843/4096  current 3815  kicks 44  iters 6080034 (2128/s)  best: cx 27 tof 16
[2026-09-25 12:12:01] span_L6_s93_c1_z3_basislong   2867s  best 3843/4096  current 3811  kicks 44  iters 6100673 (2127/s)  best: cx 27 tof 16
[2026-09-25 12:12:17] span_L6_s93_c1_z3_basislong   2882s  best 3843/4096  current 3814  kicks 45  iters 6130395 (2127/s)  best: cx 27 tof 16
[2026-09-25 12:12:31] span_L6_s93_c1_z3_basislong   2897s  best 3843/4096  current 3811  kicks 45  iters 6160792 (2126/s)  best: cx 27 tof 16
[2026-09-25 12:12:42] span_L6_s93_c1_z3_basislong   2907s  best 3843/4096  current 3816  kicks 45  iters 6181566 (2126/s)  best: cx 27 tof 16
[2026-09-25 12:12:56] span_L6_s93_c1_z3_basislong   2922s  best 3843/4096  current 3811  kicks 45  iters 6212162 (2126/s)  best: cx 27 tof 16
[2026-09-25 12:13:11] span_L6_s93_c1_z3_basislong   2937s  best 3843/4096  current 3821  kicks 45  iters 6242655 (2125/s)  best: cx 27 tof 16
[2026-09-25 12:13:27] span_L6_s93_c1_z3_basislong   2952s  best 3843/4096  current 3814  kicks 46  iters 6274191 (2125/s)  best: cx 27 tof 16
[2026-09-25 12:13:42] span_L6_s93_c1_z3_basislong   2968s  best 3843/4096  current 3818  kicks 46  iters 6304422 (2124/s)  best: cx 27 tof 16
[2026-09-25 12:13:56] span_L6_s93_c1_z3_basislong   2982s  best 3843/4096  current 3812  kicks 46  iters 6333122 (2123/s)  best: cx 27 tof 16
[2026-09-25 12:14:12] span_L6_s93_c1_z3_basislong   2997s  best 3843/4096  current 3815  kicks 46  iters 6365423 (2123/s)  best: cx 27 tof 16
[2026-09-25 12:14:26] span_L6_s93_c1_z3_basislong   3012s  best 3843/4096  current 3814  kicks 47  iters 6394863 (2123/s)  best: cx 27 tof 16
[2026-09-25 12:14:42] span_L6_s93_c1_z3_basislong   3027s  best 3843/4096  current 3821  kicks 47  iters 6427790 (2123/s)  best: cx 27 tof 16
[2026-09-25 12:14:57] span_L6_s93_c1_z3_basislong   3042s  best 3843/4096  current 3811  kicks 47  iters 6458636 (2122/s)  best: cx 27 tof 16
[2026-09-25 12:15:12] span_L6_s93_c1_z3_basislong   3057s  best 3843/4096  current 3811  kicks 47  iters 6489779 (2122/s)  best: cx 27 tof 16
[2026-09-25 12:15:27] span_L6_s93_c1_z3_basislong   3072s  best 3843/4096  current 3813  kicks 48  iters 6521679 (2122/s)  best: cx 27 tof 16
[2026-09-25 12:15:38] span_L6_s93_c1_z3_basislong   3083s  best 3843/4096  current 3813  kicks 48  iters 6541600 (2121/s)  best: cx 27 tof 16
[2026-09-25 12:15:51] span_L6_s93_c1_z3_basislong   3096s  best 3843/4096  current 3811  kicks 48  iters 6571822 (2122/s)  best: cx 27 tof 16
[2026-09-25 12:16:06] span_L6_s93_c1_z3_basislong   3111s  best 3843/4096  current 3811  kicks 48  iters 6611630 (2125/s)  best: cx 27 tof 16
[2026-09-25 12:16:16] span_L6_s93_c1_z3_basislong   3121s  best 3843/4096  current 3811  kicks 48  iters 6638814 (2126/s)  best: cx 27 tof 16
[2026-09-25 12:16:27] span_L6_s93_c1_z3_basislong   3133s  best 3843/4096  current 3811  kicks 49  iters 6662732 (2126/s)  best: cx 27 tof 16
[2026-09-25 12:16:37] span_L6_s93_c1_z3_basislong   3143s  best 3843/4096  current 3824  kicks 49  iters 6683420 (2126/s)  best: cx 27 tof 16
[2026-09-25 12:16:52] span_L6_s93_c1_z3_basislong   3158s  best 3843/4096  current 3825  kicks 49  iters 6712725 (2125/s)  best: cx 27 tof 16
[2026-09-25 12:17:07] span_L6_s93_c1_z3_basislong   3173s  best 3843/4096  current 3817  kicks 49  iters 6743439 (2125/s)  best: cx 27 tof 16
[2026-09-25 12:17:22] span_L6_s93_c1_z3_basislong   3188s  best 3843/4096  current 3811  kicks 49  iters 6776288 (2125/s)  best: cx 27 tof 16
[2026-09-25 12:17:32] span_L6_s93_c1_z3_basislong   3198s  best 3843/4096  current 3812  kicks 50  iters 6797238 (2125/s)  best: cx 27 tof 16
[2026-09-25 12:17:47] span_L6_s93_c1_z3_basislong   3213s  best 3843/4096  current 3817  kicks 50  iters 6828921 (2125/s)  best: cx 27 tof 16
[2026-09-25 12:18:01] span_L6_s93_c1_z3_basislong   3227s  best 3843/4096  current 3811  kicks 50  iters 6867030 (2128/s)  best: cx 27 tof 16
[2026-09-25 12:18:12] span_L6_s93_c1_z3_basislong   3238s  best 3843/4096  current 3820  kicks 50  iters 6894639 (2129/s)  best: cx 27 tof 16
[2026-09-25 12:18:22] span_L6_s93_c1_z3_basislong   3248s  best 3843/4096  current 3813  kicks 50  iters 6916623 (2129/s)  best: cx 27 tof 16
[2026-09-25 12:18:33] span_L6_s93_c1_z3_basislong   3259s  best 3843/4096  current 3811  kicks 51  iters 6938101 (2129/s)  best: cx 27 tof 16
[2026-09-25 12:18:48] span_L6_s93_c1_z3_basislong   3273s  best 3843/4096  current 3816  kicks 51  iters 6967565 (2128/s)  best: cx 27 tof 16
[2026-09-25 12:18:59] span_L6_s93_c1_z3_basislong   3284s  best 3843/4096  current 3811  kicks 51  iters 6988611 (2127/s)  best: cx 27 tof 16
[2026-09-25 12:19:12] span_L6_s93_c1_z3_basislong   3297s  best 3843/4096  current 3817  kicks 51  iters 7016761 (2128/s)  best: cx 27 tof 16
[2026-09-25 12:19:22] span_L6_s93_c1_z3_basislong   3308s  best 3843/4096  current 3812  kicks 51  iters 7042825 (2129/s)  best: cx 27 tof 16
[2026-09-25 12:19:39] span_L6_s93_c1_z3_basislong   3324s  best 3843/4096  current 3814  kicks 52  iters 7083027 (2130/s)  best: cx 27 tof 16
[2026-09-25 12:19:49] span_L6_s93_c1_z3_basislong   3334s  best 3843/4096  current 3816  kicks 52  iters 7102777 (2130/s)  best: cx 27 tof 16
[2026-09-25 12:20:04] span_L6_s93_c1_z3_basislong   3349s  best 3843/4096  current 3813  kicks 52  iters 7133148 (2129/s)  best: cx 27 tof 16
[2026-09-25 12:20:14] span_L6_s93_c1_z3_basislong   3359s  best 3843/4096  current 3815  kicks 52  iters 7152973 (2129/s)  best: cx 27 tof 16
[2026-09-25 12:20:28] span_L6_s93_c1_z3_basislong   3373s  best 3843/4096  current 3815  kicks 52  iters 7184157 (2129/s)  best: cx 27 tof 16
[2026-09-25 12:20:42] span_L6_s93_c1_z3_basislong   3388s  best 3843/4096  current 3811  kicks 53  iters 7223714 (2132/s)  best: cx 27 tof 16
[2026-09-25 12:20:54] span_L6_s93_c1_z3_basislong   3399s  best 3843/4096  current 3820  kicks 53  iters 7247237 (2132/s)  best: cx 27 tof 16
[2026-09-25 12:21:04] span_L6_s93_c1_z3_basislong   3409s  best 3843/4096  current 3811  kicks 53  iters 7267994 (2131/s)  best: cx 27 tof 16
[2026-09-25 12:21:18] span_L6_s93_c1_z3_basislong   3423s  best 3843/4096  current 3816  kicks 53  iters 7298185 (2132/s)  best: cx 27 tof 16
[2026-09-25 12:21:28] span_L6_s93_c1_z3_basislong   3434s  best 3843/4096  current 3811  kicks 53  iters 7324925 (2133/s)  best: cx 27 tof 16
[2026-09-25 12:21:42] span_L6_s93_c1_z3_basislong   3448s  best 3843/4096  current 3814  kicks 54  iters 7363938 (2135/s)  best: cx 27 tof 16
[2026-09-25 12:21:53] span_L6_s93_c1_z3_basislong   3458s  best 3843/4096  current 3811  kicks 54  iters 7391884 (2137/s)  best: cx 27 tof 16
[2026-09-25 12:22:03] span_L6_s93_c1_z3_basislong   3468s  best 3843/4096  current 3811  kicks 54  iters 7418566 (2138/s)  best: cx 27 tof 16
[2026-09-25 12:22:13] span_L6_s93_c1_z3_basislong   3478s  best 3843/4096  current 3811  kicks 54  iters 7445528 (2140/s)  best: cx 27 tof 16
[2026-09-25 12:22:28] span_L6_s93_c1_z3_basislong   3494s  best 3843/4096  current 3828  kicks 54  iters 7485930 (2142/s)  best: cx 27 tof 16
[2026-09-25 12:22:43] span_L6_s93_c1_z3_basislong   3508s  best 3843/4096  current 3815  kicks 55  iters 7525668 (2145/s)  best: cx 27 tof 16
[2026-09-25 12:22:54] span_L6_s93_c1_z3_basislong   3519s  best 3843/4096  current 3817  kicks 55  iters 7553014 (2146/s)  best: cx 27 tof 16
[2026-09-25 12:23:08] span_L6_s93_c1_z3_basislong   3533s  best 3843/4096  current 3817  kicks 55  iters 7590847 (2148/s)  best: cx 27 tof 16
[2026-09-25 12:23:20] span_L6_s93_c1_z3_basislong   3545s  best 3843/4096  current 3821  kicks 55  iters 7615749 (2148/s)  best: cx 27 tof 16
[2026-09-25 12:23:33] span_L6_s93_c1_z3_basislong   3559s  best 3843/4096  current 3819  kicks 55  iters 7648582 (2149/s)  best: cx 27 tof 16
