[span_L5_s43_c2_z3_anf] start fitness 3232 / 4096  (CZ layer 3, LCX 2, TEMP 1.00, MAXMUT 3, KICK 8 gates after 60s stuck)
[2026-09-25 05:54:16] span_L5_s43_c2_z3_anf     11s  best 3528/4096  current 3526  kicks 0  iters 28517 (2524/s)  best: cx 57 tof 20
[2026-09-25 05:54:31] span_L5_s43_c2_z3_anf     26s  best 3548/4096  current 3547  kicks 0  iters 69326 (2650/s)  best: cx 63 tof 17
[2026-09-25 05:54:46] span_L5_s43_c2_z3_anf     41s  best 3554/4096  current 3546  kicks 0  iters 109429 (2653/s)  best: cx 57 tof 17
[2026-09-25 05:55:02] span_L5_s43_c2_z3_anf     57s  best 3561/4096  current 3561  kicks 0  iters 150228 (2646/s)  best: cx 64 tof 19
[2026-09-25 05:55:17] span_L5_s43_c2_z3_anf     72s  best 3568/4096  current 3561  kicks 0  iters 188364 (2613/s)  best: cx 67 tof 19
[2026-09-25 05:55:31] span_L5_s43_c2_z3_anf     86s  best 3577/4096  current 3571  kicks 0  iters 225556 (2610/s)  best: cx 62 tof 22
[2026-09-25 05:55:42] span_L5_s43_c2_z3_anf     97s  best 3577/4096  current 3571  kicks 0  iters 252008 (2605/s)  best: cx 62 tof 22
[2026-09-25 05:55:56] span_L5_s43_c2_z3_anf    111s  best 3577/4096  current 3573  kicks 0  iters 291196 (2617/s)  best: cx 62 tof 22
[2026-09-25 05:56:06] span_L5_s43_c2_z3_anf    121s  best 3581/4096  current 3577  kicks 0  iters 317846 (2617/s)  best: cx 62 tof 21
[2026-09-25 05:56:17] span_L5_s43_c2_z3_anf    132s  best 3581/4096  current 3581  kicks 0  iters 344282 (2618/s)  best: cx 62 tof 21
[2026-09-25 05:56:32] span_L5_s43_c2_z3_anf    146s  best 3581/4096  current 3577  kicks 0  iters 383741 (2620/s)  best: cx 62 tof 21
[2026-09-25 05:56:42] span_L5_s43_c2_z3_anf    157s  best 3581/4096  current 3577  kicks 0  iters 410259 (2620/s)  best: cx 62 tof 21
[2026-09-25 05:56:52] span_L5_s43_c2_z3_anf    167s  best 3581/4096  current 3579  kicks 0  iters 436270 (2613/s)  best: cx 62 tof 21
[2026-09-25 05:57:06] span_L5_s43_c2_z3_anf    181s  best 3581/4096  current 3540  kicks 1  iters 474088 (2613/s)  best: cx 62 tof 21
[2026-09-25 05:57:17] span_L5_s43_c2_z3_anf    192s  best 3581/4096  current 3555  kicks 1  iters 501325 (2615/s)  best: cx 62 tof 21
[2026-09-25 05:57:32] span_L5_s43_c2_z3_anf    207s  best 3581/4096  current 3557  kicks 1  iters 539817 (2609/s)  best: cx 62 tof 21
[2026-09-25 05:57:47] span_L5_s43_c2_z3_anf    222s  best 3581/4096  current 3554  kicks 1  iters 578448 (2606/s)  best: cx 62 tof 21
[2026-09-25 05:58:02] span_L5_s43_c2_z3_anf    237s  best 3581/4096  current 3579  kicks 1  iters 616488 (2601/s)  best: cx 62 tof 21
[2026-09-25 05:58:16] span_L5_s43_c2_z3_anf    251s  best 3581/4096  current 3528  kicks 2  iters 657216 (2616/s)  best: cx 62 tof 21
[2026-09-25 05:58:31] span_L5_s43_c2_z3_anf    266s  best 3581/4096  current 3530  kicks 2  iters 702059 (2638/s)  best: cx 62 tof 21
[2026-09-25 05:58:42] span_L5_s43_c2_z3_anf    277s  best 3581/4096  current 3548  kicks 2  iters 731726 (2643/s)  best: cx 62 tof 21
[2026-09-25 05:58:52] span_L5_s43_c2_z3_anf    287s  best 3581/4096  current 3553  kicks 2  iters 757088 (2637/s)  best: cx 62 tof 21
[2026-09-25 05:59:07] span_L5_s43_c2_z3_anf    302s  best 3581/4096  current 3521  kicks 3  iters 794262 (2629/s)  best: cx 62 tof 21
[2026-09-25 05:59:22] span_L5_s43_c2_z3_anf    317s  best 3581/4096  current 3553  kicks 3  iters 831875 (2624/s)  best: cx 62 tof 21
[2026-09-25 05:59:32] span_L5_s43_c2_z3_anf    327s  best 3581/4096  current 3553  kicks 3  iters 857285 (2621/s)  best: cx 62 tof 21
[2026-09-25 05:59:47] span_L5_s43_c2_z3_anf    342s  best 3581/4096  current 3554  kicks 3  iters 895031 (2618/s)  best: cx 62 tof 21
[2026-09-25 05:59:57] span_L5_s43_c2_z3_anf    352s  best 3581/4096  current 3556  kicks 3  iters 920562 (2614/s)  best: cx 62 tof 21
[2026-09-25 06:00:12] span_L5_s43_c2_z3_anf    367s  best 3581/4096  current 3560  kicks 4  iters 957948 (2608/s)  best: cx 62 tof 21
[2026-09-25 06:00:23] span_L5_s43_c2_z3_anf    378s  best 3581/4096  current 3576  kicks 4  iters 981660 (2600/s)  best: cx 62 tof 21
[2026-09-25 06:00:37] span_L5_s43_c2_z3_anf    392s  best 3588/4096  current 3585  kicks 4  iters 1016919 (2591/s)  best: cx 57 tof 20
[2026-09-25 06:00:48] span_L5_s43_c2_z3_anf    403s  best 3588/4096  current 3585  kicks 4  iters 1040048 (2583/s)  best: cx 57 tof 20
[2026-09-25 06:01:03] span_L5_s43_c2_z3_anf    418s  best 3588/4096  current 3585  kicks 4  iters 1074552 (2573/s)  best: cx 57 tof 20
[2026-09-25 06:01:13] span_L5_s43_c2_z3_anf    428s  best 3588/4096  current 3582  kicks 4  iters 1097424 (2565/s)  best: cx 57 tof 20
[2026-09-25 06:01:28] span_L5_s43_c2_z3_anf    443s  best 3588/4096  current 3585  kicks 4  iters 1130838 (2555/s)  best: cx 57 tof 20
[2026-09-25 06:01:42] span_L5_s43_c2_z3_anf    457s  best 3588/4096  current 3514  kicks 5  iters 1165106 (2550/s)  best: cx 57 tof 20
[2026-09-25 06:01:56] span_L5_s43_c2_z3_anf    471s  best 3588/4096  current 3554  kicks 5  iters 1207652 (2561/s)  best: cx 57 tof 20
[2026-09-25 06:02:12] span_L5_s43_c2_z3_anf    487s  best 3588/4096  current 3548  kicks 5  iters 1251225 (2571/s)  best: cx 57 tof 20
[2026-09-25 06:02:22] span_L5_s43_c2_z3_anf    497s  best 3588/4096  current 3555  kicks 5  iters 1279726 (2577/s)  best: cx 57 tof 20
[2026-09-25 06:02:36] span_L5_s43_c2_z3_anf    511s  best 3588/4096  current 3563  kicks 5  iters 1322748 (2586/s)  best: cx 57 tof 20
[2026-09-25 06:02:47] span_L5_s43_c2_z3_anf    522s  best 3588/4096  current 3513  kicks 6  iters 1352179 (2591/s)  best: cx 57 tof 20
[2026-09-25 06:03:02] span_L5_s43_c2_z3_anf    537s  best 3588/4096  current 3536  kicks 6  iters 1394165 (2596/s)  best: cx 57 tof 20
[2026-09-25 06:03:12] span_L5_s43_c2_z3_anf    547s  best 3588/4096  current 3552  kicks 6  iters 1420660 (2596/s)  best: cx 57 tof 20
[2026-09-25 06:03:23] span_L5_s43_c2_z3_anf    557s  best 3588/4096  current 3547  kicks 6  iters 1445564 (2593/s)  best: cx 57 tof 20
[2026-09-25 06:03:33] span_L5_s43_c2_z3_anf    568s  best 3588/4096  current 3586  kicks 6  iters 1469682 (2586/s)  best: cx 57 tof 20
[2026-09-25 06:03:48] span_L5_s43_c2_z3_anf    583s  best 3598/4096  current 3590  kicks 6  iters 1501408 (2575/s)  best: cx 50 tof 20
[2026-09-25 06:03:58] span_L5_s43_c2_z3_anf    593s  best 3602/4096  current 3602  kicks 6  iters 1521779 (2564/s)  best: cx 62 tof 21
[2026-09-25 06:04:13] span_L5_s43_c2_z3_anf    608s  best 3602/4096  current 3598  kicks 6  iters 1552466 (2553/s)  best: cx 62 tof 21
[2026-09-25 06:04:28] span_L5_s43_c2_z3_anf    623s  best 3606/4096  current 3606  kicks 6  iters 1585050 (2543/s)  best: cx 60 tof 22
[2026-09-25 06:04:44] span_L5_s43_c2_z3_anf    639s  best 3612/4096  current 3608  kicks 6  iters 1616702 (2531/s)  best: cx 63 tof 21
[2026-09-25 06:04:58] span_L5_s43_c2_z3_anf    653s  best 3612/4096  current 3610  kicks 6  iters 1647844 (2524/s)  best: cx 63 tof 21
[2026-09-25 06:05:09] span_L5_s43_c2_z3_anf    664s  best 3617/4096  current 3617  kicks 6  iters 1670053 (2517/s)  best: cx 59 tof 22
[2026-09-25 06:05:23] span_L5_s43_c2_z3_anf    678s  best 3621/4096  current 3618  kicks 6  iters 1701638 (2510/s)  best: cx 56 tof 22
[2026-09-25 06:05:33] span_L5_s43_c2_z3_anf    688s  best 3621/4096  current 3608  kicks 6  iters 1723778 (2504/s)  best: cx 56 tof 22
[2026-09-25 06:05:43] span_L5_s43_c2_z3_anf    698s  best 3621/4096  current 3609  kicks 6  iters 1745693 (2500/s)  best: cx 56 tof 22
[2026-09-25 06:05:54] span_L5_s43_c2_z3_anf    709s  best 3621/4096  current 3610  kicks 6  iters 1766581 (2493/s)  best: cx 56 tof 22
[2026-09-25 06:06:04] span_L5_s43_c2_z3_anf    719s  best 3621/4096  current 3613  kicks 6  iters 1786757 (2486/s)  best: cx 56 tof 22
[2026-09-25 06:06:17] span_L5_s43_c2_z3_anf    732s  best 3621/4096  current 3507  kicks 7  iters 1817083 (2481/s)  best: cx 56 tof 22
[2026-09-25 06:06:32] span_L5_s43_c2_z3_anf    747s  best 3621/4096  current 3512  kicks 7  iters 1858604 (2487/s)  best: cx 56 tof 22
[2026-09-25 06:06:43] span_L5_s43_c2_z3_anf    758s  best 3621/4096  current 3546  kicks 7  iters 1885902 (2487/s)  best: cx 56 tof 22
[2026-09-25 06:06:53] span_L5_s43_c2_z3_anf    768s  best 3621/4096  current 3564  kicks 7  iters 1908680 (2484/s)  best: cx 56 tof 22
[2026-09-25 06:07:08] span_L5_s43_c2_z3_anf    783s  best 3621/4096  current 3596  kicks 7  iters 1943708 (2482/s)  best: cx 56 tof 22
[2026-09-25 06:07:18] span_L5_s43_c2_z3_anf    793s  best 3621/4096  current 3596  kicks 7  iters 1966586 (2479/s)  best: cx 56 tof 22
[2026-09-25 06:07:33] span_L5_s43_c2_z3_anf    808s  best 3621/4096  current 3579  kicks 8  iters 2003303 (2478/s)  best: cx 56 tof 22
[2026-09-25 06:07:48] span_L5_s43_c2_z3_anf    823s  best 3621/4096  current 3581  kicks 8  iters 2037314 (2474/s)  best: cx 56 tof 22
[2026-09-25 06:08:04] span_L5_s43_c2_z3_anf    839s  best 3621/4096  current 3590  kicks 8  iters 2071464 (2470/s)  best: cx 56 tof 22
[2026-09-25 06:08:18] span_L5_s43_c2_z3_anf    853s  best 3621/4096  current 3589  kicks 8  iters 2105058 (2466/s)  best: cx 56 tof 22
[2026-09-25 06:08:33] span_L5_s43_c2_z3_anf    868s  best 3621/4096  current 3547  kicks 9  iters 2141635 (2467/s)  best: cx 56 tof 22
[2026-09-25 06:08:48] span_L5_s43_c2_z3_anf    883s  best 3621/4096  current 3563  kicks 9  iters 2180698 (2470/s)  best: cx 56 tof 22
[2026-09-25 06:09:03] span_L5_s43_c2_z3_anf    898s  best 3621/4096  current 3565  kicks 9  iters 2218055 (2469/s)  best: cx 56 tof 22
[2026-09-25 06:09:13] span_L5_s43_c2_z3_anf    908s  best 3621/4096  current 3610  kicks 9  iters 2242342 (2469/s)  best: cx 56 tof 22
[2026-09-25 06:09:23] span_L5_s43_c2_z3_anf    918s  best 3621/4096  current 3618  kicks 9  iters 2266029 (2467/s)  best: cx 56 tof 22
[2026-09-25 06:09:38] span_L5_s43_c2_z3_anf    933s  best 3621/4096  current 3516  kicks 10  iters 2303006 (2468/s)  best: cx 56 tof 22
[2026-09-25 06:09:53] span_L5_s43_c2_z3_anf    948s  best 3621/4096  current 3523  kicks 10  iters 2340589 (2468/s)  best: cx 56 tof 22
[2026-09-25 06:10:03] span_L5_s43_c2_z3_anf    958s  best 3621/4096  current 3540  kicks 10  iters 2365236 (2468/s)  best: cx 56 tof 22
[2026-09-25 06:10:18] span_L5_s43_c2_z3_anf    973s  best 3621/4096  current 3540  kicks 10  iters 2400831 (2467/s)  best: cx 56 tof 22
[2026-09-25 06:10:33] span_L5_s43_c2_z3_anf    988s  best 3621/4096  current 3530  kicks 11  iters 2437350 (2466/s)  best: cx 56 tof 22
[2026-09-25 06:10:48] span_L5_s43_c2_z3_anf   1003s  best 3621/4096  current 3555  kicks 11  iters 2471796 (2463/s)  best: cx 56 tof 22
[2026-09-25 06:11:04] span_L5_s43_c2_z3_anf   1019s  best 3621/4096  current 3557  kicks 11  iters 2507678 (2461/s)  best: cx 56 tof 22
[2026-09-25 06:11:19] span_L5_s43_c2_z3_anf   1033s  best 3621/4096  current 3564  kicks 11  iters 2541983 (2459/s)  best: cx 56 tof 22
[2026-09-25 06:11:33] span_L5_s43_c2_z3_anf   1048s  best 3621/4096  current 3527  kicks 12  iters 2576560 (2459/s)  best: cx 56 tof 22
[2026-09-25 06:11:43] span_L5_s43_c2_z3_anf   1058s  best 3621/4096  current 3543  kicks 12  iters 2603179 (2460/s)  best: cx 56 tof 22
[2026-09-25 06:11:54] span_L5_s43_c2_z3_anf   1069s  best 3621/4096  current 3574  kicks 12  iters 2629411 (2460/s)  best: cx 56 tof 22
[2026-09-25 06:12:04] span_L5_s43_c2_z3_anf   1079s  best 3621/4096  current 3578  kicks 12  iters 2651291 (2457/s)  best: cx 56 tof 22
[2026-09-25 06:12:14] span_L5_s43_c2_z3_anf   1089s  best 3621/4096  current 3582  kicks 12  iters 2674344 (2456/s)  best: cx 56 tof 22
[2026-09-25 06:12:24] span_L5_s43_c2_z3_anf   1099s  best 3621/4096  current 3585  kicks 12  iters 2695958 (2453/s)  best: cx 56 tof 22
[2026-09-25 06:12:39] span_L5_s43_c2_z3_anf   1113s  best 3621/4096  current 3559  kicks 13  iters 2730579 (2452/s)  best: cx 56 tof 22
[2026-09-25 06:12:49] span_L5_s43_c2_z3_anf   1124s  best 3621/4096  current 3570  kicks 13  iters 2753743 (2450/s)  best: cx 56 tof 22
[2026-09-25 06:13:00] span_L5_s43_c2_z3_anf   1134s  best 3621/4096  current 3573  kicks 13  iters 2773618 (2444/s)  best: cx 56 tof 22
[2026-09-25 06:13:10] span_L5_s43_c2_z3_anf   1145s  best 3621/4096  current 3572  kicks 13  iters 2793481 (2440/s)  best: cx 56 tof 22
[2026-09-25 06:13:25] span_L5_s43_c2_z3_anf   1160s  best 3621/4096  current 3571  kicks 13  iters 2823498 (2434/s)  best: cx 56 tof 22
[2026-09-25 06:13:39] span_L5_s43_c2_z3_anf   1174s  best 3621/4096  current 3496  kicks 14  iters 2853442 (2430/s)  best: cx 56 tof 22
[2026-09-25 06:13:54] span_L5_s43_c2_z3_anf   1189s  best 3621/4096  current 3541  kicks 14  iters 2885266 (2426/s)  best: cx 56 tof 22
[2026-09-25 06:14:04] span_L5_s43_c2_z3_anf   1199s  best 3621/4096  current 3539  kicks 14  iters 2906613 (2423/s)  best: cx 56 tof 22
[2026-09-25 06:14:19] span_L5_s43_c2_z3_anf   1214s  best 3621/4096  current 3536  kicks 14  iters 2938695 (2420/s)  best: cx 56 tof 22
[2026-09-25 06:14:30] span_L5_s43_c2_z3_anf   1225s  best 3621/4096  current 3528  kicks 14  iters 2959607 (2416/s)  best: cx 56 tof 22
[2026-09-25 06:14:43] span_L5_s43_c2_z3_anf   1238s  best 3621/4096  current 3546  kicks 15  iters 2992944 (2417/s)  best: cx 56 tof 22
[2026-09-25 06:14:54] span_L5_s43_c2_z3_anf   1249s  best 3621/4096  current 3552  kicks 15  iters 3018559 (2417/s)  best: cx 56 tof 22
[2026-09-25 06:15:04] span_L5_s43_c2_z3_anf   1259s  best 3621/4096  current 3559  kicks 15  iters 3043065 (2416/s)  best: cx 56 tof 22
[2026-09-25 06:15:19] span_L5_s43_c2_z3_anf   1274s  best 3621/4096  current 3562  kicks 15  iters 3078290 (2417/s)  best: cx 56 tof 22
[2026-09-25 06:15:29] span_L5_s43_c2_z3_anf   1284s  best 3621/4096  current 3565  kicks 15  iters 3102830 (2416/s)  best: cx 56 tof 22
[2026-09-25 06:15:43] span_L5_s43_c2_z3_anf   1298s  best 3621/4096  current 3492  kicks 16  iters 3136655 (2415/s)  best: cx 56 tof 22
[2026-09-25 06:15:55] span_L5_s43_c2_z3_anf   1310s  best 3621/4096  current 3500  kicks 16  iters 3161259 (2414/s)  best: cx 56 tof 22
[2026-09-25 06:16:09] span_L5_s43_c2_z3_anf   1324s  best 3621/4096  current 3531  kicks 16  iters 3194930 (2412/s)  best: cx 56 tof 22
[2026-09-25 06:16:20] span_L5_s43_c2_z3_anf   1335s  best 3621/4096  current 3534  kicks 16  iters 3217493 (2410/s)  best: cx 56 tof 22
[2026-09-25 06:16:30] span_L5_s43_c2_z3_anf   1345s  best 3621/4096  current 3527  kicks 16  iters 3238604 (2408/s)  best: cx 56 tof 22
[2026-09-25 06:16:40] span_L5_s43_c2_z3_anf   1355s  best 3621/4096  current 3559  kicks 16  iters 3260535 (2406/s)  best: cx 56 tof 22
[2026-09-25 06:16:54] span_L5_s43_c2_z3_anf   1369s  best 3621/4096  current 3546  kicks 17  iters 3297235 (2408/s)  best: cx 56 tof 22
[2026-09-25 06:17:05] span_L5_s43_c2_z3_anf   1379s  best 3621/4096  current 3559  kicks 17  iters 3321449 (2407/s)  best: cx 56 tof 22
[2026-09-25 06:17:15] span_L5_s43_c2_z3_anf   1390s  best 3621/4096  current 3564  kicks 17  iters 3345062 (2407/s)  best: cx 56 tof 22
[2026-09-25 06:17:30] span_L5_s43_c2_z3_anf   1405s  best 3621/4096  current 3575  kicks 17  iters 3379107 (2405/s)  best: cx 56 tof 22
[2026-09-25 06:17:45] span_L5_s43_c2_z3_anf   1420s  best 3621/4096  current 3572  kicks 17  iters 3413312 (2403/s)  best: cx 56 tof 22
[2026-09-25 06:18:00] span_L5_s43_c2_z3_anf   1435s  best 3621/4096  current 3570  kicks 18  iters 3447330 (2402/s)  best: cx 56 tof 22
[2026-09-25 06:18:15] span_L5_s43_c2_z3_anf   1450s  best 3621/4096  current 3578  kicks 18  iters 3481100 (2401/s)  best: cx 56 tof 22
[2026-09-25 06:18:25] span_L5_s43_c2_z3_anf   1460s  best 3621/4096  current 3581  kicks 18  iters 3503081 (2399/s)  best: cx 56 tof 22
[2026-09-25 06:18:40] span_L5_s43_c2_z3_anf   1475s  best 3621/4096  current 3586  kicks 18  iters 3536478 (2398/s)  best: cx 56 tof 22
[2026-09-25 06:18:50] span_L5_s43_c2_z3_anf   1485s  best 3621/4096  current 3589  kicks 18  iters 3559087 (2396/s)  best: cx 56 tof 22
[2026-09-25 06:19:05] span_L5_s43_c2_z3_anf   1500s  best 3621/4096  current 3579  kicks 19  iters 3592778 (2395/s)  best: cx 56 tof 22
[2026-09-25 06:19:15] span_L5_s43_c2_z3_anf   1510s  best 3621/4096  current 3583  kicks 19  iters 3615445 (2394/s)  best: cx 56 tof 22
[2026-09-25 06:19:30] span_L5_s43_c2_z3_anf   1525s  best 3621/4096  current 3558  kicks 19  iters 3650181 (2393/s)  best: cx 56 tof 22
[2026-09-25 06:19:40] span_L5_s43_c2_z3_anf   1535s  best 3621/4096  current 3591  kicks 19  iters 3671720 (2391/s)  best: cx 56 tof 22
[2026-09-25 06:19:55] span_L5_s43_c2_z3_anf   1550s  best 3621/4096  current 3586  kicks 19  iters 3703804 (2389/s)  best: cx 56 tof 22
[2026-09-25 06:20:09] span_L5_s43_c2_z3_anf   1564s  best 3621/4096  current 3574  kicks 20  iters 3743246 (2392/s)  best: cx 56 tof 22
[2026-09-25 06:20:25] span_L5_s43_c2_z3_anf   1580s  best 3621/4096  current 3582  kicks 20  iters 3783368 (2395/s)  best: cx 56 tof 22
[2026-09-25 06:20:40] span_L5_s43_c2_z3_anf   1594s  best 3621/4096  current 3588  kicks 20  iters 3821882 (2396/s)  best: cx 56 tof 22
[2026-09-25 06:20:50] span_L5_s43_c2_z3_anf   1605s  best 3621/4096  current 3588  kicks 20  iters 3847594 (2397/s)  best: cx 56 tof 22
[2026-09-25 06:21:04] span_L5_s43_c2_z3_anf   1619s  best 3621/4096  current 3521  kicks 21  iters 3884498 (2399/s)  best: cx 56 tof 22
[2026-09-25 06:21:15] span_L5_s43_c2_z3_anf   1630s  best 3621/4096  current 3557  kicks 21  iters 3910719 (2399/s)  best: cx 56 tof 22
[2026-09-25 06:21:30] span_L5_s43_c2_z3_anf   1645s  best 3621/4096  current 3570  kicks 21  iters 3948815 (2400/s)  best: cx 56 tof 22
[2026-09-25 06:21:45] span_L5_s43_c2_z3_anf   1660s  best 3621/4096  current 3563  kicks 21  iters 3986435 (2401/s)  best: cx 56 tof 22
[2026-09-25 06:21:55] span_L5_s43_c2_z3_anf   1670s  best 3621/4096  current 3565  kicks 21  iters 4011264 (2402/s)  best: cx 56 tof 22
[2026-09-25 06:22:10] span_L5_s43_c2_z3_anf   1685s  best 3621/4096  current 3582  kicks 22  iters 4049462 (2403/s)  best: cx 56 tof 22
[2026-09-25 06:22:25] span_L5_s43_c2_z3_anf   1700s  best 3621/4096  current 3583  kicks 22  iters 4087554 (2404/s)  best: cx 56 tof 22
[2026-09-25 06:22:35] span_L5_s43_c2_z3_anf   1710s  best 3621/4096  current 3580  kicks 22  iters 4113744 (2405/s)  best: cx 56 tof 22
[2026-09-25 06:22:50] span_L5_s43_c2_z3_anf   1725s  best 3621/4096  current 3596  kicks 22  iters 4150811 (2406/s)  best: cx 56 tof 22
[2026-09-25 06:23:05] span_L5_s43_c2_z3_anf   1740s  best 3621/4096  current 3598  kicks 22  iters 4190302 (2408/s)  best: cx 56 tof 22
[2026-09-25 06:23:15] span_L5_s43_c2_z3_anf   1750s  best 3621/4096  current 3547  kicks 23  iters 4215327 (2408/s)  best: cx 56 tof 22
[2026-09-25 06:23:25] span_L5_s43_c2_z3_anf   1760s  best 3621/4096  current 3558  kicks 23  iters 4239210 (2408/s)  best: cx 56 tof 22
[2026-09-25 06:23:35] span_L5_s43_c2_z3_anf   1770s  best 3621/4096  current 3561  kicks 23  iters 4263412 (2408/s)  best: cx 56 tof 22
[2026-09-25 06:23:50] span_L5_s43_c2_z3_anf   1785s  best 3621/4096  current 3569  kicks 23  iters 4298437 (2407/s)  best: cx 56 tof 22
[2026-09-25 06:24:06] span_L5_s43_c2_z3_anf   1800s  best 3621/4096  current 3566  kicks 23  iters 4334201 (2407/s)  best: cx 56 tof 22
[2026-09-25 06:24:16] span_L5_s43_c2_z3_anf   1811s  best 3621/4096  current 3543  kicks 24  iters 4357271 (2406/s)  best: cx 56 tof 22
[2026-09-25 06:24:26] span_L5_s43_c2_z3_anf   1821s  best 3621/4096  current 3563  kicks 24  iters 4379374 (2404/s)  best: cx 56 tof 22
[2026-09-25 06:24:41] span_L5_s43_c2_z3_anf   1836s  best 3621/4096  current 3574  kicks 24  iters 4410710 (2402/s)  best: cx 56 tof 22
[2026-09-25 06:24:56] span_L5_s43_c2_z3_anf   1851s  best 3621/4096  current 3580  kicks 24  iters 4442893 (2400/s)  best: cx 56 tof 22
[2026-09-25 06:25:06] span_L5_s43_c2_z3_anf   1861s  best 3621/4096  current 3586  kicks 24  iters 4463983 (2398/s)  best: cx 56 tof 22
[2026-09-25 06:25:20] span_L5_s43_c2_z3_anf   1875s  best 3621/4096  current 3576  kicks 25  iters 4497311 (2398/s)  best: cx 56 tof 22
[2026-09-25 06:25:30] span_L5_s43_c2_z3_anf   1885s  best 3621/4096  current 3573  kicks 25  iters 4520638 (2397/s)  best: cx 56 tof 22
[2026-09-25 06:25:41] span_L5_s43_c2_z3_anf   1896s  best 3621/4096  current 3579  kicks 25  iters 4544144 (2397/s)  best: cx 56 tof 22
[2026-09-25 06:25:55] span_L5_s43_c2_z3_anf   1910s  best 3621/4096  current 3578  kicks 25  iters 4577386 (2396/s)  best: cx 56 tof 22
[2026-09-25 06:26:11] span_L5_s43_c2_z3_anf   1925s  best 3621/4096  current 3573  kicks 25  iters 4612929 (2395/s)  best: cx 56 tof 22
[2026-09-25 06:26:25] span_L5_s43_c2_z3_anf   1940s  best 3621/4096  current 3568  kicks 26  iters 4648279 (2395/s)  best: cx 56 tof 22
[2026-09-25 06:26:41] span_L5_s43_c2_z3_anf   1955s  best 3621/4096  current 3594  kicks 26  iters 4683814 (2395/s)  best: cx 56 tof 22
[2026-09-25 06:26:55] span_L5_s43_c2_z3_anf   1970s  best 3621/4096  current 3595  kicks 26  iters 4719242 (2395/s)  best: cx 56 tof 22
[2026-09-25 06:27:11] span_L5_s43_c2_z3_anf   1986s  best 3621/4096  current 3609  kicks 26  iters 4756935 (2395/s)  best: cx 56 tof 22
[2026-09-25 06:27:21] span_L5_s43_c2_z3_anf   1996s  best 3621/4096  current 3571  kicks 27  iters 4780763 (2395/s)  best: cx 56 tof 22
[2026-09-25 06:27:36] span_L5_s43_c2_z3_anf   2011s  best 3621/4096  current 3568  kicks 27  iters 4814303 (2394/s)  best: cx 56 tof 22
[2026-09-25 06:27:46] span_L5_s43_c2_z3_anf   2021s  best 3621/4096  current 3571  kicks 27  iters 4836911 (2393/s)  best: cx 56 tof 22
[2026-09-25 06:28:01] span_L5_s43_c2_z3_anf   2036s  best 3621/4096  current 3570  kicks 27  iters 4871633 (2393/s)  best: cx 56 tof 22
[2026-09-25 06:28:11] span_L5_s43_c2_z3_anf   2046s  best 3621/4096  current 3580  kicks 27  iters 4893969 (2392/s)  best: cx 56 tof 22
[2026-09-25 06:28:25] span_L5_s43_c2_z3_anf   2060s  best 3621/4096  current 3572  kicks 28  iters 4929720 (2392/s)  best: cx 56 tof 22
[2026-09-25 06:28:41] span_L5_s43_c2_z3_anf   2076s  best 3621/4096  current 3586  kicks 28  iters 4966276 (2392/s)  best: cx 56 tof 22
[2026-09-25 06:28:51] span_L5_s43_c2_z3_anf   2086s  best 3621/4096  current 3596  kicks 28  iters 4990373 (2392/s)  best: cx 56 tof 22
[2026-09-25 06:29:01] span_L5_s43_c2_z3_anf   2096s  best 3621/4096  current 3604  kicks 28  iters 5013204 (2391/s)  best: cx 56 tof 22
[2026-09-25 06:29:15] span_L5_s43_c2_z3_anf   2110s  best 3621/4096  current 3515  kicks 29  iters 5046771 (2392/s)  best: cx 56 tof 22
[2026-09-25 06:29:26] span_L5_s43_c2_z3_anf   2121s  best 3621/4096  current 3561  kicks 29  iters 5074622 (2393/s)  best: cx 56 tof 22
[2026-09-25 06:29:36] span_L5_s43_c2_z3_anf   2131s  best 3621/4096  current 3570  kicks 29  iters 5098287 (2392/s)  best: cx 56 tof 22
[2026-09-25 06:29:51] span_L5_s43_c2_z3_anf   2146s  best 3621/4096  current 3578  kicks 29  iters 5133375 (2392/s)  best: cx 56 tof 22
[2026-09-25 06:30:06] span_L5_s43_c2_z3_anf   2161s  best 3621/4096  current 3576  kicks 29  iters 5169759 (2392/s)  best: cx 56 tof 22
[2026-09-25 06:30:21] span_L5_s43_c2_z3_anf   2176s  best 3621/4096  current 3543  kicks 30  iters 5205700 (2392/s)  best: cx 56 tof 22
[2026-09-25 06:30:32] span_L5_s43_c2_z3_anf   2187s  best 3621/4096  current 3548  kicks 30  iters 5227993 (2390/s)  best: cx 56 tof 22
[2026-09-25 06:30:46] span_L5_s43_c2_z3_anf   2201s  best 3621/4096  current 3550  kicks 30  iters 5259473 (2389/s)  best: cx 56 tof 22
[2026-09-25 06:30:57] span_L5_s43_c2_z3_anf   2211s  best 3621/4096  current 3554  kicks 30  iters 5281070 (2388/s)  best: cx 56 tof 22
[2026-09-25 06:31:07] span_L5_s43_c2_z3_anf   2221s  best 3621/4096  current 3553  kicks 30  iters 5302021 (2386/s)  best: cx 56 tof 22
[2026-09-25 06:31:20] span_L5_s43_c2_z3_anf   2235s  best 3621/4096  current 3537  kicks 31  iters 5333503 (2386/s)  best: cx 56 tof 22
[2026-09-25 06:31:31] span_L5_s43_c2_z3_anf   2246s  best 3621/4096  current 3546  kicks 31  iters 5360162 (2386/s)  best: cx 56 tof 22
[2026-09-25 06:31:41] span_L5_s43_c2_z3_anf   2256s  best 3621/4096  current 3575  kicks 31  iters 5386586 (2387/s)  best: cx 56 tof 22
[2026-09-25 06:31:52] span_L5_s43_c2_z3_anf   2267s  best 3621/4096  current 3592  kicks 31  iters 5408614 (2386/s)  best: cx 56 tof 22
[2026-09-25 06:32:02] span_L5_s43_c2_z3_anf   2277s  best 3621/4096  current 3592  kicks 31  iters 5430150 (2385/s)  best: cx 56 tof 22
[2026-09-25 06:32:17] span_L5_s43_c2_z3_anf   2292s  best 3621/4096  current 3592  kicks 31  iters 5462496 (2383/s)  best: cx 56 tof 22
[2026-09-25 06:32:31] span_L5_s43_c2_z3_anf   2306s  best 3621/4096  current 3547  kicks 32  iters 5500543 (2385/s)  best: cx 56 tof 22
[2026-09-25 06:32:46] span_L5_s43_c2_z3_anf   2321s  best 3621/4096  current 3539  kicks 32  iters 5538289 (2385/s)  best: cx 56 tof 22
[2026-09-25 06:33:01] span_L5_s43_c2_z3_anf   2336s  best 3621/4096  current 3574  kicks 32  iters 5574912 (2386/s)  best: cx 56 tof 22
[2026-09-25 06:33:11] span_L5_s43_c2_z3_anf   2346s  best 3621/4096  current 3585  kicks 32  iters 5600565 (2387/s)  best: cx 56 tof 22
[2026-09-25 06:33:26] span_L5_s43_c2_z3_anf   2361s  best 3621/4096  current 3556  kicks 33  iters 5638924 (2388/s)  best: cx 56 tof 22
[2026-09-25 06:33:37] span_L5_s43_c2_z3_anf   2372s  best 3621/4096  current 3584  kicks 33  iters 5665238 (2388/s)  best: cx 56 tof 22
[2026-09-25 06:33:47] span_L5_s43_c2_z3_anf   2382s  best 3621/4096  current 3596  kicks 33  iters 5686939 (2387/s)  best: cx 56 tof 22
[2026-09-25 06:34:02] span_L5_s43_c2_z3_anf   2397s  best 3621/4096  current 3613  kicks 33  iters 5720083 (2386/s)  best: cx 56 tof 22
[2026-09-25 06:34:12] span_L5_s43_c2_z3_anf   2407s  best 3621/4096  current 3610  kicks 33  iters 5743863 (2386/s)  best: cx 56 tof 22
[2026-09-25 06:34:22] span_L5_s43_c2_z3_anf   2417s  best 3621/4096  current 3606  kicks 33  iters 5767322 (2386/s)  best: cx 56 tof 22
[2026-09-25 06:34:36] span_L5_s43_c2_z3_anf   2431s  best 3621/4096  current 3537  kicks 34  iters 5807432 (2389/s)  best: cx 56 tof 22
[2026-09-25 06:34:47] span_L5_s43_c2_z3_anf   2442s  best 3621/4096  current 3579  kicks 34  iters 5835264 (2389/s)  best: cx 56 tof 22
[2026-09-25 06:35:02] span_L5_s43_c2_z3_anf   2457s  best 3621/4096  current 3578  kicks 34  iters 5871281 (2389/s)  best: cx 56 tof 22
[2026-09-25 06:35:12] span_L5_s43_c2_z3_anf   2467s  best 3621/4096  current 3581  kicks 34  iters 5895378 (2389/s)  best: cx 56 tof 22
[2026-09-25 06:35:27] span_L5_s43_c2_z3_anf   2482s  best 3621/4096  current 3478  kicks 35  iters 5930433 (2389/s)  best: cx 56 tof 22
[2026-09-25 06:35:41] span_L5_s43_c2_z3_anf   2496s  best 3621/4096  current 3491  kicks 35  iters 5968567 (2390/s)  best: cx 56 tof 22
[2026-09-25 06:35:52] span_L5_s43_c2_z3_anf   2506s  best 3621/4096  current 3493  kicks 35  iters 5994904 (2391/s)  best: cx 56 tof 22
[2026-09-25 06:36:07] span_L5_s43_c2_z3_anf   2522s  best 3621/4096  current 3499  kicks 35  iters 6034806 (2393/s)  best: cx 56 tof 22
[2026-09-25 06:36:22] span_L5_s43_c2_z3_anf   2537s  best 3621/4096  current 3514  kicks 35  iters 6073930 (2394/s)  best: cx 56 tof 22
[2026-09-25 06:36:37] span_L5_s43_c2_z3_anf   2552s  best 3621/4096  current 3496  kicks 36  iters 6112530 (2395/s)  best: cx 56 tof 22
[2026-09-25 06:36:47] span_L5_s43_c2_z3_anf   2562s  best 3621/4096  current 3499  kicks 36  iters 6137498 (2395/s)  best: cx 56 tof 22
[2026-09-25 06:36:57] span_L5_s43_c2_z3_anf   2572s  best 3621/4096  current 3567  kicks 36  iters 6162780 (2396/s)  best: cx 56 tof 22
[2026-09-25 06:37:07] span_L5_s43_c2_z3_anf   2582s  best 3621/4096  current 3581  kicks 36  iters 6186587 (2396/s)  best: cx 56 tof 22
[2026-09-25 06:37:22] span_L5_s43_c2_z3_anf   2597s  best 3621/4096  current 3589  kicks 36  iters 6222043 (2395/s)  best: cx 56 tof 22
[2026-09-25 06:37:37] span_L5_s43_c2_z3_anf   2612s  best 3621/4096  current 3493  kicks 37  iters 6258263 (2396/s)  best: cx 56 tof 22
[2026-09-25 06:37:52] span_L5_s43_c2_z3_anf   2627s  best 3621/4096  current 3522  kicks 37  iters 6296346 (2396/s)  best: cx 56 tof 22
[2026-09-25 06:38:03] span_L5_s43_c2_z3_anf   2638s  best 3621/4096  current 3524  kicks 37  iters 6319227 (2395/s)  best: cx 56 tof 22
[2026-09-25 06:38:18] span_L5_s43_c2_z3_anf   2653s  best 3621/4096  current 3541  kicks 37  iters 6350741 (2394/s)  best: cx 56 tof 22
[2026-09-25 06:38:32] span_L5_s43_c2_z3_anf   2667s  best 3621/4096  current 3546  kicks 37  iters 6385522 (2394/s)  best: cx 56 tof 22
[2026-09-25 06:38:47] span_L5_s43_c2_z3_anf   2682s  best 3621/4096  current 3561  kicks 38  iters 6423807 (2395/s)  best: cx 56 tof 22
[2026-09-25 06:38:57] span_L5_s43_c2_z3_anf   2692s  best 3621/4096  current 3565  kicks 38  iters 6448336 (2395/s)  best: cx 56 tof 22
[2026-09-25 06:39:08] span_L5_s43_c2_z3_anf   2703s  best 3621/4096  current 3596  kicks 38  iters 6471240 (2394/s)  best: cx 56 tof 22
[2026-09-25 06:39:23] span_L5_s43_c2_z3_anf   2718s  best 3621/4096  current 3595  kicks 38  iters 6504320 (2393/s)  best: cx 56 tof 22
[2026-09-25 06:39:33] span_L5_s43_c2_z3_anf   2728s  best 3621/4096  current 3607  kicks 38  iters 6526128 (2392/s)  best: cx 56 tof 22
[2026-09-25 06:39:44] span_L5_s43_c2_z3_anf   2738s  best 3621/4096  current 3594  kicks 39  iters 6547036 (2390/s)  best: cx 56 tof 22
[2026-09-25 06:39:54] span_L5_s43_c2_z3_anf   2749s  best 3621/4096  current 3589  kicks 39  iters 6565465 (2388/s)  best: cx 56 tof 22
[2026-09-25 06:40:09] span_L5_s43_c2_z3_anf   2764s  best 3621/4096  current 3593  kicks 39  iters 6593236 (2385/s)  best: cx 56 tof 22
[2026-09-25 06:40:24] span_L5_s43_c2_z3_anf   2779s  best 3621/4096  current 3603  kicks 39  iters 6622226 (2383/s)  best: cx 56 tof 22
[2026-09-25 06:40:37] span_L5_s43_c2_z3_anf   2792s  best 3621/4096  current 3508  kicks 40  iters 6650378 (2381/s)  best: cx 56 tof 22
[2026-09-25 06:40:52] span_L5_s43_c2_z3_anf   2807s  best 3621/4096  current 3536  kicks 40  iters 6691233 (2383/s)  best: cx 56 tof 22
[2026-09-25 06:41:02] span_L5_s43_c2_z3_anf   2817s  best 3621/4096  current 3536  kicks 40  iters 6718503 (2384/s)  best: cx 56 tof 22
[2026-09-25 06:41:13] span_L5_s43_c2_z3_anf   2828s  best 3621/4096  current 3560  kicks 40  iters 6741966 (2384/s)  best: cx 56 tof 22
[2026-09-25 06:41:28] span_L5_s43_c2_z3_anf   2843s  best 3621/4096  current 3567  kicks 40  iters 6776805 (2383/s)  best: cx 56 tof 22
[2026-09-25 06:41:43] span_L5_s43_c2_z3_anf   2857s  best 3621/4096  current 3476  kicks 41  iters 6813269 (2384/s)  best: cx 56 tof 22
[2026-09-25 06:41:53] span_L5_s43_c2_z3_anf   2868s  best 3621/4096  current 3561  kicks 41  iters 6838850 (2384/s)  best: cx 56 tof 22
[2026-09-25 06:42:03] span_L5_s43_c2_z3_anf   2878s  best 3621/4096  current 3575  kicks 41  iters 6861788 (2384/s)  best: cx 56 tof 22
[2026-09-25 06:42:13] span_L5_s43_c2_z3_anf   2888s  best 3621/4096  current 3595  kicks 41  iters 6885808 (2384/s)  best: cx 56 tof 22
[2026-09-25 06:42:23] span_L5_s43_c2_z3_anf   2898s  best 3621/4096  current 3610  kicks 41  iters 6909085 (2384/s)  best: cx 56 tof 22
[2026-09-25 06:42:33] span_L5_s43_c2_z3_anf   2908s  best 3621/4096  current 3610  kicks 41  iters 6932288 (2383/s)  best: cx 56 tof 22
[2026-09-25 06:42:44] span_L5_s43_c2_z3_anf   2919s  best 3621/4096  current 3574  kicks 42  iters 6955420 (2382/s)  best: cx 56 tof 22
[2026-09-25 06:42:54] span_L5_s43_c2_z3_anf   2929s  best 3621/4096  current 3591  kicks 42  iters 6974016 (2380/s)  best: cx 56 tof 22
[2026-09-25 06:43:09] span_L5_s43_c2_z3_anf   2944s  best 3621/4096  current 3593  kicks 42  iters 7001154 (2378/s)  best: cx 56 tof 22
[2026-09-25 06:43:19] span_L5_s43_c2_z3_anf   2954s  best 3621/4096  current 3593  kicks 42  iters 7021209 (2376/s)  best: cx 56 tof 22
[2026-09-25 06:43:29] span_L5_s43_c2_z3_anf   2964s  best 3621/4096  current 3595  kicks 42  iters 7040258 (2375/s)  best: cx 56 tof 22
[2026-09-25 06:43:43] span_L5_s43_c2_z3_anf   2978s  best 3621/4096  current 3524  kicks 43  iters 7069372 (2374/s)  best: cx 56 tof 22
[2026-09-25 06:43:53] span_L5_s43_c2_z3_anf   2988s  best 3621/4096  current 3558  kicks 43  iters 7095477 (2374/s)  best: cx 56 tof 22
[2026-09-25 06:44:03] span_L5_s43_c2_z3_anf   2998s  best 3621/4096  current 3567  kicks 43  iters 7119451 (2374/s)  best: cx 56 tof 22
[2026-09-25 06:44:19] span_L5_s43_c2_z3_anf   3013s  best 3621/4096  current 3584  kicks 43  iters 7155155 (2374/s)  best: cx 56 tof 22
[2026-09-25 06:44:33] span_L5_s43_c2_z3_anf   3028s  best 3621/4096  current 3579  kicks 43  iters 7189453 (2374/s)  best: cx 56 tof 22
[2026-09-25 06:44:48] span_L5_s43_c2_z3_anf   3043s  best 3621/4096  current 3537  kicks 44  iters 7224708 (2374/s)  best: cx 56 tof 22
[2026-09-25 06:44:58] span_L5_s43_c2_z3_anf   3053s  best 3621/4096  current 3578  kicks 44  iters 7249054 (2374/s)  best: cx 56 tof 22
[2026-09-25 06:45:13] span_L5_s43_c2_z3_anf   3068s  best 3621/4096  current 3587  kicks 44  iters 7285048 (2374/s)  best: cx 56 tof 22
[2026-09-25 06:45:23] span_L5_s43_c2_z3_anf   3078s  best 3621/4096  current 3589  kicks 44  iters 7309653 (2374/s)  best: cx 56 tof 22
[2026-09-25 06:45:33] span_L5_s43_c2_z3_anf   3088s  best 3621/4096  current 3601  kicks 44  iters 7334493 (2375/s)  best: cx 56 tof 22
[2026-09-25 06:45:43] span_L5_s43_c2_z3_anf   3098s  best 3621/4096  current 3605  kicks 44  iters 7358101 (2374/s)  best: cx 56 tof 22
[2026-09-25 06:45:54] span_L5_s43_c2_z3_anf   3108s  best 3621/4096  current 3496  kicks 45  iters 7383619 (2375/s)  best: cx 56 tof 22
[2026-09-25 06:46:09] span_L5_s43_c2_z3_anf   3123s  best 3621/4096  current 3495  kicks 45  iters 7419490 (2375/s)  best: cx 56 tof 22
[2026-09-25 06:46:23] span_L5_s43_c2_z3_anf   3138s  best 3621/4096  current 3496  kicks 45  iters 7454825 (2375/s)  best: cx 56 tof 22
[2026-09-25 06:46:38] span_L5_s43_c2_z3_anf   3153s  best 3621/4096  current 3494  kicks 45  iters 7490802 (2375/s)  best: cx 56 tof 22
[2026-09-25 06:46:54] span_L5_s43_c2_z3_anf   3169s  best 3621/4096  current 3535  kicks 46  iters 7527558 (2375/s)  best: cx 56 tof 22
[2026-09-25 06:47:09] span_L5_s43_c2_z3_anf   3184s  best 3621/4096  current 3544  kicks 46  iters 7563165 (2375/s)  best: cx 56 tof 22
[2026-09-25 06:47:23] span_L5_s43_c2_z3_anf   3198s  best 3621/4096  current 3544  kicks 46  iters 7598257 (2375/s)  best: cx 56 tof 22
[2026-09-25 06:47:34] span_L5_s43_c2_z3_anf   3209s  best 3621/4096  current 3541  kicks 46  iters 7621907 (2375/s)  best: cx 56 tof 22
[2026-09-25 06:47:44] span_L5_s43_c2_z3_anf   3219s  best 3621/4096  current 3549  kicks 46  iters 7644873 (2374/s)  best: cx 56 tof 22
[2026-09-25 06:47:59] span_L5_s43_c2_z3_anf   3234s  best 3621/4096  current 3559  kicks 47  iters 7677433 (2374/s)  best: cx 56 tof 22
[2026-09-25 06:48:14] span_L5_s43_c2_z3_anf   3249s  best 3621/4096  current 3561  kicks 47  iters 7712196 (2373/s)  best: cx 56 tof 22
[2026-09-25 06:48:29] span_L5_s43_c2_z3_anf   3264s  best 3621/4096  current 3568  kicks 47  iters 7747045 (2373/s)  best: cx 56 tof 22
[2026-09-25 06:48:44] span_L5_s43_c2_z3_anf   3279s  best 3621/4096  current 3582  kicks 47  iters 7781426 (2373/s)  best: cx 56 tof 22
[2026-09-25 06:48:58] span_L5_s43_c2_z3_anf   3293s  best 3621/4096  current 3532  kicks 48  iters 7814907 (2373/s)  best: cx 56 tof 22
[2026-09-25 06:49:09] span_L5_s43_c2_z3_anf   3304s  best 3621/4096  current 3545  kicks 48  iters 7840738 (2373/s)  best: cx 56 tof 22
[2026-09-25 06:49:23] span_L5_s43_c2_z3_anf   3318s  best 3621/4096  current 3544  kicks 48  iters 7877308 (2374/s)  best: cx 56 tof 22
[2026-09-25 06:49:38] span_L5_s43_c2_z3_anf   3333s  best 3621/4096  current 3562  kicks 48  iters 7919013 (2376/s)  best: cx 56 tof 22
[2026-09-25 06:49:48] span_L5_s43_c2_z3_anf   3343s  best 3621/4096  current 3562  kicks 48  iters 7946707 (2377/s)  best: cx 56 tof 22
[2026-09-25 06:50:04] span_L5_s43_c2_z3_anf   3359s  best 3621/4096  current 3538  kicks 49  iters 7987149 (2378/s)  best: cx 56 tof 22
[2026-09-25 06:50:15] span_L5_s43_c2_z3_anf   3370s  best 3621/4096  current 3587  kicks 49  iters 8008723 (2376/s)  best: cx 56 tof 22
[2026-09-25 06:50:30] span_L5_s43_c2_z3_anf   3385s  best 3621/4096  current 3600  kicks 49  iters 8037581 (2374/s)  best: cx 56 tof 22
[2026-09-25 06:50:45] span_L5_s43_c2_z3_anf   3400s  best 3621/4096  current 3599  kicks 49  iters 8066988 (2372/s)  best: cx 56 tof 22
[2026-09-25 06:50:55] span_L5_s43_c2_z3_anf   3410s  best 3621/4096  current 3599  kicks 49  iters 8086726 (2371/s)  best: cx 56 tof 22
[2026-09-25 06:51:09] span_L5_s43_c2_z3_anf   3424s  best 3621/4096  current 3510  kicks 50  iters 8118411 (2371/s)  best: cx 56 tof 22
[2026-09-25 06:51:24] span_L5_s43_c2_z3_anf   3439s  best 3621/4096  current 3529  kicks 50  iters 8154506 (2371/s)  best: cx 56 tof 22
[2026-09-25 06:51:39] span_L5_s43_c2_z3_anf   3454s  best 3621/4096  current 3529  kicks 50  iters 8190676 (2371/s)  best: cx 56 tof 22
[2026-09-25 06:51:49] span_L5_s43_c2_z3_anf   3464s  best 3621/4096  current 3532  kicks 50  iters 8215510 (2371/s)  best: cx 56 tof 22
[2026-09-25 06:51:59] span_L5_s43_c2_z3_anf   3474s  best 3621/4096  current 3531  kicks 50  iters 8240153 (2372/s)  best: cx 56 tof 22
[2026-09-25 06:52:14] span_L5_s43_c2_z3_anf   3489s  best 3621/4096  current 3551  kicks 51  iters 8277082 (2372/s)  best: cx 56 tof 22
[2026-09-25 06:52:25] span_L5_s43_c2_z3_anf   3500s  best 3621/4096  current 3568  kicks 51  iters 8300834 (2371/s)  best: cx 56 tof 22
[2026-09-25 06:52:39] span_L5_s43_c2_z3_anf   3514s  best 3621/4096  current 3568  kicks 51  iters 8334152 (2371/s)  best: cx 56 tof 22
[2026-09-25 06:52:50] span_L5_s43_c2_z3_anf   3524s  best 3621/4096  current 3597  kicks 51  iters 8356914 (2371/s)  best: cx 56 tof 22
[2026-09-25 06:53:00] span_L5_s43_c2_z3_anf   3535s  best 3621/4096  current 3617  kicks 51  iters 8378986 (2370/s)  best: cx 56 tof 22
[2026-09-25 06:53:13] span_L5_s43_c2_z3_anf   3548s  best 3621/4096  current 3526  kicks 52  iters 8414911 (2371/s)  best: cx 56 tof 22
[2026-09-25 06:53:28] span_L5_s43_c2_z3_anf   3563s  best 3621/4096  current 3572  kicks 52  iters 8459791 (2374/s)  best: cx 56 tof 22
[2026-09-25 06:53:43] span_L5_s43_c2_z3_anf   3578s  best 3621/4096  current 3572  kicks 52  iters 8503793 (2376/s)  best: cx 56 tof 22
[2026-09-25 06:53:54] span_L5_s43_c2_z3_anf   3589s  best 3621/4096  current 3580  kicks 52  iters 8532373 (2377/s)  best: cx 56 tof 22
[2026-09-25 06:54:08] span_L5_s43_c2_z3_anf   3603s  best 3621/4096  current 3576  kicks 52  iters 8574827 (2379/s)  best: cx 56 tof 22
[span_L5_s43_c2_z3_anf] final best 3621 / 4096
