basis ckpt/basis_s1.pkl: 286 ANF monomials
[span_L5_s75_c1_z3_basis] start fitness 3824 / 4096  (CZ layer 3, LCX 1, TEMP 1.00, MAXMUT 3, KICK 8 gates after 60s stuck)
[2026-09-25 10:38:02] span_L5_s75_c1_z3_basis     13s  best 3844/4096  current 3836  kicks 0  iters 9805 (739/s)  best: cx 25 tof 18
[2026-09-25 10:38:12] span_L5_s75_c1_z3_basis     23s  best 3851/4096  current 3832  kicks 0  iters 31256 (1342/s)  best: cx 19 tof 13
[2026-09-25 10:38:23] span_L5_s75_c1_z3_basis     34s  best 3856/4096  current 3845  kicks 0  iters 52201 (1549/s)  best: cx 26 tof 13
[2026-09-25 10:38:33] span_L5_s75_c1_z3_basis     44s  best 3866/4096  current 3857  kicks 0  iters 73269 (1669/s)  best: cx 25 tof 18
[2026-09-25 10:38:48] span_L5_s75_c1_z3_basis     59s  best 3868/4096  current 3844  kicks 0  iters 102784 (1744/s)  best: cx 25 tof 15
[2026-09-25 10:38:58] span_L5_s75_c1_z3_basis     69s  best 3868/4096  current 3834  kicks 0  iters 122715 (1776/s)  best: cx 25 tof 15
[2026-09-25 10:39:13] span_L5_s75_c1_z3_basis     84s  best 3868/4096  current 3856  kicks 0  iters 153373 (1830/s)  best: cx 25 tof 15
[2026-09-25 10:39:28] span_L5_s75_c1_z3_basis     98s  best 3871/4096  current 3863  kicks 0  iters 185374 (1883/s)  best: cx 26 tof 19
[2026-09-25 10:39:42] span_L5_s75_c1_z3_basis    113s  best 3873/4096  current 3861  kicks 0  iters 218197 (1929/s)  best: cx 29 tof 18
[2026-09-25 10:39:57] span_L5_s75_c1_z3_basis    128s  best 3878/4096  current 3876  kicks 0  iters 256353 (2009/s)  best: cx 30 tof 18
[2026-09-25 10:40:07] span_L5_s75_c1_z3_basis    138s  best 3878/4096  current 3869  kicks 0  iters 281836 (2047/s)  best: cx 30 tof 18
[2026-09-25 10:40:17] span_L5_s75_c1_z3_basis    148s  best 3879/4096  current 3874  kicks 0  iters 307581 (2078/s)  best: cx 29 tof 20
[2026-09-25 10:40:27] span_L5_s75_c1_z3_basis    158s  best 3879/4096  current 3866  kicks 0  iters 332025 (2101/s)  best: cx 29 tof 20
[2026-09-25 10:40:42] span_L5_s75_c1_z3_basis    173s  best 3879/4096  current 3868  kicks 0  iters 368989 (2130/s)  best: cx 29 tof 20
[2026-09-25 10:40:53] span_L5_s75_c1_z3_basis    184s  best 3879/4096  current 3868  kicks 0  iters 391747 (2133/s)  best: cx 29 tof 20
[2026-09-25 10:41:07] span_L5_s75_c1_z3_basis    198s  best 3881/4096  current 3877  kicks 0  iters 424553 (2141/s)  best: cx 32 tof 20
[2026-09-25 10:41:17] span_L5_s75_c1_z3_basis    208s  best 3881/4096  current 3867  kicks 0  iters 448053 (2151/s)  best: cx 32 tof 20
[2026-09-25 10:41:28] span_L5_s75_c1_z3_basis    218s  best 3881/4096  current 3869  kicks 0  iters 470962 (2156/s)  best: cx 32 tof 20
[2026-09-25 10:41:43] span_L5_s75_c1_z3_basis    234s  best 3881/4096  current 3866  kicks 0  iters 504539 (2159/s)  best: cx 32 tof 20
[2026-09-25 10:41:58] span_L5_s75_c1_z3_basis    249s  best 3884/4096  current 3883  kicks 0  iters 536690 (2158/s)  best: cx 25 tof 20
[2026-09-25 10:42:08] span_L5_s75_c1_z3_basis    259s  best 3885/4096  current 3878  kicks 0  iters 557848 (2154/s)  best: cx 29 tof 20
[2026-09-25 10:42:23] span_L5_s75_c1_z3_basis    274s  best 3889/4096  current 3878  kicks 0  iters 590854 (2159/s)  best: cx 27 tof 16
[2026-09-25 10:42:33] span_L5_s75_c1_z3_basis    284s  best 3889/4096  current 3877  kicks 0  iters 611478 (2151/s)  best: cx 27 tof 16
[2026-09-25 10:42:48] span_L5_s75_c1_z3_basis    299s  best 3900/4096  current 3896  kicks 0  iters 640790 (2144/s)  best: cx 27 tof 18
[2026-09-25 10:42:58] span_L5_s75_c1_z3_basis    309s  best 3900/4096  current 3895  kicks 0  iters 661930 (2141/s)  best: cx 27 tof 18
[2026-09-25 10:43:08] span_L5_s75_c1_z3_basis    319s  best 3900/4096  current 3896  kicks 0  iters 682556 (2138/s)  best: cx 27 tof 18
[2026-09-25 10:43:23] span_L5_s75_c1_z3_basis    334s  best 3900/4096  current 3876  kicks 0  iters 712671 (2131/s)  best: cx 27 tof 18
[2026-09-25 10:43:38] span_L5_s75_c1_z3_basis    349s  best 3900/4096  current 3884  kicks 0  iters 742263 (2125/s)  best: cx 27 tof 18
[2026-09-25 10:43:49] span_L5_s75_c1_z3_basis    359s  best 3900/4096  current 3895  kicks 0  iters 761930 (2119/s)  best: cx 27 tof 18
[2026-09-25 10:44:03] span_L5_s75_c1_z3_basis    374s  best 3900/4096  current 3839  kicks 1  iters 795120 (2126/s)  best: cx 27 tof 18
[2026-09-25 10:44:13] span_L5_s75_c1_z3_basis    384s  best 3900/4096  current 3843  kicks 1  iters 817421 (2127/s)  best: cx 27 tof 18
[2026-09-25 10:44:24] span_L5_s75_c1_z3_basis    395s  best 3900/4096  current 3860  kicks 1  iters 838362 (2124/s)  best: cx 27 tof 18
[2026-09-25 10:44:34] span_L5_s75_c1_z3_basis    405s  best 3900/4096  current 3858  kicks 1  iters 857247 (2116/s)  best: cx 27 tof 18
[2026-09-25 10:44:48] span_L5_s75_c1_z3_basis    419s  best 3900/4096  current 3861  kicks 1  iters 885847 (2115/s)  best: cx 27 tof 18
[2026-09-25 10:44:58] span_L5_s75_c1_z3_basis    429s  best 3900/4096  current 3832  kicks 2  iters 907831 (2116/s)  best: cx 27 tof 18
[2026-09-25 10:45:08] span_L5_s75_c1_z3_basis    439s  best 3900/4096  current 3836  kicks 2  iters 930807 (2119/s)  best: cx 27 tof 18
[2026-09-25 10:45:23] span_L5_s75_c1_z3_basis    454s  best 3900/4096  current 3841  kicks 2  iters 965451 (2125/s)  best: cx 27 tof 18
[2026-09-25 10:45:34] span_L5_s75_c1_z3_basis    464s  best 3900/4096  current 3838  kicks 2  iters 986967 (2125/s)  best: cx 27 tof 18
[2026-09-25 10:45:44] span_L5_s75_c1_z3_basis    475s  best 3900/4096  current 3847  kicks 2  iters 1008041 (2122/s)  best: cx 27 tof 18
[2026-09-25 10:45:58] span_L5_s75_c1_z3_basis    489s  best 3900/4096  current 3855  kicks 2  iters 1039170 (2123/s)  best: cx 27 tof 18
[2026-09-25 10:46:13] span_L5_s75_c1_z3_basis    504s  best 3900/4096  current 3876  kicks 3  iters 1071727 (2125/s)  best: cx 27 tof 18
[2026-09-25 10:46:23] span_L5_s75_c1_z3_basis    514s  best 3900/4096  current 3883  kicks 3  iters 1094240 (2127/s)  best: cx 27 tof 18
[2026-09-25 10:46:38] span_L5_s75_c1_z3_basis    529s  best 3900/4096  current 3876  kicks 3  iters 1128036 (2132/s)  best: cx 27 tof 18
[2026-09-25 10:46:48] span_L5_s75_c1_z3_basis    539s  best 3900/4096  current 3858  kicks 3  iters 1151089 (2134/s)  best: cx 27 tof 18
[2026-09-25 10:46:59] span_L5_s75_c1_z3_basis    550s  best 3900/4096  current 3877  kicks 3  iters 1172605 (2132/s)  best: cx 27 tof 18
[2026-09-25 10:47:13] span_L5_s75_c1_z3_basis    564s  best 3900/4096  current 3836  kicks 4  iters 1206681 (2139/s)  best: cx 27 tof 18
[2026-09-25 10:47:23] span_L5_s75_c1_z3_basis    574s  best 3900/4096  current 3840  kicks 4  iters 1230702 (2142/s)  best: cx 27 tof 18
[2026-09-25 10:47:39] span_L5_s75_c1_z3_basis    589s  best 3900/4096  current 3833  kicks 4  iters 1264577 (2145/s)  best: cx 27 tof 18
[2026-09-25 10:47:53] span_L5_s75_c1_z3_basis    604s  best 3900/4096  current 3834  kicks 4  iters 1299551 (2151/s)  best: cx 27 tof 18
[2026-09-25 10:48:09] span_L5_s75_c1_z3_basis    619s  best 3900/4096  current 3843  kicks 5  iters 1336222 (2157/s)  best: cx 27 tof 18
[2026-09-25 10:48:24] span_L5_s75_c1_z3_basis    635s  best 3900/4096  current 3833  kicks 5  iters 1371252 (2161/s)  best: cx 27 tof 18
[2026-09-25 10:48:34] span_L5_s75_c1_z3_basis    645s  best 3900/4096  current 3852  kicks 5  iters 1393291 (2161/s)  best: cx 27 tof 18
[2026-09-25 10:48:44] span_L5_s75_c1_z3_basis    655s  best 3900/4096  current 3857  kicks 5  iters 1413873 (2158/s)  best: cx 27 tof 18
[2026-09-25 10:48:54] span_L5_s75_c1_z3_basis    665s  best 3900/4096  current 3821  kicks 5  iters 1435150 (2157/s)  best: cx 27 tof 18
[2026-09-25 10:49:09] span_L5_s75_c1_z3_basis    680s  best 3900/4096  current 3852  kicks 6  iters 1468173 (2159/s)  best: cx 27 tof 18
[2026-09-25 10:49:20] span_L5_s75_c1_z3_basis    691s  best 3900/4096  current 3857  kicks 6  iters 1489051 (2155/s)  best: cx 27 tof 18
[2026-09-25 10:49:35] span_L5_s75_c1_z3_basis    706s  best 3900/4096  current 3856  kicks 6  iters 1517190 (2149/s)  best: cx 27 tof 18
[2026-09-25 10:49:49] span_L5_s75_c1_z3_basis    720s  best 3900/4096  current 3866  kicks 6  iters 1549364 (2153/s)  best: cx 27 tof 18
[2026-09-25 10:50:03] span_L5_s75_c1_z3_basis    734s  best 3900/4096  current 3868  kicks 6  iters 1586522 (2160/s)  best: cx 27 tof 18
[2026-09-25 10:50:14] span_L5_s75_c1_z3_basis    745s  best 3900/4096  current 3839  kicks 7  iters 1611593 (2162/s)  best: cx 27 tof 18
[2026-09-25 10:50:30] span_L5_s75_c1_z3_basis    761s  best 3900/4096  current 3872  kicks 7  iters 1646414 (2163/s)  best: cx 27 tof 18
[2026-09-25 10:50:45] span_L5_s75_c1_z3_basis    776s  best 3900/4096  current 3861  kicks 7  iters 1676126 (2160/s)  best: cx 27 tof 18
[2026-09-25 10:50:55] span_L5_s75_c1_z3_basis    786s  best 3900/4096  current 3871  kicks 7  iters 1696325 (2157/s)  best: cx 27 tof 18
[2026-09-25 10:51:10] span_L5_s75_c1_z3_basis    801s  best 3900/4096  current 3868  kicks 7  iters 1725204 (2154/s)  best: cx 27 tof 18
[2026-09-25 10:51:20] span_L5_s75_c1_z3_basis    811s  best 3900/4096  current 3847  kicks 8  iters 1746358 (2153/s)  best: cx 27 tof 18
[2026-09-25 10:51:35] span_L5_s75_c1_z3_basis    826s  best 3900/4096  current 3846  kicks 8  iters 1777243 (2152/s)  best: cx 27 tof 18
[2026-09-25 10:51:49] span_L5_s75_c1_z3_basis    840s  best 3900/4096  current 3847  kicks 8  iters 1808705 (2152/s)  best: cx 27 tof 18
[2026-09-25 10:52:00] span_L5_s75_c1_z3_basis    851s  best 3900/4096  current 3832  kicks 8  iters 1831686 (2153/s)  best: cx 27 tof 18
[2026-09-25 10:52:11] span_L5_s75_c1_z3_basis    862s  best 3900/4096  current 3869  kicks 8  iters 1850585 (2146/s)  best: cx 27 tof 18
[2026-09-25 10:52:25] span_L5_s75_c1_z3_basis    876s  best 3900/4096  current 3841  kicks 9  iters 1881820 (2149/s)  best: cx 27 tof 18
[2026-09-25 10:52:39] span_L5_s75_c1_z3_basis    890s  best 3900/4096  current 3822  kicks 9  iters 1915978 (2151/s)  best: cx 27 tof 18
[2026-09-25 10:52:50] span_L5_s75_c1_z3_basis    901s  best 3900/4096  current 3844  kicks 9  iters 1940195 (2154/s)  best: cx 27 tof 18
[2026-09-25 10:53:00] span_L5_s75_c1_z3_basis    911s  best 3900/4096  current 3835  kicks 9  iters 1965048 (2157/s)  best: cx 27 tof 18
[2026-09-25 10:53:10] span_L5_s75_c1_z3_basis    921s  best 3900/4096  current 3835  kicks 9  iters 1987098 (2157/s)  best: cx 27 tof 18
[2026-09-25 10:53:20] span_L5_s75_c1_z3_basis    931s  best 3900/4096  current 3842  kicks 10  iters 2010233 (2159/s)  best: cx 27 tof 18
[2026-09-25 10:53:35] span_L5_s75_c1_z3_basis    946s  best 3900/4096  current 3835  kicks 10  iters 2043506 (2160/s)  best: cx 27 tof 18
[2026-09-25 10:53:46] span_L5_s75_c1_z3_basis    957s  best 3900/4096  current 3858  kicks 10  iters 2066210 (2159/s)  best: cx 27 tof 18
[2026-09-25 10:54:01] span_L5_s75_c1_z3_basis    972s  best 3900/4096  current 3857  kicks 10  iters 2096189 (2156/s)  best: cx 27 tof 18
[2026-09-25 10:54:15] span_L5_s75_c1_z3_basis    986s  best 3900/4096  current 3824  kicks 10  iters 2124085 (2153/s)  best: cx 27 tof 18
[2026-09-25 10:54:27] span_L5_s75_c1_z3_basis    998s  best 3900/4096  current 3872  kicks 11  iters 2146477 (2151/s)  best: cx 27 tof 18
[2026-09-25 10:54:41] span_L5_s75_c1_z3_basis   1012s  best 3900/4096  current 3863  kicks 11  iters 2173754 (2147/s)  best: cx 27 tof 18
[2026-09-25 10:54:51] span_L5_s75_c1_z3_basis   1022s  best 3900/4096  current 3872  kicks 11  iters 2193053 (2145/s)  best: cx 27 tof 18
[2026-09-25 10:55:06] span_L5_s75_c1_z3_basis   1037s  best 3900/4096  current 3877  kicks 11  iters 2221669 (2142/s)  best: cx 27 tof 18
[2026-09-25 10:55:16] span_L5_s75_c1_z3_basis   1047s  best 3900/4096  current 3865  kicks 11  iters 2240231 (2139/s)  best: cx 27 tof 18
[2026-09-25 10:55:30] span_L5_s75_c1_z3_basis   1061s  best 3900/4096  current 3840  kicks 12  iters 2272261 (2140/s)  best: cx 27 tof 18
[2026-09-25 10:55:41] span_L5_s75_c1_z3_basis   1072s  best 3900/4096  current 3832  kicks 12  iters 2294905 (2141/s)  best: cx 27 tof 18
[2026-09-25 10:55:55] span_L5_s75_c1_z3_basis   1086s  best 3900/4096  current 3836  kicks 12  iters 2329133 (2143/s)  best: cx 27 tof 18
[2026-09-25 10:56:06] span_L5_s75_c1_z3_basis   1097s  best 3900/4096  current 3840  kicks 12  iters 2352124 (2144/s)  best: cx 27 tof 18
[2026-09-25 10:56:16] span_L5_s75_c1_z3_basis   1107s  best 3900/4096  current 3824  kicks 12  iters 2374305 (2145/s)  best: cx 27 tof 18
[2026-09-25 10:56:30] span_L5_s75_c1_z3_basis   1121s  best 3900/4096  current 3828  kicks 13  iters 2408641 (2148/s)  best: cx 27 tof 18
[2026-09-25 10:56:40] span_L5_s75_c1_z3_basis   1131s  best 3900/4096  current 3830  kicks 13  iters 2433259 (2150/s)  best: cx 27 tof 18
[2026-09-25 10:56:51] span_L5_s75_c1_z3_basis   1142s  best 3900/4096  current 3858  kicks 13  iters 2457362 (2151/s)  best: cx 27 tof 18
[2026-09-25 10:57:06] span_L5_s75_c1_z3_basis   1157s  best 3900/4096  current 3828  kicks 13  iters 2488420 (2151/s)  best: cx 27 tof 18
[2026-09-25 10:57:16] span_L5_s75_c1_z3_basis   1167s  best 3900/4096  current 3835  kicks 13  iters 2510427 (2151/s)  best: cx 27 tof 18
[2026-09-25 10:57:31] span_L5_s75_c1_z3_basis   1182s  best 3900/4096  current 3843  kicks 14  iters 2546031 (2154/s)  best: cx 27 tof 18
[2026-09-25 10:57:41] span_L5_s75_c1_z3_basis   1192s  best 3900/4096  current 3835  kicks 14  iters 2567980 (2154/s)  best: cx 27 tof 18
[2026-09-25 10:57:56] span_L5_s75_c1_z3_basis   1207s  best 3900/4096  current 3835  kicks 14  iters 2601879 (2155/s)  best: cx 27 tof 18
[2026-09-25 10:58:11] span_L5_s75_c1_z3_basis   1222s  best 3900/4096  current 3839  kicks 14  iters 2633794 (2155/s)  best: cx 27 tof 18
[2026-09-25 10:58:26] span_L5_s75_c1_z3_basis   1237s  best 3900/4096  current 3867  kicks 14  iters 2668031 (2156/s)  best: cx 27 tof 18
[2026-09-25 10:58:41] span_L5_s75_c1_z3_basis   1251s  best 3900/4096  current 3834  kicks 15  iters 2702637 (2159/s)  best: cx 27 tof 18
[2026-09-25 10:58:51] span_L5_s75_c1_z3_basis   1261s  best 3900/4096  current 3836  kicks 15  iters 2725746 (2160/s)  best: cx 27 tof 18
[2026-09-25 10:59:01] span_L5_s75_c1_z3_basis   1272s  best 3900/4096  current 3852  kicks 15  iters 2749300 (2160/s)  best: cx 27 tof 18
[2026-09-25 10:59:17] span_L5_s75_c1_z3_basis   1288s  best 3900/4096  current 3869  kicks 15  iters 2782300 (2159/s)  best: cx 27 tof 18
[2026-09-25 10:59:31] span_L5_s75_c1_z3_basis   1302s  best 3900/4096  current 3827  kicks 16  iters 2810718 (2158/s)  best: cx 27 tof 18
[2026-09-25 10:59:42] span_L5_s75_c1_z3_basis   1313s  best 3900/4096  current 3836  kicks 16  iters 2833987 (2159/s)  best: cx 27 tof 18
[2026-09-25 10:59:56] span_L5_s75_c1_z3_basis   1327s  best 3900/4096  current 3823  kicks 16  iters 2867387 (2160/s)  best: cx 27 tof 18
[2026-09-25 11:00:07] span_L5_s75_c1_z3_basis   1338s  best 3900/4096  current 3840  kicks 16  iters 2889804 (2160/s)  best: cx 27 tof 18
[2026-09-25 11:00:21] span_L5_s75_c1_z3_basis   1352s  best 3900/4096  current 3864  kicks 16  iters 2923161 (2161/s)  best: cx 27 tof 18
[2026-09-25 11:00:32] span_L5_s75_c1_z3_basis   1362s  best 3900/4096  current 3861  kicks 16  iters 2946662 (2162/s)  best: cx 27 tof 18
[2026-09-25 11:00:42] span_L5_s75_c1_z3_basis   1373s  best 3900/4096  current 3840  kicks 17  iters 2967356 (2161/s)  best: cx 27 tof 18
[2026-09-25 11:00:57] span_L5_s75_c1_z3_basis   1387s  best 3900/4096  current 3837  kicks 17  iters 3000196 (2162/s)  best: cx 27 tof 18
[2026-09-25 11:01:07] span_L5_s75_c1_z3_basis   1398s  best 3900/4096  current 3843  kicks 17  iters 3023123 (2162/s)  best: cx 27 tof 18
[2026-09-25 11:01:22] span_L5_s75_c1_z3_basis   1413s  best 3900/4096  current 3850  kicks 17  iters 3056384 (2163/s)  best: cx 27 tof 18
[2026-09-25 11:01:37] span_L5_s75_c1_z3_basis   1427s  best 3900/4096  current 3861  kicks 17  iters 3089851 (2164/s)  best: cx 27 tof 18
[2026-09-25 11:01:52] span_L5_s75_c1_z3_basis   1443s  best 3900/4096  current 3851  kicks 18  iters 3124820 (2165/s)  best: cx 27 tof 18
[2026-09-25 11:02:02] span_L5_s75_c1_z3_basis   1453s  best 3900/4096  current 3835  kicks 18  iters 3146491 (2165/s)  best: cx 27 tof 18
[2026-09-25 11:02:17] span_L5_s75_c1_z3_basis   1468s  best 3900/4096  current 3838  kicks 18  iters 3179771 (2166/s)  best: cx 27 tof 18
[2026-09-25 11:02:32] span_L5_s75_c1_z3_basis   1483s  best 3900/4096  current 3833  kicks 18  iters 3213597 (2166/s)  best: cx 27 tof 18
[2026-09-25 11:02:47] span_L5_s75_c1_z3_basis   1498s  best 3900/4096  current 3837  kicks 19  iters 3246786 (2167/s)  best: cx 27 tof 18
[2026-09-25 11:03:02] span_L5_s75_c1_z3_basis   1513s  best 3900/4096  current 3838  kicks 19  iters 3280553 (2168/s)  best: cx 27 tof 18
[2026-09-25 11:03:12] span_L5_s75_c1_z3_basis   1523s  best 3900/4096  current 3843  kicks 19  iters 3302726 (2168/s)  best: cx 27 tof 18
[2026-09-25 11:03:27] span_L5_s75_c1_z3_basis   1538s  best 3900/4096  current 3832  kicks 19  iters 3337144 (2169/s)  best: cx 27 tof 18
[2026-09-25 11:03:41] span_L5_s75_c1_z3_basis   1552s  best 3900/4096  current 3837  kicks 19  iters 3370100 (2171/s)  best: cx 27 tof 18
[2026-09-25 11:03:52] span_L5_s75_c1_z3_basis   1563s  best 3900/4096  current 3836  kicks 20  iters 3394551 (2172/s)  best: cx 27 tof 18
[2026-09-25 11:04:07] span_L5_s75_c1_z3_basis   1578s  best 3900/4096  current 3841  kicks 20  iters 3429355 (2173/s)  best: cx 27 tof 18
[2026-09-25 11:04:22] span_L5_s75_c1_z3_basis   1593s  best 3900/4096  current 3837  kicks 20  iters 3463203 (2174/s)  best: cx 27 tof 18
[2026-09-25 11:04:37] span_L5_s75_c1_z3_basis   1608s  best 3900/4096  current 3824  kicks 20  iters 3498230 (2175/s)  best: cx 27 tof 18
[2026-09-25 11:04:47] span_L5_s75_c1_z3_basis   1618s  best 3900/4096  current 3831  kicks 20  iters 3520495 (2175/s)  best: cx 27 tof 18
[2026-09-25 11:05:02] span_L5_s75_c1_z3_basis   1633s  best 3900/4096  current 3830  kicks 21  iters 3554181 (2176/s)  best: cx 27 tof 18
[2026-09-25 11:05:17] span_L5_s75_c1_z3_basis   1648s  best 3900/4096  current 3838  kicks 21  iters 3587855 (2176/s)  best: cx 27 tof 18
[2026-09-25 11:05:27] span_L5_s75_c1_z3_basis   1658s  best 3900/4096  current 3850  kicks 21  iters 3609557 (2176/s)  best: cx 27 tof 18
[2026-09-25 11:05:42] span_L5_s75_c1_z3_basis   1673s  best 3900/4096  current 3852  kicks 21  iters 3641325 (2176/s)  best: cx 27 tof 18
[2026-09-25 11:05:52] span_L5_s75_c1_z3_basis   1683s  best 3900/4096  current 3872  kicks 21  iters 3663565 (2176/s)  best: cx 27 tof 18
[2026-09-25 11:06:07] span_L5_s75_c1_z3_basis   1698s  best 3900/4096  current 3835  kicks 22  iters 3696307 (2176/s)  best: cx 27 tof 18
[2026-09-25 11:06:17] span_L5_s75_c1_z3_basis   1708s  best 3900/4096  current 3839  kicks 22  iters 3717610 (2176/s)  best: cx 27 tof 18
[2026-09-25 11:06:32] span_L5_s75_c1_z3_basis   1723s  best 3900/4096  current 3833  kicks 22  iters 3751686 (2177/s)  best: cx 27 tof 18
[2026-09-25 11:06:42] span_L5_s75_c1_z3_basis   1733s  best 3900/4096  current 3834  kicks 22  iters 3773838 (2177/s)  best: cx 27 tof 18
[2026-09-25 11:06:57] span_L5_s75_c1_z3_basis   1748s  best 3900/4096  current 3857  kicks 22  iters 3808230 (2178/s)  best: cx 27 tof 18
[2026-09-25 11:07:12] span_L5_s75_c1_z3_basis   1763s  best 3900/4096  current 3828  kicks 23  iters 3842693 (2179/s)  best: cx 27 tof 18
[2026-09-25 11:07:23] span_L5_s75_c1_z3_basis   1774s  best 3900/4096  current 3844  kicks 23  iters 3866474 (2179/s)  best: cx 27 tof 18
[2026-09-25 11:07:37] span_L5_s75_c1_z3_basis   1788s  best 3900/4096  current 3836  kicks 23  iters 3897604 (2179/s)  best: cx 27 tof 18
[2026-09-25 11:07:48] span_L5_s75_c1_z3_basis   1799s  best 3900/4096  current 3848  kicks 23  iters 3920530 (2179/s)  best: cx 27 tof 18
[2026-09-25 11:07:53] span_L5_s75_c1_z3_basis   1804s  best 3900/4096  current 3842  kicks 23  iters 3931163 (2179/s)  best: cx 27 tof 18
[span_L5_s75_c1_z3_basis] final best 3900 / 4096
