[span_L5_s24_c1_z1_T3init] start fitness 3907 / 4096  (CZ layer 1, LCX 1, TEMP 3.00, MAXMUT 3, KICK 8 gates after 60s stuck)
[2026-09-25 04:53:20] span_L5_s24_c1_z1_T3init     11s  best 3907/4096  current 3833  kicks 0  iters 511723 (47774/s)  best: cx 25 tof 22
[2026-09-25 04:53:30] span_L5_s24_c1_z1_T3init     21s  best 3907/4096  current 3845  kicks 0  iters 985766 (47159/s)  best: cx 25 tof 22
[2026-09-25 04:53:40] span_L5_s24_c1_z1_T3init     31s  best 3907/4096  current 3833  kicks 0  iters 1453490 (46876/s)  best: cx 25 tof 22
[2026-09-25 04:53:55] span_L5_s24_c1_z1_T3init     46s  best 3907/4096  current 3803  kicks 0  iters 2153236 (46960/s)  best: cx 25 tof 22
[2026-09-25 04:54:05] span_L5_s24_c1_z1_T3init     56s  best 3907/4096  current 3797  kicks 0  iters 2601739 (46402/s)  best: cx 25 tof 22
[2026-09-25 04:54:16] span_L5_s24_c1_z1_T3init     67s  best 3907/4096  current 3713  kicks 1  iters 3048268 (45209/s)  best: cx 25 tof 22
[2026-09-25 04:54:31] span_L5_s24_c1_z1_T3init     82s  best 3907/4096  current 3785  kicks 1  iters 3624739 (44205/s)  best: cx 25 tof 22
[2026-09-25 04:54:41] span_L5_s24_c1_z1_T3init     92s  best 3907/4096  current 3785  kicks 1  iters 4016717 (43652/s)  best: cx 25 tof 22
[2026-09-25 04:54:56] span_L5_s24_c1_z1_T3init    107s  best 3907/4096  current 3785  kicks 1  iters 4621154 (43173/s)  best: cx 25 tof 22
[2026-09-25 04:55:11] span_L5_s24_c1_z1_T3init    122s  best 3907/4096  current 3785  kicks 1  iters 5215660 (42729/s)  best: cx 25 tof 22
[2026-09-25 04:55:21] span_L5_s24_c1_z1_T3init    132s  best 3907/4096  current 3705  kicks 2  iters 5596376 (42273/s)  best: cx 25 tof 22
[2026-09-25 04:55:36] span_L5_s24_c1_z1_T3init    147s  best 3907/4096  current 3705  kicks 2  iters 6160370 (41890/s)  best: cx 25 tof 22
[2026-09-25 04:55:47] span_L5_s24_c1_z1_T3init    158s  best 3907/4096  current 3713  kicks 2  iters 6544949 (41526/s)  best: cx 25 tof 22
[2026-09-25 04:55:57] span_L5_s24_c1_z1_T3init    168s  best 3907/4096  current 3729  kicks 2  iters 6896865 (41130/s)  best: cx 25 tof 22
[2026-09-25 04:56:07] span_L5_s24_c1_z1_T3init    178s  best 3907/4096  current 3743  kicks 2  iters 7251524 (40804/s)  best: cx 25 tof 22
[2026-09-25 04:56:17] span_L5_s24_c1_z1_T3init    188s  best 3907/4096  current 3729  kicks 3  iters 7607264 (40483/s)  best: cx 25 tof 22
[2026-09-25 04:56:27] span_L5_s24_c1_z1_T3init    198s  best 3907/4096  current 3779  kicks 3  iters 7950949 (40121/s)  best: cx 25 tof 22
[2026-09-25 04:56:42] span_L5_s24_c1_z1_T3init    213s  best 3907/4096  current 3777  kicks 3  iters 8463971 (39697/s)  best: cx 25 tof 22
[2026-09-25 04:56:57] span_L5_s24_c1_z1_T3init    228s  best 3907/4096  current 3777  kicks 3  iters 8965788 (39335/s)  best: cx 25 tof 22
[2026-09-25 04:57:12] span_L5_s24_c1_z1_T3init    243s  best 3907/4096  current 3777  kicks 3  iters 9507400 (39179/s)  best: cx 25 tof 22
[2026-09-25 04:57:27] span_L5_s24_c1_z1_T3init    258s  best 3907/4096  current 3705  kicks 4  iters 10054267 (39034/s)  best: cx 25 tof 22
[2026-09-25 04:57:37] span_L5_s24_c1_z1_T3init    268s  best 3907/4096  current 3705  kicks 4  iters 10420860 (38931/s)  best: cx 25 tof 22
[2026-09-25 04:57:47] span_L5_s24_c1_z1_T3init    278s  best 3907/4096  current 3705  kicks 4  iters 10782490 (38816/s)  best: cx 25 tof 22
[2026-09-25 04:58:02] span_L5_s24_c1_z1_T3init    293s  best 3907/4096  current 3705  kicks 4  iters 11309596 (38623/s)  best: cx 25 tof 22
[2026-09-25 04:58:17] span_L5_s24_c1_z1_T3init    308s  best 3907/4096  current 3717  kicks 5  iters 11839948 (38448/s)  best: cx 25 tof 22
[2026-09-25 04:58:27] span_L5_s24_c1_z1_T3init    318s  best 3907/4096  current 3767  kicks 5  iters 12184762 (38310/s)  best: cx 25 tof 22
[2026-09-25 04:58:37] span_L5_s24_c1_z1_T3init    328s  best 3907/4096  current 3767  kicks 5  iters 12520799 (38156/s)  best: cx 25 tof 22
[2026-09-25 04:58:52] span_L5_s24_c1_z1_T3init    343s  best 3907/4096  current 3767  kicks 5  iters 13021894 (37969/s)  best: cx 25 tof 22
[2026-09-25 04:59:02] span_L5_s24_c1_z1_T3init    353s  best 3907/4096  current 3767  kicks 5  iters 13391672 (37924/s)  best: cx 25 tof 22
[2026-09-25 04:59:16] span_L5_s24_c1_z1_T3init    367s  best 3907/4096  current 3701  kicks 6  iters 13908205 (37845/s)  best: cx 25 tof 22
[2026-09-25 04:59:27] span_L5_s24_c1_z1_T3init    378s  best 3907/4096  current 3701  kicks 6  iters 14292918 (37819/s)  best: cx 25 tof 22
[2026-09-25 04:59:42] span_L5_s24_c1_z1_T3init    393s  best 3907/4096  current 3701  kicks 6  iters 14837965 (37771/s)  best: cx 25 tof 22
[2026-09-25 04:59:52] span_L5_s24_c1_z1_T3init    403s  best 3907/4096  current 3701  kicks 6  iters 15208376 (37749/s)  best: cx 25 tof 22
[2026-09-25 05:00:07] span_L5_s24_c1_z1_T3init    418s  best 3907/4096  current 3701  kicks 6  iters 15752945 (37709/s)  best: cx 25 tof 22
[2026-09-25 05:00:21] span_L5_s24_c1_z1_T3init    432s  best 3907/4096  current 3687  kicks 7  iters 16328299 (37759/s)  best: cx 25 tof 22
[2026-09-25 05:00:32] span_L5_s24_c1_z1_T3init    443s  best 3907/4096  current 3739  kicks 7  iters 16722230 (37763/s)  best: cx 25 tof 22
[2026-09-25 05:00:47] span_L5_s24_c1_z1_T3init    458s  best 3907/4096  current 3739  kicks 7  iters 17299760 (37804/s)  best: cx 25 tof 22
[2026-09-25 05:00:57] span_L5_s24_c1_z1_T3init    468s  best 3907/4096  current 3739  kicks 7  iters 17688179 (37825/s)  best: cx 25 tof 22
[2026-09-25 05:01:12] span_L5_s24_c1_z1_T3init    483s  best 3907/4096  current 3715  kicks 7  iters 18274421 (37854/s)  best: cx 25 tof 22
[2026-09-25 05:01:23] span_L5_s24_c1_z1_T3init    494s  best 3907/4096  current 3665  kicks 8  iters 18652470 (37782/s)  best: cx 25 tof 22
[2026-09-25 05:01:37] span_L5_s24_c1_z1_T3init    508s  best 3907/4096  current 3751  kicks 8  iters 19136761 (37641/s)  best: cx 25 tof 22
[2026-09-25 05:01:48] span_L5_s24_c1_z1_T3init    519s  best 3907/4096  current 3751  kicks 8  iters 19470746 (37544/s)  best: cx 25 tof 22
[2026-09-25 05:02:02] span_L5_s24_c1_z1_T3init    533s  best 3907/4096  current 3751  kicks 8  iters 19972404 (37451/s)  best: cx 25 tof 22
[2026-09-25 05:02:12] span_L5_s24_c1_z1_T3init    544s  best 3907/4096  current 3751  kicks 8  iters 20319000 (37383/s)  best: cx 25 tof 22
[2026-09-25 05:02:27] span_L5_s24_c1_z1_T3init    558s  best 3907/4096  current 3713  kicks 9  iters 20831052 (37336/s)  best: cx 25 tof 22
[2026-09-25 05:02:42] span_L5_s24_c1_z1_T3init    573s  best 3907/4096  current 3733  kicks 9  iters 21393439 (37339/s)  best: cx 25 tof 22
[2026-09-25 05:02:52] span_L5_s24_c1_z1_T3init    583s  best 3907/4096  current 3727  kicks 9  iters 21753552 (37299/s)  best: cx 25 tof 22
[2026-09-25 05:03:03] span_L5_s24_c1_z1_T3init    594s  best 3907/4096  current 3697  kicks 9  iters 22119490 (37258/s)  best: cx 25 tof 22
[2026-09-25 05:03:17] span_L5_s24_c1_z1_T3init    608s  best 3907/4096  current 3733  kicks 9  iters 22633550 (37203/s)  best: cx 25 tof 22
[2026-09-25 05:03:32] span_L5_s24_c1_z1_T3init    623s  best 3907/4096  current 3743  kicks 10  iters 23182117 (37217/s)  best: cx 25 tof 22
[2026-09-25 05:03:47] span_L5_s24_c1_z1_T3init    638s  best 3907/4096  current 3743  kicks 10  iters 23758414 (37248/s)  best: cx 25 tof 22
[2026-09-25 05:03:57] span_L5_s24_c1_z1_T3init    648s  best 3907/4096  current 3743  kicks 10  iters 24142601 (37256/s)  best: cx 25 tof 22
[2026-09-25 05:04:07] span_L5_s24_c1_z1_T3init    658s  best 3907/4096  current 3743  kicks 10  iters 24521807 (37259/s)  best: cx 25 tof 22
[2026-09-25 05:04:22] span_L5_s24_c1_z1_T3init    673s  best 3907/4096  current 3743  kicks 10  iters 25095931 (37285/s)  best: cx 25 tof 22
[2026-09-25 05:04:32] span_L5_s24_c1_z1_T3init    683s  best 3907/4096  current 3737  kicks 11  iters 25453215 (37256/s)  best: cx 25 tof 22
[2026-09-25 05:04:47] span_L5_s24_c1_z1_T3init    698s  best 3907/4096  current 3737  kicks 11  iters 26018508 (37265/s)  best: cx 25 tof 22
[2026-09-25 05:04:58] span_L5_s24_c1_z1_T3init    709s  best 3907/4096  current 3733  kicks 11  iters 26377695 (37221/s)  best: cx 25 tof 22
[2026-09-25 05:05:12] span_L5_s24_c1_z1_T3init    724s  best 3907/4096  current 3737  kicks 11  iters 26894474 (37172/s)  best: cx 25 tof 22
[2026-09-25 05:05:27] span_L5_s24_c1_z1_T3init    738s  best 3907/4096  current 3709  kicks 12  iters 27425068 (37168/s)  best: cx 25 tof 22
[2026-09-25 05:05:42] span_L5_s24_c1_z1_T3init    753s  best 3907/4096  current 3709  kicks 12  iters 28037501 (37239/s)  best: cx 25 tof 22
[2026-09-25 05:05:57] span_L5_s24_c1_z1_T3init    768s  best 3907/4096  current 3709  kicks 12  iters 28646668 (37311/s)  best: cx 25 tof 22
[2026-09-25 05:06:07] span_L5_s24_c1_z1_T3init    778s  best 3907/4096  current 3709  kicks 12  iters 29058676 (37355/s)  best: cx 25 tof 22
[2026-09-25 05:06:22] span_L5_s24_c1_z1_T3init    793s  best 3907/4096  current 3725  kicks 12  iters 29657121 (37406/s)  best: cx 25 tof 22
[2026-09-25 05:06:32] span_L5_s24_c1_z1_T3init    803s  best 3907/4096  current 3605  kicks 13  iters 30055562 (37415/s)  best: cx 25 tof 22
[2026-09-25 05:06:43] span_L5_s24_c1_z1_T3init    814s  best 3907/4096  current 3779  kicks 13  iters 30441577 (37411/s)  best: cx 25 tof 22
[2026-09-25 05:06:53] span_L5_s24_c1_z1_T3init    824s  best 3907/4096  current 3779  kicks 13  iters 30788097 (37373/s)  best: cx 25 tof 22
[2026-09-25 05:07:03] span_L5_s24_c1_z1_T3init    834s  best 3907/4096  current 3791  kicks 13  iters 31125183 (37318/s)  best: cx 25 tof 22
[2026-09-25 05:07:18] span_L5_s24_c1_z1_T3init    849s  best 3907/4096  current 3779  kicks 13  iters 31612272 (37230/s)  best: cx 25 tof 22
[2026-09-25 05:07:33] span_L5_s24_c1_z1_T3init    864s  best 3907/4096  current 3715  kicks 14  iters 32104568 (37162/s)  best: cx 25 tof 22
[2026-09-25 05:07:48] span_L5_s24_c1_z1_T3init    879s  best 3907/4096  current 3715  kicks 14  iters 32611981 (37110/s)  best: cx 25 tof 22
[2026-09-25 05:07:58] span_L5_s24_c1_z1_T3init    889s  best 3907/4096  current 3715  kicks 14  iters 32954592 (37077/s)  best: cx 25 tof 22
[2026-09-25 05:08:13] span_L5_s24_c1_z1_T3init    904s  best 3907/4096  current 3751  kicks 14  iters 33481388 (37046/s)  best: cx 25 tof 22
[2026-09-25 05:08:28] span_L5_s24_c1_z1_T3init    919s  best 3907/4096  current 3751  kicks 14  iters 34016471 (37032/s)  best: cx 25 tof 22
[2026-09-25 05:08:42] span_L5_s24_c1_z1_T3init    933s  best 3907/4096  current 3713  kicks 15  iters 34565753 (37038/s)  best: cx 25 tof 22
[2026-09-25 05:08:57] span_L5_s24_c1_z1_T3init    948s  best 3907/4096  current 3713  kicks 15  iters 35151212 (37073/s)  best: cx 25 tof 22
[2026-09-25 05:09:07] span_L5_s24_c1_z1_T3init    958s  best 3907/4096  current 3713  kicks 15  iters 35674705 (37232/s)  best: cx 25 tof 22
[2026-09-25 05:09:19] span_L5_s24_c1_z1_T3init    970s  best 3907/4096  current 3741  kicks 15  iters 36083047 (37186/s)  best: cx 25 tof 22
[2026-09-25 05:09:29] span_L5_s24_c1_z1_T3init    980s  best 3907/4096  current 3741  kicks 15  iters 36399533 (37129/s)  best: cx 25 tof 22
[2026-09-25 05:09:44] span_L5_s24_c1_z1_T3init    995s  best 3907/4096  current 3665  kicks 16  iters 36923572 (37122/s)  best: cx 25 tof 22
[2026-09-25 05:09:59] span_L5_s24_c1_z1_T3init   1010s  best 3907/4096  current 3665  kicks 16  iters 37482454 (37112/s)  best: cx 25 tof 22
[2026-09-25 05:10:14] span_L5_s24_c1_z1_T3init   1025s  best 3907/4096  current 3713  kicks 16  iters 37996166 (37065/s)  best: cx 25 tof 22
[2026-09-25 05:10:29] span_L5_s24_c1_z1_T3init   1040s  best 3907/4096  current 3709  kicks 16  iters 38523480 (37053/s)  best: cx 25 tof 22
[2026-09-25 05:10:39] span_L5_s24_c1_z1_T3init   1050s  best 3907/4096  current 3709  kicks 16  iters 38889659 (37048/s)  best: cx 25 tof 22
[2026-09-25 05:10:49] span_L5_s24_c1_z1_T3init   1060s  best 3907/4096  current 3755  kicks 17  iters 39240998 (37015/s)  best: cx 25 tof 22
[2026-09-25 05:11:04] span_L5_s24_c1_z1_T3init   1075s  best 3907/4096  current 3785  kicks 17  iters 39781509 (37011/s)  best: cx 25 tof 22
[2026-09-25 05:11:14] span_L5_s24_c1_z1_T3init   1085s  best 3907/4096  current 3785  kicks 17  iters 40135306 (36993/s)  best: cx 25 tof 22
[2026-09-25 05:11:29] span_L5_s24_c1_z1_T3init   1100s  best 3907/4096  current 3785  kicks 17  iters 40674807 (36980/s)  best: cx 25 tof 22
[2026-09-25 05:11:44] span_L5_s24_c1_z1_T3init   1115s  best 3907/4096  current 3673  kicks 18  iters 41212776 (36975/s)  best: cx 25 tof 22
[2026-09-25 05:11:54] span_L5_s24_c1_z1_T3init   1125s  best 3907/4096  current 3713  kicks 18  iters 41609722 (36995/s)  best: cx 25 tof 22
[2026-09-25 05:12:04] span_L5_s24_c1_z1_T3init   1135s  best 3907/4096  current 3713  kicks 18  iters 41974399 (36978/s)  best: cx 25 tof 22
[2026-09-25 05:12:19] span_L5_s24_c1_z1_T3init   1150s  best 3907/4096  current 3713  kicks 18  iters 42503453 (36970/s)  best: cx 25 tof 22
[2026-09-25 05:12:29] span_L5_s24_c1_z1_T3init   1160s  best 3907/4096  current 3705  kicks 18  iters 42873578 (36962/s)  best: cx 25 tof 22
[2026-09-25 05:12:39] span_L5_s24_c1_z1_T3init   1170s  best 3907/4096  current 3705  kicks 18  iters 43236690 (36950/s)  best: cx 25 tof 22
[2026-09-25 05:12:53] span_L5_s24_c1_z1_T3init   1184s  best 3907/4096  current 3777  kicks 19  iters 43797171 (36992/s)  best: cx 25 tof 22
[2026-09-25 05:13:03] span_L5_s24_c1_z1_T3init   1194s  best 3907/4096  current 3777  kicks 19  iters 44242909 (37051/s)  best: cx 25 tof 22
[2026-09-25 05:13:13] span_L5_s24_c1_z1_T3init   1204s  best 3907/4096  current 3777  kicks 19  iters 44678857 (37095/s)  best: cx 25 tof 22
[2026-09-25 05:13:28] span_L5_s24_c1_z1_T3init   1219s  best 3907/4096  current 3759  kicks 19  iters 45309038 (37160/s)  best: cx 25 tof 22
[2026-09-25 05:13:38] span_L5_s24_c1_z1_T3init   1229s  best 3907/4096  current 3759  kicks 19  iters 45722229 (37191/s)  best: cx 25 tof 22
[2026-09-25 05:13:48] span_L5_s24_c1_z1_T3init   1240s  best 3907/4096  current 3729  kicks 20  iters 46135951 (37220/s)  best: cx 25 tof 22
[2026-09-25 05:14:04] span_L5_s24_c1_z1_T3init   1255s  best 3907/4096  current 3753  kicks 20  iters 46743653 (37248/s)  best: cx 25 tof 22
[2026-09-25 05:14:14] span_L5_s24_c1_z1_T3init   1265s  best 3907/4096  current 3719  kicks 20  iters 47105631 (37227/s)  best: cx 25 tof 22
[2026-09-25 05:14:29] span_L5_s24_c1_z1_T3init   1280s  best 3907/4096  current 3733  kicks 20  iters 47615722 (37199/s)  best: cx 25 tof 22
[2026-09-25 05:14:39] span_L5_s24_c1_z1_T3init   1290s  best 3907/4096  current 3751  kicks 20  iters 47973925 (37181/s)  best: cx 25 tof 22
[2026-09-25 05:14:49] span_L5_s24_c1_z1_T3init   1300s  best 3907/4096  current 3723  kicks 21  iters 48332766 (37171/s)  best: cx 25 tof 22
[2026-09-25 05:15:04] span_L5_s24_c1_z1_T3init   1315s  best 3907/4096  current 3723  kicks 21  iters 48908065 (37195/s)  best: cx 25 tof 22
[2026-09-25 05:15:14] span_L5_s24_c1_z1_T3init   1325s  best 3907/4096  current 3723  kicks 21  iters 49299982 (37208/s)  best: cx 25 tof 22
[2026-09-25 05:15:29] span_L5_s24_c1_z1_T3init   1340s  best 3907/4096  current 3727  kicks 21  iters 49881930 (37229/s)  best: cx 25 tof 22
[2026-09-25 05:15:39] span_L5_s24_c1_z1_T3init   1350s  best 3907/4096  current 3727  kicks 21  iters 50271597 (37241/s)  best: cx 25 tof 22
[2026-09-25 05:15:55] span_L5_s24_c1_z1_T3init   1366s  best 3907/4096  current 3543  kicks 22  iters 50866896 (37247/s)  best: cx 25 tof 22
[2026-09-25 05:16:10] span_L5_s24_c1_z1_T3init   1381s  best 3907/4096  current 3713  kicks 22  iters 51391272 (37224/s)  best: cx 25 tof 22
[2026-09-25 05:16:24] span_L5_s24_c1_z1_T3init   1396s  best 3907/4096  current 3765  kicks 22  iters 51904422 (37194/s)  best: cx 25 tof 22
[2026-09-25 05:16:39] span_L5_s24_c1_z1_T3init   1410s  best 3907/4096  current 3765  kicks 22  iters 52427550 (37169/s)  best: cx 25 tof 22
[2026-09-25 05:16:54] span_L5_s24_c1_z1_T3init   1425s  best 3907/4096  current 3729  kicks 23  iters 52953454 (37148/s)  best: cx 25 tof 22
[2026-09-25 05:17:05] span_L5_s24_c1_z1_T3init   1436s  best 3907/4096  current 3729  kicks 23  iters 53319864 (37141/s)  best: cx 25 tof 22
[2026-09-25 05:17:15] span_L5_s24_c1_z1_T3init   1446s  best 3907/4096  current 3729  kicks 23  iters 53662882 (37118/s)  best: cx 25 tof 22
[2026-09-25 05:17:29] span_L5_s24_c1_z1_T3init   1460s  best 3907/4096  current 3729  kicks 23  iters 54188706 (37105/s)  best: cx 25 tof 22
[2026-09-25 05:17:40] span_L5_s24_c1_z1_T3init   1471s  best 3907/4096  current 3729  kicks 23  iters 54538269 (37084/s)  best: cx 25 tof 22
[2026-09-25 05:17:50] span_L5_s24_c1_z1_T3init   1481s  best 3907/4096  current 3729  kicks 23  iters 54883485 (37061/s)  best: cx 25 tof 22
[2026-09-25 05:18:05] span_L5_s24_c1_z1_T3init   1496s  best 3907/4096  current 3727  kicks 24  iters 55414984 (37053/s)  best: cx 25 tof 22
[2026-09-25 05:18:20] span_L5_s24_c1_z1_T3init   1511s  best 3907/4096  current 3743  kicks 24  iters 55943923 (37034/s)  best: cx 25 tof 22
[2026-09-25 05:18:30] span_L5_s24_c1_z1_T3init   1521s  best 3907/4096  current 3793  kicks 24  iters 56293329 (37016/s)  best: cx 25 tof 22
[2026-09-25 05:18:44] span_L5_s24_c1_z1_T3init   1535s  best 3907/4096  current 3793  kicks 24  iters 56819972 (37006/s)  best: cx 25 tof 22
[2026-09-25 05:18:59] span_L5_s24_c1_z1_T3init   1550s  best 3907/4096  current 3721  kicks 25  iters 57396048 (37027/s)  best: cx 25 tof 22
[2026-09-25 05:19:09] span_L5_s24_c1_z1_T3init   1560s  best 3907/4096  current 3771  kicks 25  iters 57786986 (37036/s)  best: cx 25 tof 22
[2026-09-25 05:19:19] span_L5_s24_c1_z1_T3init   1570s  best 3907/4096  current 3771  kicks 25  iters 58145104 (37023/s)  best: cx 25 tof 22
[2026-09-25 05:19:29] span_L5_s24_c1_z1_T3init   1581s  best 3907/4096  current 3771  kicks 25  iters 58527770 (37030/s)  best: cx 25 tof 22
[2026-09-25 05:19:40] span_L5_s24_c1_z1_T3init   1591s  best 3907/4096  current 3785  kicks 25  iters 58895153 (37017/s)  best: cx 25 tof 22
[2026-09-25 05:19:55] span_L5_s24_c1_z1_T3init   1606s  best 3907/4096  current 3785  kicks 25  iters 59413910 (36999/s)  best: cx 25 tof 22
[2026-09-25 05:20:10] span_L5_s24_c1_z1_T3init   1621s  best 3907/4096  current 3781  kicks 26  iters 59938895 (36984/s)  best: cx 25 tof 22
[2026-09-25 05:20:25] span_L5_s24_c1_z1_T3init   1636s  best 3907/4096  current 3781  kicks 26  iters 60489131 (36981/s)  best: cx 25 tof 22
[2026-09-25 05:20:40] span_L5_s24_c1_z1_T3init   1651s  best 3907/4096  current 3781  kicks 26  iters 61025876 (36965/s)  best: cx 25 tof 22
[2026-09-25 05:20:55] span_L5_s24_c1_z1_T3init   1666s  best 3907/4096  current 3781  kicks 26  iters 61555007 (36939/s)  best: cx 25 tof 22
[2026-09-25 05:21:09] span_L5_s24_c1_z1_T3init   1680s  best 3907/4096  current 3681  kicks 27  iters 62092264 (36951/s)  best: cx 25 tof 22
[2026-09-25 05:21:20] span_L5_s24_c1_z1_T3init   1691s  best 3907/4096  current 3721  kicks 27  iters 62479000 (36957/s)  best: cx 25 tof 22
[2026-09-25 05:21:34] span_L5_s24_c1_z1_T3init   1705s  best 3907/4096  current 3729  kicks 27  iters 63047801 (36969/s)  best: cx 25 tof 22
[2026-09-25 05:21:45] span_L5_s24_c1_z1_T3init   1716s  best 3907/4096  current 3729  kicks 27  iters 63440880 (36977/s)  best: cx 25 tof 22
[2026-09-25 05:22:00] span_L5_s24_c1_z1_T3init   1731s  best 3907/4096  current 3729  kicks 27  iters 64001812 (36975/s)  best: cx 25 tof 22
[2026-09-25 05:22:14] span_L5_s24_c1_z1_T3init   1745s  best 3907/4096  current 3725  kicks 28  iters 64574743 (37000/s)  best: cx 25 tof 22
[2026-09-25 05:22:29] span_L5_s24_c1_z1_T3init   1760s  best 3907/4096  current 3715  kicks 28  iters 65185308 (37028/s)  best: cx 25 tof 22
[2026-09-25 05:22:39] span_L5_s24_c1_z1_T3init   1770s  best 3907/4096  current 3717  kicks 28  iters 65578126 (37041/s)  best: cx 25 tof 22
[2026-09-25 05:22:50] span_L5_s24_c1_z1_T3init   1781s  best 3907/4096  current 3747  kicks 28  iters 65971484 (37051/s)  best: cx 25 tof 22
[2026-09-25 05:23:00] span_L5_s24_c1_z1_T3init   1791s  best 3907/4096  current 3717  kicks 28  iters 66342252 (37042/s)  best: cx 25 tof 22
[2026-09-25 05:23:10] span_L5_s24_c1_z1_T3init   1801s  best 3907/4096  current 3785  kicks 29  iters 66691750 (37030/s)  best: cx 25 tof 22
[span_L5_s24_c1_z1_T3init] final best 3907 / 4096
