basis ckpt/basis_s1.pkl: 286 ANF monomials
[span_L6_s76_c1_z3_basis] start fitness 3824 / 4096  (CZ layer 3, LCX 1, TEMP 1.00, MAXMUT 3, KICK 8 gates after 60s stuck)
[2026-09-25 10:38:02] span_L6_s76_c1_z3_basis     13s  best 3845/4096  current 3825  kicks 0  iters 9635 (739/s)  best: cx 30 tof 18
[2026-09-25 10:38:17] span_L6_s76_c1_z3_basis     28s  best 3856/4096  current 3836  kicks 0  iters 43701 (1562/s)  best: cx 29 tof 17
[2026-09-25 10:38:27] span_L6_s76_c1_z3_basis     38s  best 3856/4096  current 3846  kicks 0  iters 68157 (1791/s)  best: cx 29 tof 17
[2026-09-25 10:38:37] span_L6_s76_c1_z3_basis     48s  best 3856/4096  current 3841  kicks 0  iters 90679 (1882/s)  best: cx 29 tof 17
[2026-09-25 10:38:52] span_L6_s76_c1_z3_basis     63s  best 3856/4096  current 3835  kicks 0  iters 125124 (1988/s)  best: cx 29 tof 17
[2026-09-25 10:39:02] span_L6_s76_c1_z3_basis     73s  best 3856/4096  current 3831  kicks 0  iters 147745 (2023/s)  best: cx 29 tof 17
[2026-09-25 10:39:13] span_L6_s76_c1_z3_basis     83s  best 3856/4096  current 3836  kicks 0  iters 171326 (2054/s)  best: cx 29 tof 17
[2026-09-25 10:39:27] span_L6_s76_c1_z3_basis     98s  best 3856/4096  current 3830  kicks 1  iters 206255 (2096/s)  best: cx 29 tof 17
[2026-09-25 10:39:38] span_L6_s76_c1_z3_basis    109s  best 3856/4096  current 3836  kicks 1  iters 230321 (2121/s)  best: cx 29 tof 17
[2026-09-25 10:39:53] span_L6_s76_c1_z3_basis    123s  best 3856/4096  current 3833  kicks 1  iters 264789 (2145/s)  best: cx 29 tof 17
[2026-09-25 10:40:03] span_L6_s76_c1_z3_basis    134s  best 3874/4096  current 3871  kicks 1  iters 288152 (2158/s)  best: cx 33 tof 15
[2026-09-25 10:40:18] span_L6_s76_c1_z3_basis    149s  best 3879/4096  current 3877  kicks 1  iters 322225 (2168/s)  best: cx 31 tof 23
[2026-09-25 10:40:33] span_L6_s76_c1_z3_basis    164s  best 3881/4096  current 3877  kicks 1  iters 356544 (2177/s)  best: cx 32 tof 19
[2026-09-25 10:40:47] span_L6_s76_c1_z3_basis    178s  best 3882/4096  current 3873  kicks 1  iters 390658 (2190/s)  best: cx 29 tof 21
[2026-09-25 10:41:03] span_L6_s76_c1_z3_basis    194s  best 3885/4096  current 3882  kicks 1  iters 426642 (2201/s)  best: cx 32 tof 21
[2026-09-25 10:41:18] span_L6_s76_c1_z3_basis    209s  best 3886/4096  current 3879  kicks 1  iters 460123 (2206/s)  best: cx 31 tof 22
[2026-09-25 10:41:28] span_L6_s76_c1_z3_basis    219s  best 3887/4096  current 3878  kicks 1  iters 483464 (2212/s)  best: cx 36 tof 19
[2026-09-25 10:41:43] span_L6_s76_c1_z3_basis    234s  best 3889/4096  current 3886  kicks 1  iters 517755 (2216/s)  best: cx 32 tof 19
[2026-09-25 10:41:58] span_L6_s76_c1_z3_basis    249s  best 3890/4096  current 3882  kicks 1  iters 551686 (2219/s)  best: cx 35 tof 22
[2026-09-25 10:42:13] span_L6_s76_c1_z3_basis    264s  best 3890/4096  current 3884  kicks 1  iters 586119 (2222/s)  best: cx 35 tof 22
[2026-09-25 10:42:28] span_L6_s76_c1_z3_basis    279s  best 3890/4096  current 3880  kicks 1  iters 620454 (2227/s)  best: cx 35 tof 22
[2026-09-25 10:42:38] span_L6_s76_c1_z3_basis    289s  best 3890/4096  current 3878  kicks 1  iters 642978 (2226/s)  best: cx 35 tof 22
[2026-09-25 10:42:53] span_L6_s76_c1_z3_basis    303s  best 3890/4096  current 3879  kicks 1  iters 677850 (2233/s)  best: cx 35 tof 22
[2026-09-25 10:43:07] span_L6_s76_c1_z3_basis    318s  best 3890/4096  current 3835  kicks 2  iters 714088 (2244/s)  best: cx 35 tof 22
[2026-09-25 10:43:18] span_L6_s76_c1_z3_basis    329s  best 3890/4096  current 3827  kicks 2  iters 738666 (2244/s)  best: cx 35 tof 22
[2026-09-25 10:43:29] span_L6_s76_c1_z3_basis    340s  best 3890/4096  current 3857  kicks 2  iters 759800 (2235/s)  best: cx 35 tof 22
[2026-09-25 10:43:43] span_L6_s76_c1_z3_basis    354s  best 3890/4096  current 3846  kicks 2  iters 789986 (2231/s)  best: cx 35 tof 22
[2026-09-25 10:43:58] span_L6_s76_c1_z3_basis    369s  best 3890/4096  current 3838  kicks 2  iters 826385 (2240/s)  best: cx 35 tof 22
[2026-09-25 10:44:08] span_L6_s76_c1_z3_basis    379s  best 3890/4096  current 3858  kicks 3  iters 848964 (2238/s)  best: cx 35 tof 22
[2026-09-25 10:44:23] span_L6_s76_c1_z3_basis    394s  best 3890/4096  current 3862  kicks 3  iters 881624 (2237/s)  best: cx 35 tof 22
[2026-09-25 10:44:37] span_L6_s76_c1_z3_basis    408s  best 3890/4096  current 3853  kicks 3  iters 915979 (2243/s)  best: cx 35 tof 22
[2026-09-25 10:44:52] span_L6_s76_c1_z3_basis    423s  best 3890/4096  current 3854  kicks 3  iters 956021 (2259/s)  best: cx 35 tof 22
[2026-09-25 10:45:03] span_L6_s76_c1_z3_basis    434s  best 3890/4096  current 3861  kicks 3  iters 982084 (2264/s)  best: cx 35 tof 22
[2026-09-25 10:45:13] span_L6_s76_c1_z3_basis    444s  best 3890/4096  current 3856  kicks 4  iters 1005801 (2265/s)  best: cx 35 tof 22
[2026-09-25 10:45:28] span_L6_s76_c1_z3_basis    459s  best 3890/4096  current 3862  kicks 4  iters 1042109 (2270/s)  best: cx 35 tof 22
[2026-09-25 10:45:38] span_L6_s76_c1_z3_basis    469s  best 3890/4096  current 3868  kicks 4  iters 1065523 (2271/s)  best: cx 35 tof 22
[2026-09-25 10:45:48] span_L6_s76_c1_z3_basis    479s  best 3890/4096  current 3879  kicks 4  iters 1088362 (2271/s)  best: cx 35 tof 22
[2026-09-25 10:45:58] span_L6_s76_c1_z3_basis    489s  best 3890/4096  current 3877  kicks 4  iters 1109662 (2267/s)  best: cx 35 tof 22
[2026-09-25 10:46:13] span_L6_s76_c1_z3_basis    504s  best 3890/4096  current 3833  kicks 5  iters 1143403 (2268/s)  best: cx 35 tof 22
[2026-09-25 10:46:28] span_L6_s76_c1_z3_basis    519s  best 3890/4096  current 3836  kicks 5  iters 1179628 (2273/s)  best: cx 35 tof 22
[2026-09-25 10:46:43] span_L6_s76_c1_z3_basis    534s  best 3890/4096  current 3830  kicks 5  iters 1216920 (2278/s)  best: cx 35 tof 22
[2026-09-25 10:46:54] span_L6_s76_c1_z3_basis    545s  best 3890/4096  current 3834  kicks 5  iters 1241449 (2278/s)  best: cx 35 tof 22
[2026-09-25 10:47:08] span_L6_s76_c1_z3_basis    559s  best 3890/4096  current 3845  kicks 6  iters 1274345 (2280/s)  best: cx 35 tof 22
[2026-09-25 10:47:18] span_L6_s76_c1_z3_basis    569s  best 3890/4096  current 3836  kicks 6  iters 1298719 (2282/s)  best: cx 35 tof 22
[2026-09-25 10:47:28] span_L6_s76_c1_z3_basis    579s  best 3890/4096  current 3833  kicks 6  iters 1323239 (2284/s)  best: cx 35 tof 22
[2026-09-25 10:47:39] span_L6_s76_c1_z3_basis    590s  best 3890/4096  current 3849  kicks 6  iters 1347290 (2282/s)  best: cx 35 tof 22
[2026-09-25 10:47:53] span_L6_s76_c1_z3_basis    604s  best 3890/4096  current 3838  kicks 6  iters 1381656 (2286/s)  best: cx 35 tof 22
[2026-09-25 10:48:04] span_L6_s76_c1_z3_basis    615s  best 3890/4096  current 3831  kicks 6  iters 1405147 (2284/s)  best: cx 35 tof 22
[2026-09-25 10:48:19] span_L6_s76_c1_z3_basis    630s  best 3890/4096  current 3838  kicks 7  iters 1439377 (2285/s)  best: cx 35 tof 22
[2026-09-25 10:48:29] span_L6_s76_c1_z3_basis    640s  best 3890/4096  current 3833  kicks 7  iters 1462191 (2285/s)  best: cx 35 tof 22
[2026-09-25 10:48:44] span_L6_s76_c1_z3_basis    655s  best 3890/4096  current 3835  kicks 7  iters 1497154 (2287/s)  best: cx 35 tof 22
[2026-09-25 10:48:55] span_L6_s76_c1_z3_basis    666s  best 3890/4096  current 3860  kicks 7  iters 1520622 (2284/s)  best: cx 35 tof 22
[2026-09-25 10:49:09] span_L6_s76_c1_z3_basis    680s  best 3890/4096  current 3839  kicks 7  iters 1552504 (2282/s)  best: cx 35 tof 22
[2026-09-25 10:49:24] span_L6_s76_c1_z3_basis    695s  best 3890/4096  current 3841  kicks 8  iters 1587815 (2285/s)  best: cx 35 tof 22
[2026-09-25 10:49:34] span_L6_s76_c1_z3_basis    705s  best 3890/4096  current 3858  kicks 8  iters 1609788 (2283/s)  best: cx 35 tof 22
[2026-09-25 10:49:49] span_L6_s76_c1_z3_basis    720s  best 3890/4096  current 3857  kicks 8  iters 1643340 (2282/s)  best: cx 35 tof 22
[2026-09-25 10:49:59] span_L6_s76_c1_z3_basis    730s  best 3890/4096  current 3853  kicks 8  iters 1666300 (2282/s)  best: cx 35 tof 22
[2026-09-25 10:50:10] span_L6_s76_c1_z3_basis    740s  best 3890/4096  current 3830  kicks 8  iters 1689156 (2281/s)  best: cx 35 tof 22
[2026-09-25 10:50:24] span_L6_s76_c1_z3_basis    755s  best 3890/4096  current 3832  kicks 9  iters 1725489 (2284/s)  best: cx 35 tof 22
[2026-09-25 10:50:35] span_L6_s76_c1_z3_basis    766s  best 3890/4096  current 3850  kicks 9  iters 1748352 (2283/s)  best: cx 35 tof 22
[2026-09-25 10:50:49] span_L6_s76_c1_z3_basis    780s  best 3890/4096  current 3834  kicks 9  iters 1780985 (2283/s)  best: cx 35 tof 22
[2026-09-25 10:50:59] span_L6_s76_c1_z3_basis    790s  best 3890/4096  current 3835  kicks 9  iters 1805468 (2284/s)  best: cx 35 tof 22
[2026-09-25 10:51:10] span_L6_s76_c1_z3_basis    801s  best 3890/4096  current 3836  kicks 9  iters 1829045 (2284/s)  best: cx 35 tof 22
[2026-09-25 10:51:24] span_L6_s76_c1_z3_basis    815s  best 3890/4096  current 3837  kicks 10  iters 1864427 (2287/s)  best: cx 35 tof 22
[2026-09-25 10:51:39] span_L6_s76_c1_z3_basis    830s  best 3890/4096  current 3840  kicks 10  iters 1900536 (2289/s)  best: cx 35 tof 22
[2026-09-25 10:51:54] span_L6_s76_c1_z3_basis    845s  best 3890/4096  current 3834  kicks 10  iters 1936502 (2291/s)  best: cx 35 tof 22
[2026-09-25 10:52:04] span_L6_s76_c1_z3_basis    855s  best 3890/4096  current 3833  kicks 10  iters 1961036 (2293/s)  best: cx 35 tof 22
[2026-09-25 10:52:19] span_L6_s76_c1_z3_basis    870s  best 3890/4096  current 3824  kicks 11  iters 1997935 (2296/s)  best: cx 35 tof 22
[2026-09-25 10:52:34] span_L6_s76_c1_z3_basis    885s  best 3890/4096  current 3826  kicks 11  iters 2034439 (2298/s)  best: cx 35 tof 22
[2026-09-25 10:52:45] span_L6_s76_c1_z3_basis    895s  best 3890/4096  current 3839  kicks 11  iters 2058386 (2298/s)  best: cx 35 tof 22
[2026-09-25 10:53:00] span_L6_s76_c1_z3_basis    911s  best 3890/4096  current 3838  kicks 11  iters 2094102 (2299/s)  best: cx 35 tof 22
[2026-09-25 10:53:14] span_L6_s76_c1_z3_basis    925s  best 3890/4096  current 3860  kicks 11  iters 2128713 (2300/s)  best: cx 35 tof 22
[2026-09-25 10:53:29] span_L6_s76_c1_z3_basis    940s  best 3890/4096  current 3852  kicks 12  iters 2164827 (2302/s)  best: cx 35 tof 22
[2026-09-25 10:53:40] span_L6_s76_c1_z3_basis    950s  best 3890/4096  current 3854  kicks 12  iters 2189313 (2303/s)  best: cx 35 tof 22
[2026-09-25 10:53:50] span_L6_s76_c1_z3_basis    961s  best 3890/4096  current 3866  kicks 12  iters 2212704 (2303/s)  best: cx 35 tof 22
[2026-09-25 10:54:04] span_L6_s76_c1_z3_basis    975s  best 3890/4096  current 3840  kicks 12  iters 2248338 (2305/s)  best: cx 35 tof 22
[2026-09-25 10:54:15] span_L6_s76_c1_z3_basis    986s  best 3890/4096  current 3872  kicks 12  iters 2273663 (2306/s)  best: cx 35 tof 22
[2026-09-25 10:54:25] span_L6_s76_c1_z3_basis    996s  best 3890/4096  current 3837  kicks 13  iters 2296320 (2305/s)  best: cx 35 tof 22
[2026-09-25 10:54:40] span_L6_s76_c1_z3_basis   1011s  best 3890/4096  current 3837  kicks 13  iters 2331465 (2306/s)  best: cx 35 tof 22
[2026-09-25 10:54:55] span_L6_s76_c1_z3_basis   1026s  best 3890/4096  current 3846  kicks 13  iters 2367998 (2309/s)  best: cx 35 tof 22
[2026-09-25 10:55:05] span_L6_s76_c1_z3_basis   1036s  best 3890/4096  current 3856  kicks 13  iters 2390694 (2308/s)  best: cx 35 tof 22
[2026-09-25 10:55:15] span_L6_s76_c1_z3_basis   1046s  best 3890/4096  current 3857  kicks 13  iters 2412632 (2307/s)  best: cx 35 tof 22
[2026-09-25 10:55:30] span_L6_s76_c1_z3_basis   1061s  best 3890/4096  current 3838  kicks 14  iters 2448393 (2308/s)  best: cx 35 tof 22
[2026-09-25 10:55:40] span_L6_s76_c1_z3_basis   1071s  best 3890/4096  current 3829  kicks 14  iters 2471938 (2308/s)  best: cx 35 tof 22
[2026-09-25 10:55:55] span_L6_s76_c1_z3_basis   1086s  best 3890/4096  current 3838  kicks 14  iters 2507032 (2309/s)  best: cx 35 tof 22
[2026-09-25 10:56:10] span_L6_s76_c1_z3_basis   1101s  best 3890/4096  current 3836  kicks 14  iters 2543157 (2309/s)  best: cx 35 tof 22
[2026-09-25 10:56:24] span_L6_s76_c1_z3_basis   1115s  best 3890/4096  current 3854  kicks 15  iters 2578471 (2311/s)  best: cx 35 tof 22
[2026-09-25 10:56:35] span_L6_s76_c1_z3_basis   1126s  best 3890/4096  current 3866  kicks 15  iters 2603841 (2313/s)  best: cx 35 tof 22
[2026-09-25 10:56:45] span_L6_s76_c1_z3_basis   1136s  best 3890/4096  current 3871  kicks 15  iters 2627503 (2312/s)  best: cx 35 tof 22
[2026-09-25 10:57:00] span_L6_s76_c1_z3_basis   1151s  best 3890/4096  current 3872  kicks 15  iters 2661957 (2312/s)  best: cx 35 tof 22
[2026-09-25 10:57:10] span_L6_s76_c1_z3_basis   1161s  best 3890/4096  current 3877  kicks 15  iters 2685007 (2312/s)  best: cx 35 tof 22
[2026-09-25 10:57:25] span_L6_s76_c1_z3_basis   1175s  best 3890/4096  current 3834  kicks 16  iters 2720774 (2314/s)  best: cx 35 tof 22
[2026-09-25 10:57:35] span_L6_s76_c1_z3_basis   1186s  best 3890/4096  current 3836  kicks 16  iters 2746472 (2315/s)  best: cx 35 tof 22
[2026-09-25 10:57:45] span_L6_s76_c1_z3_basis   1196s  best 3890/4096  current 3826  kicks 16  iters 2769960 (2315/s)  best: cx 35 tof 22
[2026-09-25 10:58:00] span_L6_s76_c1_z3_basis   1211s  best 3890/4096  current 3829  kicks 16  iters 2806326 (2317/s)  best: cx 35 tof 22
[2026-09-25 10:58:11] span_L6_s76_c1_z3_basis   1221s  best 3890/4096  current 3834  kicks 16  iters 2830270 (2317/s)  best: cx 35 tof 22
[2026-09-25 10:58:25] span_L6_s76_c1_z3_basis   1236s  best 3890/4096  current 3851  kicks 17  iters 2862697 (2315/s)  best: cx 35 tof 22
[2026-09-25 10:58:36] span_L6_s76_c1_z3_basis   1247s  best 3890/4096  current 3880  kicks 17  iters 2884621 (2314/s)  best: cx 35 tof 22
[2026-09-25 10:58:50] span_L6_s76_c1_z3_basis   1261s  best 3890/4096  current 3870  kicks 17  iters 2916823 (2312/s)  best: cx 35 tof 22
[2026-09-25 10:59:01] span_L6_s76_c1_z3_basis   1271s  best 3890/4096  current 3869  kicks 17  iters 2939270 (2311/s)  best: cx 35 tof 22
[2026-09-25 10:59:15] span_L6_s76_c1_z3_basis   1286s  best 3890/4096  current 3852  kicks 17  iters 2971990 (2310/s)  best: cx 35 tof 22
[2026-09-25 10:59:25] span_L6_s76_c1_z3_basis   1296s  best 3890/4096  current 3861  kicks 17  iters 2995797 (2311/s)  best: cx 35 tof 22
[2026-09-25 10:59:40] span_L6_s76_c1_z3_basis   1311s  best 3890/4096  current 3854  kicks 18  iters 3033856 (2314/s)  best: cx 35 tof 22
[2026-09-25 10:59:50] span_L6_s76_c1_z3_basis   1321s  best 3890/4096  current 3853  kicks 18  iters 3059619 (2316/s)  best: cx 35 tof 22
[2026-09-25 11:00:05] span_L6_s76_c1_z3_basis   1336s  best 3890/4096  current 3849  kicks 18  iters 3098868 (2320/s)  best: cx 35 tof 22
[2026-09-25 11:00:15] span_L6_s76_c1_z3_basis   1346s  best 3890/4096  current 3863  kicks 18  iters 3125432 (2322/s)  best: cx 35 tof 22
[2026-09-25 11:00:30] span_L6_s76_c1_z3_basis   1361s  best 3890/4096  current 3867  kicks 18  iters 3163217 (2324/s)  best: cx 35 tof 22
[2026-09-25 11:00:42] span_L6_s76_c1_z3_basis   1373s  best 3890/4096  current 3863  kicks 19  iters 3186573 (2321/s)  best: cx 35 tof 22
[2026-09-25 11:00:57] span_L6_s76_c1_z3_basis   1388s  best 3890/4096  current 3865  kicks 19  iters 3214258 (2316/s)  best: cx 35 tof 22
[2026-09-25 11:01:07] span_L6_s76_c1_z3_basis   1398s  best 3890/4096  current 3877  kicks 19  iters 3232286 (2312/s)  best: cx 35 tof 22
[2026-09-25 11:01:22] span_L6_s76_c1_z3_basis   1413s  best 3890/4096  current 3877  kicks 19  iters 3258932 (2306/s)  best: cx 35 tof 22
[2026-09-25 11:01:32] span_L6_s76_c1_z3_basis   1423s  best 3890/4096  current 3867  kicks 19  iters 3276823 (2302/s)  best: cx 35 tof 22
[2026-09-25 11:01:46] span_L6_s76_c1_z3_basis   1437s  best 3890/4096  current 3839  kicks 20  iters 3308646 (2302/s)  best: cx 35 tof 22
[2026-09-25 11:02:01] span_L6_s76_c1_z3_basis   1452s  best 3890/4096  current 3823  kicks 20  iters 3343449 (2302/s)  best: cx 35 tof 22
[2026-09-25 11:02:16] span_L6_s76_c1_z3_basis   1467s  best 3890/4096  current 3836  kicks 20  iters 3377100 (2302/s)  best: cx 35 tof 22
[2026-09-25 11:02:30] span_L6_s76_c1_z3_basis   1481s  best 3890/4096  current 3844  kicks 20  iters 3414023 (2305/s)  best: cx 35 tof 22
[2026-09-25 11:02:41] span_L6_s76_c1_z3_basis   1492s  best 3890/4096  current 3854  kicks 21  iters 3440713 (2306/s)  best: cx 35 tof 22
[2026-09-25 11:02:51] span_L6_s76_c1_z3_basis   1502s  best 3890/4096  current 3859  kicks 21  iters 3463051 (2305/s)  best: cx 35 tof 22
[2026-09-25 11:03:01] span_L6_s76_c1_z3_basis   1512s  best 3890/4096  current 3869  kicks 21  iters 3484702 (2304/s)  best: cx 35 tof 22
[2026-09-25 11:03:15] span_L6_s76_c1_z3_basis   1526s  best 3890/4096  current 3860  kicks 21  iters 3516180 (2303/s)  best: cx 35 tof 22
[2026-09-25 11:03:26] span_L6_s76_c1_z3_basis   1537s  best 3890/4096  current 3877  kicks 21  iters 3542448 (2304/s)  best: cx 35 tof 22
[2026-09-25 11:03:41] span_L6_s76_c1_z3_basis   1552s  best 3890/4096  current 3840  kicks 22  iters 3578741 (2305/s)  best: cx 35 tof 22
[2026-09-25 11:03:57] span_L6_s76_c1_z3_basis   1568s  best 3890/4096  current 3832  kicks 22  iters 3613699 (2305/s)  best: cx 35 tof 22
[2026-09-25 11:04:07] span_L6_s76_c1_z3_basis   1578s  best 3890/4096  current 3866  kicks 22  iters 3635047 (2303/s)  best: cx 35 tof 22
[2026-09-25 11:04:22] span_L6_s76_c1_z3_basis   1593s  best 3890/4096  current 3852  kicks 22  iters 3666595 (2302/s)  best: cx 35 tof 22
[2026-09-25 11:04:32] span_L6_s76_c1_z3_basis   1603s  best 3890/4096  current 3861  kicks 22  iters 3687881 (2300/s)  best: cx 35 tof 22
[2026-09-25 11:04:46] span_L6_s76_c1_z3_basis   1617s  best 3890/4096  current 3843  kicks 23  iters 3721450 (2301/s)  best: cx 35 tof 22
[2026-09-25 11:04:56] span_L6_s76_c1_z3_basis   1627s  best 3890/4096  current 3839  kicks 23  iters 3746213 (2302/s)  best: cx 35 tof 22
[2026-09-25 11:05:07] span_L6_s76_c1_z3_basis   1638s  best 3890/4096  current 3836  kicks 23  iters 3769196 (2301/s)  best: cx 35 tof 22
[2026-09-25 11:05:17] span_L6_s76_c1_z3_basis   1648s  best 3890/4096  current 3848  kicks 23  iters 3791620 (2301/s)  best: cx 35 tof 22
[2026-09-25 11:05:31] span_L6_s76_c1_z3_basis   1662s  best 3890/4096  current 3865  kicks 23  iters 3827300 (2302/s)  best: cx 35 tof 22
[2026-09-25 11:05:41] span_L6_s76_c1_z3_basis   1672s  best 3890/4096  current 3872  kicks 23  iters 3853347 (2304/s)  best: cx 35 tof 22
[2026-09-25 11:05:52] span_L6_s76_c1_z3_basis   1682s  best 3890/4096  current 3835  kicks 24  iters 3878565 (2305/s)  best: cx 35 tof 22
[2026-09-25 11:06:06] span_L6_s76_c1_z3_basis   1697s  best 3890/4096  current 3850  kicks 24  iters 3913221 (2305/s)  best: cx 35 tof 22
[2026-09-25 11:06:17] span_L6_s76_c1_z3_basis   1707s  best 3890/4096  current 3840  kicks 24  iters 3936492 (2305/s)  best: cx 35 tof 22
[2026-09-25 11:06:27] span_L6_s76_c1_z3_basis   1717s  best 3890/4096  current 3836  kicks 24  iters 3960950 (2306/s)  best: cx 35 tof 22
[2026-09-25 11:06:37] span_L6_s76_c1_z3_basis   1728s  best 3890/4096  current 3831  kicks 24  iters 3984668 (2306/s)  best: cx 35 tof 22
[2026-09-25 11:06:52] span_L6_s76_c1_z3_basis   1743s  best 3890/4096  current 3847  kicks 25  iters 4019740 (2305/s)  best: cx 35 tof 22
[2026-09-25 11:07:07] span_L6_s76_c1_z3_basis   1757s  best 3890/4096  current 3827  kicks 25  iters 4054452 (2306/s)  best: cx 35 tof 22
[2026-09-25 11:07:17] span_L6_s76_c1_z3_basis   1768s  best 3890/4096  current 3836  kicks 25  iters 4078865 (2307/s)  best: cx 35 tof 22
[2026-09-25 11:07:31] span_L6_s76_c1_z3_basis   1782s  best 3890/4096  current 3834  kicks 25  iters 4114551 (2308/s)  best: cx 35 tof 22
[2026-09-25 11:07:42] span_L6_s76_c1_z3_basis   1792s  best 3890/4096  current 3822  kicks 25  iters 4139951 (2309/s)  best: cx 35 tof 22
[2026-09-25 11:07:52] span_L6_s76_c1_z3_basis   1802s  best 3890/4096  current 3857  kicks 26  iters 4164141 (2310/s)  best: cx 35 tof 22
[span_L6_s76_c1_z3_basis] final best 3890 / 4096
