planted target: 26 Toffolis in the source circuit, weight 2048
[span_L5_s2_c1_z2_anfplant] start fitness 3714 / 4096  (CZ layer 2, LCX 1, TEMP 1.00, MAXMUT 3, KICK 8 gates after 60s stuck)
[2026-09-25 05:27:37] span_L5_s2_c1_z2_anfplant     11s  best 3793/4096  current 3785  kicks 0  iters 2657 (252/s)  best: cx 21 tof 16
[2026-09-25 05:27:47] span_L5_s2_c1_z2_anfplant     21s  best 3886/4096  current 3886  kicks 0  iters 14491 (704/s)  best: cx 24 tof 20
[2026-09-25 05:28:02] span_L5_s2_c1_z2_anfplant     35s  best 3887/4096  current 3887  kicks 0  iters 32791 (924/s)  best: cx 24 tof 20
[2026-09-25 05:28:17] span_L5_s2_c1_z2_anfplant     50s  best 3887/4096  current 3887  kicks 0  iters 51120 (1014/s)  best: cx 24 tof 20
[2026-09-25 05:28:27] span_L5_s2_c1_z2_anfplant     60s  best 3895/4096  current 3891  kicks 0  iters 63675 (1053/s)  best: cx 27 tof 18
[2026-09-25 05:28:42] span_L5_s2_c1_z2_anfplant     75s  best 3896/4096  current 3896  kicks 0  iters 82501 (1095/s)  best: cx 26 tof 18
[2026-09-25 05:28:52] span_L5_s2_c1_z2_anfplant     85s  best 3896/4096  current 3896  kicks 0  iters 95205 (1114/s)  best: cx 26 tof 18
[2026-09-25 05:29:02] span_L5_s2_c1_z2_anfplant     95s  best 3896/4096  current 3896  kicks 0  iters 107661 (1127/s)  best: cx 26 tof 18
[2026-09-25 05:29:17] span_L5_s2_c1_z2_anfplant    110s  best 3896/4096  current 3890  kicks 0  iters 126214 (1145/s)  best: cx 26 tof 18
[2026-09-25 05:29:27] span_L5_s2_c1_z2_anfplant    120s  best 3896/4096  current 3891  kicks 0  iters 139061 (1156/s)  best: cx 26 tof 18
[2026-09-25 05:29:42] span_L5_s2_c1_z2_anfplant    135s  best 3896/4096  current 3890  kicks 0  iters 158534 (1172/s)  best: cx 26 tof 18
[2026-09-25 05:29:57] span_L5_s2_c1_z2_anfplant    150s  best 3896/4096  current 3836  kicks 1  iters 178531 (1190/s)  best: cx 26 tof 18
[2026-09-25 05:30:12] span_L5_s2_c1_z2_anfplant    165s  best 3896/4096  current 3843  kicks 1  iters 199093 (1205/s)  best: cx 26 tof 18
[2026-09-25 05:30:27] span_L5_s2_c1_z2_anfplant    180s  best 3896/4096  current 3843  kicks 1  iters 219528 (1219/s)  best: cx 26 tof 18
[2026-09-25 05:30:42] span_L5_s2_c1_z2_anfplant    195s  best 3896/4096  current 3843  kicks 1  iters 240345 (1232/s)  best: cx 26 tof 18
[2026-09-25 05:30:57] span_L5_s2_c1_z2_anfplant    210s  best 3896/4096  current 3829  kicks 2  iters 261000 (1242/s)  best: cx 26 tof 18
[2026-09-25 05:31:07] span_L5_s2_c1_z2_anfplant    220s  best 3896/4096  current 3839  kicks 2  iters 274773 (1247/s)  best: cx 26 tof 18
[2026-09-25 05:31:22] span_L5_s2_c1_z2_anfplant    235s  best 3896/4096  current 3853  kicks 2  iters 294508 (1253/s)  best: cx 26 tof 18
[2026-09-25 05:31:32] span_L5_s2_c1_z2_anfplant    245s  best 3896/4096  current 3846  kicks 2  iters 308380 (1257/s)  best: cx 26 tof 18
[2026-09-25 05:31:47] span_L5_s2_c1_z2_anfplant    260s  best 3896/4096  current 3854  kicks 2  iters 328664 (1264/s)  best: cx 26 tof 18
[2026-09-25 05:32:02] span_L5_s2_c1_z2_anfplant    275s  best 3896/4096  current 3814  kicks 3  iters 349534 (1270/s)  best: cx 26 tof 18
[2026-09-25 05:32:17] span_L5_s2_c1_z2_anfplant    290s  best 3896/4096  current 3818  kicks 3  iters 370212 (1276/s)  best: cx 26 tof 18
[2026-09-25 05:32:32] span_L5_s2_c1_z2_anfplant    305s  best 3896/4096  current 3817  kicks 3  iters 391163 (1282/s)  best: cx 26 tof 18
[2026-09-25 05:32:42] span_L5_s2_c1_z2_anfplant    315s  best 3896/4096  current 3817  kicks 3  iters 405259 (1286/s)  best: cx 26 tof 18
[2026-09-25 05:32:57] span_L5_s2_c1_z2_anfplant    330s  best 3896/4096  current 3820  kicks 3  iters 426373 (1292/s)  best: cx 26 tof 18
[2026-09-25 05:33:07] span_L5_s2_c1_z2_anfplant    340s  best 3896/4096  current 3840  kicks 4  iters 440607 (1295/s)  best: cx 26 tof 18
[2026-09-25 05:33:22] span_L5_s2_c1_z2_anfplant    355s  best 3896/4096  current 3841  kicks 4  iters 461242 (1299/s)  best: cx 26 tof 18
[2026-09-25 05:33:32] span_L5_s2_c1_z2_anfplant    365s  best 3896/4096  current 3855  kicks 4  iters 474974 (1300/s)  best: cx 26 tof 18
[2026-09-25 05:33:47] span_L5_s2_c1_z2_anfplant    380s  best 3896/4096  current 3879  kicks 4  iters 495007 (1301/s)  best: cx 26 tof 18
[2026-09-25 05:34:02] span_L5_s2_c1_z2_anfplant    396s  best 3896/4096  current 3854  kicks 5  iters 515332 (1302/s)  best: cx 26 tof 18
[2026-09-25 05:34:17] span_L5_s2_c1_z2_anfplant    411s  best 3896/4096  current 3886  kicks 5  iters 534090 (1300/s)  best: cx 26 tof 18
[2026-09-25 05:34:28] span_L5_s2_c1_z2_anfplant    421s  best 3896/4096  current 3879  kicks 5  iters 546366 (1298/s)  best: cx 26 tof 18
[2026-09-25 05:34:42] span_L5_s2_c1_z2_anfplant    436s  best 3896/4096  current 3880  kicks 5  iters 564376 (1295/s)  best: cx 26 tof 18
[2026-09-25 05:34:58] span_L5_s2_c1_z2_anfplant    451s  best 3896/4096  current 3882  kicks 5  iters 582774 (1292/s)  best: cx 26 tof 18
[2026-09-25 05:35:12] span_L5_s2_c1_z2_anfplant    465s  best 3896/4096  current 3880  kicks 6  iters 601407 (1292/s)  best: cx 26 tof 18
[2026-09-25 05:35:22] span_L5_s2_c1_z2_anfplant    476s  best 3896/4096  current 3884  kicks 6  iters 614290 (1291/s)  best: cx 26 tof 18
[2026-09-25 05:35:32] span_L5_s2_c1_z2_anfplant    486s  best 3896/4096  current 3891  kicks 6  iters 626912 (1290/s)  best: cx 26 tof 18
[2026-09-25 05:35:47] span_L5_s2_c1_z2_anfplant    501s  best 3900/4096  current 3896  kicks 6  iters 645726 (1289/s)  best: cx 34 tof 18
[2026-09-25 05:36:02] span_L5_s2_c1_z2_anfplant    515s  best 3900/4096  current 3897  kicks 6  iters 664854 (1290/s)  best: cx 34 tof 18
[2026-09-25 05:36:12] span_L5_s2_c1_z2_anfplant    526s  best 3900/4096  current 3897  kicks 6  iters 677823 (1289/s)  best: cx 34 tof 18
[2026-09-25 05:36:27] span_L5_s2_c1_z2_anfplant    541s  best 3900/4096  current 3895  kicks 6  iters 696935 (1289/s)  best: cx 34 tof 18
[2026-09-25 05:36:42] span_L5_s2_c1_z2_anfplant    556s  best 3900/4096  current 3899  kicks 6  iters 716161 (1289/s)  best: cx 34 tof 18
[2026-09-25 05:36:52] span_L5_s2_c1_z2_anfplant    566s  best 3901/4096  current 3900  kicks 6  iters 728971 (1288/s)  best: cx 34 tof 19
[2026-09-25 05:37:07] span_L5_s2_c1_z2_anfplant    580s  best 3901/4096  current 3901  kicks 6  iters 748268 (1289/s)  best: cx 34 tof 19
[2026-09-25 05:37:17] span_L5_s2_c1_z2_anfplant    591s  best 3901/4096  current 3901  kicks 6  iters 761465 (1289/s)  best: cx 34 tof 19
[2026-09-25 05:37:27] span_L5_s2_c1_z2_anfplant    601s  best 3901/4096  current 3901  kicks 6  iters 774217 (1289/s)  best: cx 34 tof 19
[span_L5_s2_c1_z2_anfplant] final best 3901 / 4096
