planted target: 26 Toffolis in the source circuit, weight 2048
[span_L5_s2_c1_z3_anfplant3b] start fitness 4039 / 4096  (CZ layer 3, LCX 1, TEMP 1.00, MAXMUT 3, KICK 8 gates after 60s stuck)
[2026-09-25 05:54:17] span_L5_s2_c1_z3_anfplant3b     12s  best 4040/4096  current 4040  kicks 0  iters 5963 (498/s)  best: cx 29 tof 16
[2026-09-25 05:54:27] span_L5_s2_c1_z3_anfplant3b     22s  best 4042/4096  current 4040  kicks 0  iters 11009 (497/s)  best: cx 29 tof 15
[2026-09-25 05:54:42] span_L5_s2_c1_z3_anfplant3b     37s  best 4042/4096  current 4041  kicks 0  iters 18472 (496/s)  best: cx 29 tof 15
[2026-09-25 05:54:58] span_L5_s2_c1_z3_anfplant3b     53s  best 4042/4096  current 4038  kicks 0  iters 25780 (489/s)  best: cx 29 tof 15
[2026-09-25 05:55:12] span_L5_s2_c1_z3_anfplant3b     67s  best 4042/4096  current 4036  kicks 0  iters 32742 (488/s)  best: cx 29 tof 15
[2026-09-25 05:55:22] span_L5_s2_c1_z3_anfplant3b     77s  best 4042/4096  current 4033  kicks 0  iters 37295 (483/s)  best: cx 29 tof 15
[2026-09-25 05:55:36] span_L5_s2_c1_z3_anfplant3b     91s  best 4042/4096  current 3983  kicks 1  iters 47079 (517/s)  best: cx 29 tof 15
[2026-09-25 05:55:46] span_L5_s2_c1_z3_anfplant3b    101s  best 4042/4096  current 3977  kicks 1  iters 53850 (531/s)  best: cx 29 tof 15
[2026-09-25 05:56:01] span_L5_s2_c1_z3_anfplant3b    116s  best 4042/4096  current 3983  kicks 1  iters 63494 (545/s)  best: cx 29 tof 15
[2026-09-25 05:56:16] span_L5_s2_c1_z3_anfplant3b    131s  best 4042/4096  current 3991  kicks 1  iters 73748 (563/s)  best: cx 29 tof 15
[2026-09-25 05:56:32] span_L5_s2_c1_z3_anfplant3b    147s  best 4042/4096  current 3930  kicks 2  iters 84435 (575/s)  best: cx 29 tof 15
[2026-09-25 05:56:47] span_L5_s2_c1_z3_anfplant3b    162s  best 4042/4096  current 3947  kicks 2  iters 93834 (580/s)  best: cx 29 tof 15
[2026-09-25 05:56:57] span_L5_s2_c1_z3_anfplant3b    172s  best 4042/4096  current 3947  kicks 2  iters 99804 (581/s)  best: cx 29 tof 15
[2026-09-25 05:57:07] span_L5_s2_c1_z3_anfplant3b    182s  best 4042/4096  current 3950  kicks 2  iters 105962 (583/s)  best: cx 29 tof 15
[2026-09-25 05:57:22] span_L5_s2_c1_z3_anfplant3b    197s  best 4042/4096  current 3961  kicks 2  iters 115285 (586/s)  best: cx 29 tof 15
[2026-09-25 05:57:37] span_L5_s2_c1_z3_anfplant3b    211s  best 4042/4096  current 3874  kicks 3  iters 125352 (592/s)  best: cx 29 tof 15
[2026-09-25 05:57:47] span_L5_s2_c1_z3_anfplant3b    222s  best 4042/4096  current 3887  kicks 3  iters 131781 (593/s)  best: cx 29 tof 15
[2026-09-25 05:57:57] span_L5_s2_c1_z3_anfplant3b    232s  best 4042/4096  current 3896  kicks 3  iters 137803 (593/s)  best: cx 29 tof 15
[2026-09-25 05:58:12] span_L5_s2_c1_z3_anfplant3b    247s  best 4042/4096  current 3895  kicks 3  iters 146436 (592/s)  best: cx 29 tof 15
[2026-09-25 05:58:22] span_L5_s2_c1_z3_anfplant3b    257s  best 4042/4096  current 3900  kicks 3  iters 152375 (592/s)  best: cx 29 tof 15
[2026-09-25 05:58:35] span_L5_s2_c1_z3_anfplant3b    270s  best 4042/4096  current 3910  kicks 4  iters 163651 (606/s)  best: cx 29 tof 15
[2026-09-25 05:58:45] span_L5_s2_c1_z3_anfplant3b    280s  best 4042/4096  current 3933  kicks 4  iters 175056 (624/s)  best: cx 29 tof 15
[2026-09-25 05:58:56] span_L5_s2_c1_z3_anfplant3b    291s  best 4042/4096  current 3938  kicks 4  iters 185116 (636/s)  best: cx 29 tof 15
[2026-09-25 05:59:06] span_L5_s2_c1_z3_anfplant3b    301s  best 4042/4096  current 3938  kicks 4  iters 194970 (648/s)  best: cx 29 tof 15
[2026-09-25 05:59:21] span_L5_s2_c1_z3_anfplant3b    315s  best 4042/4096  current 3937  kicks 4  iters 209942 (665/s)  best: cx 29 tof 15
[2026-09-25 05:59:31] span_L5_s2_c1_z3_anfplant3b    325s  best 4042/4096  current 3941  kicks 4  iters 220047 (676/s)  best: cx 29 tof 15
[2026-09-25 05:59:45] span_L5_s2_c1_z3_anfplant3b    340s  best 4042/4096  current 3967  kicks 5  iters 236376 (694/s)  best: cx 29 tof 15
[2026-09-25 06:00:00] span_L5_s2_c1_z3_anfplant3b    355s  best 4042/4096  current 3963  kicks 5  iters 252669 (710/s)  best: cx 29 tof 15
[2026-09-25 06:00:11] span_L5_s2_c1_z3_anfplant3b    366s  best 4042/4096  current 4000  kicks 5  iters 263089 (719/s)  best: cx 29 tof 15
[2026-09-25 06:00:22] span_L5_s2_c1_z3_anfplant3b    377s  best 4042/4096  current 4011  kicks 5  iters 271883 (720/s)  best: cx 29 tof 15
[2026-09-25 06:00:38] span_L5_s2_c1_z3_anfplant3b    393s  best 4042/4096  current 3993  kicks 6  iters 283627 (722/s)  best: cx 29 tof 15
[2026-09-25 06:00:48] span_L5_s2_c1_z3_anfplant3b    403s  best 4042/4096  current 3992  kicks 6  iters 290332 (720/s)  best: cx 29 tof 15
[2026-09-25 06:01:03] span_L5_s2_c1_z3_anfplant3b    418s  best 4042/4096  current 4000  kicks 6  iters 300390 (718/s)  best: cx 29 tof 15
[2026-09-25 06:01:18] span_L5_s2_c1_z3_anfplant3b    433s  best 4042/4096  current 4005  kicks 6  iters 310602 (717/s)  best: cx 29 tof 15
[2026-09-25 06:01:33] span_L5_s2_c1_z3_anfplant3b    448s  best 4042/4096  current 4009  kicks 6  iters 320972 (716/s)  best: cx 29 tof 15
[2026-09-25 06:01:47] span_L5_s2_c1_z3_anfplant3b    462s  best 4042/4096  current 3963  kicks 7  iters 332267 (718/s)  best: cx 29 tof 15
[2026-09-25 06:01:59] span_L5_s2_c1_z3_anfplant3b    473s  best 4042/4096  current 3988  kicks 7  iters 339270 (716/s)  best: cx 29 tof 15
[2026-09-25 06:02:09] span_L5_s2_c1_z3_anfplant3b    484s  best 4042/4096  current 3995  kicks 7  iters 345429 (713/s)  best: cx 29 tof 15
[2026-09-25 06:02:24] span_L5_s2_c1_z3_anfplant3b    499s  best 4042/4096  current 4016  kicks 7  iters 354220 (709/s)  best: cx 29 tof 15
[2026-09-25 06:02:37] span_L5_s2_c1_z3_anfplant3b    512s  best 4042/4096  current 3936  kicks 8  iters 362487 (708/s)  best: cx 29 tof 15
[2026-09-25 06:02:47] span_L5_s2_c1_z3_anfplant3b    522s  best 4042/4096  current 3951  kicks 8  iters 371886 (712/s)  best: cx 29 tof 15
[2026-09-25 06:02:57] span_L5_s2_c1_z3_anfplant3b    532s  best 4042/4096  current 3952  kicks 8  iters 380969 (715/s)  best: cx 29 tof 15
[2026-09-25 06:03:07] span_L5_s2_c1_z3_anfplant3b    542s  best 4042/4096  current 3949  kicks 8  iters 389723 (718/s)  best: cx 29 tof 15
[2026-09-25 06:03:22] span_L5_s2_c1_z3_anfplant3b    557s  best 4042/4096  current 3944  kicks 8  iters 402918 (723/s)  best: cx 29 tof 15
[2026-09-25 06:03:32] span_L5_s2_c1_z3_anfplant3b    567s  best 4042/4096  current 3948  kicks 8  iters 411858 (726/s)  best: cx 29 tof 15
[2026-09-25 06:03:45] span_L5_s2_c1_z3_anfplant3b    580s  best 4042/4096  current 4031  kicks 9  iters 420919 (725/s)  best: cx 29 tof 15
[2026-09-25 06:03:57] span_L5_s2_c1_z3_anfplant3b    591s  best 4042/4096  current 4038  kicks 9  iters 426029 (720/s)  best: cx 29 tof 15
[2026-09-25 06:04:11] span_L5_s2_c1_z3_anfplant3b    606s  best 4042/4096  current 4037  kicks 9  iters 432865 (713/s)  best: cx 29 tof 15
[2026-09-25 06:04:26] span_L5_s2_c1_z3_anfplant3b    621s  best 4042/4096  current 4031  kicks 9  iters 439837 (708/s)  best: cx 29 tof 15
[2026-09-25 06:04:36] span_L5_s2_c1_z3_anfplant3b    631s  best 4042/4096  current 4036  kicks 9  iters 444532 (704/s)  best: cx 29 tof 15
[2026-09-25 06:04:49] span_L5_s2_c1_z3_anfplant3b    644s  best 4042/4096  current 3865  kicks 10  iters 453490 (703/s)  best: cx 29 tof 15
[2026-09-25 06:05:04] span_L5_s2_c1_z3_anfplant3b    659s  best 4042/4096  current 3868  kicks 10  iters 466014 (707/s)  best: cx 29 tof 15
[2026-09-25 06:05:17] span_L5_s2_c1_z3_anfplant3b    672s  best 4042/4096  current 4021  kicks 10  iters 474444 (706/s)  best: cx 29 tof 15
[2026-09-25 06:05:28] span_L5_s2_c1_z3_anfplant3b    682s  best 4042/4096  current 4026  kicks 10  iters 479550 (702/s)  best: cx 29 tof 15
[2026-09-25 06:05:42] span_L5_s2_c1_z3_anfplant3b    697s  best 4042/4096  current 4040  kicks 10  iters 486861 (698/s)  best: cx 29 tof 15
[2026-09-25 06:05:53] span_L5_s2_c1_z3_anfplant3b    708s  best 4042/4096  current 4005  kicks 11  iters 493244 (697/s)  best: cx 29 tof 15
[2026-09-25 06:06:03] span_L5_s2_c1_z3_anfplant3b    718s  best 4042/4096  current 4005  kicks 11  iters 498614 (694/s)  best: cx 29 tof 15
[2026-09-25 06:06:13] span_L5_s2_c1_z3_anfplant3b    728s  best 4042/4096  current 4008  kicks 11  iters 503801 (692/s)  best: cx 29 tof 15
[2026-09-25 06:06:28] span_L5_s2_c1_z3_anfplant3b    743s  best 4042/4096  current 4001  kicks 11  iters 511935 (689/s)  best: cx 29 tof 15
[2026-09-25 06:06:43] span_L5_s2_c1_z3_anfplant3b    758s  best 4042/4096  current 4023  kicks 11  iters 520508 (686/s)  best: cx 29 tof 15
[2026-09-25 06:06:53] span_L5_s2_c1_z3_anfplant3b    768s  best 4042/4096  current 4037  kicks 12  iters 526049 (684/s)  best: cx 29 tof 15
[2026-09-25 06:07:04] span_L5_s2_c1_z3_anfplant3b    779s  best 4042/4096  current 4036  kicks 12  iters 531009 (682/s)  best: cx 29 tof 15
[2026-09-25 06:07:14] span_L5_s2_c1_z3_anfplant3b    789s  best 4042/4096  current 4042  kicks 12  iters 535658 (679/s)  best: cx 29 tof 15
[2026-09-25 06:07:24] span_L5_s2_c1_z3_anfplant3b    799s  best 4042/4096  current 4040  kicks 12  iters 540482 (676/s)  best: cx 29 tof 15
[2026-09-25 06:07:39] span_L5_s2_c1_z3_anfplant3b    814s  best 4042/4096  current 4042  kicks 12  iters 547297 (672/s)  best: cx 29 tof 15
[2026-09-25 06:07:54] span_L5_s2_c1_z3_anfplant3b    829s  best 4049/4096  current 4048  kicks 12  iters 554437 (668/s)  best: cx 21 tof 14
[2026-09-25 06:08:09] span_L5_s2_c1_z3_anfplant3b    844s  best 4050/4096  current 4049  kicks 12  iters 561345 (665/s)  best: cx 23 tof 16
[2026-09-25 06:08:19] span_L5_s2_c1_z3_anfplant3b    854s  best 4051/4096  current 4050  kicks 12  iters 565983 (662/s)  best: cx 23 tof 15
[2026-09-25 06:08:34] span_L5_s2_c1_z3_anfplant3b    869s  best 4056/4096  current 4054  kicks 12  iters 573002 (659/s)  best: cx 23 tof 17
[2026-09-25 06:08:44] span_L5_s2_c1_z3_anfplant3b    879s  best 4057/4096  current 4056  kicks 12  iters 577720 (657/s)  best: cx 24 tof 15
[2026-09-25 06:08:54] span_L5_s2_c1_z3_anfplant3b    889s  best 4062/4096  current 4062  kicks 12  iters 582261 (654/s)  best: cx 24 tof 18
[2026-09-25 06:09:04] span_L5_s2_c1_z3_anfplant3b    899s  best 4064/4096  current 4064  kicks 12  iters 586423 (652/s)  best: cx 24 tof 15
[2026-09-25 06:09:19] span_L5_s2_c1_z3_anfplant3b    914s  best 4065/4096  current 4061  kicks 12  iters 592645 (648/s)  best: cx 26 tof 16
[2026-09-25 06:09:29] span_L5_s2_c1_z3_anfplant3b    924s  best 4065/4096  current 4060  kicks 12  iters 596835 (645/s)  best: cx 26 tof 16
[2026-09-25 06:09:44] span_L5_s2_c1_z3_anfplant3b    939s  best 4065/4096  current 4061  kicks 12  iters 603098 (642/s)  best: cx 26 tof 16
[2026-09-25 06:09:54] span_L5_s2_c1_z3_anfplant3b    949s  best 4065/4096  current 4062  kicks 12  iters 607300 (639/s)  best: cx 26 tof 16
[2026-09-25 06:10:09] span_L5_s2_c1_z3_anfplant3b    964s  best 4065/4096  current 4059  kicks 12  iters 613720 (636/s)  best: cx 26 tof 16
[2026-09-25 06:10:24] span_L5_s2_c1_z3_anfplant3b    979s  best 4065/4096  current 4059  kicks 12  iters 620057 (633/s)  best: cx 26 tof 16
[2026-09-25 06:10:37] span_L5_s2_c1_z3_anfplant3b    992s  best 4065/4096  current 3962  kicks 13  iters 630956 (636/s)  best: cx 26 tof 16
[2026-09-25 06:10:47] span_L5_s2_c1_z3_anfplant3b   1002s  best 4065/4096  current 3960  kicks 13  iters 639761 (638/s)  best: cx 26 tof 16
[2026-09-25 06:11:02] span_L5_s2_c1_z3_anfplant3b   1017s  best 4065/4096  current 3966  kicks 13  iters 652969 (642/s)  best: cx 26 tof 16
[2026-09-25 06:11:17] span_L5_s2_c1_z3_anfplant3b   1032s  best 4065/4096  current 3961  kicks 13  iters 666788 (646/s)  best: cx 26 tof 16
[2026-09-25 06:11:27] span_L5_s2_c1_z3_anfplant3b   1042s  best 4065/4096  current 3962  kicks 13  iters 676023 (648/s)  best: cx 26 tof 16
[2026-09-25 06:11:41] span_L5_s2_c1_z3_anfplant3b   1056s  best 4065/4096  current 3966  kicks 14  iters 682975 (646/s)  best: cx 26 tof 16
[2026-09-25 06:11:56] span_L5_s2_c1_z3_anfplant3b   1071s  best 4065/4096  current 3974  kicks 14  iters 690675 (645/s)  best: cx 26 tof 16
[2026-09-25 06:12:06] span_L5_s2_c1_z3_anfplant3b   1081s  best 4065/4096  current 3979  kicks 14  iters 695748 (643/s)  best: cx 26 tof 16
[2026-09-25 06:12:16] span_L5_s2_c1_z3_anfplant3b   1091s  best 4065/4096  current 3979  kicks 14  iters 700854 (642/s)  best: cx 26 tof 16
[2026-09-25 06:12:26] span_L5_s2_c1_z3_anfplant3b   1101s  best 4065/4096  current 3978  kicks 14  iters 705767 (640/s)  best: cx 26 tof 16
[2026-09-25 06:12:41] span_L5_s2_c1_z3_anfplant3b   1116s  best 4065/4096  current 3909  kicks 15  iters 713137 (639/s)  best: cx 26 tof 16
[2026-09-25 06:12:51] span_L5_s2_c1_z3_anfplant3b   1126s  best 4065/4096  current 3914  kicks 15  iters 718288 (637/s)  best: cx 26 tof 16
[2026-09-25 06:13:01] span_L5_s2_c1_z3_anfplant3b   1136s  best 4065/4096  current 3940  kicks 15  iters 723254 (636/s)  best: cx 26 tof 16
[2026-09-25 06:13:12] span_L5_s2_c1_z3_anfplant3b   1147s  best 4065/4096  current 3960  kicks 15  iters 727978 (634/s)  best: cx 26 tof 16
[2026-09-25 06:13:22] span_L5_s2_c1_z3_anfplant3b   1157s  best 4065/4096  current 3959  kicks 15  iters 732455 (633/s)  best: cx 26 tof 16
[2026-09-25 06:13:36] span_L5_s2_c1_z3_anfplant3b   1171s  best 4065/4096  current 4009  kicks 16  iters 738978 (631/s)  best: cx 26 tof 16
[2026-09-25 06:13:47] span_L5_s2_c1_z3_anfplant3b   1181s  best 4065/4096  current 4037  kicks 16  iters 743948 (629/s)  best: cx 26 tof 16
[2026-09-25 06:13:57] span_L5_s2_c1_z3_anfplant3b   1192s  best 4065/4096  current 4035  kicks 16  iters 748490 (628/s)  best: cx 26 tof 16
[2026-09-25 06:14:07] span_L5_s2_c1_z3_anfplant3b   1202s  best 4065/4096  current 4040  kicks 16  iters 752875 (626/s)  best: cx 26 tof 16
[2026-09-25 06:14:22] span_L5_s2_c1_z3_anfplant3b   1217s  best 4065/4096  current 4038  kicks 16  iters 759355 (624/s)  best: cx 26 tof 16
[2026-09-25 06:14:34] span_L5_s2_c1_z3_anfplant3b   1229s  best 4065/4096  current 3954  kicks 17  iters 765845 (622/s)  best: cx 26 tof 16
[2026-09-25 06:14:45] span_L5_s2_c1_z3_anfplant3b   1240s  best 4065/4096  current 3986  kicks 17  iters 773478 (623/s)  best: cx 26 tof 16
[2026-09-25 06:14:59] span_L5_s2_c1_z3_anfplant3b   1254s  best 4065/4096  current 4003  kicks 17  iters 785750 (626/s)  best: cx 26 tof 16
[2026-09-25 06:15:10] span_L5_s2_c1_z3_anfplant3b   1265s  best 4065/4096  current 3995  kicks 17  iters 794107 (627/s)  best: cx 26 tof 16
[2026-09-25 06:15:20] span_L5_s2_c1_z3_anfplant3b   1275s  best 4065/4096  current 4002  kicks 17  iters 802053 (629/s)  best: cx 26 tof 16
[2026-09-25 06:15:35] span_L5_s2_c1_z3_anfplant3b   1290s  best 4065/4096  current 4016  kicks 17  iters 813612 (630/s)  best: cx 26 tof 16
[2026-09-25 06:15:48] span_L5_s2_c1_z3_anfplant3b   1303s  best 4065/4096  current 4020  kicks 18  iters 820269 (629/s)  best: cx 26 tof 16
[2026-09-25 06:16:03] span_L5_s2_c1_z3_anfplant3b   1317s  best 4065/4096  current 4029  kicks 18  iters 827306 (627/s)  best: cx 26 tof 16
[2026-09-25 06:16:17] span_L5_s2_c1_z3_anfplant3b   1332s  best 4065/4096  current 4041  kicks 18  iters 834652 (626/s)  best: cx 26 tof 16
[2026-09-25 06:16:28] span_L5_s2_c1_z3_anfplant3b   1343s  best 4065/4096  current 4042  kicks 18  iters 839672 (625/s)  best: cx 26 tof 16
[2026-09-25 06:16:38] span_L5_s2_c1_z3_anfplant3b   1353s  best 4065/4096  current 4044  kicks 18  iters 844448 (624/s)  best: cx 26 tof 16
[2026-09-25 06:16:48] span_L5_s2_c1_z3_anfplant3b   1363s  best 4065/4096  current 4012  kicks 19  iters 849880 (623/s)  best: cx 26 tof 16
[2026-09-25 06:17:03] span_L5_s2_c1_z3_anfplant3b   1378s  best 4065/4096  current 4022  kicks 19  iters 856786 (621/s)  best: cx 26 tof 16
[2026-09-25 06:17:13] span_L5_s2_c1_z3_anfplant3b   1388s  best 4065/4096  current 4026  kicks 19  iters 861335 (620/s)  best: cx 26 tof 16
[2026-09-25 06:17:29] span_L5_s2_c1_z3_anfplant3b   1403s  best 4065/4096  current 4026  kicks 19  iters 868149 (618/s)  best: cx 26 tof 16
[2026-09-25 06:17:42] span_L5_s2_c1_z3_anfplant3b   1417s  best 4065/4096  current 4013  kicks 20  iters 875178 (617/s)  best: cx 26 tof 16
[2026-09-25 06:17:53] span_L5_s2_c1_z3_anfplant3b   1428s  best 4065/4096  current 4034  kicks 20  iters 880757 (616/s)  best: cx 26 tof 16
[2026-09-25 06:18:04] span_L5_s2_c1_z3_anfplant3b   1439s  best 4065/4096  current 4046  kicks 20  iters 885436 (615/s)  best: cx 26 tof 16
[2026-09-25 06:18:14] span_L5_s2_c1_z3_anfplant3b   1449s  best 4065/4096  current 4051  kicks 20  iters 889782 (614/s)  best: cx 26 tof 16
[2026-09-25 06:18:24] span_L5_s2_c1_z3_anfplant3b   1459s  best 4065/4096  current 4052  kicks 20  iters 894146 (612/s)  best: cx 26 tof 16
[2026-09-25 06:18:39] span_L5_s2_c1_z3_anfplant3b   1474s  best 4065/4096  current 4050  kicks 20  iters 900585 (611/s)  best: cx 26 tof 16
[2026-09-25 06:18:52] span_L5_s2_c1_z3_anfplant3b   1487s  best 4065/4096  current 3969  kicks 21  iters 910035 (612/s)  best: cx 26 tof 16
[2026-09-25 06:19:02] span_L5_s2_c1_z3_anfplant3b   1497s  best 4065/4096  current 3968  kicks 21  iters 917410 (612/s)  best: cx 26 tof 16
[2026-09-25 06:19:12] span_L5_s2_c1_z3_anfplant3b   1507s  best 4065/4096  current 3970  kicks 21  iters 924434 (613/s)  best: cx 26 tof 16
[2026-09-25 06:19:23] span_L5_s2_c1_z3_anfplant3b   1518s  best 4065/4096  current 3974  kicks 21  iters 931161 (613/s)  best: cx 26 tof 16
[2026-09-25 06:19:38] span_L5_s2_c1_z3_anfplant3b   1533s  best 4065/4096  current 3980  kicks 21  iters 940543 (613/s)  best: cx 26 tof 16
[2026-09-25 06:19:50] span_L5_s2_c1_z3_anfplant3b   1545s  best 4065/4096  current 4018  kicks 22  iters 946649 (612/s)  best: cx 26 tof 16
[2026-09-25 06:20:00] span_L5_s2_c1_z3_anfplant3b   1555s  best 4065/4096  current 4022  kicks 22  iters 951005 (611/s)  best: cx 26 tof 16
[2026-09-25 06:20:10] span_L5_s2_c1_z3_anfplant3b   1565s  best 4065/4096  current 4018  kicks 22  iters 955328 (610/s)  best: cx 26 tof 16
[2026-09-25 06:20:25] span_L5_s2_c1_z3_anfplant3b   1580s  best 4065/4096  current 4037  kicks 22  iters 961715 (608/s)  best: cx 26 tof 16
[2026-09-25 06:20:35] span_L5_s2_c1_z3_anfplant3b   1590s  best 4065/4096  current 4031  kicks 22  iters 965910 (607/s)  best: cx 26 tof 16
[2026-09-25 06:20:48] span_L5_s2_c1_z3_anfplant3b   1603s  best 4065/4096  current 3977  kicks 23  iters 972319 (606/s)  best: cx 26 tof 16
[2026-09-25 06:21:00] span_L5_s2_c1_z3_anfplant3b   1615s  best 4065/4096  current 4010  kicks 23  iters 978142 (605/s)  best: cx 26 tof 16
[2026-09-25 06:21:15] span_L5_s2_c1_z3_anfplant3b   1630s  best 4065/4096  current 4002  kicks 23  iters 985336 (604/s)  best: cx 26 tof 16
[2026-09-25 06:21:30] span_L5_s2_c1_z3_anfplant3b   1645s  best 4065/4096  current 4010  kicks 23  iters 992728 (603/s)  best: cx 26 tof 16
[2026-09-25 06:21:40] span_L5_s2_c1_z3_anfplant3b   1655s  best 4065/4096  current 4013  kicks 23  iters 997600 (602/s)  best: cx 26 tof 16
[2026-09-25 06:21:55] span_L5_s2_c1_z3_anfplant3b   1670s  best 4065/4096  current 4013  kicks 24  iters 1004978 (601/s)  best: cx 26 tof 16
[2026-09-25 06:22:06] span_L5_s2_c1_z3_anfplant3b   1680s  best 4065/4096  current 4029  kicks 24  iters 1009508 (600/s)  best: cx 26 tof 16
[2026-09-25 06:22:20] span_L5_s2_c1_z3_anfplant3b   1695s  best 4065/4096  current 4031  kicks 24  iters 1016080 (599/s)  best: cx 26 tof 16
[2026-09-25 06:22:35] span_L5_s2_c1_z3_anfplant3b   1710s  best 4065/4096  current 4030  kicks 24  iters 1022905 (598/s)  best: cx 26 tof 16
[2026-09-25 06:22:45] span_L5_s2_c1_z3_anfplant3b   1720s  best 4065/4096  current 4028  kicks 24  iters 1027709 (597/s)  best: cx 26 tof 16
[2026-09-25 06:23:00] span_L5_s2_c1_z3_anfplant3b   1735s  best 4065/4096  current 3943  kicks 25  iters 1035465 (596/s)  best: cx 26 tof 16
[2026-09-25 06:23:15] span_L5_s2_c1_z3_anfplant3b   1750s  best 4065/4096  current 3950  kicks 25  iters 1043010 (596/s)  best: cx 26 tof 16
[2026-09-25 06:23:25] span_L5_s2_c1_z3_anfplant3b   1760s  best 4065/4096  current 3958  kicks 25  iters 1048121 (595/s)  best: cx 26 tof 16
[2026-09-25 06:23:35] span_L5_s2_c1_z3_anfplant3b   1770s  best 4065/4096  current 3958  kicks 25  iters 1052811 (594/s)  best: cx 26 tof 16
[2026-09-25 06:23:46] span_L5_s2_c1_z3_anfplant3b   1780s  best 4065/4096  current 3964  kicks 25  iters 1057534 (593/s)  best: cx 26 tof 16
[2026-09-25 06:23:59] span_L5_s2_c1_z3_anfplant3b   1794s  best 4065/4096  current 4006  kicks 26  iters 1064435 (593/s)  best: cx 26 tof 16
[2026-09-25 06:24:14] span_L5_s2_c1_z3_anfplant3b   1809s  best 4065/4096  current 4029  kicks 26  iters 1074620 (594/s)  best: cx 26 tof 16
[2026-09-25 06:24:24] span_L5_s2_c1_z3_anfplant3b   1819s  best 4065/4096  current 4038  kicks 26  iters 1081205 (594/s)  best: cx 26 tof 16
[2026-09-25 06:24:34] span_L5_s2_c1_z3_anfplant3b   1829s  best 4065/4096  current 4039  kicks 26  iters 1087624 (594/s)  best: cx 26 tof 16
[2026-09-25 06:24:49] span_L5_s2_c1_z3_anfplant3b   1844s  best 4065/4096  current 4033  kicks 26  iters 1097088 (595/s)  best: cx 26 tof 16
[2026-09-25 06:24:59] span_L5_s2_c1_z3_anfplant3b   1854s  best 4065/4096  current 4033  kicks 26  iters 1103737 (595/s)  best: cx 26 tof 16
[2026-09-25 06:25:09] span_L5_s2_c1_z3_anfplant3b   1864s  best 4065/4096  current 3975  kicks 27  iters 1109961 (595/s)  best: cx 26 tof 16
[2026-09-25 06:25:20] span_L5_s2_c1_z3_anfplant3b   1875s  best 4065/4096  current 3983  kicks 27  iters 1116166 (595/s)  best: cx 26 tof 16
[2026-09-25 06:25:30] span_L5_s2_c1_z3_anfplant3b   1885s  best 4065/4096  current 3992  kicks 27  iters 1121771 (595/s)  best: cx 26 tof 16
[2026-09-25 06:25:40] span_L5_s2_c1_z3_anfplant3b   1895s  best 4065/4096  current 3993  kicks 27  iters 1127011 (594/s)  best: cx 26 tof 16
[2026-09-25 06:25:51] span_L5_s2_c1_z3_anfplant3b   1905s  best 4065/4096  current 4009  kicks 27  iters 1132042 (594/s)  best: cx 26 tof 16
[2026-09-25 06:26:01] span_L5_s2_c1_z3_anfplant3b   1916s  best 4065/4096  current 4012  kicks 27  iters 1136867 (593/s)  best: cx 26 tof 16
[2026-09-25 06:26:15] span_L5_s2_c1_z3_anfplant3b   1930s  best 4065/4096  current 3966  kicks 28  iters 1146097 (593/s)  best: cx 26 tof 16
[2026-09-25 06:26:25] span_L5_s2_c1_z3_anfplant3b   1940s  best 4065/4096  current 3967  kicks 28  iters 1152596 (594/s)  best: cx 26 tof 16
[2026-09-25 06:26:35] span_L5_s2_c1_z3_anfplant3b   1950s  best 4065/4096  current 3993  kicks 28  iters 1159004 (594/s)  best: cx 26 tof 16
[2026-09-25 06:26:47] span_L5_s2_c1_z3_anfplant3b   1962s  best 4065/4096  current 4023  kicks 28  iters 1164267 (593/s)  best: cx 26 tof 16
[2026-09-25 06:27:02] span_L5_s2_c1_z3_anfplant3b   1977s  best 4065/4096  current 4023  kicks 28  iters 1170973 (592/s)  best: cx 26 tof 16
[2026-09-25 06:27:16] span_L5_s2_c1_z3_anfplant3b   1991s  best 4065/4096  current 3988  kicks 29  iters 1179230 (592/s)  best: cx 26 tof 16
[2026-09-25 06:27:27] span_L5_s2_c1_z3_anfplant3b   2002s  best 4065/4096  current 3992  kicks 29  iters 1184525 (591/s)  best: cx 26 tof 16
[2026-09-25 06:27:42] span_L5_s2_c1_z3_anfplant3b   2017s  best 4065/4096  current 3995  kicks 29  iters 1191801 (590/s)  best: cx 26 tof 16
[2026-09-25 06:27:57] span_L5_s2_c1_z3_anfplant3b   2032s  best 4065/4096  current 3994  kicks 29  iters 1199228 (590/s)  best: cx 26 tof 16
[2026-09-25 06:28:12] span_L5_s2_c1_z3_anfplant3b   2047s  best 4065/4096  current 4008  kicks 30  iters 1206549 (589/s)  best: cx 26 tof 16
[2026-09-25 06:28:27] span_L5_s2_c1_z3_anfplant3b   2062s  best 4065/4096  current 4013  kicks 30  iters 1213493 (588/s)  best: cx 26 tof 16
[2026-09-25 06:28:42] span_L5_s2_c1_z3_anfplant3b   2077s  best 4065/4096  current 4019  kicks 30  iters 1220519 (587/s)  best: cx 26 tof 16
[2026-09-25 06:28:57] span_L5_s2_c1_z3_anfplant3b   2092s  best 4065/4096  current 4018  kicks 30  iters 1227871 (587/s)  best: cx 26 tof 16
[2026-09-25 06:29:10] span_L5_s2_c1_z3_anfplant3b   2105s  best 4065/4096  current 3990  kicks 31  iters 1238352 (588/s)  best: cx 26 tof 16
[2026-09-25 06:29:21] span_L5_s2_c1_z3_anfplant3b   2116s  best 4065/4096  current 3995  kicks 31  iters 1246835 (589/s)  best: cx 26 tof 16
[2026-09-25 06:29:31] span_L5_s2_c1_z3_anfplant3b   2126s  best 4065/4096  current 4004  kicks 31  iters 1254444 (589/s)  best: cx 26 tof 16
[2026-09-25 06:29:46] span_L5_s2_c1_z3_anfplant3b   2141s  best 4065/4096  current 4025  kicks 31  iters 1266237 (591/s)  best: cx 26 tof 16
[2026-09-25 06:29:56] span_L5_s2_c1_z3_anfplant3b   2151s  best 4065/4096  current 4020  kicks 31  iters 1274267 (592/s)  best: cx 26 tof 16
[2026-09-25 06:30:15] span_L5_s2_c1_z3_anfplant3b   2170s  best 4065/4096  current 4018  kicks 32  iters 1286536 (593/s)  best: cx 26 tof 16
[2026-09-25 06:30:30] span_L5_s2_c1_z3_anfplant3b   2184s  best 4065/4096  current 4048  kicks 32  iters 1293785 (592/s)  best: cx 26 tof 16
[2026-09-25 06:30:40] span_L5_s2_c1_z3_anfplant3b   2195s  best 4065/4096  current 4052  kicks 32  iters 1298545 (591/s)  best: cx 26 tof 16
[2026-09-25 06:30:50] span_L5_s2_c1_z3_anfplant3b   2205s  best 4065/4096  current 4050  kicks 32  iters 1303201 (591/s)  best: cx 26 tof 16
[2026-09-25 06:31:05] span_L5_s2_c1_z3_anfplant3b   2220s  best 4065/4096  current 4050  kicks 32  iters 1310120 (590/s)  best: cx 26 tof 16
[2026-09-25 06:31:20] span_L5_s2_c1_z3_anfplant3b   2235s  best 4065/4096  current 4012  kicks 33  iters 1317192 (589/s)  best: cx 26 tof 16
[2026-09-25 06:31:35] span_L5_s2_c1_z3_anfplant3b   2250s  best 4065/4096  current 4015  kicks 33  iters 1324463 (588/s)  best: cx 26 tof 16
[2026-09-25 06:31:45] span_L5_s2_c1_z3_anfplant3b   2260s  best 4065/4096  current 4017  kicks 33  iters 1329235 (588/s)  best: cx 26 tof 16
[2026-09-25 06:31:55] span_L5_s2_c1_z3_anfplant3b   2270s  best 4065/4096  current 4022  kicks 33  iters 1333974 (587/s)  best: cx 26 tof 16
[2026-09-25 06:32:05] span_L5_s2_c1_z3_anfplant3b   2280s  best 4065/4096  current 4021  kicks 33  iters 1338646 (587/s)  best: cx 26 tof 16
[2026-09-25 06:32:20] span_L5_s2_c1_z3_anfplant3b   2295s  best 4065/4096  current 4047  kicks 34  iters 1345384 (586/s)  best: cx 26 tof 16
[2026-09-25 06:32:30] span_L5_s2_c1_z3_anfplant3b   2305s  best 4065/4096  current 4057  kicks 34  iters 1350013 (585/s)  best: cx 26 tof 16
[2026-09-25 06:32:45] span_L5_s2_c1_z3_anfplant3b   2320s  best 4065/4096  current 4058  kicks 34  iters 1356843 (584/s)  best: cx 26 tof 16
[2026-09-25 06:33:00] span_L5_s2_c1_z3_anfplant3b   2335s  best 4065/4096  current 4058  kicks 34  iters 1363672 (584/s)  best: cx 26 tof 16
[2026-09-25 06:33:15] span_L5_s2_c1_z3_anfplant3b   2350s  best 4065/4096  current 4058  kicks 34  iters 1370442 (583/s)  best: cx 26 tof 16
[2026-09-25 06:33:25] span_L5_s2_c1_z3_anfplant3b   2360s  best 4065/4096  current 4045  kicks 35  iters 1374940 (582/s)  best: cx 26 tof 16
[2026-09-25 06:33:40] span_L5_s2_c1_z3_anfplant3b   2375s  best 4065/4096  current 4053  kicks 35  iters 1381599 (581/s)  best: cx 26 tof 16
[2026-09-25 06:33:55] span_L5_s2_c1_z3_anfplant3b   2390s  best 4065/4096  current 4051  kicks 35  iters 1388275 (580/s)  best: cx 26 tof 16
[2026-09-25 06:34:05] span_L5_s2_c1_z3_anfplant3b   2400s  best 4065/4096  current 4054  kicks 35  iters 1392673 (580/s)  best: cx 26 tof 16
[2026-09-25 06:34:16] span_L5_s2_c1_z3_anfplant3b   2410s  best 4065/4096  current 4062  kicks 35  iters 1397076 (579/s)  best: cx 26 tof 16
[2026-09-25 06:34:29] span_L5_s2_c1_z3_anfplant3b   2424s  best 4065/4096  current 3964  kicks 36  iters 1405509 (579/s)  best: cx 26 tof 16
[2026-09-25 06:34:40] span_L5_s2_c1_z3_anfplant3b   2435s  best 4065/4096  current 3990  kicks 36  iters 1411287 (579/s)  best: cx 26 tof 16
[2026-09-25 06:34:50] span_L5_s2_c1_z3_anfplant3b   2445s  best 4065/4096  current 3994  kicks 36  iters 1416653 (579/s)  best: cx 26 tof 16
[2026-09-25 06:35:00] span_L5_s2_c1_z3_anfplant3b   2455s  best 4065/4096  current 4011  kicks 36  iters 1421881 (579/s)  best: cx 26 tof 16
[2026-09-25 06:35:10] span_L5_s2_c1_z3_anfplant3b   2465s  best 4065/4096  current 4009  kicks 36  iters 1426806 (578/s)  best: cx 26 tof 16
[2026-09-25 06:35:24] span_L5_s2_c1_z3_anfplant3b   2479s  best 4065/4096  current 3997  kicks 37  iters 1434394 (578/s)  best: cx 26 tof 16
[2026-09-25 06:35:34] span_L5_s2_c1_z3_anfplant3b   2489s  best 4065/4096  current 4012  kicks 37  iters 1440220 (578/s)  best: cx 26 tof 16
[2026-09-25 06:35:49] span_L5_s2_c1_z3_anfplant3b   2504s  best 4065/4096  current 4012  kicks 37  iters 1449193 (578/s)  best: cx 26 tof 16
[2026-09-25 06:36:04] span_L5_s2_c1_z3_anfplant3b   2519s  best 4065/4096  current 4012  kicks 37  iters 1458308 (578/s)  best: cx 26 tof 16
[2026-09-25 06:36:14] span_L5_s2_c1_z3_anfplant3b   2529s  best 4065/4096  current 4006  kicks 37  iters 1464439 (579/s)  best: cx 26 tof 16
[2026-09-25 06:36:29] span_L5_s2_c1_z3_anfplant3b   2544s  best 4065/4096  current 3998  kicks 38  iters 1473766 (579/s)  best: cx 26 tof 16
[2026-09-25 06:36:40] span_L5_s2_c1_z3_anfplant3b   2555s  best 4065/4096  current 3996  kicks 38  iters 1479337 (579/s)  best: cx 26 tof 16
[2026-09-25 06:36:50] span_L5_s2_c1_z3_anfplant3b   2565s  best 4065/4096  current 3998  kicks 38  iters 1484622 (578/s)  best: cx 26 tof 16
[2026-09-25 06:37:04] span_L5_s2_c1_z3_anfplant3b   2579s  best 4065/4096  current 4007  kicks 38  iters 1492715 (578/s)  best: cx 26 tof 16
[2026-09-25 06:37:19] span_L5_s2_c1_z3_anfplant3b   2594s  best 4065/4096  current 4007  kicks 38  iters 1501211 (578/s)  best: cx 26 tof 16
[2026-09-25 06:37:30] span_L5_s2_c1_z3_anfplant3b   2605s  best 4065/4096  current 3998  kicks 39  iters 1507056 (578/s)  best: cx 26 tof 16
[2026-09-25 06:37:45] span_L5_s2_c1_z3_anfplant3b   2620s  best 4065/4096  current 3998  kicks 39  iters 1514437 (578/s)  best: cx 26 tof 16
[2026-09-25 06:37:55] span_L5_s2_c1_z3_anfplant3b   2630s  best 4065/4096  current 4000  kicks 39  iters 1519462 (577/s)  best: cx 26 tof 16
[2026-09-25 06:38:06] span_L5_s2_c1_z3_anfplant3b   2641s  best 4065/4096  current 4014  kicks 39  iters 1524220 (577/s)  best: cx 26 tof 16
[2026-09-25 06:38:16] span_L5_s2_c1_z3_anfplant3b   2651s  best 4065/4096  current 4006  kicks 39  iters 1528633 (576/s)  best: cx 26 tof 16
[2026-09-25 06:38:30] span_L5_s2_c1_z3_anfplant3b   2665s  best 4065/4096  current 3887  kicks 40  iters 1535207 (576/s)  best: cx 26 tof 16
[2026-09-25 06:38:40] span_L5_s2_c1_z3_anfplant3b   2675s  best 4065/4096  current 3896  kicks 40  iters 1540791 (576/s)  best: cx 26 tof 16
[2026-09-25 06:38:54] span_L5_s2_c1_z3_anfplant3b   2689s  best 4065/4096  current 3893  kicks 40  iters 1549377 (576/s)  best: cx 26 tof 16
[2026-09-25 06:39:09] span_L5_s2_c1_z3_anfplant3b   2704s  best 4065/4096  current 3897  kicks 40  iters 1558921 (576/s)  best: cx 26 tof 16
[2026-09-25 06:39:19] span_L5_s2_c1_z3_anfplant3b   2714s  best 4065/4096  current 3895  kicks 40  iters 1565240 (576/s)  best: cx 26 tof 16
[2026-09-25 06:39:36] span_L5_s2_c1_z3_anfplant3b   2731s  best 4065/4096  current 3961  kicks 41  iters 1574751 (576/s)  best: cx 26 tof 16
[2026-09-25 06:39:52] span_L5_s2_c1_z3_anfplant3b   2746s  best 4065/4096  current 4029  kicks 41  iters 1581498 (575/s)  best: cx 26 tof 16
[2026-09-25 06:40:07] span_L5_s2_c1_z3_anfplant3b   2761s  best 4065/4096  current 4030  kicks 41  iters 1588010 (575/s)  best: cx 26 tof 16
[2026-09-25 06:40:21] span_L5_s2_c1_z3_anfplant3b   2776s  best 4065/4096  current 4031  kicks 41  iters 1594636 (574/s)  best: cx 26 tof 16
[2026-09-25 06:40:32] span_L5_s2_c1_z3_anfplant3b   2787s  best 4065/4096  current 4054  kicks 41  iters 1598963 (573/s)  best: cx 26 tof 16
[2026-09-25 06:40:46] span_L5_s2_c1_z3_anfplant3b   2800s  best 4065/4096  current 3990  kicks 42  iters 1607156 (573/s)  best: cx 26 tof 16
[2026-09-25 06:40:56] span_L5_s2_c1_z3_anfplant3b   2811s  best 4065/4096  current 3990  kicks 42  iters 1612671 (573/s)  best: cx 26 tof 16
[2026-09-25 06:41:10] span_L5_s2_c1_z3_anfplant3b   2825s  best 4065/4096  current 3988  kicks 42  iters 1621102 (573/s)  best: cx 26 tof 16
[2026-09-25 06:41:20] span_L5_s2_c1_z3_anfplant3b   2835s  best 4065/4096  current 3992  kicks 42  iters 1626886 (573/s)  best: cx 26 tof 16
[2026-09-25 06:41:35] span_L5_s2_c1_z3_anfplant3b   2850s  best 4065/4096  current 3992  kicks 42  iters 1636022 (573/s)  best: cx 26 tof 16
[2026-09-25 06:41:45] span_L5_s2_c1_z3_anfplant3b   2860s  best 4065/4096  current 4006  kicks 43  iters 1642104 (574/s)  best: cx 26 tof 16
[2026-09-25 06:41:56] span_L5_s2_c1_z3_anfplant3b   2871s  best 4065/4096  current 4006  kicks 43  iters 1647980 (574/s)  best: cx 26 tof 16
[2026-09-25 06:42:10] span_L5_s2_c1_z3_anfplant3b   2885s  best 4065/4096  current 4015  kicks 43  iters 1656669 (574/s)  best: cx 26 tof 16
[2026-09-25 06:42:21] span_L5_s2_c1_z3_anfplant3b   2896s  best 4065/4096  current 4021  kicks 43  iters 1662103 (573/s)  best: cx 26 tof 16
[2026-09-25 06:42:32] span_L5_s2_c1_z3_anfplant3b   2906s  best 4065/4096  current 4034  kicks 43  iters 1667061 (573/s)  best: cx 26 tof 16
[2026-09-25 06:42:45] span_L5_s2_c1_z3_anfplant3b   2920s  best 4065/4096  current 3990  kicks 44  iters 1675245 (573/s)  best: cx 26 tof 16
[2026-09-25 06:42:55] span_L5_s2_c1_z3_anfplant3b   2930s  best 4065/4096  current 3985  kicks 44  iters 1681712 (573/s)  best: cx 26 tof 16
[2026-09-25 06:43:06] span_L5_s2_c1_z3_anfplant3b   2941s  best 4065/4096  current 4006  kicks 44  iters 1688117 (574/s)  best: cx 26 tof 16
[2026-09-25 06:43:21] span_L5_s2_c1_z3_anfplant3b   2956s  best 4065/4096  current 4007  kicks 44  iters 1697051 (574/s)  best: cx 26 tof 16
[2026-09-25 06:43:36] span_L5_s2_c1_z3_anfplant3b   2971s  best 4065/4096  current 4025  kicks 44  iters 1705967 (574/s)  best: cx 26 tof 16
[2026-09-25 06:43:51] span_L5_s2_c1_z3_anfplant3b   2986s  best 4065/4096  current 3943  kicks 45  iters 1715308 (574/s)  best: cx 26 tof 16
[2026-09-25 06:44:01] span_L5_s2_c1_z3_anfplant3b   2996s  best 4065/4096  current 3938  kicks 45  iters 1721534 (574/s)  best: cx 26 tof 16
[2026-09-25 06:44:11] span_L5_s2_c1_z3_anfplant3b   3006s  best 4065/4096  current 3955  kicks 45  iters 1727519 (574/s)  best: cx 26 tof 16
[2026-09-25 06:44:26] span_L5_s2_c1_z3_anfplant3b   3021s  best 4065/4096  current 3957  kicks 45  iters 1735936 (574/s)  best: cx 26 tof 16
[2026-09-25 06:44:42] span_L5_s2_c1_z3_anfplant3b   3036s  best 4065/4096  current 3959  kicks 45  iters 1744128 (574/s)  best: cx 26 tof 16
[2026-09-25 06:44:56] span_L5_s2_c1_z3_anfplant3b   3051s  best 4065/4096  current 4000  kicks 46  iters 1752655 (574/s)  best: cx 26 tof 16
[2026-09-25 06:45:11] span_L5_s2_c1_z3_anfplant3b   3066s  best 4065/4096  current 3997  kicks 46  iters 1761593 (574/s)  best: cx 26 tof 16
[2026-09-25 06:45:26] span_L5_s2_c1_z3_anfplant3b   3081s  best 4065/4096  current 3999  kicks 46  iters 1770295 (574/s)  best: cx 26 tof 16
[2026-09-25 06:45:41] span_L5_s2_c1_z3_anfplant3b   3096s  best 4065/4096  current 4038  kicks 46  iters 1779104 (574/s)  best: cx 26 tof 16
[2026-09-25 06:45:56] span_L5_s2_c1_z3_anfplant3b   3111s  best 4065/4096  current 3958  kicks 47  iters 1787621 (574/s)  best: cx 26 tof 16
[2026-09-25 06:46:06] span_L5_s2_c1_z3_anfplant3b   3121s  best 4065/4096  current 3968  kicks 47  iters 1793530 (574/s)  best: cx 26 tof 16
[2026-09-25 06:46:21] span_L5_s2_c1_z3_anfplant3b   3136s  best 4065/4096  current 3977  kicks 47  iters 1802318 (574/s)  best: cx 26 tof 16
[2026-09-25 06:46:36] span_L5_s2_c1_z3_anfplant3b   3151s  best 4065/4096  current 3975  kicks 47  iters 1811486 (574/s)  best: cx 26 tof 16
[2026-09-25 06:46:51] span_L5_s2_c1_z3_anfplant3b   3166s  best 4065/4096  current 3975  kicks 47  iters 1820609 (575/s)  best: cx 26 tof 16
[2026-09-25 06:47:06] span_L5_s2_c1_z3_anfplant3b   3181s  best 4065/4096  current 3978  kicks 48  iters 1829701 (575/s)  best: cx 26 tof 16
[2026-09-25 06:47:16] span_L5_s2_c1_z3_anfplant3b   3191s  best 4065/4096  current 3991  kicks 48  iters 1835732 (575/s)  best: cx 26 tof 16
[2026-09-25 06:47:26] span_L5_s2_c1_z3_anfplant3b   3201s  best 4065/4096  current 3996  kicks 48  iters 1841757 (575/s)  best: cx 26 tof 16
[2026-09-25 06:47:36] span_L5_s2_c1_z3_anfplant3b   3211s  best 4065/4096  current 3994  kicks 48  iters 1847528 (575/s)  best: cx 26 tof 16
[2026-09-25 06:47:46] span_L5_s2_c1_z3_anfplant3b   3221s  best 4065/4096  current 4002  kicks 48  iters 1853250 (575/s)  best: cx 26 tof 16
[2026-09-25 06:47:57] span_L5_s2_c1_z3_anfplant3b   3231s  best 4065/4096  current 4009  kicks 49  iters 1858924 (575/s)  best: cx 26 tof 16
[2026-09-25 06:48:11] span_L5_s2_c1_z3_anfplant3b   3246s  best 4065/4096  current 4030  kicks 49  iters 1867392 (575/s)  best: cx 26 tof 16
[2026-09-25 06:48:26] span_L5_s2_c1_z3_anfplant3b   3261s  best 4065/4096  current 4032  kicks 49  iters 1876505 (575/s)  best: cx 26 tof 16
[2026-09-25 06:48:41] span_L5_s2_c1_z3_anfplant3b   3276s  best 4065/4096  current 4048  kicks 49  iters 1886871 (576/s)  best: cx 26 tof 16
[2026-09-25 06:48:51] span_L5_s2_c1_z3_anfplant3b   3286s  best 4065/4096  current 4046  kicks 49  iters 1893244 (576/s)  best: cx 26 tof 16
[2026-09-25 06:49:02] span_L5_s2_c1_z3_anfplant3b   3297s  best 4065/4096  current 4033  kicks 50  iters 1899329 (576/s)  best: cx 26 tof 16
[2026-09-25 06:49:12] span_L5_s2_c1_z3_anfplant3b   3307s  best 4065/4096  current 4032  kicks 50  iters 1904164 (575/s)  best: cx 26 tof 16
[2026-09-25 06:49:27] span_L5_s2_c1_z3_anfplant3b   3322s  best 4065/4096  current 4040  kicks 50  iters 1911563 (575/s)  best: cx 26 tof 16
[2026-09-25 06:49:37] span_L5_s2_c1_z3_anfplant3b   3332s  best 4065/4096  current 4040  kicks 50  iters 1916727 (575/s)  best: cx 26 tof 16
[2026-09-25 06:49:47] span_L5_s2_c1_z3_anfplant3b   3342s  best 4065/4096  current 4042  kicks 50  iters 1921732 (575/s)  best: cx 26 tof 16
[2026-09-25 06:49:57] span_L5_s2_c1_z3_anfplant3b   3352s  best 4065/4096  current 4044  kicks 50  iters 1926695 (574/s)  best: cx 26 tof 16
[2026-09-25 06:50:07] span_L5_s2_c1_z3_anfplant3b   3362s  best 4065/4096  current 3976  kicks 51  iters 1934121 (575/s)  best: cx 26 tof 16
[2026-09-25 06:50:18] span_L5_s2_c1_z3_anfplant3b   3373s  best 4065/4096  current 3989  kicks 51  iters 1940337 (575/s)  best: cx 26 tof 16
[2026-09-25 06:50:33] span_L5_s2_c1_z3_anfplant3b   3388s  best 4065/4096  current 3987  kicks 51  iters 1949518 (575/s)  best: cx 26 tof 16
[2026-09-25 06:50:43] span_L5_s2_c1_z3_anfplant3b   3398s  best 4065/4096  current 3993  kicks 51  iters 1955619 (575/s)  best: cx 26 tof 16
[2026-09-25 06:50:53] span_L5_s2_c1_z3_anfplant3b   3408s  best 4065/4096  current 4006  kicks 51  iters 1961366 (575/s)  best: cx 26 tof 16
[2026-09-25 06:51:05] span_L5_s2_c1_z3_anfplant3b   3420s  best 4065/4096  current 4064  kicks 52  iters 1966875 (575/s)  best: cx 26 tof 16
[2026-09-25 06:51:15] span_L5_s2_c1_z3_anfplant3b   3430s  best 4065/4096  current 4064  kicks 52  iters 1971100 (574/s)  best: cx 26 tof 16
[2026-09-25 06:51:30] span_L5_s2_c1_z3_anfplant3b   3445s  best 4065/4096  current 4064  kicks 52  iters 1977412 (574/s)  best: cx 26 tof 16
[2026-09-25 06:51:45] span_L5_s2_c1_z3_anfplant3b   3460s  best 4065/4096  current 4065  kicks 52  iters 1983689 (573/s)  best: cx 26 tof 16
[2026-09-25 06:51:55] span_L5_s2_c1_z3_anfplant3b   3470s  best 4065/4096  current 4065  kicks 52  iters 1987855 (572/s)  best: cx 26 tof 16
[2026-09-25 06:52:09] span_L5_s2_c1_z3_anfplant3b   3484s  best 4065/4096  current 4018  kicks 53  iters 1995012 (572/s)  best: cx 26 tof 16
[2026-09-25 06:52:20] span_L5_s2_c1_z3_anfplant3b   3494s  best 4065/4096  current 4036  kicks 53  iters 1999974 (572/s)  best: cx 26 tof 16
[2026-09-25 06:52:30] span_L5_s2_c1_z3_anfplant3b   3505s  best 4065/4096  current 4039  kicks 53  iters 2004737 (572/s)  best: cx 26 tof 16
[2026-09-25 06:52:44] span_L5_s2_c1_z3_anfplant3b   3519s  best 4065/4096  current 4037  kicks 53  iters 2011894 (571/s)  best: cx 26 tof 16
[2026-09-25 06:52:55] span_L5_s2_c1_z3_anfplant3b   3530s  best 4065/4096  current 4041  kicks 53  iters 2016532 (571/s)  best: cx 26 tof 16
[2026-09-25 06:53:09] span_L5_s2_c1_z3_anfplant3b   3544s  best 4065/4096  current 4009  kicks 54  iters 2023425 (570/s)  best: cx 26 tof 16
[2026-09-25 06:53:19] span_L5_s2_c1_z3_anfplant3b   3554s  best 4065/4096  current 4020  kicks 54  iters 2028610 (570/s)  best: cx 26 tof 16
[2026-09-25 06:53:29] span_L5_s2_c1_z3_anfplant3b   3564s  best 4065/4096  current 4021  kicks 54  iters 2033706 (570/s)  best: cx 26 tof 16
[2026-09-25 06:53:40] span_L5_s2_c1_z3_anfplant3b   3574s  best 4065/4096  current 4021  kicks 54  iters 2038633 (570/s)  best: cx 26 tof 16
[2026-09-25 06:53:54] span_L5_s2_c1_z3_anfplant3b   3589s  best 4065/4096  current 4020  kicks 54  iters 2046287 (570/s)  best: cx 26 tof 16
[2026-09-25 06:54:10] span_L5_s2_c1_z3_anfplant3b   3604s  best 4065/4096  current 4010  kicks 55  iters 2053784 (569/s)  best: cx 26 tof 16
[span_L5_s2_c1_z3_anfplant3b] final best 4065 / 4096
