[span_L6_s42_c1_z3_anf] start fitness 3232 / 4096  (CZ layer 3, LCX 1, TEMP 1.00, MAXMUT 3, KICK 8 gates after 60s stuck)
[2026-09-25 05:54:17] span_L6_s42_c1_z3_anf     12s  best 3589/4096  current 3585  kicks 0  iters 25644 (2083/s)  best: cx 32 tof 25
[2026-09-25 05:54:28] span_L6_s42_c1_z3_anf     23s  best 3595/4096  current 3593  kicks 0  iters 46313 (2010/s)  best: cx 32 tof 24
[2026-09-25 05:54:42] span_L6_s42_c1_z3_anf     37s  best 3614/4096  current 3612  kicks 0  iters 74062 (1978/s)  best: cx 32 tof 24
[2026-09-25 05:54:53] span_L6_s42_c1_z3_anf     48s  best 3614/4096  current 3612  kicks 0  iters 94733 (1992/s)  best: cx 32 tof 24
[2026-09-25 05:55:03] span_L6_s42_c1_z3_anf     58s  best 3616/4096  current 3615  kicks 0  iters 114321 (1981/s)  best: cx 34 tof 26
[2026-09-25 05:55:19] span_L6_s42_c1_z3_anf     74s  best 3616/4096  current 3614  kicks 0  iters 144055 (1953/s)  best: cx 34 tof 26
[2026-09-25 05:55:33] span_L6_s42_c1_z3_anf     88s  best 3616/4096  current 3611  kicks 0  iters 171951 (1963/s)  best: cx 34 tof 26
[2026-09-25 05:55:43] span_L6_s42_c1_z3_anf     98s  best 3621/4096  current 3619  kicks 0  iters 192833 (1971/s)  best: cx 30 tof 24
[2026-09-25 05:55:53] span_L6_s42_c1_z3_anf    108s  best 3627/4096  current 3627  kicks 0  iters 212942 (1973/s)  best: cx 31 tof 24
[2026-09-25 05:56:03] span_L6_s42_c1_z3_anf    118s  best 3630/4096  current 3630  kicks 0  iters 232465 (1970/s)  best: cx 34 tof 22
[2026-09-25 05:56:18] span_L6_s42_c1_z3_anf    133s  best 3632/4096  current 3630  kicks 0  iters 261491 (1969/s)  best: cx 29 tof 22
[2026-09-25 05:56:28] span_L6_s42_c1_z3_anf    143s  best 3632/4096  current 3625  kicks 0  iters 281364 (1970/s)  best: cx 29 tof 22
[2026-09-25 05:56:38] span_L6_s42_c1_z3_anf    153s  best 3632/4096  current 3626  kicks 0  iters 301241 (1969/s)  best: cx 29 tof 22
[2026-09-25 05:56:53] span_L6_s42_c1_z3_anf    168s  best 3632/4096  current 3630  kicks 0  iters 330473 (1967/s)  best: cx 29 tof 22
[2026-09-25 05:57:08] span_L6_s42_c1_z3_anf    183s  best 3634/4096  current 3628  kicks 0  iters 360309 (1968/s)  best: cx 34 tof 23
[2026-09-25 05:57:23] span_L6_s42_c1_z3_anf    198s  best 3634/4096  current 3629  kicks 0  iters 389642 (1968/s)  best: cx 34 tof 23
[2026-09-25 05:57:33] span_L6_s42_c1_z3_anf    208s  best 3634/4096  current 3625  kicks 0  iters 408802 (1964/s)  best: cx 34 tof 23
[2026-09-25 05:57:48] span_L6_s42_c1_z3_anf    223s  best 3634/4096  current 3628  kicks 0  iters 437721 (1963/s)  best: cx 34 tof 23
[2026-09-25 05:57:58] span_L6_s42_c1_z3_anf    233s  best 3634/4096  current 3624  kicks 0  iters 456981 (1960/s)  best: cx 34 tof 23
[2026-09-25 05:58:13] span_L6_s42_c1_z3_anf    248s  best 3634/4096  current 3583  kicks 1  iters 486614 (1960/s)  best: cx 34 tof 23
[2026-09-25 05:58:28] span_L6_s42_c1_z3_anf    263s  best 3634/4096  current 3585  kicks 1  iters 515343 (1957/s)  best: cx 34 tof 23
[2026-09-25 05:58:39] span_L6_s42_c1_z3_anf    274s  best 3634/4096  current 3607  kicks 1  iters 533302 (1944/s)  best: cx 34 tof 23
[2026-09-25 05:58:54] span_L6_s42_c1_z3_anf    289s  best 3634/4096  current 3612  kicks 1  iters 556833 (1925/s)  best: cx 34 tof 23
[2026-09-25 05:59:08] span_L6_s42_c1_z3_anf    303s  best 3634/4096  current 3564  kicks 2  iters 580966 (1916/s)  best: cx 34 tof 23
[2026-09-25 05:59:23] span_L6_s42_c1_z3_anf    318s  best 3634/4096  current 3589  kicks 2  iters 611373 (1922/s)  best: cx 34 tof 23
[2026-09-25 05:59:33] span_L6_s42_c1_z3_anf    328s  best 3634/4096  current 3595  kicks 2  iters 632032 (1926/s)  best: cx 34 tof 23
[2026-09-25 05:59:43] span_L6_s42_c1_z3_anf    338s  best 3634/4096  current 3613  kicks 2  iters 651632 (1925/s)  best: cx 34 tof 23
[2026-09-25 05:59:58] span_L6_s42_c1_z3_anf    353s  best 3634/4096  current 3628  kicks 2  iters 680762 (1925/s)  best: cx 34 tof 23
[2026-09-25 06:00:09] span_L6_s42_c1_z3_anf    364s  best 3638/4096  current 3633  kicks 2  iters 698703 (1921/s)  best: cx 32 tof 20
[2026-09-25 06:00:24] span_L6_s42_c1_z3_anf    379s  best 3641/4096  current 3639  kicks 2  iters 728363 (1923/s)  best: cx 34 tof 23
[2026-09-25 06:00:39] span_L6_s42_c1_z3_anf    394s  best 3647/4096  current 3644  kicks 2  iters 755784 (1920/s)  best: cx 36 tof 23
[2026-09-25 06:00:53] span_L6_s42_c1_z3_anf    408s  best 3650/4096  current 3649  kicks 2  iters 784063 (1919/s)  best: cx 35 tof 21
[2026-09-25 06:01:04] span_L6_s42_c1_z3_anf    419s  best 3650/4096  current 3649  kicks 2  iters 803486 (1919/s)  best: cx 35 tof 21
[2026-09-25 06:01:18] span_L6_s42_c1_z3_anf    433s  best 3651/4096  current 3648  kicks 2  iters 831834 (1919/s)  best: cx 34 tof 17
[2026-09-25 06:01:29] span_L6_s42_c1_z3_anf    444s  best 3652/4096  current 3652  kicks 2  iters 851201 (1917/s)  best: cx 33 tof 22
[2026-09-25 06:01:39] span_L6_s42_c1_z3_anf    454s  best 3652/4096  current 3645  kicks 2  iters 868948 (1914/s)  best: cx 33 tof 22
[2026-09-25 06:01:54] span_L6_s42_c1_z3_anf    469s  best 3652/4096  current 3647  kicks 2  iters 896318 (1910/s)  best: cx 33 tof 22
[2026-09-25 06:02:09] span_L6_s42_c1_z3_anf    484s  best 3652/4096  current 3649  kicks 2  iters 923924 (1910/s)  best: cx 33 tof 22
[2026-09-25 06:02:24] span_L6_s42_c1_z3_anf    499s  best 3652/4096  current 3645  kicks 2  iters 952430 (1908/s)  best: cx 33 tof 22
[2026-09-25 06:02:39] span_L6_s42_c1_z3_anf    514s  best 3652/4096  current 3562  kicks 3  iters 979736 (1907/s)  best: cx 33 tof 22
[2026-09-25 06:02:53] span_L6_s42_c1_z3_anf    528s  best 3652/4096  current 3559  kicks 3  iters 1009565 (1910/s)  best: cx 33 tof 22
[2026-09-25 06:03:08] span_L6_s42_c1_z3_anf    543s  best 3652/4096  current 3611  kicks 3  iters 1039660 (1913/s)  best: cx 33 tof 22
[2026-09-25 06:03:23] span_L6_s42_c1_z3_anf    558s  best 3652/4096  current 3612  kicks 3  iters 1071027 (1919/s)  best: cx 33 tof 22
[2026-09-25 06:03:33] span_L6_s42_c1_z3_anf    568s  best 3652/4096  current 3613  kicks 3  iters 1092917 (1923/s)  best: cx 33 tof 22
[2026-09-25 06:03:48] span_L6_s42_c1_z3_anf    583s  best 3652/4096  current 3580  kicks 4  iters 1126579 (1932/s)  best: cx 33 tof 22
[2026-09-25 06:03:58] span_L6_s42_c1_z3_anf    593s  best 3652/4096  current 3589  kicks 4  iters 1148026 (1935/s)  best: cx 33 tof 22
[2026-09-25 06:04:08] span_L6_s42_c1_z3_anf    603s  best 3652/4096  current 3599  kicks 4  iters 1169366 (1939/s)  best: cx 33 tof 22
[2026-09-25 06:04:19] span_L6_s42_c1_z3_anf    614s  best 3652/4096  current 3599  kicks 4  iters 1190825 (1940/s)  best: cx 33 tof 22
[2026-09-25 06:04:33] span_L6_s42_c1_z3_anf    628s  best 3652/4096  current 3605  kicks 4  iters 1222160 (1944/s)  best: cx 33 tof 22
[2026-09-25 06:04:44] span_L6_s42_c1_z3_anf    639s  best 3652/4096  current 3601  kicks 5  iters 1242441 (1945/s)  best: cx 33 tof 22
[2026-09-25 06:04:54] span_L6_s42_c1_z3_anf    649s  best 3652/4096  current 3610  kicks 5  iters 1262184 (1945/s)  best: cx 33 tof 22
[2026-09-25 06:05:04] span_L6_s42_c1_z3_anf    659s  best 3652/4096  current 3622  kicks 5  iters 1281935 (1945/s)  best: cx 33 tof 22
[2026-09-25 06:05:19] span_L6_s42_c1_z3_anf    674s  best 3652/4096  current 3621  kicks 5  iters 1310039 (1943/s)  best: cx 33 tof 22
[2026-09-25 06:05:29] span_L6_s42_c1_z3_anf    684s  best 3652/4096  current 3625  kicks 5  iters 1327669 (1940/s)  best: cx 33 tof 22
[2026-09-25 06:05:43] span_L6_s42_c1_z3_anf    698s  best 3652/4096  current 3576  kicks 6  iters 1354715 (1939/s)  best: cx 33 tof 22
[2026-09-25 06:05:54] span_L6_s42_c1_z3_anf    709s  best 3652/4096  current 3617  kicks 6  iters 1375231 (1939/s)  best: cx 33 tof 22
[2026-09-25 06:06:09] span_L6_s42_c1_z3_anf    724s  best 3652/4096  current 3621  kicks 6  iters 1402824 (1936/s)  best: cx 33 tof 22
[2026-09-25 06:06:24] span_L6_s42_c1_z3_anf    739s  best 3652/4096  current 3614  kicks 6  iters 1430993 (1936/s)  best: cx 33 tof 22
[2026-09-25 06:06:34] span_L6_s42_c1_z3_anf    749s  best 3652/4096  current 3623  kicks 6  iters 1450219 (1935/s)  best: cx 33 tof 22
[2026-09-25 06:06:49] span_L6_s42_c1_z3_anf    764s  best 3652/4096  current 3579  kicks 7  iters 1479102 (1937/s)  best: cx 33 tof 22
[2026-09-25 06:07:03] span_L6_s42_c1_z3_anf    778s  best 3652/4096  current 3590  kicks 7  iters 1511914 (1942/s)  best: cx 33 tof 22
[2026-09-25 06:07:13] span_L6_s42_c1_z3_anf    788s  best 3652/4096  current 3597  kicks 7  iters 1534321 (1946/s)  best: cx 33 tof 22
[2026-09-25 06:07:24] span_L6_s42_c1_z3_anf    799s  best 3652/4096  current 3594  kicks 7  iters 1556177 (1948/s)  best: cx 33 tof 22
[2026-09-25 06:07:39] span_L6_s42_c1_z3_anf    814s  best 3652/4096  current 3602  kicks 7  iters 1588438 (1952/s)  best: cx 33 tof 22
[2026-09-25 06:07:50] span_L6_s42_c1_z3_anf    825s  best 3652/4096  current 3584  kicks 8  iters 1610590 (1951/s)  best: cx 33 tof 22
[2026-09-25 06:08:00] span_L6_s42_c1_z3_anf    835s  best 3652/4096  current 3588  kicks 8  iters 1626373 (1947/s)  best: cx 33 tof 22
[2026-09-25 06:08:11] span_L6_s42_c1_z3_anf    846s  best 3652/4096  current 3590  kicks 8  iters 1642248 (1941/s)  best: cx 33 tof 22
[2026-09-25 06:08:26] span_L6_s42_c1_z3_anf    861s  best 3652/4096  current 3590  kicks 8  iters 1663633 (1932/s)  best: cx 33 tof 22
[2026-09-25 06:08:36] span_L6_s42_c1_z3_anf    871s  best 3652/4096  current 3590  kicks 8  iters 1678548 (1927/s)  best: cx 33 tof 22
[2026-09-25 06:08:49] span_L6_s42_c1_z3_anf    884s  best 3652/4096  current 3543  kicks 9  iters 1701194 (1923/s)  best: cx 33 tof 22
[2026-09-25 06:09:00] span_L6_s42_c1_z3_anf    895s  best 3652/4096  current 3576  kicks 9  iters 1721588 (1924/s)  best: cx 33 tof 22
[2026-09-25 06:09:10] span_L6_s42_c1_z3_anf    905s  best 3652/4096  current 3594  kicks 9  iters 1740481 (1923/s)  best: cx 33 tof 22
[2026-09-25 06:09:25] span_L6_s42_c1_z3_anf    920s  best 3652/4096  current 3612  kicks 9  iters 1768682 (1922/s)  best: cx 33 tof 22
[2026-09-25 06:09:35] span_L6_s42_c1_z3_anf    930s  best 3652/4096  current 3607  kicks 9  iters 1785603 (1919/s)  best: cx 33 tof 22
[2026-09-25 06:09:50] span_L6_s42_c1_z3_anf    945s  best 3652/4096  current 3608  kicks 9  iters 1812753 (1917/s)  best: cx 33 tof 22
[2026-09-25 06:10:04] span_L6_s42_c1_z3_anf    959s  best 3652/4096  current 3584  kicks 10  iters 1843716 (1921/s)  best: cx 33 tof 22
[2026-09-25 06:10:14] span_L6_s42_c1_z3_anf    969s  best 3652/4096  current 3584  kicks 10  iters 1865644 (1924/s)  best: cx 33 tof 22
[2026-09-25 06:10:30] span_L6_s42_c1_z3_anf    985s  best 3652/4096  current 3578  kicks 10  iters 1898361 (1927/s)  best: cx 33 tof 22
[2026-09-25 06:10:45] span_L6_s42_c1_z3_anf   1000s  best 3652/4096  current 3577  kicks 10  iters 1927714 (1928/s)  best: cx 33 tof 22
[2026-09-25 06:10:56] span_L6_s42_c1_z3_anf   1011s  best 3652/4096  current 3604  kicks 10  iters 1947751 (1926/s)  best: cx 33 tof 22
[2026-09-25 06:11:10] span_L6_s42_c1_z3_anf   1025s  best 3652/4096  current 3562  kicks 11  iters 1983106 (1935/s)  best: cx 33 tof 22
[2026-09-25 06:11:20] span_L6_s42_c1_z3_anf   1035s  best 3652/4096  current 3582  kicks 11  iters 2006261 (1938/s)  best: cx 33 tof 22
[2026-09-25 06:11:30] span_L6_s42_c1_z3_anf   1045s  best 3652/4096  current 3573  kicks 11  iters 2028910 (1941/s)  best: cx 33 tof 22
[2026-09-25 06:11:41] span_L6_s42_c1_z3_anf   1056s  best 3652/4096  current 3579  kicks 11  iters 2049951 (1941/s)  best: cx 33 tof 22
[2026-09-25 06:11:55] span_L6_s42_c1_z3_anf   1070s  best 3652/4096  current 3579  kicks 11  iters 2080338 (1943/s)  best: cx 33 tof 22
[2026-09-25 06:12:10] span_L6_s42_c1_z3_anf   1085s  best 3652/4096  current 3585  kicks 12  iters 2112581 (1946/s)  best: cx 33 tof 22
[2026-09-25 06:12:21] span_L6_s42_c1_z3_anf   1096s  best 3652/4096  current 3604  kicks 12  iters 2133153 (1946/s)  best: cx 33 tof 22
[2026-09-25 06:12:32] span_L6_s42_c1_z3_anf   1107s  best 3652/4096  current 3620  kicks 12  iters 2151067 (1943/s)  best: cx 33 tof 22
[2026-09-25 06:12:47] span_L6_s42_c1_z3_anf   1122s  best 3652/4096  current 3639  kicks 12  iters 2174731 (1938/s)  best: cx 33 tof 22
[2026-09-25 06:13:02] span_L6_s42_c1_z3_anf   1137s  best 3652/4096  current 3639  kicks 12  iters 2198205 (1933/s)  best: cx 33 tof 22
[2026-09-25 06:13:15] span_L6_s42_c1_z3_anf   1150s  best 3652/4096  current 3559  kicks 13  iters 2227263 (1936/s)  best: cx 33 tof 22
[2026-09-25 06:13:26] span_L6_s42_c1_z3_anf   1161s  best 3652/4096  current 3562  kicks 13  iters 2249096 (1937/s)  best: cx 33 tof 22
[2026-09-25 06:13:41] span_L6_s42_c1_z3_anf   1176s  best 3652/4096  current 3580  kicks 13  iters 2280504 (1939/s)  best: cx 33 tof 22
[2026-09-25 06:13:55] span_L6_s42_c1_z3_anf   1190s  best 3652/4096  current 3586  kicks 13  iters 2312547 (1942/s)  best: cx 33 tof 22
[2026-09-25 06:14:06] span_L6_s42_c1_z3_anf   1201s  best 3652/4096  current 3598  kicks 13  iters 2334596 (1944/s)  best: cx 33 tof 22
[2026-09-25 06:14:21] span_L6_s42_c1_z3_anf   1216s  best 3652/4096  current 3586  kicks 14  iters 2367196 (1946/s)  best: cx 33 tof 22
[2026-09-25 06:14:36] span_L6_s42_c1_z3_anf   1231s  best 3652/4096  current 3594  kicks 14  iters 2399667 (1949/s)  best: cx 33 tof 22
[2026-09-25 06:14:51] span_L6_s42_c1_z3_anf   1246s  best 3652/4096  current 3587  kicks 14  iters 2432559 (1952/s)  best: cx 33 tof 22
[2026-09-25 06:15:01] span_L6_s42_c1_z3_anf   1256s  best 3652/4096  current 3587  kicks 14  iters 2454690 (1954/s)  best: cx 33 tof 22
[2026-09-25 06:15:15] span_L6_s42_c1_z3_anf   1270s  best 3652/4096  current 3530  kicks 15  iters 2487815 (1959/s)  best: cx 33 tof 22
[2026-09-25 06:15:26] span_L6_s42_c1_z3_anf   1281s  best 3652/4096  current 3557  kicks 15  iters 2513544 (1962/s)  best: cx 33 tof 22
[2026-09-25 06:15:40] span_L6_s42_c1_z3_anf   1295s  best 3652/4096  current 3568  kicks 15  iters 2550129 (1968/s)  best: cx 33 tof 22
[2026-09-25 06:15:50] span_L6_s42_c1_z3_anf   1305s  best 3652/4096  current 3567  kicks 15  iters 2576475 (1973/s)  best: cx 33 tof 22
[2026-09-25 06:16:00] span_L6_s42_c1_z3_anf   1315s  best 3652/4096  current 3569  kicks 15  iters 2602466 (1978/s)  best: cx 33 tof 22
[2026-09-25 06:16:16] span_L6_s42_c1_z3_anf   1331s  best 3652/4096  current 3540  kicks 16  iters 2640749 (1983/s)  best: cx 33 tof 22
[2026-09-25 06:16:27] span_L6_s42_c1_z3_anf   1342s  best 3652/4096  current 3549  kicks 16  iters 2661184 (1983/s)  best: cx 33 tof 22
[2026-09-25 06:16:42] span_L6_s42_c1_z3_anf   1357s  best 3652/4096  current 3559  kicks 16  iters 2692260 (1984/s)  best: cx 33 tof 22
[2026-09-25 06:16:56] span_L6_s42_c1_z3_anf   1371s  best 3652/4096  current 3568  kicks 16  iters 2723967 (1986/s)  best: cx 33 tof 22
[2026-09-25 06:17:07] span_L6_s42_c1_z3_anf   1382s  best 3652/4096  current 3568  kicks 16  iters 2746917 (1988/s)  best: cx 33 tof 22
[2026-09-25 06:17:21] span_L6_s42_c1_z3_anf   1396s  best 3652/4096  current 3565  kicks 17  iters 2779213 (1990/s)  best: cx 33 tof 22
[2026-09-25 06:17:36] span_L6_s42_c1_z3_anf   1411s  best 3652/4096  current 3584  kicks 17  iters 2815286 (1995/s)  best: cx 33 tof 22
[2026-09-25 06:17:46] span_L6_s42_c1_z3_anf   1421s  best 3652/4096  current 3587  kicks 17  iters 2840165 (1999/s)  best: cx 33 tof 22
[2026-09-25 06:17:56] span_L6_s42_c1_z3_anf   1431s  best 3652/4096  current 3600  kicks 17  iters 2864475 (2001/s)  best: cx 33 tof 22
[2026-09-25 06:18:06] span_L6_s42_c1_z3_anf   1441s  best 3652/4096  current 3613  kicks 17  iters 2887701 (2003/s)  best: cx 33 tof 22
[2026-09-25 06:18:17] span_L6_s42_c1_z3_anf   1452s  best 3652/4096  current 3618  kicks 17  iters 2909732 (2004/s)  best: cx 33 tof 22
[2026-09-25 06:18:27] span_L6_s42_c1_z3_anf   1462s  best 3652/4096  current 3572  kicks 18  iters 2933240 (2006/s)  best: cx 33 tof 22
[2026-09-25 06:18:37] span_L6_s42_c1_z3_anf   1472s  best 3652/4096  current 3587  kicks 18  iters 2954143 (2007/s)  best: cx 33 tof 22
[2026-09-25 06:18:51] span_L6_s42_c1_z3_anf   1486s  best 3652/4096  current 3586  kicks 18  iters 2988951 (2011/s)  best: cx 33 tof 22
[2026-09-25 06:19:02] span_L6_s42_c1_z3_anf   1497s  best 3652/4096  current 3582  kicks 18  iters 3012703 (2013/s)  best: cx 33 tof 22
[2026-09-25 06:19:16] span_L6_s42_c1_z3_anf   1511s  best 3652/4096  current 3590  kicks 18  iters 3046544 (2015/s)  best: cx 33 tof 22
[2026-09-25 06:19:27] span_L6_s42_c1_z3_anf   1522s  best 3652/4096  current 3574  kicks 19  iters 3069720 (2016/s)  best: cx 33 tof 22
[2026-09-25 06:19:37] span_L6_s42_c1_z3_anf   1532s  best 3652/4096  current 3607  kicks 19  iters 3089372 (2016/s)  best: cx 33 tof 22
[2026-09-25 06:19:52] span_L6_s42_c1_z3_anf   1547s  best 3652/4096  current 3626  kicks 19  iters 3119139 (2016/s)  best: cx 33 tof 22
[2026-09-25 06:20:03] span_L6_s42_c1_z3_anf   1557s  best 3652/4096  current 3635  kicks 19  iters 3139749 (2015/s)  best: cx 33 tof 22
[2026-09-25 06:20:13] span_L6_s42_c1_z3_anf   1568s  best 3652/4096  current 3637  kicks 19  iters 3158267 (2014/s)  best: cx 33 tof 22
[2026-09-25 06:20:28] span_L6_s42_c1_z3_anf   1583s  best 3652/4096  current 3597  kicks 20  iters 3184254 (2011/s)  best: cx 33 tof 22
[2026-09-25 06:20:42] span_L6_s42_c1_z3_anf   1597s  best 3652/4096  current 3614  kicks 20  iters 3211614 (2010/s)  best: cx 33 tof 22
[2026-09-25 06:20:58] span_L6_s42_c1_z3_anf   1613s  best 3652/4096  current 3618  kicks 20  iters 3241578 (2010/s)  best: cx 33 tof 22
[2026-09-25 06:21:13] span_L6_s42_c1_z3_anf   1628s  best 3652/4096  current 3629  kicks 20  iters 3269780 (2008/s)  best: cx 33 tof 22
[2026-09-25 06:21:28] span_L6_s42_c1_z3_anf   1643s  best 3652/4096  current 3629  kicks 20  iters 3298140 (2007/s)  best: cx 33 tof 22
[2026-09-25 06:21:38] span_L6_s42_c1_z3_anf   1653s  best 3652/4096  current 3597  kicks 21  iters 3317190 (2007/s)  best: cx 33 tof 22
[2026-09-25 06:21:48] span_L6_s42_c1_z3_anf   1663s  best 3652/4096  current 3600  kicks 21  iters 3335531 (2005/s)  best: cx 33 tof 22
[2026-09-25 06:22:03] span_L6_s42_c1_z3_anf   1678s  best 3652/4096  current 3604  kicks 21  iters 3361871 (2003/s)  best: cx 33 tof 22
[2026-09-25 06:22:18] span_L6_s42_c1_z3_anf   1693s  best 3652/4096  current 3605  kicks 21  iters 3388508 (2001/s)  best: cx 33 tof 22
[2026-09-25 06:22:32] span_L6_s42_c1_z3_anf   1707s  best 3652/4096  current 3540  kicks 22  iters 3414825 (2001/s)  best: cx 33 tof 22
[2026-09-25 06:22:42] span_L6_s42_c1_z3_anf   1717s  best 3652/4096  current 3564  kicks 22  iters 3438832 (2002/s)  best: cx 33 tof 22
[2026-09-25 06:22:53] span_L6_s42_c1_z3_anf   1727s  best 3652/4096  current 3571  kicks 22  iters 3460133 (2002/s)  best: cx 33 tof 22
[2026-09-25 06:23:07] span_L6_s42_c1_z3_anf   1742s  best 3652/4096  current 3577  kicks 22  iters 3491642 (2003/s)  best: cx 33 tof 22
[2026-09-25 06:23:23] span_L6_s42_c1_z3_anf   1758s  best 3652/4096  current 3590  kicks 22  iters 3523286 (2004/s)  best: cx 33 tof 22
[2026-09-25 06:23:33] span_L6_s42_c1_z3_anf   1768s  best 3652/4096  current 3596  kicks 22  iters 3543935 (2004/s)  best: cx 33 tof 22
[2026-09-25 06:23:47] span_L6_s42_c1_z3_anf   1782s  best 3652/4096  current 3562  kicks 23  iters 3576250 (2006/s)  best: cx 33 tof 22
[2026-09-25 06:23:58] span_L6_s42_c1_z3_anf   1793s  best 3652/4096  current 3569  kicks 23  iters 3598161 (2007/s)  best: cx 33 tof 22
[2026-09-25 06:24:13] span_L6_s42_c1_z3_anf   1808s  best 3652/4096  current 3574  kicks 23  iters 3629422 (2007/s)  best: cx 33 tof 22
[2026-09-25 06:24:23] span_L6_s42_c1_z3_anf   1818s  best 3652/4096  current 3575  kicks 23  iters 3649452 (2007/s)  best: cx 33 tof 22
[2026-09-25 06:24:37] span_L6_s42_c1_z3_anf   1832s  best 3652/4096  current 3525  kicks 24  iters 3679804 (2008/s)  best: cx 33 tof 22
[2026-09-25 06:24:52] span_L6_s42_c1_z3_anf   1847s  best 3652/4096  current 3585  kicks 24  iters 3713786 (2010/s)  best: cx 33 tof 22
[2026-09-25 06:25:03] span_L6_s42_c1_z3_anf   1858s  best 3652/4096  current 3587  kicks 24  iters 3735030 (2010/s)  best: cx 33 tof 22
[2026-09-25 06:25:17] span_L6_s42_c1_z3_anf   1872s  best 3652/4096  current 3597  kicks 24  iters 3768268 (2013/s)  best: cx 33 tof 22
[2026-09-25 06:25:27] span_L6_s42_c1_z3_anf   1882s  best 3652/4096  current 3597  kicks 24  iters 3792415 (2015/s)  best: cx 33 tof 22
[2026-09-25 06:25:42] span_L6_s42_c1_z3_anf   1897s  best 3652/4096  current 3566  kicks 25  iters 3827998 (2018/s)  best: cx 33 tof 22
[2026-09-25 06:25:53] span_L6_s42_c1_z3_anf   1908s  best 3652/4096  current 3607  kicks 25  iters 3852169 (2019/s)  best: cx 33 tof 22
[2026-09-25 06:26:03] span_L6_s42_c1_z3_anf   1918s  best 3652/4096  current 3648  kicks 25  iters 3872888 (2019/s)  best: cx 33 tof 22
[2026-09-25 06:26:13] span_L6_s42_c1_z3_anf   1928s  best 3652/4096  current 3646  kicks 25  iters 3893781 (2019/s)  best: cx 33 tof 22
[2026-09-25 06:26:28] span_L6_s42_c1_z3_anf   1943s  best 3654/4096  current 3654  kicks 25  iters 3924646 (2020/s)  best: cx 31 tof 23
[2026-09-25 06:26:43] span_L6_s42_c1_z3_anf   1958s  best 3654/4096  current 3650  kicks 25  iters 3955742 (2020/s)  best: cx 31 tof 23
[2026-09-25 06:26:57] span_L6_s42_c1_z3_anf   1972s  best 3654/4096  current 3647  kicks 25  iters 3988278 (2022/s)  best: cx 31 tof 23
[2026-09-25 06:27:08] span_L6_s42_c1_z3_anf   1983s  best 3654/4096  current 3639  kicks 25  iters 4010952 (2023/s)  best: cx 31 tof 23
[2026-09-25 06:27:23] span_L6_s42_c1_z3_anf   1998s  best 3654/4096  current 3653  kicks 25  iters 4043417 (2024/s)  best: cx 31 tof 23
[2026-09-25 06:27:37] span_L6_s42_c1_z3_anf   2012s  best 3654/4096  current 3553  kicks 26  iters 4076162 (2025/s)  best: cx 31 tof 23
[2026-09-25 06:27:48] span_L6_s42_c1_z3_anf   2023s  best 3654/4096  current 3563  kicks 26  iters 4097611 (2025/s)  best: cx 31 tof 23
[2026-09-25 06:28:03] span_L6_s42_c1_z3_anf   2038s  best 3654/4096  current 3579  kicks 26  iters 4128278 (2026/s)  best: cx 31 tof 23
[2026-09-25 06:28:13] span_L6_s42_c1_z3_anf   2048s  best 3654/4096  current 3593  kicks 26  iters 4149676 (2026/s)  best: cx 31 tof 23
[2026-09-25 06:28:27] span_L6_s42_c1_z3_anf   2062s  best 3654/4096  current 3607  kicks 26  iters 4183422 (2028/s)  best: cx 31 tof 23
[2026-09-25 06:28:42] span_L6_s42_c1_z3_anf   2077s  best 3654/4096  current 3551  kicks 27  iters 4220432 (2032/s)  best: cx 31 tof 23
[2026-09-25 06:28:52] span_L6_s42_c1_z3_anf   2087s  best 3654/4096  current 3564  kicks 27  iters 4247461 (2035/s)  best: cx 31 tof 23
[2026-09-25 06:29:02] span_L6_s42_c1_z3_anf   2097s  best 3654/4096  current 3556  kicks 27  iters 4272520 (2037/s)  best: cx 31 tof 23
[2026-09-25 06:29:12] span_L6_s42_c1_z3_anf   2107s  best 3654/4096  current 3594  kicks 27  iters 4296687 (2038/s)  best: cx 31 tof 23
[2026-09-25 06:29:23] span_L6_s42_c1_z3_anf   2118s  best 3654/4096  current 3612  kicks 27  iters 4319655 (2039/s)  best: cx 31 tof 23
[2026-09-25 06:29:33] span_L6_s42_c1_z3_anf   2128s  best 3654/4096  current 3616  kicks 27  iters 4341586 (2040/s)  best: cx 31 tof 23
[2026-09-25 06:29:48] span_L6_s42_c1_z3_anf   2143s  best 3654/4096  current 3578  kicks 28  iters 4374469 (2040/s)  best: cx 31 tof 23
[2026-09-25 06:30:03] span_L6_s42_c1_z3_anf   2158s  best 3654/4096  current 3582  kicks 28  iters 4404898 (2041/s)  best: cx 31 tof 23
[2026-09-25 06:30:17] span_L6_s42_c1_z3_anf   2172s  best 3654/4096  current 3598  kicks 28  iters 4438765 (2043/s)  best: cx 31 tof 23
[2026-09-25 06:30:32] span_L6_s42_c1_z3_anf   2187s  best 3654/4096  current 3611  kicks 28  iters 4475641 (2046/s)  best: cx 31 tof 23
[2026-09-25 06:30:48] span_L6_s42_c1_z3_anf   2203s  best 3654/4096  current 3489  kicks 29  iters 4511746 (2048/s)  best: cx 31 tof 23
[2026-09-25 06:31:03] span_L6_s42_c1_z3_anf   2218s  best 3654/4096  current 3562  kicks 29  iters 4547619 (2050/s)  best: cx 31 tof 23
[2026-09-25 06:31:13] span_L6_s42_c1_z3_anf   2228s  best 3654/4096  current 3582  kicks 29  iters 4567738 (2049/s)  best: cx 31 tof 23
[2026-09-25 06:31:28] span_L6_s42_c1_z3_anf   2243s  best 3654/4096  current 3597  kicks 29  iters 4598232 (2049/s)  best: cx 31 tof 23
[2026-09-25 06:31:44] span_L6_s42_c1_z3_anf   2259s  best 3654/4096  current 3529  kicks 30  iters 4630111 (2049/s)  best: cx 31 tof 23
[2026-09-25 06:31:58] span_L6_s42_c1_z3_anf   2273s  best 3654/4096  current 3595  kicks 30  iters 4660164 (2049/s)  best: cx 31 tof 23
[2026-09-25 06:32:13] span_L6_s42_c1_z3_anf   2288s  best 3654/4096  current 3640  kicks 30  iters 4692133 (2050/s)  best: cx 31 tof 23
[2026-09-25 06:32:23] span_L6_s42_c1_z3_anf   2298s  best 3654/4096  current 3642  kicks 30  iters 4713432 (2050/s)  best: cx 31 tof 23
[2026-09-25 06:32:38] span_L6_s42_c1_z3_anf   2313s  best 3654/4096  current 3644  kicks 30  iters 4745294 (2051/s)  best: cx 31 tof 23
[2026-09-25 06:32:53] span_L6_s42_c1_z3_anf   2328s  best 3654/4096  current 3544  kicks 31  iters 4778467 (2052/s)  best: cx 31 tof 23
[2026-09-25 06:33:07] span_L6_s42_c1_z3_anf   2342s  best 3654/4096  current 3557  kicks 31  iters 4812386 (2054/s)  best: cx 31 tof 23
[2026-09-25 06:33:18] span_L6_s42_c1_z3_anf   2353s  best 3654/4096  current 3565  kicks 31  iters 4838077 (2056/s)  best: cx 31 tof 23
[2026-09-25 06:33:28] span_L6_s42_c1_z3_anf   2363s  best 3654/4096  current 3568  kicks 31  iters 4862905 (2058/s)  best: cx 31 tof 23
[2026-09-25 06:33:42] span_L6_s42_c1_z3_anf   2377s  best 3654/4096  current 3581  kicks 31  iters 4898342 (2060/s)  best: cx 31 tof 23
[2026-09-25 06:33:53] span_L6_s42_c1_z3_anf   2388s  best 3654/4096  current 3590  kicks 32  iters 4921877 (2060/s)  best: cx 31 tof 23
[2026-09-25 06:34:04] span_L6_s42_c1_z3_anf   2399s  best 3654/4096  current 3596  kicks 32  iters 4944011 (2061/s)  best: cx 31 tof 23
[2026-09-25 06:34:15] span_L6_s42_c1_z3_anf   2410s  best 3654/4096  current 3623  kicks 32  iters 4964599 (2060/s)  best: cx 31 tof 23
[2026-09-25 06:34:30] span_L6_s42_c1_z3_anf   2425s  best 3654/4096  current 3634  kicks 32  iters 4991091 (2058/s)  best: cx 31 tof 23
[2026-09-25 06:34:44] span_L6_s42_c1_z3_anf   2439s  best 3654/4096  current 3620  kicks 32  iters 5017560 (2056/s)  best: cx 31 tof 23
[2026-09-25 06:34:59] span_L6_s42_c1_z3_anf   2454s  best 3654/4096  current 3587  kicks 33  iters 5046511 (2056/s)  best: cx 31 tof 23
[2026-09-25 06:35:09] span_L6_s42_c1_z3_anf   2464s  best 3654/4096  current 3586  kicks 33  iters 5064740 (2055/s)  best: cx 31 tof 23
[2026-09-25 06:35:24] span_L6_s42_c1_z3_anf   2479s  best 3654/4096  current 3592  kicks 33  iters 5091773 (2053/s)  best: cx 31 tof 23
[2026-09-25 06:35:39] span_L6_s42_c1_z3_anf   2494s  best 3654/4096  current 3592  kicks 33  iters 5122251 (2054/s)  best: cx 31 tof 23
[2026-09-25 06:35:53] span_L6_s42_c1_z3_anf   2508s  best 3654/4096  current 3544  kicks 34  iters 5153409 (2054/s)  best: cx 31 tof 23
[2026-09-25 06:36:08] span_L6_s42_c1_z3_anf   2523s  best 3654/4096  current 3543  kicks 34  iters 5189428 (2056/s)  best: cx 31 tof 23
[2026-09-25 06:36:23] span_L6_s42_c1_z3_anf   2538s  best 3654/4096  current 3555  kicks 34  iters 5227343 (2059/s)  best: cx 31 tof 23
[2026-09-25 06:36:34] span_L6_s42_c1_z3_anf   2549s  best 3654/4096  current 3596  kicks 34  iters 5251218 (2060/s)  best: cx 31 tof 23
[2026-09-25 06:36:44] span_L6_s42_c1_z3_anf   2559s  best 3654/4096  current 3607  kicks 34  iters 5273120 (2060/s)  best: cx 31 tof 23
[2026-09-25 06:36:59] span_L6_s42_c1_z3_anf   2574s  best 3654/4096  current 3612  kicks 35  iters 5304827 (2061/s)  best: cx 31 tof 23
[2026-09-25 06:37:13] span_L6_s42_c1_z3_anf   2588s  best 3654/4096  current 3643  kicks 35  iters 5337797 (2062/s)  best: cx 31 tof 23
[2026-09-25 06:37:24] span_L6_s42_c1_z3_anf   2599s  best 3654/4096  current 3649  kicks 35  iters 5360396 (2062/s)  best: cx 31 tof 23
[2026-09-25 06:37:39] span_L6_s42_c1_z3_anf   2614s  best 3655/4096  current 3655  kicks 35  iters 5394113 (2063/s)  best: cx 34 tof 24
[2026-09-25 06:37:53] span_L6_s42_c1_z3_anf   2628s  best 3669/4096  current 3669  kicks 35  iters 5428002 (2065/s)  best: cx 34 tof 25
[2026-09-25 06:38:04] span_L6_s42_c1_z3_anf   2639s  best 3669/4096  current 3669  kicks 35  iters 5451320 (2066/s)  best: cx 34 tof 25
[2026-09-25 06:38:18] span_L6_s42_c1_z3_anf   2653s  best 3669/4096  current 3669  kicks 35  iters 5486283 (2067/s)  best: cx 34 tof 25
[2026-09-25 06:38:29] span_L6_s42_c1_z3_anf   2664s  best 3670/4096  current 3669  kicks 35  iters 5509381 (2068/s)  best: cx 37 tof 25
[2026-09-25 06:38:44] span_L6_s42_c1_z3_anf   2679s  best 3671/4096  current 3669  kicks 35  iters 5543224 (2069/s)  best: cx 36 tof 22
[2026-09-25 06:38:54] span_L6_s42_c1_z3_anf   2689s  best 3672/4096  current 3671  kicks 35  iters 5566057 (2070/s)  best: cx 35 tof 25
[2026-09-25 06:39:08] span_L6_s42_c1_z3_anf   2703s  best 3672/4096  current 3671  kicks 35  iters 5600805 (2071/s)  best: cx 35 tof 25
[2026-09-25 06:39:24] span_L6_s42_c1_z3_anf   2719s  best 3672/4096  current 3669  kicks 35  iters 5635934 (2073/s)  best: cx 35 tof 25
[2026-09-25 06:39:39] span_L6_s42_c1_z3_anf   2734s  best 3672/4096  current 3669  kicks 35  iters 5670086 (2074/s)  best: cx 35 tof 25
[2026-09-25 06:39:54] span_L6_s42_c1_z3_anf   2749s  best 3672/4096  current 3669  kicks 35  iters 5704356 (2075/s)  best: cx 35 tof 25
[2026-09-25 06:40:04] span_L6_s42_c1_z3_anf   2759s  best 3672/4096  current 3537  kicks 36  iters 5726905 (2075/s)  best: cx 35 tof 25
[2026-09-25 06:40:19] span_L6_s42_c1_z3_anf   2774s  best 3672/4096  current 3553  kicks 36  iters 5760425 (2076/s)  best: cx 35 tof 25
[2026-09-25 06:40:30] span_L6_s42_c1_z3_anf   2785s  best 3672/4096  current 3550  kicks 36  iters 5779991 (2075/s)  best: cx 35 tof 25
[2026-09-25 06:40:44] span_L6_s42_c1_z3_anf   2799s  best 3672/4096  current 3555  kicks 36  iters 5811526 (2076/s)  best: cx 35 tof 25
[2026-09-25 06:40:58] span_L6_s42_c1_z3_anf   2813s  best 3672/4096  current 3554  kicks 37  iters 5842247 (2076/s)  best: cx 35 tof 25
[2026-09-25 06:41:09] span_L6_s42_c1_z3_anf   2824s  best 3672/4096  current 3554  kicks 37  iters 5866482 (2077/s)  best: cx 35 tof 25
[2026-09-25 06:41:20] span_L6_s42_c1_z3_anf   2835s  best 3672/4096  current 3577  kicks 37  iters 5887845 (2077/s)  best: cx 35 tof 25
[2026-09-25 06:41:35] span_L6_s42_c1_z3_anf   2850s  best 3672/4096  current 3592  kicks 37  iters 5918208 (2076/s)  best: cx 35 tof 25
[2026-09-25 06:41:50] span_L6_s42_c1_z3_anf   2865s  best 3672/4096  current 3597  kicks 37  iters 5947516 (2076/s)  best: cx 35 tof 25
[2026-09-25 06:42:04] span_L6_s42_c1_z3_anf   2879s  best 3672/4096  current 3557  kicks 38  iters 5978885 (2076/s)  best: cx 35 tof 25
[2026-09-25 06:42:19] span_L6_s42_c1_z3_anf   2894s  best 3672/4096  current 3581  kicks 38  iters 6013153 (2077/s)  best: cx 35 tof 25
[2026-09-25 06:42:30] span_L6_s42_c1_z3_anf   2905s  best 3672/4096  current 3592  kicks 38  iters 6035389 (2077/s)  best: cx 35 tof 25
[2026-09-25 06:42:40] span_L6_s42_c1_z3_anf   2915s  best 3672/4096  current 3592  kicks 38  iters 6054194 (2076/s)  best: cx 35 tof 25
[2026-09-25 06:42:55] span_L6_s42_c1_z3_anf   2930s  best 3672/4096  current 3586  kicks 38  iters 6082379 (2075/s)  best: cx 35 tof 25
[2026-09-25 06:43:09] span_L6_s42_c1_z3_anf   2944s  best 3672/4096  current 3584  kicks 39  iters 6117471 (2077/s)  best: cx 35 tof 25
[2026-09-25 06:43:24] span_L6_s42_c1_z3_anf   2959s  best 3672/4096  current 3590  kicks 39  iters 6154154 (2079/s)  best: cx 35 tof 25
[2026-09-25 06:43:35] span_L6_s42_c1_z3_anf   2970s  best 3672/4096  current 3579  kicks 39  iters 6177864 (2080/s)  best: cx 35 tof 25
[2026-09-25 06:43:50] span_L6_s42_c1_z3_anf   2985s  best 3672/4096  current 3585  kicks 39  iters 6210528 (2080/s)  best: cx 35 tof 25
[2026-09-25 06:44:00] span_L6_s42_c1_z3_anf   2995s  best 3672/4096  current 3593  kicks 39  iters 6231812 (2080/s)  best: cx 35 tof 25
[2026-09-25 06:44:10] span_L6_s42_c1_z3_anf   3005s  best 3672/4096  current 3590  kicks 40  iters 6254413 (2081/s)  best: cx 35 tof 25
[2026-09-25 06:44:20] span_L6_s42_c1_z3_anf   3015s  best 3672/4096  current 3586  kicks 40  iters 6275259 (2081/s)  best: cx 35 tof 25
[2026-09-25 06:44:35] span_L6_s42_c1_z3_anf   3030s  best 3672/4096  current 3603  kicks 40  iters 6306262 (2081/s)  best: cx 35 tof 25
[2026-09-25 06:44:50] span_L6_s42_c1_z3_anf   3045s  best 3672/4096  current 3607  kicks 40  iters 6341117 (2082/s)  best: cx 35 tof 25
[2026-09-25 06:45:05] span_L6_s42_c1_z3_anf   3060s  best 3672/4096  current 3611  kicks 40  iters 6378357 (2084/s)  best: cx 35 tof 25
[2026-09-25 06:45:15] span_L6_s42_c1_z3_anf   3070s  best 3672/4096  current 3565  kicks 41  iters 6401380 (2085/s)  best: cx 35 tof 25
[2026-09-25 06:45:25] span_L6_s42_c1_z3_anf   3080s  best 3672/4096  current 3573  kicks 41  iters 6422764 (2085/s)  best: cx 35 tof 25
[2026-09-25 06:45:40] span_L6_s42_c1_z3_anf   3095s  best 3672/4096  current 3583  kicks 41  iters 6454704 (2085/s)  best: cx 35 tof 25
[2026-09-25 06:45:50] span_L6_s42_c1_z3_anf   3105s  best 3672/4096  current 3583  kicks 41  iters 6476296 (2085/s)  best: cx 35 tof 25
[2026-09-25 06:46:05] span_L6_s42_c1_z3_anf   3120s  best 3672/4096  current 3587  kicks 41  iters 6508087 (2085/s)  best: cx 35 tof 25
[2026-09-25 06:46:19] span_L6_s42_c1_z3_anf   3134s  best 3672/4096  current 3560  kicks 42  iters 6544875 (2088/s)  best: cx 35 tof 25
[2026-09-25 06:46:29] span_L6_s42_c1_z3_anf   3144s  best 3672/4096  current 3562  kicks 42  iters 6571367 (2089/s)  best: cx 35 tof 25
[2026-09-25 06:46:39] span_L6_s42_c1_z3_anf   3154s  best 3672/4096  current 3570  kicks 42  iters 6597682 (2091/s)  best: cx 35 tof 25
[2026-09-25 06:46:54] span_L6_s42_c1_z3_anf   3169s  best 3672/4096  current 3572  kicks 42  iters 6637484 (2094/s)  best: cx 35 tof 25
[2026-09-25 06:47:04] span_L6_s42_c1_z3_anf   3179s  best 3672/4096  current 3575  kicks 42  iters 6663272 (2095/s)  best: cx 35 tof 25
[2026-09-25 06:47:15] span_L6_s42_c1_z3_anf   3190s  best 3672/4096  current 3557  kicks 43  iters 6689002 (2097/s)  best: cx 35 tof 25
[2026-09-25 06:47:25] span_L6_s42_c1_z3_anf   3200s  best 3672/4096  current 3589  kicks 43  iters 6713003 (2097/s)  best: cx 35 tof 25
[2026-09-25 06:47:40] span_L6_s42_c1_z3_anf   3215s  best 3672/4096  current 3603  kicks 43  iters 6745490 (2097/s)  best: cx 35 tof 25
[2026-09-25 06:47:55] span_L6_s42_c1_z3_anf   3230s  best 3672/4096  current 3645  kicks 43  iters 6779194 (2098/s)  best: cx 35 tof 25
[2026-09-25 06:48:05] span_L6_s42_c1_z3_anf   3240s  best 3683/4096  current 3683  kicks 43  iters 6800644 (2098/s)  best: cx 39 tof 24
[2026-09-25 06:48:15] span_L6_s42_c1_z3_anf   3250s  best 3695/4096  current 3695  kicks 43  iters 6822617 (2099/s)  best: cx 33 tof 27
[2026-09-25 06:48:25] span_L6_s42_c1_z3_anf   3260s  best 3697/4096  current 3695  kicks 43  iters 6843946 (2099/s)  best: cx 36 tof 26
[2026-09-25 06:48:41] span_L6_s42_c1_z3_anf   3276s  best 3697/4096  current 3695  kicks 43  iters 6875675 (2099/s)  best: cx 36 tof 26
[2026-09-25 06:48:56] span_L6_s42_c1_z3_anf   3291s  best 3697/4096  current 3693  kicks 43  iters 6906819 (2098/s)  best: cx 36 tof 26
[2026-09-25 06:49:11] span_L6_s42_c1_z3_anf   3306s  best 3697/4096  current 3691  kicks 43  iters 6937681 (2098/s)  best: cx 36 tof 26
[2026-09-25 06:49:21] span_L6_s42_c1_z3_anf   3316s  best 3697/4096  current 3691  kicks 43  iters 6958620 (2098/s)  best: cx 36 tof 26
[2026-09-25 06:49:36] span_L6_s42_c1_z3_anf   3331s  best 3697/4096  current 3572  kicks 44  iters 6989584 (2098/s)  best: cx 36 tof 26
[2026-09-25 06:49:51] span_L6_s42_c1_z3_anf   3346s  best 3697/4096  current 3574  kicks 44  iters 7020233 (2098/s)  best: cx 36 tof 26
[2026-09-25 06:50:01] span_L6_s42_c1_z3_anf   3356s  best 3697/4096  current 3573  kicks 44  iters 7040180 (2097/s)  best: cx 36 tof 26
[2026-09-25 06:50:16] span_L6_s42_c1_z3_anf   3371s  best 3697/4096  current 3593  kicks 44  iters 7068947 (2097/s)  best: cx 36 tof 26
[2026-09-25 06:50:30] span_L6_s42_c1_z3_anf   3385s  best 3697/4096  current 3546  kicks 45  iters 7098098 (2096/s)  best: cx 36 tof 26
[2026-09-25 06:50:45] span_L6_s42_c1_z3_anf   3400s  best 3697/4096  current 3617  kicks 45  iters 7132455 (2097/s)  best: cx 36 tof 26
[2026-09-25 06:50:56] span_L6_s42_c1_z3_anf   3411s  best 3697/4096  current 3631  kicks 45  iters 7154515 (2097/s)  best: cx 36 tof 26
[2026-09-25 06:51:06] span_L6_s42_c1_z3_anf   3421s  best 3697/4096  current 3625  kicks 45  iters 7175123 (2097/s)  best: cx 36 tof 26
[2026-09-25 06:51:20] span_L6_s42_c1_z3_anf   3435s  best 3697/4096  current 3631  kicks 45  iters 7205891 (2097/s)  best: cx 36 tof 26
[2026-09-25 06:51:35] span_L6_s42_c1_z3_anf   3450s  best 3697/4096  current 3551  kicks 46  iters 7238809 (2098/s)  best: cx 36 tof 26
[2026-09-25 06:51:50] span_L6_s42_c1_z3_anf   3465s  best 3697/4096  current 3599  kicks 46  iters 7274594 (2099/s)  best: cx 36 tof 26
[2026-09-25 06:52:00] span_L6_s42_c1_z3_anf   3475s  best 3697/4096  current 3605  kicks 46  iters 7298407 (2099/s)  best: cx 36 tof 26
[2026-09-25 06:52:15] span_L6_s42_c1_z3_anf   3490s  best 3697/4096  current 3629  kicks 46  iters 7333805 (2101/s)  best: cx 36 tof 26
[2026-09-25 06:52:25] span_L6_s42_c1_z3_anf   3500s  best 3697/4096  current 3645  kicks 46  iters 7357620 (2101/s)  best: cx 36 tof 26
[2026-09-25 06:52:41] span_L6_s42_c1_z3_anf   3516s  best 3697/4096  current 3610  kicks 47  iters 7391389 (2102/s)  best: cx 36 tof 26
[2026-09-25 06:52:51] span_L6_s42_c1_z3_anf   3526s  best 3697/4096  current 3629  kicks 47  iters 7412924 (2102/s)  best: cx 36 tof 26
[2026-09-25 06:53:02] span_L6_s42_c1_z3_anf   3537s  best 3697/4096  current 3627  kicks 47  iters 7432173 (2101/s)  best: cx 36 tof 26
[2026-09-25 06:53:17] span_L6_s42_c1_z3_anf   3552s  best 3697/4096  current 3631  kicks 47  iters 7459285 (2100/s)  best: cx 36 tof 26
[2026-09-25 06:53:31] span_L6_s42_c1_z3_anf   3566s  best 3697/4096  current 3634  kicks 47  iters 7487193 (2099/s)  best: cx 36 tof 26
[2026-09-25 06:53:46] span_L6_s42_c1_z3_anf   3581s  best 3697/4096  current 3527  kicks 48  iters 7519308 (2099/s)  best: cx 36 tof 26
[2026-09-25 06:53:56] span_L6_s42_c1_z3_anf   3591s  best 3697/4096  current 3546  kicks 48  iters 7540445 (2099/s)  best: cx 36 tof 26
[2026-09-25 06:54:06] span_L6_s42_c1_z3_anf   3601s  best 3697/4096  current 3573  kicks 48  iters 7561196 (2099/s)  best: cx 36 tof 26
[span_L6_s42_c1_z3_anf] final best 3697 / 4096
