[width] ckpt/xagd/mc_d10.v: ANDs 76  start cost (35, 605, 1878)  profile max 35
[width s2]   10s it 3341 acc 2538  current (32, 422, 1668)  best (32, 422, 1668)
[width s2]   20s it 6603 acc 5003  current (32, 353, 1604)  best (32, 351, 1591)
[width s2]   30s it 9829 acc 7489  current (27, 237, 1482)  best (27, 236, 1478)
[width s2]   40s it 13103 acc 9945  current (25, 147, 1373)  best (25, 147, 1372)
[width s2]   50s it 16466 acc 12414  current (22, 89, 1321)  best (22, 89, 1310)
[width s2]   60s it 19855 acc 14827  current (22, 91, 1324)  best (22, 84, 1318)
[width s2]   70s it 23117 acc 17206  current (22, 70, 1319)  best (22, 70, 1319)
[width s2]   80s it 26378 acc 19540  current (21, 51, 1282)  best (21, 51, 1282)
[width s2]   90s it 29756 acc 22043  current (21, 50, 1285)  best (21, 49, 1264)
[width s2]  100s it 33197 acc 24570  current (21, 49, 1277)  best (21, 47, 1264)
[width s2]  110s it 36569 acc 27043  current (21, 51, 1274)  best (21, 47, 1264)
[width s2]  120s it 40114 acc 29579  current (21, 52, 1293)  best (21, 46, 1271)
[width s2]  130s it 43316 acc 31888  current (21, 49, 1276)  best (21, 46, 1271)
[width s2]  140s it 45874 acc 33759  current (21, 54, 1296)  best (21, 46, 1271)
[width s2]  150s it 48363 acc 35545  current (21, 47, 1282)  best (21, 45, 1268)
[width s2]  160s it 51486 acc 37861  current (21, 55, 1287)  best (21, 45, 1268)
[width s2]  170s it 55144 acc 40514  current (21, 54, 1290)  best (21, 45, 1268)
[width s2]  180s it 58748 acc 43166  current (21, 50, 1270)  best (21, 45, 1268)
[width s2]  190s it 62346 acc 45780  current (21, 50, 1283)  best (21, 45, 1268)
[width s2]  200s it 65872 acc 48327  current (21, 49, 1285)  best (21, 45, 1268)
[width s2]  210s it 69529 acc 50963  current (21, 53, 1276)  best (21, 45, 1268)
[width s2]  220s it 72140 acc 52850  current (21, 54, 1277)  best (21, 45, 1268)
[width s2]  230s it 73916 acc 54186  current (21, 52, 1282)  best (21, 45, 1268)
[width s2]  240s it 75851 acc 55593  current (21, 51, 1288)  best (21, 45, 1268)
[width s2]  250s it 77659 acc 56916  current (21, 49, 1280)  best (21, 45, 1268)
[width s2]  260s it 79500 acc 58249  current (21, 52, 1282)  best (21, 45, 1268)
[width s2]  270s it 81353 acc 59618  current (21, 51, 1280)  best (21, 45, 1268)
