[width] ckpt/dd_mc.v: ANDs 66  start cost (29, 342, 1436)  profile max 29
[width s3]   10s it 4343 acc 3467  current (20, 20, 1049)  best (20, 20, 1041)
[width s3]   20s it 8822 acc 7056  current (20, 21, 1051)  best (20, 15, 1045)
[width s3]   30s it 13210 acc 10609  current (20, 14, 1047)  best (20, 11, 1022)
[width s3]   40s it 17687 acc 14361  current (20, 12, 1045)  best (20, 11, 1022)
[width s3]   50s it 22273 acc 18101  current (20, 15, 1047)  best (20, 11, 1022)
[width s3]   60s it 26794 acc 21817  current (20, 20, 1061)  best (20, 11, 1022)
[width s3]   70s it 31011 acc 25288  current (20, 12, 1038)  best (20, 11, 1022)
[width s3]   80s it 35450 acc 28929  current (20, 17, 1058)  best (20, 11, 1022)
[width s3]   90s it 39717 acc 32417  current (20, 15, 1048)  best (20, 11, 1022)
[width s3]  100s it 44430 acc 36264  current (20, 16, 1058)  best (20, 11, 1022)
[width s3]  110s it 49017 acc 40023  current (20, 18, 1056)  best (20, 11, 1022)
[width s3]  120s it 53475 acc 43644  current (20, 12, 1038)  best (20, 11, 1022)
[width s3]  130s it 57521 acc 47007  current (20, 14, 1042)  best (20, 11, 1022)
[width s3]  140s it 61136 acc 49940  current (20, 15, 1044)  best (20, 11, 1022)
[width s3]  150s it 64548 acc 52711  current (20, 13, 1051)  best (20, 11, 1022)
[width s3]  160s it 68373 acc 55874  current (20, 16, 1044)  best (20, 11, 1021)
[width s3]  170s it 73012 acc 59619  current (20, 13, 1062)  best (20, 11, 1021)
[width s3]  180s it 77548 acc 63254  current (20, 13, 1057)  best (20, 11, 1021)
[width s3]  190s it 82236 acc 67061  current (20, 15, 1050)  best (20, 11, 1021)
[width s3]  200s it 86841 acc 70821  current (20, 15, 1054)  best (20, 11, 1021)
[width s3]  210s it 91536 acc 74646  current (20, 17, 1053)  best (20, 11, 1021)
[width s3]  220s it 94737 acc 77252  current (20, 15, 1057)  best (20, 11, 1021)
[width s3]  230s it 97065 acc 79121  current (20, 17, 1057)  best (20, 11, 1021)
[width s3]  240s it 99471 acc 81109  current (20, 16, 1060)  best (20, 11, 1021)
[width s3]  250s it 101878 acc 83107  current (20, 14, 1062)  best (20, 11, 1021)
[width s3]  260s it 104244 acc 85059  current (20, 15, 1037)  best (20, 11, 1021)
[width s3]  270s it 106488 acc 86880  current (20, 13, 1035)  best (20, 11, 1021)
