[width] ckpt/dd_flat.v: ANDs 89  start cost (26, 297, 1752)  profile max 26
[width s2]   10s it 2673 acc 2039  current (23, 154, 1613)  best (23, 152, 1610)
[width s2]   20s it 5368 acc 4113  current (23, 137, 1594)  best (23, 137, 1590)
[width s2]   30s it 7968 acc 6139  current (23, 129, 1569)  best (23, 129, 1563)
[width s2]   40s it 10588 acc 8251  current (23, 124, 1563)  best (23, 123, 1569)
[width s2]   50s it 13221 acc 10388  current (23, 121, 1574)  best (23, 118, 1554)
[width s2]   60s it 15924 acc 12546  current (23, 119, 1559)  best (23, 117, 1561)
[width s2]   70s it 18389 acc 14512  current (23, 119, 1574)  best (23, 116, 1566)
[width s2]   80s it 21125 acc 16655  current (23, 120, 1567)  best (23, 116, 1566)
[width s2]   90s it 23818 acc 18751  current (23, 121, 1587)  best (23, 116, 1566)
[width s2]  100s it 26461 acc 20766  current (23, 118, 1564)  best (23, 116, 1553)
[width s2]  110s it 29202 acc 22896  current (23, 122, 1581)  best (23, 116, 1553)
[width s2]  120s it 31840 acc 25000  current (23, 122, 1564)  best (23, 116, 1553)
[width s2]  130s it 34256 acc 26907  current (23, 120, 1569)  best (23, 116, 1553)
[width s2]  140s it 36104 acc 28337  current (23, 119, 1575)  best (23, 116, 1553)
[width s2]  150s it 38081 acc 29867  current (23, 121, 1570)  best (23, 116, 1553)
[width s2]  160s it 40343 acc 31648  current (23, 117, 1549)  best (23, 116, 1553)
[width s2]  170s it 43141 acc 33821  current (23, 117, 1555)  best (23, 116, 1553)
[width s2]  180s it 45944 acc 36029  current (23, 120, 1556)  best (23, 116, 1546)
[width s2]  190s it 48550 acc 38120  current (23, 123, 1558)  best (23, 116, 1546)
[width s2]  200s it 51333 acc 40329  current (23, 118, 1559)  best (23, 116, 1546)
[width s2]  210s it 54089 acc 42517  current (23, 125, 1569)  best (23, 116, 1546)
[width s2]  220s it 56135 acc 44128  current (23, 123, 1561)  best (23, 116, 1546)
[width s2]  230s it 57516 acc 45220  current (23, 125, 1574)  best (23, 116, 1546)
[width s2]  240s it 59030 acc 46426  current (23, 123, 1543)  best (23, 116, 1546)
[width s2]  250s it 60487 acc 47607  current (23, 123, 1554)  best (23, 116, 1546)
[width s2]  260s it 61898 acc 48719  current (23, 120, 1546)  best (23, 116, 1546)
[width s2]  270s it 63323 acc 49842  current (23, 120, 1562)  best (23, 116, 1546)
