[width] ckpt/dd_mc.v: ANDs 66  start cost (29, 342, 1436)  profile max 29
[width s2]   10s it 4414 acc 3503  current (20, 20, 1051)  best (20, 20, 1047)
[width s2]   20s it 8695 acc 7057  current (20, 22, 1062)  best (20, 14, 1040)
[width s2]   30s it 13012 acc 10590  current (19, 16, 1060)  best (19, 12, 1037)
[width s2]   40s it 17742 acc 14466  current (19, 14, 1043)  best (19, 12, 1027)
[width s2]   50s it 22314 acc 18185  current (19, 14, 1065)  best (19, 12, 1027)
[width s2]   60s it 26909 acc 21934  current (19, 12, 1036)  best (19, 12, 1027)
[width s2]   70s it 31171 acc 25431  current (19, 16, 1056)  best (19, 12, 1027)
[width s2]   80s it 35673 acc 29095  current (19, 15, 1058)  best (19, 12, 1027)
[width s2]   90s it 40119 acc 32740  current (19, 13, 1045)  best (19, 12, 1027)
[width s2]  100s it 44567 acc 36372  current (19, 17, 1061)  best (19, 12, 1027)
[width s2]  110s it 49136 acc 40162  current (19, 13, 1058)  best (19, 12, 1027)
[width s2]  120s it 53760 acc 43900  current (19, 13, 1064)  best (19, 12, 1027)
[width s2]  130s it 57949 acc 47380  current (19, 15, 1044)  best (19, 12, 1027)
[width s2]  140s it 61803 acc 50485  current (19, 13, 1048)  best (19, 12, 1027)
[width s2]  150s it 65430 acc 53467  current (19, 14, 1047)  best (19, 12, 1027)
[width s2]  160s it 69034 acc 56428  current (19, 14, 1052)  best (19, 12, 1027)
[width s2]  170s it 73638 acc 60180  current (19, 15, 1058)  best (19, 12, 1027)
[width s2]  180s it 78161 acc 63877  current (19, 13, 1062)  best (19, 12, 1024)
[width s2]  190s it 82766 acc 67679  current (19, 15, 1057)  best (19, 12, 1024)
[width s2]  200s it 87531 acc 71505  current (19, 12, 1055)  best (19, 12, 1024)
[width s2]  210s it 92173 acc 75257  current (19, 16, 1067)  best (19, 12, 1024)
[width s2]  220s it 95552 acc 78028  current (19, 15, 1053)  best (19, 12, 1024)
[width s2]  230s it 97927 acc 79968  current (19, 15, 1051)  best (19, 12, 1024)
[width s2]  240s it 100341 acc 81966  current (19, 13, 1048)  best (19, 12, 1024)
[width s2]  250s it 102817 acc 83985  current (19, 15, 1050)  best (19, 12, 1024)
[width s2]  260s it 105041 acc 85801  current (19, 12, 1047)  best (19, 12, 1024)
[width s2]  270s it 107468 acc 87753  current (19, 13, 1041)  best (19, 12, 1024)
